$ GITHUB_ACTIONS=0 bun run --workspaces --if-present test
@aryee337/aery-engine test: bun test v1.3.14 (0d9b296a) 4x PARALLEL
@aryee337/hashline test: bun test v1.3.14 (0d9b296a) 4x PARALLEL
@aryee337/aery-engine test: 
@aryee337/aery-engine test: test/issue-823-repro.test.ts:
@aryee337/aery-engine test: (pass) issue 823: standalone-binary native loader path resolution > detects compiled-binary mode from embedded-addon presence when env and url markers are absent [0.34ms]
@aryee337/aery-engine test: (pass) issue 823: standalone-binary native loader path resolution > places embedded-extracted candidates ahead of build-host candidates for linux-x64 standalone [0.84ms]
@aryee337/aery-engine test: (pass) issue 823: standalone-binary native loader path resolution > does not probe user-data candidates when running outside a standalone binary [1.64ms]
@aryee337/aery-engine test: (pass) issue 823: standalone-binary native loader path resolution > prefers platform leaf package candidates ahead of core nativeDir candidates on npm installs [0.27ms]
@aryee337/aery-engine test: (pass) issue 823: standalone-binary native loader path resolution > keeps Windows staging ahead of leaf package and core nativeDir candidates [0.20ms]
@aryee337/aery-engine test: (pass) issue 823: standalone-binary native loader path resolution > keeps the development candidate list unchanged when no leaf package is installed [0.17ms]
@aryee337/aery-engine test: 
@aryee337/aery-engine test: test/issue-892-repro.test.ts:
@aryee337/aery-engine test: (pass) issue 892: aery-engine public surface > declares every public .d.ts symbol as an explicit ESM export [15.22ms]
@aryee337/aery-engine test: 
@aryee337/aery-engine test: test/issue-823-repro.test.ts:
@aryee337/aery-engine test: (pass) issue 823: standalone-binary native loader path resolution > extracts all bundled native variants from one gzip archive and skips current files [61.44ms]
@aryee337/aery-engine test: 
@aryee337/aery-engine test: test/windows-staging.test.ts:
@aryee337/aery-engine test: (pass) windows native addon staging > stages only on Windows node_modules installs [0.29ms]
@aryee337/aery-engine test: 
@aryee337/aery-engine test: test/npm-packages.test.ts:
@aryee337/aery-engine test: (pass) generated native npm leaf packages > builds an x64 leaf manifest that exposes all addon files without package exports [1.01ms]
@aryee337/aery-engine test: (pass) generated native npm leaf packages > uses the default addon as the main entry for non-x64 leaves [0.34ms]
@aryee337/aery-engine test: 
@aryee337/aery-engine test: test/windows-staging.test.ts:
@aryee337/aery-engine test: (pass) windows native addon staging > prepends versionedDir candidates ahead of node_modules when staging on Windows [1.06ms]
@aryee337/aery-engine test: (pass) windows native addon staging > falls back to the node_modules-only candidate list when staging is off [0.27ms]
@aryee337/hashline test: 
@aryee337/hashline test: test/block.test.ts:
@aryee337/hashline test: (pass) replace block parsing > parses `replace block N:` into a single deferred block edit [14.76ms]
@aryee337/hashline test: (pass) replace block parsing > still parses a literal `replace N..M:` range (block sub-keyword is optional) [1.26ms]
@aryee337/hashline test: (pass) replace block parsing > rejects a `replace block N:` hunk with no body row [0.19ms]
@aryee337/aery-engine test: 136 | 		// pairing here catches release-script regressions before they reach CI.
@aryee337/aery-engine test: 137 | 		const libRs = await Bun.file(path.join(import.meta.dir, "../../../crates/aery-engine/src/lib.rs")).text();
@aryee337/aery-engine test: 138 | 		const sentinelMatch = libRs.match(/js_name = "(__aeryNativesV[A-Za-z0-9_]+)"/);
@aryee337/aery-engine test: 139 | 		expect(sentinelMatch, 'Rust sentinel `js_name = "__aeryNativesV…"` not found in lib.rs').not.toBeNull();
@aryee337/aery-engine test: 140 | 		const expected = `__aeryNativesV${packageJson.version.replace(/[^A-Za-z0-9]/g, "_")}`;
@aryee337/aery-engine test: 141 | 		expect(sentinelMatch?.[1]).toBe(expected);
@aryee337/aery-engine test:                                    ^
@aryee337/aery-engine test: error: expect(received).toBe(expected)
@aryee337/aery-engine test: 
@aryee337/aery-engine test: Expected: "__aeryNativesV0_3_0"
@aryee337/aery-engine test: Received: "__aeryNativesV0_2_10"
@aryee337/aery-engine test: 
@aryee337/aery-engine test:       at <anonymous> (/home/aryee/aery/ai_agent/aery/packages/aery-engine/test/windows-staging.test.ts:141:30)
@aryee337/aery-engine test: (fail) aery-engine version sentinel > Rust `js_name` matches the package version [4.42ms]
@aryee337/hashline test: (pass) resolveBlockEdits > expands a block edit exactly like the equivalent `replace start..end:` [7.01ms]
@aryee337/hashline test: (pass) resolveBlockEdits > returns the input untouched when there are no block edits (fast path) [0.23ms]
@aryee337/hashline test: (pass) resolveBlockEdits > throws (default) when no resolver is wired [0.39ms]
@aryee337/hashline test: (pass) resolveBlockEdits > drops an unresolvable block edit in `drop` mode [0.19ms]
@aryee337/hashline test: (pass) resolveBlockEdits > throws a block-unresolved error in `throw` mode when the resolver returns null [0.23ms]
@aryee337/hashline test: 
@aryee337/hashline test: test/leniency.test.ts:
@aryee337/hashline test: (pass) hashline core — verb header forms > rejects a bare single-number hunk header with verb guidance [2.50ms]
@aryee337/hashline test: (pass) hashline core — verb header forms > rejects a bare numeric range with verb guidance [1.09ms]
@aryee337/hashline test: 
@aryee337/hashline test: test/block.test.ts:
@aryee337/hashline test: (pass) PatchSection.applyTo / applyPartialTo with block edits > applyTo resolves a block edit and matches the equivalent `replace` [9.28ms]
@aryee337/hashline test: 
@aryee337/hashline test: test/leniency.test.ts:
@aryee337/hashline test: (pass) hashline core — verb header forms > accepts canonical replace/delete/insert forms [5.60ms]
@aryee337/hashline test: (pass) hashline core — verb header forms > accepts single-number replace and delete shorthand [0.42ms]
@aryee337/hashline test: (pass) hashline core — verb header forms > accepts alternate replace range separators and missing colon [0.70ms]
@aryee337/hashline test: (pass) hashline core — verb header forms > accepts missing colon on insert headers [0.27ms]
@aryee337/hashline test: (pass) hashline body contracts > auto-pipes a bare body row while warning [0.45ms]
@aryee337/hashline test: (pass) hashline body contracts > rejects `-` body rows with a teaching error [0.19ms]
@aryee337/hashline test: 
@aryee337/hashline test: test/block.test.ts:
@aryee337/hashline test: (pass) PatchSection.applyTo / applyPartialTo with block edits > applyTo throws when a block edit has no resolver [3.30ms]
@aryee337/hashline test: (pass) PatchSection.applyTo / applyPartialTo with block edits > applyPartialTo drops an unresolvable block edit instead of throwing [1.98ms]
@aryee337/aery-engine test: 
@aryee337/aery-engine test: test/npm-packages.test.ts:
@aryee337/aery-engine test: (pass) generated native npm leaf packages > generates every leaf package by copying present addon files [29.74ms]
@aryee337/hashline test: 
@aryee337/hashline test: test/leniency.test.ts:
@aryee337/hashline test: (pass) hashline body contracts > allows literal text that begins with `-` or `+` when prefixed with `+` [2.79ms]
@aryee337/hashline test: (pass) hashline body contracts > rejects empty replace and insert hunks [0.39ms]
@aryee337/hashline test: (pass) hashline body contracts > rejects delete with a body [0.21ms]
@aryee337/hashline test: (pass) hashline body contracts > rejects delete with a colon [0.14ms]
@aryee337/hashline test: (pass) hashline — apply_patch / unified-diff contamination > rejects apply_patch sentinels as contamination [0.21ms]
@aryee337/hashline test: (pass) hashline — apply_patch / unified-diff contamination > rejects unified-diff hunk headers as contamination [0.14ms]
@aryee337/hashline test: (pass) hashline — apply_patch / unified-diff contamination > treats top-level `+TEXT` as an orphan literal payload [0.13ms]
@aryee337/hashline test: (pass) hashline apply — duplicate boundary payloads > keeps replacement boundary echoes literal unless balance repair applies [0.45ms]
@aryee337/hashline test: (pass) hashline apply — duplicate boundary payloads > keeps pure-insert context echoes literal [0.21ms]
@aryee337/aery-engine test: (pass) generated native npm leaf packages > reports missing leaves during dry runs without writing generated packages [7.14ms]
@aryee337/hashline test: 
@aryee337/hashline test: test/recovery-session-chain.test.ts:
@aryee337/hashline test: (pass) Recovery — session-chain replay anchor-content gate > refuses replay when an edit anchor's line content diverges between snapshot and current [23.63ms]
@aryee337/hashline test: 
@aryee337/hashline test: test/block.test.ts:
@aryee337/hashline test: (pass) Patcher with a block resolver > applies a block edit on the hash-match path [22.54ms]
@aryee337/hashline test: 
@aryee337/hashline test: test/recovery-session-chain.test.ts:
@aryee337/hashline test: (pass) Recovery — session-chain replay anchor-content gate > replays edits onto current when every anchor's line content is unchanged [1.00ms]
@aryee337/hashline test: 
@aryee337/hashline test: test/patcher.test.ts:
@aryee337/hashline test: (pass) Patcher snapshot tag integrity > requires a snapshot store at construction [0.99ms]
@aryee337/hashline test: 
@aryee337/hashline test: test/block.test.ts:
@aryee337/hashline test: (pass) Patcher with a block resolver > resolves against the tagged snapshot and recovers onto drifted content [8.08ms]
@aryee337/hashline test: (pass) Patcher with a block resolver > rejects a block edit whose tag was never recorded for this path [2.04ms]
@aryee337/hashline test: (pass) Patcher with a block resolver > throws a block-unresolved error when the resolver returns null [1.12ms]
@aryee337/hashline test: (pass) delete block > parses `delete block N` into a block edit with no payloads [0.22ms]
@aryee337/hashline test: (pass) delete block > rejects body rows under `delete block N` [0.19ms]
@aryee337/hashline test: (pass) delete block > resolveBlockEdits expands a delete-block edit into pure deletes [0.28ms]
@aryee337/hashline test: (pass) delete block > applyTo deletes the resolved block span [0.39ms]
@aryee337/hashline test: (pass) delete block > applyPartialTo drops an unresolvable delete-block edit instead of throwing [0.38ms]
@aryee337/hashline test: (pass) delete block > Patcher applies a delete-block edit on the hash-match path [1.02ms]
@aryee337/hashline test: 
@aryee337/hashline test: test/snapshots.test.ts:
@aryee337/hashline test: (pass) InMemorySnapshotStore > derives the tag from whole-file content (matches computeFileHash) [0.63ms]
@aryee337/hashline test: (pass) InMemorySnapshotStore > fuses repeated reads of identical content onto one tag [0.26ms]
@aryee337/hashline test: (pass) InMemorySnapshotStore > mints a new tag when content changes and retains the prior version [0.22ms]
@aryee337/hashline test: 
@aryee337/hashline test: test/patcher.test.ts:
@aryee337/hashline test: (pass) Patcher snapshot tag integrity > applies when the section tag is the live file's content hash [11.27ms]
@aryee337/hashline test: 
@aryee337/hashline test: test/snapshots.test.ts:
@aryee337/hashline test: (pass) InMemorySnapshotStore > promotes a re-observed older version back to head [0.40ms]
@aryee337/hashline test: (pass) InMemorySnapshotStore > bounds per-path history to maxVersionsPerPath (oldest dropped) [0.27ms]
@aryee337/hashline test: (pass) InMemorySnapshotStore > bounds tracked paths to maxPaths (cold path evicted) [0.39ms]
@aryee337/hashline test: 
@aryee337/hashline test: test/patcher.test.ts:
@aryee337/hashline test: (pass) Patcher snapshot tag integrity > validates any anchor purely from the content hash, even with no recorded snapshot [1.35ms]
@aryee337/hashline test: (pass) Patcher snapshot tag integrity > normalizes lowercase section tags while parsing [0.33ms]
@aryee337/hashline test: 
@aryee337/hashline test: test/snapshots.test.ts:
@aryee337/hashline test: (pass) InMemorySnapshotStore > rejects cross-path lookups [0.37ms]
@aryee337/hashline test: (pass) InMemorySnapshotStore > invalidate drops one path; clear drops everything [1.40ms]
@aryee337/hashline test: 
@aryee337/hashline test: test/patcher.test.ts:
@aryee337/hashline test: (pass) Patcher snapshot tag integrity > refuses with mismatch when the recorded version no longer matches live content [6.98ms]
@aryee337/hashline test: 
@aryee337/hashline test: test/boundary-repair.test.ts:
@aryee337/hashline test: (pass) boundary-balance repair > drops a duplicated multi-line closing block (the Root.tsx incident) [38.98ms]
@aryee337/hashline test: (pass) boundary-balance repair > drops a single duplicated structural closer (`});`) [1.04ms]
@aryee337/hashline test: 
@aryee337/hashline test: test/patcher.test.ts:
@aryee337/hashline test: (pass) Patcher snapshot tag integrity > refuses with a 'not from this session' diagnostic when the tag was never recorded for this path [2.31ms]
@aryee337/hashline test: 
@aryee337/hashline test: test/boundary-repair.test.ts:
@aryee337/hashline test: (pass) boundary-balance repair > spares the deleted closing line when the payload omits it [1.13ms]
@aryee337/hashline test: 
@aryee337/hashline test: test/patcher.test.ts:
@aryee337/hashline test: (pass) Patcher mandatory snapshot tag policy > rejects a hashless head/tail insert — the tag is required on every section [1.33ms]
@aryee337/hashline test: (pass) Patcher mandatory snapshot tag policy > still hard-rejects an anchored edit that omits the snapshot tag [0.88ms]
@aryee337/hashline test: 
@aryee337/hashline test: test/boundary-repair.test.ts:
@aryee337/hashline test: (pass) boundary-balance repair > drops duplicated leading and trailing boundary lines around a range replacement [1.73ms]
@aryee337/hashline test: (pass) boundary-balance repair > preserves payloads where multi-line boundary echoes cover every line [0.56ms]
@aryee337/hashline test: (pass) boundary-balance repair > preserves payloads made only of lines matching both replacement neighbors [0.38ms]
@aryee337/hashline test: (pass) boundary-balance repair > leaves a balance-preserving replacement alone (no false positive) [0.54ms]
@aryee337/hashline test: 
@aryee337/hashline test: test/patcher.test.ts:
@aryee337/hashline test: (pass) Patcher mandatory snapshot tag policy > rejects a tagged edit whose target file does not exist (create with write instead) [2.04ms]
@aryee337/hashline test: (pass) Patcher mandatory snapshot tag policy > applies a head/tail insert with a stale tag and warns instead of hard-failing [0.98ms]
@aryee337/hashline test: 
@aryee337/hashline test: test/format-v2.test.ts:
@aryee337/hashline test: (pass) hashline format v4 > replaces a concrete range with literal body rows in textual order [1.48ms]
@aryee337/hashline test: (pass) hashline format v4 > deletes a single source line [0.39ms]
@aryee337/hashline test: (pass) hashline format v4 > deletes a concrete range [0.29ms]
@aryee337/hashline test: (pass) hashline format v4 > inserts before and after concrete anchors [0.85ms]
@aryee337/hashline test: (pass) hashline format v4 > inserts at head and tail [0.63ms]
@aryee337/hashline test: (pass) hashline format v4 > rejects empty body-bearing hunks [0.49ms]
@aryee337/hashline test: (pass) hashline format v4 > rejects body rows under delete [0.24ms]
@aryee337/hashline test: 
@aryee337/hashline test: test/boundary-repair.test.ts:
@aryee337/hashline test: (pass) boundary-balance repair > does not drop a balance-neutral duplicated statement [3.68ms]
@aryee337/hashline test: (pass) boundary-balance repair > ignores brackets inside string literals [0.49ms]
@aryee337/hashline test: 
@aryee337/hashline test: test/patcher.test.ts:
@aryee337/hashline test: (pass) Patcher mandatory snapshot tag policy > does not warn when a head/tail insert carries the live tag [2.12ms]
@aryee337/hashline test: 
@aryee337/hashline test: test/format-v2.test.ts:
@aryee337/hashline test: (pass) hashline format v4 > auto-pipes bare body rows as literal text [6.60ms]
@aryee337/hashline test: (pass) hashline format v4 > validates insert anchors against file bounds [0.58ms]
@aryee337/hashline test: (pass) hashline format v4 > does not flush a streaming pending empty replace block [0.17ms]
@aryee337/hashline test: 
@aryee337/hashline test: test/boundary-repair.test.ts:
@aryee337/hashline test: (pass) boundary-balance repair through stale-snapshot recovery > de-duplicates a closer while recovering from a drifted file [13.17ms]
@aryee337/hashline test: 
@aryee337/hashline test:  79 pass
@aryee337/hashline test:  0 fail
@aryee337/hashline test:  160 expect() calls
@aryee337/hashline test: Ran 79 tests across 7 files. [343.00ms]
@aryee337/hashline test: Exited with code 0
@aryee337/aery-engine test: 
@aryee337/aery-engine test: test/native.test.ts:
@aryee337/aery-engine test: (pass) aery-engine > summarize > summarizes TypeScript function bodies [21.23ms]
@aryee337/aery-engine test: (pass) aery-engine > summarize > summarizes Rust and Python bodies while preserving boundary lines [18.16ms]
@aryee337/aery-engine test: (pass) aery-engine > summarize > summarizes multiline literals and block comments [0.49ms]
@aryee337/aery-engine test: (pass) aery-engine > summarize > falls back for unsupported or empty input [0.18ms]
@aryee337/aery-engine test: (pass) aery-engine > summarize > respects minBodyLines [0.21ms]
@aryee337/aery-engine test: (pass) aery-engine > grep > should find patterns in files [11.15ms]
@aryee337/aery-engine test: (pass) aery-engine > grep > should handle literal function-call text with parentheses [3.25ms]
@aryee337/aery-engine test: (pass) aery-engine > grep > should respect glob patterns [4.71ms]
@aryee337/aery-engine test: (pass) aery-engine > grep > should return filesWithMatches mode [3.35ms]
@aryee337/aery-engine test: (pass) aery-engine > grep > counts files instead of line matches in filesWithMatches mode [2.32ms]
@aryee337/aery-engine test: (pass) aery-engine > grep > should treat unknown grep type filter as a strict extension filter [1.77ms]
@aryee337/aery-engine test: (pass) aery-engine > grep > should respect .gitignore by default and allow opting out [3.70ms]
@aryee337/aery-engine test: (pass) aery-engine > grep > should keep hidden filtering when gitignore is disabled [3.64ms]
@aryee337/aery-engine test: (pass) aery-engine > grep > should skip FIFOs when searching a directory [5.17ms]
@aryee337/aery-engine test: (pass) aery-engine > grep > should return no matches for a FIFO path [1.66ms]
@aryee337/aery-engine test: (pass) aery-engine > fuzzyFind > should match abbreviated fuzzy queries across separators [2.33ms]
@aryee337/aery-engine test: (pass) aery-engine > find > should find files matching pattern [1.85ms]
@aryee337/aery-engine test: (pass) aery-engine > find > should filter by file type [1.78ms]
@aryee337/aery-engine test: (pass) aery-engine > find > should invalidate scan cache when invalidateFsScanCache receives a relative path [3.46ms]
@aryee337/aery-engine test: (pass) aery-engine > find > should avoid scan work when maxResults is zero [0.35ms]
@aryee337/aery-engine test: (pass) aery-engine > find > should fast-recheck empty cached results when threshold is reached [255.64ms]
@aryee337/aery-engine test: (pass) aery-engine > listWorkspace > returns tree entries and gitignored AGENTS.md files outside ignored directories [3.42ms]
@aryee337/aery-engine test: (pass) aery-engine > text tab width > uses default tab width and supports explicit overrides [0.08ms]
@aryee337/aery-engine test: (pass) aery-engine > text tab width > applies explicit tab width in truncate and wrap [0.11ms]
@aryee337/aery-engine test: (pass) aery-engine > pty > should time out detached background workloads without hanging [212.62ms]
@aryee337/aery-engine test: (pass) aery-engine > shell > should time out background workloads without leaving delayed writers behind [554.25ms]
@aryee337/aery-engine test: (pass) aery-engine > shell > should SIGKILL workloads that ignore SIGTERM on timeout [656.09ms]
@aryee337/aery-engine test: (pass) aery-engine > htmlToMarkdown > should convert basic HTML to markdown [6.33ms]
@aryee337/aery-engine test: (pass) aery-engine > htmlToMarkdown > should handle links [0.83ms]
@aryee337/aery-engine test: (pass) aery-engine > htmlToMarkdown > should handle lists [2.80ms]
@aryee337/aery-engine test: (pass) aery-engine > htmlToMarkdown > should handle code blocks [0.47ms]
@aryee337/aery-engine test: (pass) aery-engine > htmlToMarkdown > should skip images when option is set [0.51ms]
@aryee337/aery-engine test: (pass) aery-engine > htmlToMarkdown > should clean content when option is set [0.79ms]
@aryee337/aery-engine test: (pass) aery-engine > MacOSPowerAssertion > should create a stoppable power assertion handle [0.30ms]
@aryee337/aery-engine test: 
@aryee337/aery-engine test: 1 tests failed:
@aryee337/aery-engine test: (fail) aery-engine version sentinel > Rust `js_name` matches the package version [4.42ms]
@aryee337/aery-engine test: 
@aryee337/aery-engine test:  49 pass
@aryee337/aery-engine test:  1 fail
@aryee337/aery-engine test:  147 expect() calls
@aryee337/aery-engine test: Ran 50 tests across 5 files. [2.13s]
@aryee337/aery-engine test: Exited with code 1
@aryee337/aery-utils test: bun test v1.3.14 (0d9b296a) 4x PARALLEL
@aryee337/aery-utils test: 
@aryee337/aery-utils test: test/dirs-python-gateway.test.ts:
@aryee337/aery-utils test: (pass) python gateway directory > uses XDG state for the default agent profile [3.59ms]
@aryee337/aery-utils test: (pass) python gateway directory > keeps custom agent profiles isolated from XDG shared state [9.54ms]
@aryee337/aery-utils test: 
@aryee337/aery-utils test: test/sanitize-text.test.ts:
@aryee337/aery-utils test: (pass) sanitizeText > strips ANSI CSI and removes C0/C1 control chars while keeping tab + LF [0.41ms]
@aryee337/aery-utils test: (pass) sanitizeText > drops lone surrogates and preserves valid surrogate pairs [0.12ms]
@aryee337/aery-utils test: (pass) sanitizeText > drops replacement characters on malformed input [0.06ms]
@aryee337/aery-utils test: (pass) sanitizeText > preserves replacement characters on well-formed input [0.04ms]
@aryee337/aery-utils test: (pass) sanitizeText > preserves valid surrogate pairs while stripping controls [0.10ms]
@aryee337/aery-utils test: (pass) sanitizeText > strips OSC sequences terminated by BEL [0.05ms]
@aryee337/aery-utils test: (pass) sanitizeText > strips OSC sequences terminated by ST (ESC \) [0.04ms]
@aryee337/aery-utils test: (pass) sanitizeText > returns the original string instance when no changes are needed [0.05ms]
@aryee337/aery-utils test: (pass) sanitizeText > strips DCS sequences terminated by ST [0.03ms]
@aryee337/aery-utils test: (pass) sanitizeText > handles single-byte ESC finals (e.g. ESC c reset) [0.06ms]
@aryee337/aery-utils test: (pass) sanitizeText > strips DEL and normalizes lone CR [0.05ms]
@aryee337/aery-utils test: 
@aryee337/aery-utils test: test/format.test.ts:
@aryee337/aery-utils test: (pass) formatDuration > clamps non-positive, NaN, and Infinity inputs to 0ms [0.44ms]
@aryee337/aery-utils test: (pass) formatDuration > formats sub-second, sub-minute, sub-hour, sub-day, and multi-day ranges [0.14ms]
@aryee337/aery-utils test: 
@aryee337/aery-utils test: test/env.test.ts:
@aryee337/aery-utils test: (pass) parseEnvFile > ignores malformed names and nul-containing values [10.49ms]
@aryee337/aery-utils test: (pass) parseEnvFile > mirrors valid AERY_ variables to PI_ variables [0.32ms]
@aryee337/aery-utils test: (pass) filterProcessEnv > drops entries that cannot be passed to process spawn env [0.22ms]
@aryee337/aery-utils test: (pass) filterProcessEnv > preserves Windows-style variable names containing parentheses [0.09ms]
@aryee337/aery-utils test: 
@aryee337/aery-utils test: test/fetch-retry.test.ts:
@aryee337/aery-utils test: (pass) fetchWithRetry > routes requests through the `fetch` override when provided [1.36ms]
@aryee337/aery-utils test: (pass) fetchWithRetry > retries through the override on transient failures [4.53ms]
@aryee337/aery-utils test: 
@aryee337/aery-utils test: test/ring.test.ts:
@aryee337/aery-utils test: (pass) construction > starts empty [0.22ms]
@aryee337/aery-utils test: (pass) push > adds items and tracks length [0.28ms]
@aryee337/aery-utils test: (pass) push > returns undefined when not full [0.11ms]
@aryee337/aery-utils test: (pass) push > overwrites oldest and returns it when full [0.15ms]
@aryee337/aery-utils test: (pass) push > wraps around multiple times [0.11ms]
@aryee337/aery-utils test: 
@aryee337/aery-utils test: test/spacing.test.ts:
@aryee337/aery-utils test: (pass) spacing > resolves editorconfig rules for file path and falls back to default [9.67ms]
@aryee337/aery-utils test: 
@aryee337/aery-utils test: test/ring.test.ts:
@aryee337/aery-utils test: (pass) shift > removes from front in FIFO order [0.14ms]
@aryee337/aery-utils test: (pass) shift > returns undefined when empty [0.20ms]
@aryee337/aery-utils test: (pass) shift > works after wraparound [0.10ms]
@aryee337/aery-utils test: (pass) pop > removes from back [0.21ms]
@aryee337/aery-utils test: (pass) pop > returns undefined when empty [0.06ms]
@aryee337/aery-utils test: (pass) pop > works after wraparound [0.09ms]
@aryee337/aery-utils test: 
@aryee337/aery-utils test: test/spacing.test.ts:
@aryee337/aery-utils test: (pass) spacing > merges nested editorconfig files from root to leaf [1.07ms]
@aryee337/aery-utils test: 
@aryee337/aery-utils test: test/ring.test.ts:
@aryee337/aery-utils test: (pass) unshift > adds to front [0.33ms]
@aryee337/aery-utils test: (pass) unshift > returns undefined when not full [0.08ms]
@aryee337/aery-utils test: (pass) unshift > overwrites newest and returns it when full [0.15ms]
@aryee337/aery-utils test: (pass) at > accesses by logical index [0.14ms]
@aryee337/aery-utils test: (pass) at > supports negative indices [0.07ms]
@aryee337/aery-utils test: (pass) at > returns undefined for out of bounds [0.06ms]
@aryee337/aery-utils test: (pass) at > correct after wraparound [0.08ms]
@aryee337/aery-utils test: (pass) peek / peekBack > returns first and last without removing [0.17ms]
@aryee337/aery-utils test: (pass) peek / peekBack > returns undefined when empty [0.06ms]
@aryee337/aery-utils test: (pass) clear > resets to empty [0.14ms]
@aryee337/aery-utils test: (pass) clear > works normally after clear [0.11ms]
@aryee337/aery-utils test: 
@aryee337/aery-utils test: test/install-id.test.ts:
@aryee337/aery-utils test: (pass) getInstallId > generates and persists a UUID on first call [3.21ms]
@aryee337/aery-utils test: 
@aryee337/aery-utils test: test/ring.test.ts:
@aryee337/aery-utils test: (pass) iterator > iterates in logical order [0.95ms]
@aryee337/aery-utils test: (pass) iterator > yields nothing when empty [0.13ms]
@aryee337/aery-utils test: (pass) iterator > works with for-of [0.23ms]
@aryee337/aery-utils test: (pass) toArray > contiguous case [0.11ms]
@aryee337/aery-utils test: (pass) toArray > wrapped case [0.14ms]
@aryee337/aery-utils test: (pass) toArray > returns new array each time [0.08ms]
@aryee337/aery-utils test: (pass) mixed operations > push/shift as a queue [0.11ms]
@aryee337/aery-utils test: (pass) mixed operations > push/pop as a stack [0.11ms]
@aryee337/aery-utils test: (pass) mixed operations > drain completely then refill [0.10ms]
@aryee337/aery-utils test: (pass) mixed operations > unshift then shift round-trips [0.13ms]
@aryee337/aery-utils test: (pass) mixed operations > works with non-primitive types [0.10ms]
@aryee337/aery-utils test: 
@aryee337/aery-utils test: test/install-id.test.ts:
@aryee337/aery-utils test: (pass) getInstallId > returns the cached value on subsequent calls without re-reading [1.27ms]
@aryee337/aery-utils test: (pass) getInstallId > loads an existing valid UUID instead of regenerating [1.06ms]
@aryee337/aery-utils test: 
@aryee337/aery-utils test: test/ring.test.ts:
@aryee337/aery-utils test: (pass) capacity 1 edge case > single-element buffer [0.60ms]
@aryee337/aery-utils test: 
@aryee337/aery-utils test: test/install-id.test.ts:
@aryee337/aery-utils test: (pass) getInstallId > regenerates and persists when the on-disk contents are not a valid UUID [4.52ms]
@aryee337/aery-utils test: 
@aryee337/aery-utils test: test/issue-935-repro.test.ts:
@aryee337/aery-utils test: (pass) issue #935 path equivalence > falls back to the lexical project path when realpath fails [0.37ms]
@aryee337/aery-utils test: 
@aryee337/aery-utils test: test/peek-file.test.ts:
@aryee337/aery-utils test: (pass) peekFile > reads an exact header slice asynchronously [7.89ms]
@aryee337/aery-utils test: (pass) peekFile > reads an exact header slice synchronously [3.01ms]
@aryee337/aery-utils test: 
@aryee337/aery-utils test: test/stream.test.ts:
@aryee337/aery-utils test: (pass) sanitizeText > strips ANSI and normalizes CR [2.04ms]
@aryee337/aery-utils test: (pass) readLines > splits lines across chunks without newlines [6.98ms]
@aryee337/aery-utils test: 
@aryee337/aery-utils test: test/peek-file.test.ts:
@aryee337/aery-utils test: (pass) peekFile > serves concurrent async peeks without corrupting buffers [9.40ms]
@aryee337/aery-utils test: 
@aryee337/aery-utils test: test/stream.test.ts:
@aryee337/aery-utils test: (pass) readJsonl > parses JSONL across chunk boundaries [3.20ms]
@aryee337/aery-utils test: (pass) readJsonl > parses trailing line without newline [0.33ms]
@aryee337/aery-utils test: (pass) createSanitizerStream > sanitizes text chunks [4.15ms]
@aryee337/aery-utils test: (pass) parseJsonlLenient > parses valid JSONL [0.17ms]
@aryee337/aery-utils test: (pass) parseJsonlLenient > skips malformed lines and continues [0.13ms]
@aryee337/aery-utils test: (pass) parseJsonlLenient > returns empty array for empty input [0.06ms]
@aryee337/aery-utils test: (pass) parseJsonlLenient > handles input without trailing newline [0.05ms]
@aryee337/aery-utils test: (pass) readSseJson > parses data lines and stops at [DONE] [1.38ms]
@aryee337/aery-utils test: (pass) readSseJson > reports raw events to diagnostic observers without changing parsed output [0.68ms]
@aryee337/aery-utils test: (pass) readSseJson > flushes a trailing event without the closing blank line [0.34ms]
@aryee337/aery-utils test: (pass) readSseJson > handles data lines split across chunks [0.38ms]
@aryee337/aery-utils test: (pass) readSseEvents > dispatches events on blank-line boundaries [0.48ms]
@aryee337/aery-utils test: (pass) readSseEvents > joins multiple data: lines with newlines [0.45ms]
@aryee337/aery-utils test: (pass) readSseEvents > skips comment lines but preserves them in raw [0.40ms]
@aryee337/aery-utils test: (pass) readSseEvents > does not carry pure comment keepalives into the next event raw lines [0.33ms]
@aryee337/aery-utils test: (pass) readSseEvents > strips a single optional space after the field colon (and only one) [0.32ms]
@aryee337/aery-utils test: (pass) readSseEvents > handles CRLF line terminators [0.32ms]
@aryee337/aery-utils test: (pass) readSseEvents > recovers when a chunk boundary splits inside a field name [0.27ms]
@aryee337/aery-utils test: (pass) readSseEvents > recovers when a chunk boundary splits inside a multi-byte UTF-8 sequence [0.30ms]
@aryee337/aery-utils test: (pass) readSseEvents > flushes a pending event even without the trailing blank line [0.24ms]
@aryee337/aery-utils test: (pass) readSseEvents > treats a tail without any newline as a complete final line [0.28ms]
@aryee337/aery-utils test: (pass) readSseEvents > survives a one-byte-per-chunk drip feed without quadratic blowup [193.99ms]
@aryee337/aery-utils test: 
@aryee337/aery-utils test: test/logger-error-serialization.test.ts:
@aryee337/aery-utils test: (pass) logger error serialization > unwraps Error.message, Error.stack, and Error.name [31.18ms]
@aryee337/aery-utils test: (pass) logger error serialization > preserves Error.cause and custom enumerable fields [0.80ms]
@aryee337/aery-utils test: 
@aryee337/aery-utils test:  91 pass
@aryee337/aery-utils test:  0 fail
@aryee337/aery-utils test:  187 expect() calls
@aryee337/aery-utils test: Ran 91 tests across 12 files. [555.00ms]
@aryee337/aery-utils test: Exited with code 0
@aryee337/aery-tui test: bun test v1.3.14 (0d9b296a) 4x PARALLEL
@aryee337/aery-ai test: bun test v1.3.14 (0d9b296a) 4x PARALLEL
@aryee337/aery-ai test: 
@aryee337/aery-ai test: src/utils/oauth/__tests__/xai-oauth.test.ts:
@aryee337/aery-ai test: (pass) isXAIAccessTokenExpiring > returns false for an empty string [0.72ms]
@aryee337/aery-ai test: (pass) isXAIAccessTokenExpiring > returns false for a non-JWT [0.61ms]
@aryee337/aery-ai test: (pass) isXAIAccessTokenExpiring > returns true when exp is already in the past [0.38ms]
@aryee337/aery-ai test: (pass) isXAIAccessTokenExpiring > returns false when exp is well in the future [0.13ms]
@aryee337/aery-ai test: (pass) validateXAIEndpoint > rejects non-HTTPS URLs [3.33ms]
@aryee337/aery-ai test: (pass) validateXAIEndpoint > rejects non-xAI hosts [0.23ms]
@aryee337/aery-ai test: (pass) validateXAIEndpoint > accepts the x.ai apex and *.x.ai subdomains [0.11ms]
@aryee337/aery-ai test: (pass) refreshXAIOAuthToken > rejects an empty refresh_token without making a network call [3.37ms]
@aryee337/aery-ai test: (pass) XAIOAuthFlow > pins the redirect URI to xAI's allowlisted loopback port [0.30ms]
@aryee337/aery-ai test: (pass) XAIOAuthFlow.exchangeToken > rejects when the token-exchange response is missing access_token [12.17ms]
@aryee337/aery-ai test: 
@aryee337/aery-ai test: test/abort-source-tracker.test.ts:
@aryee337/aery-ai test: (pass) createAbortSourceTracker > reports neither caller nor local abort when nothing fires [0.29ms]
@aryee337/aery-ai test: (pass) createAbortSourceTracker > reports caller abort when only the caller signal aborts [0.19ms]
@aryee337/aery-ai test: (pass) createAbortSourceTracker > reports local abort when only a local watchdog fires (no caller signal) [0.12ms]
@aryee337/aery-ai test: (pass) createAbortSourceTracker > reports local abort when local fires first and caller never aborts [0.15ms]
@aryee337/aery-ai test: (pass) createAbortSourceTracker > treats local-then-caller as a caller abort and hides the local reason [0.10ms]
@aryee337/aery-ai test: (pass) createAbortSourceTracker > treats caller-then-local as a caller abort and hides the local reason [0.08ms]
@aryee337/aery-ai test: (pass) createAbortSourceTracker > propagates local aborts onto the merged request signal [0.06ms]
@aryee337/aery-tui test: 
@aryee337/aery-tui test: test/stdin-buffer.test.ts:
@aryee337/aery-tui test: (pass) StdinBuffer > Regular Characters > should handle unicode characters [5.47ms]
@aryee337/aery-tui test: (pass) StdinBuffer > Partial Escape Sequences > should buffer incomplete mouse SGR sequence [0.66ms]
@aryee337/aery-tui test: (pass) StdinBuffer > Partial Escape Sequences > should buffer incomplete CSI sequence [0.16ms]
@aryee337/aery-tui test: (pass) StdinBuffer > Partial Escape Sequences > should buffer split across many chunks [6.73ms]
@aryee337/aery-tui test: (pass) StdinBuffer > Partial Escape Sequences > should flush incomplete sequence after timeout [15.42ms]
@aryee337/aery-tui test: (pass) StdinBuffer > Mixed Content > should handle partial sequence with preceding characters [0.29ms]
@aryee337/aery-tui test: (pass) StdinBuffer > Kitty Keyboard Protocol > should handle batched Kitty press and release [0.12ms]
@aryee337/aery-tui test: (pass) StdinBuffer > Kitty Keyboard Protocol > should handle multiple batched Kitty events [0.15ms]
@aryee337/aery-tui test: (pass) StdinBuffer > Kitty Keyboard Protocol > should handle Kitty functional keys with event type [3.20ms]
@aryee337/aery-tui test: (pass) StdinBuffer > Kitty Keyboard Protocol > should handle rapid typing simulation with Kitty protocol [0.80ms]
@aryee337/aery-tui test: (pass) StdinBuffer > Mouse Events > should handle mouse press event [0.35ms]
@aryee337/aery-tui test: (pass) StdinBuffer > Mouse Events > should handle mouse release event [0.66ms]
@aryee337/aery-tui test: (pass) StdinBuffer > Mouse Events > should handle mouse move event [0.10ms]
@aryee337/aery-tui test: (pass) StdinBuffer > Mouse Events > should handle split mouse events [0.18ms]
@aryee337/aery-tui test: (pass) StdinBuffer > Mouse Events > should handle multiple mouse events [0.42ms]
@aryee337/aery-tui test: (pass) StdinBuffer > Mouse Events > should handle old-style mouse sequence (ESC[M + 3 bytes) [0.17ms]
@aryee337/aery-tui test: (pass) StdinBuffer > Mouse Events > should buffer incomplete old-style mouse sequence [0.16ms]
@aryee337/aery-tui test: (pass) StdinBuffer > Edge Cases > should handle empty input [0.09ms]
@aryee337/aery-tui test: (pass) StdinBuffer > Edge Cases > should handle lone escape character with timeout [15.38ms]
@aryee337/aery-tui test: (pass) StdinBuffer > Edge Cases > should handle lone escape character with explicit flush [0.27ms]
@aryee337/aery-tui test: (pass) StdinBuffer > Edge Cases > should handle buffer input [0.58ms]
@aryee337/aery-tui test: (pass) StdinBuffer > Edge Cases > should handle very long sequences [0.22ms]
@aryee337/aery-tui test: (pass) StdinBuffer > Flush > should flush incomplete sequences [0.11ms]
@aryee337/aery-tui test: (pass) StdinBuffer > Flush > should return empty array if nothing to flush [0.05ms]
@aryee337/aery-tui test: (pass) StdinBuffer > Flush > should emit flushed data via timeout [16.39ms]
@aryee337/aery-tui test: (pass) StdinBuffer > Clear > should clear buffered content without emitting [3.31ms]
@aryee337/aery-tui test: (pass) StdinBuffer > Bracketed Paste > should emit paste event for complete bracketed paste [0.28ms]
@aryee337/aery-tui test: (pass) StdinBuffer > Bracketed Paste > should handle paste arriving in chunks [0.19ms]
@aryee337/aery-tui test: (pass) StdinBuffer > Bracketed Paste > should handle paste with input before and after [0.29ms]
@aryee337/aery-tui test: (pass) StdinBuffer > Bracketed Paste > should handle paste with newlines [0.74ms]
@aryee337/aery-tui test: (pass) StdinBuffer > Bracketed Paste > should handle paste with unicode [3.00ms]
@aryee337/aery-tui test: (pass) StdinBuffer > Destroy > should clear buffer on destroy [0.77ms]
@aryee337/aery-tui test: (pass) StdinBuffer > Destroy > should clear pending timeouts on destroy [20.49ms]
@aryee337/aery-ai test: 
@aryee337/aery-ai test: test/openai-responses-developer-role.test.ts:
@aryee337/aery-ai test: (pass) supportsDeveloperRole > returns true for openai provider with official API base URL [0.50ms]
@aryee337/aery-ai test: (pass) supportsDeveloperRole > returns false for openai provider with custom proxy base URL [0.54ms]
@aryee337/aery-ai test: (pass) supportsDeveloperRole > returns true for github-copilot provider [0.27ms]
@aryee337/aery-ai test: (pass) supportsDeveloperRole > returns false for github-copilot provider with custom proxy base URL [0.20ms]
@aryee337/aery-ai test: (pass) supportsDeveloperRole > returns true for Azure OpenAI base URL [0.05ms]
@aryee337/aery-ai test: (pass) supportsDeveloperRole > returns true for Azure AI Inference base URL [0.05ms]
@aryee337/aery-ai test: (pass) supportsDeveloperRole > returns true for api.openai.com base URL [0.03ms]
@aryee337/aery-ai test: (pass) supportsDeveloperRole > returns false for generic third-party provider [0.04ms]
@aryee337/aery-ai test: (pass) supportsDeveloperRole > returns false for local/localhost endpoints [0.04ms]
@aryee337/aery-ai test: (pass) supportsDeveloperRole > is case-insensitive for base URL matching [0.04ms]
@aryee337/aery-ai test: (pass) supportsDeveloperRole > returns true for azure.com/openai base URL [0.04ms]
@aryee337/aery-ai test: (pass) supportsDeveloperRole > returns true for github-copilot provider with api.githubcopilot.com [0.03ms]
@aryee337/aery-ai test: (pass) supportsDeveloperRole > returns true for github-copilot provider with api.enterprise.githubcopilot.com [0.03ms]
@aryee337/aery-ai test: (pass) supportsDeveloperRole > returns true for github-copilot provider with copilot-api enterprise domain [0.04ms]
@aryee337/aery-ai test: 
@aryee337/aery-ai test: test/abort.test.ts:
@aryee337/aery-ai test: (skip) AI Providers Abort Tests > Google Provider Abort > should abort mid-stream
@aryee337/aery-ai test: (skip) AI Providers Abort Tests > Google Provider Abort > should handle immediate abort
@aryee337/aery-ai test: (skip) AI Providers Abort Tests > OpenAI Completions Provider Abort > should abort mid-stream
@aryee337/aery-ai test: (skip) AI Providers Abort Tests > OpenAI Completions Provider Abort > should handle immediate abort
@aryee337/aery-ai test: (skip) AI Providers Abort Tests > OpenAI Responses Provider Abort > should abort mid-stream
@aryee337/aery-ai test: (skip) AI Providers Abort Tests > OpenAI Responses Provider Abort > should handle immediate abort
@aryee337/aery-ai test: (skip) AI Providers Abort Tests > Anthropic Provider Abort > should abort mid-stream
@aryee337/aery-ai test: (skip) AI Providers Abort Tests > Anthropic Provider Abort > should handle immediate abort
@aryee337/aery-ai test: (skip) AI Providers Abort Tests > Mistral Provider Abort > should abort mid-stream
@aryee337/aery-ai test: (skip) AI Providers Abort Tests > Mistral Provider Abort > should handle immediate abort
@aryee337/aery-ai test: (skip) AI Providers Abort Tests > Google Gemini CLI Provider Abort > should abort mid-stream
@aryee337/aery-ai test: (skip) AI Providers Abort Tests > Google Gemini CLI Provider Abort > should handle immediate abort
@aryee337/aery-ai test: (skip) AI Providers Abort Tests > OpenAI Codex Provider Abort > should abort mid-stream
@aryee337/aery-ai test: (skip) AI Providers Abort Tests > OpenAI Codex Provider Abort > should handle immediate abort
@aryee337/aery-ai test: 
@aryee337/aery-ai test: test/abortable-iterator.test.ts:
@aryee337/aery-ai test: (pass) iterateUntilAbort > observes aborts that happen between yielded items and calls iterator.return() [8.25ms]
@aryee337/aery-ai test: (pass) iterateUntilAbort > observes aborts that fire DURING an in-flight iterator.next() [6.01ms]
@aryee337/aery-ai test: (pass) iterateUntilAbort > rejects immediately when the signal is already aborted before the first next() [0.52ms]
@aryee337/aery-ai test: (pass) iterateUntilAbort > yields every item and terminates cleanly when the source completes naturally [0.47ms]
@aryee337/aery-ai test: (pass) iterateUntilAbort > propagates errors from the underlying iterator.next() [12.42ms]
@aryee337/aery-ai test: (pass) iterateUntilAbort > does not leak abort listeners across iterations [0.84ms]
@aryee337/aery-tui test: 
@aryee337/aery-tui test: test/aery-bar.test.ts:
@aryee337/aery-tui test: (pass) AeryBar > renders exactly one line [0.70ms]
@aryee337/aery-tui test: (pass) AeryBar > visible width equals requested width [0.12ms]
@aryee337/aery-tui test: (pass) AeryBar > returns empty array for width=0 [0.06ms]
@aryee337/aery-tui test: (pass) AeryBar > invalidate resets cache [0.14ms]
@aryee337/aery-tui test: 
@aryee337/aery-tui test: test/issue-1635-repro.test.ts:
@aryee337/aery-tui test: (pass) issue #1635: shouldTrustNativeViewportProbe > returns true on bare native Windows (legacy console) [0.13ms]
@aryee337/aery-tui test: (pass) issue #1635: shouldTrustNativeViewportProbe > returns false when running under Windows Terminal [0.06ms]
@aryee337/aery-tui test: (pass) issue #1635: shouldTrustNativeViewportProbe > returns false on POSIX where the probe has no answer [0.05ms]
@aryee337/aery-tui test: (pass) issue #1635: shouldTrustNativeViewportProbe > returns false on POSIX even if WT_SESSION leaked through (defense in depth) [0.04ms]
@aryee337/aery-tui test: (pass) issue #1635: TUI must not emit \x1b[3J when probe is unreliable > content shrink with unreportable viewport must not emit \x1b[3J [100.06ms]
@aryee337/aery-ai test: 
@aryee337/aery-ai test: test/aery-native-client.test.ts:
@aryee337/aery-ai test: (pass) streamAeryNative request shape > POSTs `{modelId, context, options, stream:true}` to `<baseUrl>/v1/aery/stream` [32.18ms]
@aryee337/aery-ai test: (pass) streamAeryNative request shape > strips non-wire fields (signal, apiKey, fetch, callbacks) from `options` [18.58ms]
@aryee337/aery-ai test: (pass) streamAeryNative request shape > normalizes trailing slashes on `baseUrl` so the endpoint never double-slashes [0.87ms]
@aryee337/aery-ai test: (pass) streamAeryNative request shape > forwards `model.headers` and lets a caller-supplied Authorization win [1.03ms]
@aryee337/aery-ai test: (pass) streamAeryNative request shape > throws synchronously when `baseUrl` is missing [1.23ms]
@aryee337/aery-ai test: (pass) streamAeryNative event flow > pushes parsed events verbatim and resolves `.result()` on terminal `done` [1.83ms]
@aryee337/aery-ai test: (pass) streamAeryNative event flow > classifies non-2xx responses into Errors with status + type tags [0.86ms]
@aryee337/aery-ai test: (pass) streamAeryNative event flow > falls back to plain text on a non-JSON error body [0.52ms]
@aryee337/aery-ai test: (pass) streamAeryNative event flow > synthesizes a terminal `done` when the SSE stream closes silently [1.00ms]
@aryee337/aery-ai test: (pass) streamAeryNative event flow > fails fast when the caller's signal is already aborted before fetch fires [0.48ms]
@aryee337/aery-ai test: (pass) streamAeryNative event flow > forwards the caller's AbortSignal to the underlying fetch [1.49ms]
@aryee337/aery-tui test: 
@aryee337/aery-tui test: test/tab-bar.test.ts:
@aryee337/aery-tui test: (pass) TabBar > wraps without producing style-only lines or duplicate active highlights [1.12ms]
@aryee337/aery-tui test: 
@aryee337/aery-tui test: test/message-list.test.ts:
@aryee337/aery-tui test: (pass) MessageList > renders empty for no messages [0.45ms]
@aryee337/aery-tui test: (pass) MessageList > user message contains amber color code [2.27ms]
@aryee337/aery-tui test: 
@aryee337/aery-tui test: test/issue-1635-repro.test.ts:
@aryee337/aery-tui test: (pass) issue #1635: TUI must not emit \x1b[3J when probe is unreliable > content shrink with scrolled-up viewport must not emit \x1b[3J [109.78ms]
@aryee337/aery-tui test: 
@aryee337/aery-tui test: test/message-list.test.ts:
@aryee337/aery-tui test: (pass) MessageList > assistant message contains cyan color code [12.95ms]
@aryee337/aery-tui test: (pass) MessageList > appendChunk streams onto last assistant message [0.29ms]
@aryee337/aery-tui test: (pass) MessageList > clear removes all messages [0.10ms]
@aryee337/aery-tui test: 
@aryee337/aery-tui test: test/autocomplete.test.ts:
@aryee337/aery-tui test: (pass) CombinedAutocompleteProvider > extractPathPrefix > extracts / from 'hey /' when forced [67.03ms]
@aryee337/aery-tui test: (pass) CombinedAutocompleteProvider > extractPathPrefix > extracts /A from '/A' when forced [0.29ms]
@aryee337/aery-tui test: (pass) CombinedAutocompleteProvider > extractPathPrefix > does not trigger for slash commands [0.15ms]
@aryee337/aery-tui test: (pass) CombinedAutocompleteProvider > extractPathPrefix > triggers for absolute paths after slash command argument [11.12ms]
@aryee337/aery-tui test: (pass) CombinedAutocompleteProvider > hidden paths > matches segmented filenames from abbreviated fuzzy query [16.42ms]
@aryee337/aery-tui test: (pass) CombinedAutocompleteProvider > hidden paths > includes hidden paths but excludes .git [1.99ms]
@aryee337/aery-ai test: 
@aryee337/aery-ai test: test/issue-1417-repro.test.ts:
@aryee337/aery-ai test: (pass) issue #1417 synthetic model deprecation > prunes static-only models when provider discovery is authoritative [19.09ms]
@aryee337/aery-tui test: (pass) CombinedAutocompleteProvider > hidden paths > returns more than 20 fuzzy matches when the project contains them [12.42ms]
@aryee337/aery-tui test: (pass) CombinedAutocompleteProvider > @ paths outside cwd > uses immediate-directory prefix completion for @../ (no recursive fuzzy walk) [1.19ms]
@aryee337/aery-tui test: (pass) CombinedAutocompleteProvider > @ paths outside cwd > lists entries inside an absolute @/abs/ path without walking recursively [6.49ms]
@aryee337/aery-tui test: (pass) CombinedAutocompleteProvider > dot-slash path completion > preserves ./ prefix when completing files [2.46ms]
@aryee337/aery-tui test: (pass) CombinedAutocompleteProvider > dot-slash path completion > preserves ./ prefix when completing directories [0.68ms]
@aryee337/aery-tui test: (pass) trySyncSlashCompletion > returns null for bare '/' (no prefix to match) [0.16ms]
@aryee337/aery-tui test: (pass) trySyncSlashCompletion > returns null for non-slash text [0.09ms]
@aryee337/aery-tui test: (pass) trySyncSlashCompletion > returns null when text has spaces (argument phase, not command name) [0.05ms]
@aryee337/aery-tui test: (pass) trySyncSlashCompletion > returns null when no commands match [0.06ms]
@aryee337/aery-tui test: (pass) trySyncSlashCompletion > returns matching items for partial slash command name [5.08ms]
@aryee337/aery-tui test: (pass) trySyncSlashCompletion > matches multiple commands and sorts by relevance [0.45ms]
@aryee337/aery-tui test: (pass) trySyncSlashCompletion > matches case-insensitively [0.12ms]
@aryee337/aery-tui test: (pass) trySyncSlashCompletion > also matches against description [0.11ms]
@aryee337/aery-tui test: (pass) trySyncSlashCompletion > handles AutocompleteItem-shaped commands (no 'name' property) [0.13ms]
@aryee337/aery-tui test: 
@aryee337/aery-tui test: test/issue-1635-repro.test.ts:
@aryee337/aery-tui test: (pass) issue #1635: TUI must not emit \x1b[3J when probe is unreliable > height change with unreportable viewport must not emit \x1b[3J [112.94ms]
@aryee337/aery-ai test: 
@aryee337/aery-ai test: test/auth-storage-refresh-skew.test.ts:
@aryee337/aery-ai test: (pass) AuthStorage OAuth refresh skew > refreshes before strict expiry when the credential is inside the 60s skew [126.80ms]
@aryee337/aery-ai test: 
@aryee337/aery-ai test: test/anthropic-abandoned-tooluse-replay.test.ts:
@aryee337/aery-ai test: (pass) Anthropic abandoned/aborted tool-use replay > preserves signed thinking on a genuine toolUse turn [3.58ms]
@aryee337/aery-ai test: (pass) Anthropic abandoned/aborted tool-use replay > preserves signed thinking on the latest end_turn(stop) tool-use turn [0.35ms]
@aryee337/aery-ai test: (pass) Anthropic abandoned/aborted tool-use replay > preserves signed thinking on the latest surviving abandoned tool-use turn when trailing truncated thinking is dropped [0.40ms]
@aryee337/aery-ai test: (pass) Anthropic abandoned/aborted tool-use replay > downgrades historical end_turn(stop) tool-use thinking to text so the continuation stays wire-valid [0.42ms]
@aryee337/aery-ai test: (pass) Anthropic abandoned/aborted tool-use replay > recovers a half-streamed aborted turn (partial/invalid signature) by downgrading to text [0.89ms]
@aryee337/aery-ai test: 
@aryee337/aery-ai test: test/auth-storage-refresh-skew.test.ts:
@aryee337/aery-ai test: (pass) AuthStorage OAuth refresh skew > coalesces concurrent skew refreshes for the same credential [36.61ms]
@aryee337/aery-tui test: (pass) issue #1635: TUI must not emit \x1b[3J when probe is unreliable > width change with unreportable viewport must not emit \x1b[3J [126.52ms]
@aryee337/aery-tui test: 
@aryee337/aery-tui test: test/terminal-appearance.test.ts:
@aryee337/aery-tui test: (pass) ProcessTerminal OSC 11 appearance detection > swallows the DA1 sentinel even when the OSC 11 reply arrives first [38.88ms]
@aryee337/aery-tui test: (pass) ProcessTerminal OSC 11 appearance detection > queues overlapping OSC 11 queries until both in-flight DA1 sentinels are consumed [11.10ms]
@aryee337/aery-tui test: (pass) ProcessTerminal OSC 11 appearance detection > OSC 11 updates terminal.appearance and fires callbacks with dedup [1.19ms]
@aryee337/aery-tui test: (pass) ProcessTerminal OSC 11 appearance detection > 2-digit hex OSC 11 response is correctly normalized [4.71ms]
@aryee337/aery-tui test: (pass) ProcessTerminal OSC 11 appearance detection > 2-digit hex light background is detected correctly [3.70ms]
@aryee337/aery-tui test: (pass) ProcessTerminal OSC 11 appearance detection > Mode 2031 debounce: multiple notifications coalesce into one re-query [0.80ms]
@aryee337/aery-tui test: (pass) ProcessTerminal OSC 11 appearance detection > poll timer self-disables when Mode 2031 fires outside WSL [0.81ms]
@aryee337/aery-tui test: (pass) ProcessTerminal OSC 11 appearance detection > does not start the OSC 11 poll timer under WSL [0.54ms]
@aryee337/aery-tui test: (pass) ProcessTerminal OSC 11 appearance detection > partial OSC 11 buffer does not swallow unrelated input [10.35ms]
@aryee337/aery-tui test: (pass) ProcessTerminal OSC 11 appearance detection > DA1 from old query does not cancel new queued query [1.00ms]
@aryee337/aery-ai test: 
@aryee337/aery-ai test: test/openai-responses-history-payload.test.ts:
@aryee337/aery-ai test: (pass) OpenAI responses history payload > prepends multiple OpenAI developer instructions in order without changing prompt cache key routing [176.59ms]
@aryee337/aery-tui test: (pass) ProcessTerminal OSC 11 appearance detection > reassembles a DA1 response split across stdin reads without leaking to input (#1238) [3.65ms]
@aryee337/aery-tui test: (pass) ProcessTerminal OSC 11 appearance detection > reassembles a DA1 response delivered byte-by-byte [1.49ms]
@aryee337/aery-tui test: (pass) ProcessTerminal OSC 11 appearance detection > abandons private CSI reassembly when a new escape arrives mid-stream [0.46ms]
@aryee337/aery-tui test: (pass) ProcessTerminal OSC 11 appearance detection > kitty keyboard probe owns its own DA1 sentinel — does not consume OSC 11's [7.97ms]
@aryee337/aery-tui test: (pass) ProcessTerminal OSC 11 appearance detection > keyboard DA1 arriving before OSC 11 reply does not falsely mark OSC 11 unsupported [0.62ms]
@aryee337/aery-tui test: (pass) ProcessTerminal OSC 11 appearance detection > shutdown balances the single kitty push performed on detection [0.56ms]
@aryee337/aery-ai test: (pass) OpenAI responses history payload > uses canonical instructions field for endpoints without developer-role support [20.29ms]
@aryee337/aery-ai test: (pass) OpenAI responses history payload > keeps system instruction order ahead of replayed native history [17.64ms]
@aryee337/aery-ai test: (pass) OpenAI responses history payload > inlines preserved replacement history for openai-responses [1.31ms]
@aryee337/aery-tui test: 
@aryee337/aery-tui test: test/editor-autocomplete-actions.test.ts:
@aryee337/aery-tui test: (pass) Editor hash autocomplete actions > auto-triggers # suggestions and runs autocomplete callbacks on selection [28.99ms]
@aryee337/aery-tui test: (pass) Editor Enter handler sync slash completion > does not trigger slash autocomplete after prior prompt text [4.18ms]
@aryee337/aery-ai test: (pass) OpenAI responses history payload > prefers assistant native history snapshots for openai-responses [11.38ms]
@aryee337/aery-tui test: (pass) Editor Enter handler sync slash completion > completes slash command synchronously before async resolves and submits [10.31ms]
@aryee337/aery-ai test: (pass) OpenAI responses history payload > falls back to rebuilt history on resumed same-provider sessions with fresh session state [10.30ms]
@aryee337/aery-tui test: (pass) Editor Enter handler sync slash completion > completes slash command after leading blank lines [6.68ms]
@aryee337/aery-tui test: (pass) Editor Enter handler sync slash completion > does not complete slash command after prior prompt text [1.46ms]
@aryee337/aery-tui test: (pass) Editor Enter handler sync slash completion > submits raw text when slash command has no sync match [3.12ms]
@aryee337/aery-tui test: (pass) Editor Enter handler sync slash completion > does not interfere with non-slash text submission [0.32ms]
@aryee337/aery-tui test: (pass) Editor Enter handler sync slash completion > applies completion from autocomplete list when autocomplete is already showing, then submits [0.78ms]
@aryee337/aery-ai test: (pass) OpenAI responses history payload > does not replay stale thinking signatures when native replay is cold [14.13ms]
@aryee337/aery-ai test: (pass) OpenAI responses history payload > preserves remote replacement history on cold openai session state [1.39ms]
@aryee337/aery-ai test: (pass) OpenAI responses history payload > replays native history after the same-provider session state is warmed [16.57ms]
@aryee337/aery-ai test: (pass) OpenAI responses history payload > does not warm GitHub Copilot replay when only OpenAI replay state is warmed [20.13ms]
@aryee337/aery-ai test: (pass) OpenAI responses history payload > prefers assistant native history snapshots for openai-codex-responses [43.41ms]
@aryee337/aery-ai test: (pass) OpenAI responses history payload > ignores incompatible native history snapshots across providers [15.63ms]
@aryee337/aery-ai test: (pass) OpenAI responses history payload > builds up history incrementally from multiple assistant messages [1.69ms]
@aryee337/aery-ai test: (pass) OpenAI responses history payload > preserves assistant message phase when rebuilding fallback replay history [7.90ms]
@aryee337/aery-ai test: (pass) OpenAI responses history payload > keeps legacy plain-string text signatures when rebuilding fallback replay history [1.42ms]
@aryee337/aery-ai test: (pass) OpenAI responses history payload > strips replay-only ids and item references while preserving paired call_id values [6.56ms]
@aryee337/aery-ai test: (pass) OpenAI responses history payload > backward compat: old full-snapshot payloads still replace history for legacy same-provider assistant turns [8.85ms]
@aryee337/aery-ai test: (pass) OpenAI responses history payload > rebuilds failed tool calls before replaying tool results for openai-responses [18.96ms]
@aryee337/aery-ai test: (pass) OpenAI responses history payload > rebuilds failed tool calls before replaying tool results for openai-codex-responses [15.42ms]
@aryee337/aery-ai test: (pass) OpenAI responses history payload > converts orphan function_call_output replayed from providerPayload into an assistant note (issue #1351) [1.75ms]
@aryee337/aery-ai test: 
@aryee337/aery-ai test: test/anthropic-alignment.test.ts:
@aryee337/aery-ai test: (pass) Anthropic request fingerprint alignment > maps Stainless OS and arch values from explicit inputs [0.13ms]
@aryee337/aery-ai test: (pass) Anthropic request fingerprint alignment > uses runtime Stainless OS and arch mappings in Anthropic headers [1.32ms]
@aryee337/aery-ai test: (pass) Anthropic request fingerprint alignment > matches Claude Code OAuth header defaults [0.28ms]
@aryee337/aery-ai test: (pass) Anthropic request fingerprint alignment > matches Claude Code utility OAuth beta defaults when tools and thinking are absent [2.54ms]
@aryee337/aery-ai test: (pass) Anthropic request fingerprint alignment > sends redact-thinking beta only when thinking display is omitted [0.47ms]
@aryee337/aery-ai test: (pass) Anthropic request fingerprint alignment > matches CC system-block layout: billing and instruction uncached, context cached in order [1.47ms]
@aryee337/aery-ai test: (pass) Anthropic request fingerprint alignment > caches Claude Code context and the last user block in OAuth request payloads [19.42ms]
@aryee337/aery-ai test: (pass) Anthropic request fingerprint alignment > billing-header fingerprint uses first user message, not leading developer message [3.38ms]
@aryee337/aery-ai test: (pass) Anthropic request fingerprint alignment > places the automatic Anthropic cache breakpoint on the last ordered system prompt [1.02ms]
@aryee337/aery-ai test: (pass) Anthropic request fingerprint alignment > uses Bearer auth for non-Anthropic API bases with api-key credentials [0.25ms]
@aryee337/aery-ai test: (pass) Anthropic request fingerprint alignment > forwards only prefix-matching Claude Code User-Agent values [0.59ms]
@aryee337/aery-ai test: (pass) Anthropic request fingerprint alignment > skips Claude Code instruction injection for claude-3-5-haiku models [1.19ms]
@aryee337/aery-ai test: (pass) Anthropic request fingerprint alignment > accepts uppercase hex in the user hash segment [0.20ms]
@aryee337/aery-ai test: (pass) Anthropic request fingerprint alignment > generates cloaking-compatible user IDs [0.23ms]
@aryee337/aery-ai test: (pass) Anthropic request fingerprint alignment > injects Claude Code JSON metadata.user_id for OAuth requests when missing [1.15ms]
@aryee337/aery-ai test: (pass) Anthropic request fingerprint alignment > derives generated OAuth device_id deterministically across sessions [1.63ms]
@aryee337/aery-ai test: (pass) Anthropic request fingerprint alignment > uses the explicit session id for generated OAuth metadata [1.12ms]
@aryee337/aery-ai test: (pass) Anthropic request fingerprint alignment > does not inject metadata.user_id for non-OAuth requests without caller metadata [0.95ms]
@aryee337/aery-ai test: (pass) Anthropic request fingerprint alignment > preserves valid caller metadata.user_id for OAuth requests [1.12ms]
@aryee337/aery-ai test: (pass) Anthropic request fingerprint alignment > mirrors JSON metadata session_id into the Claude Code session header [7.48ms]
@aryee337/aery-ai test: (pass) Anthropic request fingerprint alignment > preserves real Claude Code JSON-format metadata.user_id for OAuth requests [5.19ms]
@aryee337/aery-ai test: (pass) Anthropic request fingerprint alignment > preserves a minimal { session_id } JSON metadata.user_id for OAuth requests [4.19ms]
@aryee337/aery-ai test: (pass) Anthropic request fingerprint alignment > replaces JSON metadata.user_id missing session_id for OAuth requests [0.93ms]
@aryee337/aery-ai test: (pass) Anthropic request fingerprint alignment > replaces invalid caller metadata.user_id for OAuth requests [1.06ms]
@aryee337/aery-ai test: (pass) Anthropic request fingerprint alignment > adds additionalProperties false to Anthropic tool object schemas [6.80ms]
@aryee337/aery-ai test: (pass) Anthropic request fingerprint alignment > preserves explicit additionalProperties schemas and true for open record fields [1.80ms]
@aryee337/aery-ai test: (pass) Anthropic request fingerprint alignment > removes Anthropic-unsupported array item count constraints [1.58ms]
@aryee337/aery-ai test: (pass) Anthropic request fingerprint alignment > strips minItems from object-typed property schemas (Anthropic rejects them) [1.97ms]
@aryee337/aery-ai test: (pass) Anthropic request fingerprint alignment > keeps OAuth tool names behind the proxy prefix with eager streaming and strict flags [3.57ms]
@aryee337/aery-ai test: (pass) Anthropic request fingerprint alignment > marks only the Anthropic strict allowlist strict [3.67ms]
@aryee337/aery-ai test: (pass) Anthropic request fingerprint alignment > marks regular two-field Zod object tools strict [23.74ms]
@aryee337/aery-ai test: (pass) Anthropic request fingerprint alignment > does not mark allowlisted Anthropic tools strict when schemas contain open object maps [6.84ms]
@aryee337/aery-ai test: (pass) Anthropic request fingerprint alignment > honors strict=false and skips non-allowlisted Anthropic tools [1.58ms]
@aryee337/aery-ai test: (pass) Anthropic request fingerprint alignment > adds legacy fine-grained tool-streaming beta only for tool requests on incompatible models [0.35ms]
@aryee337/aery-ai test: (pass) Anthropic request fingerprint alignment > uses Cloudflare AI Gateway authorization without Anthropic credential headers [10.47ms]
@aryee337/aery-ai test: (pass) Anthropic request fingerprint alignment > keeps Cloudflare gateway auth authoritative over caller-supplied auth headers [0.30ms]
@aryee337/aery-ai test: (pass) Anthropic request fingerprint alignment > applies Claude Code TLS profile for direct Anthropic transport [0.22ms]
@aryee337/aery-ai test: (pass) Anthropic request fingerprint alignment > uses Foundry base URL, Bearer auth, and custom headers when enabled [1.78ms]
@aryee337/aery-ai test: (pass) Anthropic request fingerprint alignment > forwards ANTHROPIC_CUSTOM_HEADERS to an enterprise gateway base URL without Foundry mode [37.86ms]
@aryee337/aery-ai test: (pass) Anthropic request fingerprint alignment > omits ANTHROPIC_CUSTOM_HEADERS when neither Foundry mode nor a custom base URL is configured [0.75ms]
@aryee337/aery-ai test: (pass) Anthropic request fingerprint alignment > loads Foundry mTLS and CA material from file paths [2.36ms]
@aryee337/aery-ai test: (pass) Anthropic request fingerprint alignment > throws when Foundry mTLS cert/key pair is incomplete [0.63ms]
@aryee337/aery-ai test: (pass) Anthropic request fingerprint alignment > resolves Anthropic Foundry API key when Foundry mode is enabled [0.46ms]
@aryee337/aery-ai test: (pass) Anthropic request fingerprint alignment > sends temperature for Anthropic requests without enabled thinking [1.23ms]
@aryee337/aery-ai test: (pass) Anthropic request fingerprint alignment > sends disabled thinking for reasoning models when thinking is explicitly disabled [0.81ms]
@aryee337/aery-ai test: (pass) Anthropic request fingerprint alignment > drops temperature and sampling params for Opus 4.7 without enabled thinking [2.41ms]
@aryee337/aery-ai test: (pass) Anthropic request fingerprint alignment > drops sampling params and keeps summarized adaptive thinking for OAuth Opus 4.7+ [9.95ms]
@aryee337/aery-ai test: (pass) Anthropic request fingerprint alignment > keeps summarized adaptive thinking by default for API-key Opus 4.7+ requests [3.56ms]
@aryee337/aery-ai test: (pass) Anthropic request fingerprint alignment > sends task budgets through Anthropic output_config without dropping adaptive effort [2.37ms]
@aryee337/aery-ai test: (pass) Anthropic request fingerprint alignment > preserves task budget when forced tool choice disables thinking [1.12ms]
@aryee337/aery-ai test: (pass) Anthropic request fingerprint alignment > treats tool prefix helpers as no-ops when prefix is empty [0.12ms]
@aryee337/aery-ai test: (pass) Anthropic request fingerprint alignment > does not prefix built-in Anthropic tool names when prefix is configured [0.31ms]
@aryee337/aery-ai test: (pass) Anthropic request fingerprint alignment > prefixes custom tool names when prefix is configured [0.07ms]
@aryee337/aery-ai test: (pass) cch attestation > wrapFetchForCch: replaces cch=00000 with correct XXHash64 in outgoing request body [1.92ms]
@aryee337/aery-ai test: (pass) cch attestation > derives cch from low-20-bits of XXHash64(body, seed) — external reference values [0.21ms]
@aryee337/aery-ai test: 
@aryee337/aery-ai test: test/anthropic-client.test.ts:
@aryee337/aery-ai test: (pass) AnthropicMessagesClient error mapping > maps non-2xx responses to AnthropicApiError with status and body in message [1.62ms]
@aryee337/aery-ai test: (pass) AnthropicMessagesClient error mapping > does not invent a body when the error response is empty [0.44ms]
@aryee337/aery-ai test: (pass) AnthropicMessagesClient retries > retries 429 honoring retry-after-ms and succeeds [3.50ms]
@aryee337/aery-ai test: (pass) AnthropicMessagesClient retries > obeys x-should-retry: false over a retryable status [0.45ms]
@aryee337/aery-ai test: (pass) AnthropicMessagesClient retries > surfaces the final error after exhausting the retry budget [5.17ms]
@aryee337/aery-ai test: (pass) AnthropicMessagesClient timeout and abort > throws AnthropicConnectionTimeoutError when no response arrives in time [21.93ms]
@aryee337/aery-ai test: (pass) AnthropicMessagesClient timeout and abort > maps caller aborts to 'Request was aborted.' without retrying [0.69ms]
@aryee337/aery-ai test: (pass) AnthropicMessagesClient request assembly > sends auth, body, and beta URL according to client options [0.49ms]
@aryee337/aery-ai test: (pass) AnthropicMessagesClient request assembly > never overrides auth headers already present in defaultHeaders [0.36ms]
@aryee337/aery-ai test: 
@aryee337/aery-ai test: test/auth-storage-usage-cache.test.ts:
@aryee337/aery-ai test: (pass) AuthStorage usage cache: last-good failure fallback > caches a successful report and replays it on a second poll [136.06ms]
@aryee337/aery-tui test: 
@aryee337/aery-tui test: test/editor.test.ts:
@aryee337/aery-tui test: (pass) Editor component > Prompt history navigation > does nothing on Up arrow when history is empty [1.18ms]
@aryee337/aery-tui test: (pass) Editor component > Prompt history navigation > shows most recent history entry on Up arrow when editor is empty [0.57ms]
@aryee337/aery-tui test: (pass) Editor component > Prompt history navigation > cycles through history entries on repeated Up arrow [1.84ms]
@aryee337/aery-tui test: (pass) Editor component > Prompt history navigation > returns to empty editor on Down arrow after browsing history [0.55ms]
@aryee337/aery-tui test: (pass) Editor component > Prompt history navigation > navigates forward through history with Down arrow [0.72ms]
@aryee337/aery-tui test: (pass) Editor component > Prompt history navigation > exits history mode when typing a character [3.38ms]
@aryee337/aery-tui test: (pass) Editor component > Prompt history navigation > exits history mode on setText [0.53ms]
@aryee337/aery-tui test: 
@aryee337/aery-tui test: test/issue-1682-repro.test.ts:
@aryee337/aery-tui test: (pass) issue #1682: terminalHasEagerEraseScrollbackRisk > detects known POSIX terminal identifiers [0.20ms]
@aryee337/aery-tui test: (pass) issue #1682: terminalHasEagerEraseScrollbackRisk > does not trust terminal identifiers on native Windows [0.06ms]
@aryee337/aery-tui test: (pass) issue #1682: terminalHasEagerEraseScrollbackRisk > leaves unrecognized POSIX terminals on the eager path [0.08ms]
@aryee337/aery-ai test: (pass) AuthStorage usage cache: last-good failure fallback > does NOT cache a failure when no previous good value exists — retries next poll [21.96ms]
@aryee337/aery-tui test: 
@aryee337/aery-tui test: test/editor.test.ts:
@aryee337/aery-tui test: (pass) Editor component > Prompt history navigation > exits history mode at the history edit anchor before public insertText [2.94ms]
@aryee337/aery-tui test: (pass) Editor component > Prompt history navigation > does not add empty strings to history [0.46ms]
@aryee337/aery-tui test: (pass) Editor component > Prompt history navigation > does not add consecutive duplicates to history [6.73ms]
@aryee337/aery-tui test: (pass) Editor component > Prompt history navigation > allows non-consecutive duplicates in history [0.58ms]
@aryee337/aery-tui test: (pass) Editor component > Prompt history navigation > uses cursor movement instead of history when editor has content [0.94ms]
@aryee337/aery-tui test: (pass) Editor component > Prompt history navigation > limits history to 100 entries [7.03ms]
@aryee337/aery-tui test: (pass) Editor component > Prompt history navigation > anchors history entry at top when navigating with Up [0.33ms]
@aryee337/aery-tui test: (pass) Editor component > Prompt history navigation > anchors history entry at bottom when navigating with Down [0.46ms]
@aryee337/aery-tui test: (pass) Editor component > Prompt history navigation > still allows in-entry cursor movement while browsing history [0.61ms]
@aryee337/aery-tui test: (pass) Editor component > public state accessors > returns cursor position [1.38ms]
@aryee337/aery-ai test: (pass) AuthStorage usage cache: last-good failure fallback > serves last-good value through a failure cycle [21.46ms]
@aryee337/aery-tui test: (pass) Editor component > public state accessors > moves cursor to message boundaries [0.39ms]
@aryee337/aery-tui test: (pass) Editor component > public state accessors > returns lines as a defensive copy [0.23ms]
@aryee337/aery-tui test: (pass) Editor component > autocomplete triggers > triggers slash-command autocomplete when typing slash [0.72ms]
@aryee337/aery-tui test: (pass) Editor component > autocomplete triggers > triggers file-reference autocomplete when typing at-sign [0.54ms]
@aryee337/aery-tui test: 
@aryee337/aery-tui test: test/text-utils.test.ts:
@aryee337/aery-tui test: (pass) text utils > computes visible width for ANSI and tabs [0.09ms]
@aryee337/aery-tui test: (pass) text utils > does not double-count pure ASCII tabs [0.07ms]
@aryee337/aery-tui test: (pass) text utils > treats Arabic combining marks as zero-width [0.09ms]
@aryee337/aery-tui test: (pass) text utils > ignores OSC hyperlinks in visible width [0.04ms]
@aryee337/aery-tui test: (pass) text utils > counts a styled ZWJ emoji the same as the unstyled emoji (ANSI is zero-width) [0.68ms]
@aryee337/aery-tui test: (pass) text utils > truncates ANSI text with ellipsis [0.20ms]
@aryee337/aery-tui test: (pass) text utils > slices visible columns while preserving ANSI [0.12ms]
@aryee337/aery-tui test: (pass) text utils > extracts segments with inherited styling [0.15ms]
@aryee337/aery-ai test: (pass) AuthStorage usage cache: last-good failure fallback > re-attempts the failing credential after the cool-down expires [18.46ms]
@aryee337/aery-ai test: (pass) AuthStorage usage cache: jitter > writes per-credential cache TTLs with ±25% jitter so refreshes decorrelate [31.47ms]
@aryee337/aery-ai test: (pass) AuthStorage usage cache: header ingestion > writes the same per-credential cache key that fetchUsageReports reads [30.59ms]
@aryee337/aery-ai test: (pass) AuthStorage usage cache: header ingestion > throttles repeated header ingestion for the same credential cache key [0.64ms]
@aryee337/aery-ai test: (pass) AuthStorage usage cache: header ingestion > merges header umbrella windows onto the last real report and preserves tier limits [28.84ms]
@aryee337/aery-tui test: 
@aryee337/aery-tui test: test/editor.test.ts:
@aryee337/aery-tui test: (pass) Editor component > autocomplete triggers > chains into argument completions after tab-completing slash command names [118.63ms]
@aryee337/aery-ai test: (pass) AuthStorage usage cache: terminal refresh failure > disables credential and suppresses last-good when OAuth refresh fails with invalid_grant [39.61ms]
@aryee337/aery-ai test: (pass) AuthStorage usage cache: terminal refresh failure > preserves last-good fallback for transient (non-definitive) refresh failures [10.76ms]
@aryee337/aery-tui test: (pass) Editor component > autocomplete triggers > does not show argument completions when command has no argument completer [121.75ms]
@aryee337/aery-tui test: (pass) Editor component > Unicode text editing behavior > inserts mixed ASCII, umlauts, and emojis as literal text [1.33ms]
@aryee337/aery-tui test: (pass) Editor component > Unicode text editing behavior > inserts NumLock keypad digits instead of treating them as navigation [4.92ms]
@aryee337/aery-tui test: (pass) Editor component > Unicode text editing behavior > inserts a newline for Ctrl+Enter variants with NumLock or keypad Enter metadata [1.54ms]
@aryee337/aery-tui test: (pass) Editor component > Unicode text editing behavior > deletes single-code-unit unicode characters (umlauts) with Backspace [10.21ms]
@aryee337/aery-tui test: (pass) Editor component > Unicode text editing behavior > deletes multi-code-unit emojis with single Backspace [4.05ms]
@aryee337/aery-tui test: (pass) Editor component > Unicode text editing behavior > inserts characters at the correct position after cursor movement over umlauts [5.07ms]
@aryee337/aery-tui test: (pass) Editor component > Unicode text editing behavior > moves cursor across multi-code-unit emojis with single arrow key [0.89ms]
@aryee337/aery-tui test: (pass) Editor component > Unicode text editing behavior > preserves umlauts across line breaks [0.72ms]
@aryee337/aery-tui test: (pass) Editor component > Unicode text editing behavior > splits public insertText newlines into logical editor rows [13.14ms]
@aryee337/aery-tui test: (pass) Editor component > Unicode text editing behavior > replaces the entire document with unicode text via setText (paste simulation) [0.27ms]
@aryee337/aery-tui test: (pass) Editor component > Unicode text editing behavior > uses the configured tab width when loading text programmatically [0.26ms]
@aryee337/aery-tui test: (pass) Editor component > Unicode text editing behavior > strips control characters from programmatically loaded text before render [0.25ms]
@aryee337/aery-tui test: (pass) Editor component > Unicode text editing behavior > moves cursor to document start on Ctrl+A and inserts at the beginning [5.47ms]
@aryee337/aery-tui test: (pass) Editor component > Unicode text editing behavior > deletes words correctly with Ctrl+W and Alt+Backspace [1.99ms]
@aryee337/aery-tui test: (pass) Editor component > Unicode text editing behavior > navigates words correctly with Ctrl+Left/Right [5.49ms]
@aryee337/aery-tui test: (pass) Editor component > Grapheme-aware text wrapping > wraps lines correctly when text contains wide emojis [0.32ms]
@aryee337/aery-tui test: (pass) Editor component > Grapheme-aware text wrapping > wraps long text with emojis at correct positions [0.99ms]
@aryee337/aery-tui test: 
@aryee337/aery-tui test: test/tool-card.test.ts:
@aryee337/aery-tui test: (pass) ToolCard > title bar contains tool name [11.11ms]
@aryee337/aery-tui test: (pass) ToolCard > collapsed renders exactly 2 lines (title + bottom bar) [0.14ms]
@aryee337/aery-tui test: (pass) ToolCard > status icons match expected chars [0.23ms]
@aryee337/aery-tui test: (pass) ToolCard > setContent appears in expanded render [0.19ms]
@aryee337/aery-tui test: (pass) ToolCard > invalidate resets cache [0.15ms]
@aryee337/aery-tui test: 
@aryee337/aery-tui test: test/editor.test.ts:
@aryee337/aery-tui test: (pass) Editor component > Grapheme-aware text wrapping > wraps CJK characters correctly (each is 2 columns wide) [8.47ms]
@aryee337/aery-tui test: (pass) Editor component > Grapheme-aware text wrapping > handles mixed ASCII and wide characters in wrapping [0.70ms]
@aryee337/aery-tui test: (pass) Editor component > Grapheme-aware text wrapping > renders cursor correctly on wide characters [0.31ms]
@aryee337/aery-tui test: (pass) Editor component > Grapheme-aware text wrapping > shows cursor at end before wrap and wraps on next char [9.48ms]
@aryee337/aery-tui test: (pass) Editor component > Grapheme-aware text wrapping > keeps a persistent prompt gutter visible after typing in borderless mode [4.56ms]
@aryee337/aery-tui test: (pass) Editor component > Grapheme-aware text wrapping > pads wrapped borderless lines to the prompt gutter width [0.49ms]
@aryee337/aery-tui test: (pass) Editor component > Grapheme-aware text wrapping > keeps the prompt gutter visible when it consumes the full borderless width [2.22ms]
@aryee337/aery-tui test: (pass) Editor component > Grapheme-aware text wrapping > keeps cursor-following movement stable when the prompt gutter consumes the full borderless width [0.93ms]
@aryee337/aery-tui test: (pass) Editor component > Grapheme-aware text wrapping > keeps the prompt gutter visible at the borderless width limit [2.78ms]
@aryee337/aery-tui test: (pass) Editor component > Grapheme-aware text wrapping > keeps the prompt gutter visible on the first rendered row after scrolling [7.82ms]
@aryee337/aery-tui test: (pass) Editor component > Grapheme-aware text wrapping > keeps the prompt gutter visible when scrolling starts on a wrapped continuation chunk [4.32ms]
@aryee337/aery-tui test: (pass) Editor component > Grapheme-aware text wrapping > does not overflow width in borderless mode when the cursor reaches the line edge [2.77ms]
@aryee337/aery-tui test: (pass) Editor component > Grapheme-aware text wrapping > clamps the terminal cursor marker inside a full-width borderless row [0.53ms]
@aryee337/aery-tui test: (pass) Editor component > Grapheme-aware text wrapping > clamps the terminal cursor marker inside a full-width borderless prompt-gutter row [0.38ms]
@aryee337/aery-tui test: (pass) Editor component > Grapheme-aware text wrapping > does not overflow prompt-gutter wraps when a wide grapheme lands in a 1-column content area [0.59ms]
@aryee337/aery-tui test: (pass) Editor component > Grapheme-aware text wrapping > clamps terminal-cursor rows when a wide grapheme lands in a 1-column prompt-gutter content area [0.43ms]
@aryee337/aery-tui test: (pass) Editor component > Grapheme-aware text wrapping > keeps a visible cursor marker when a focused borderless line is full width [1.80ms]
@aryee337/aery-tui test: (pass) Editor component > Grapheme-aware text wrapping > preserves cursorOverride at the borderless width limit [3.46ms]
@aryee337/aery-tui test: (pass) Editor component > Grapheme-aware text wrapping > keeps the cursor marker at the full width when cursorOverride replaces a wide trailing glyph [4.59ms]
@aryee337/aery-tui test: (pass) Editor component > Grapheme-aware text wrapping > preserves visible trailing text when a wide cursorOverride cannot fit on a narrow borderless line [0.45ms]
@aryee337/aery-tui test: (pass) Editor component > Grapheme-aware text wrapping > keeps a visible fake cursor when the prompt gutter consumes the full borderless width [0.64ms]
@aryee337/aery-tui test: (pass) Editor component > Grapheme-aware text wrapping > renders a fitting cursorOverride after the prompt glyph in a zero-content prompt gutter row [0.39ms]
@aryee337/aery-tui test: (pass) Editor component > Grapheme-aware text wrapping > highlights the only visible prompt-gutter cell when the zero-content prompt gutter truncates to one visible cell [0.46ms]
@aryee337/aery-tui test: (pass) Editor component > Grapheme-aware text wrapping > preserves the prompt glyph when a wide cursorOverride hits the zero-content prompt gutter [0.40ms]
@aryee337/aery-tui test: (pass) Editor component > Grapheme-aware text wrapping > falls back to a visible cursor when a wide cursorOverride cannot fit on an empty narrow borderless line [2.29ms]
@aryee337/aery-tui test: (pass) Editor component > Grapheme-aware text wrapping > falls back to the built-in cursor when a wide trailing grapheme cannot fit on a narrow borderless line [0.51ms]
@aryee337/aery-tui test: (pass) Editor component > Grapheme-aware text wrapping > uses the full width in borderless mode when horizontal padding is zero [5.14ms]
@aryee337/aery-tui test: (pass) Editor component > Grapheme-aware text wrapping > does not exceed terminal width with emoji at wrap boundary [0.67ms]
@aryee337/aery-tui test: (pass) Editor component > Word wrapping > wraps at word boundaries instead of mid-word [2.09ms]
@aryee337/aery-tui test: (pass) Editor component > Word wrapping > does not start lines with leading whitespace after word wrap [1.71ms]
@aryee337/aery-tui test: (pass) Editor component > Word wrapping > breaks long words (URLs) at character level [0.80ms]
@aryee337/aery-tui test: (pass) Editor component > Word wrapping > uses remaining width before breaking a long token [0.93ms]
@aryee337/aery-tui test: (pass) Editor component > Word wrapping > uses remaining width before wrapping a short wide token (CJK) [0.62ms]
@aryee337/aery-tui test: (pass) Editor component > Word wrapping > wraps a longer friendly Chinese sentence without wasting remaining width [3.97ms]
@aryee337/aery-tui test: (pass) Editor component > Word wrapping > wraps Japanese kana/kanji without wasting remaining width [0.73ms]
@aryee337/aery-tui test: (pass) Editor component > Word wrapping > uses remaining width when wrapping an emoji token [0.65ms]
@aryee337/aery-tui test: (pass) Editor component > Word wrapping > does not split narrow non-ASCII words (German) [0.49ms]
@aryee337/aery-tui test: 
@aryee337/aery-tui test: test/issue-1682-repro.test.ts:
@aryee337/aery-tui test: (pass) issue #1682: TUI eager scrollback rebuild > defers on ED3-risk POSIX terminals and rebuilds at the checkpoint [404.71ms]
@aryee337/aery-tui test: 
@aryee337/aery-tui test: test/editor.test.ts:
@aryee337/aery-tui test: (pass) Editor component > Word wrapping > does not split narrow non-ASCII words (Russian) [6.87ms]
@aryee337/aery-tui test: (pass) Editor component > Word wrapping > uses remaining width for mixed wide and narrow graphemes in one token [0.51ms]
@aryee337/aery-tui test: (pass) Editor component > Word wrapping > preserves multiple spaces within words on same line [0.30ms]
@aryee337/aery-tui test: (pass) Editor component > Word wrapping > handles empty string [0.43ms]
@aryee337/aery-tui test: (pass) Editor component > Word wrapping > handles single word that fits exactly [0.66ms]
@aryee337/aery-tui test: (pass) Editor component > Word navigation (Option/Alt + Left/Right) > moves by CJK and punctuation blocks in Chinese [8.85ms]
@aryee337/aery-tui test: (pass) Editor component > Word navigation (Option/Alt + Left/Right) > moves by mixed kana/kanji blocks in Japanese [0.74ms]
@aryee337/aery-tui test: (pass) Editor component > Word navigation (Option/Alt + Left/Right) > moves by words and Unicode punctuation in Spanish [0.84ms]
@aryee337/aery-tui test: (pass) Editor component > Word navigation (Option/Alt + Left/Right) > treats NBSP as whitespace for word navigation [0.31ms]
@aryee337/aery-tui test: (pass) Editor component > Word navigation (Option/Alt + Left/Right) > keeps common joiners inside words [1.38ms]
@aryee337/aery-tui test: (pass) Editor component > Word navigation (Option/Alt + Left/Right) > recognizes Unicode quotes and dashes as delimiter blocks [0.55ms]
@aryee337/aery-tui test: (pass) Editor component > Word navigation (Option/Alt + Left/Right) > recognizes Russian quotes and dashes as delimiter blocks [0.47ms]
@aryee337/aery-tui test: (pass) Editor component > Sticky column > preserves target column when moving up through a shorter line [14.02ms]
@aryee337/aery-tui test: (pass) Editor component > Sticky column > preserves target column when moving down through a shorter line [13.97ms]
@aryee337/aery-tui test: (pass) Editor component > Sticky column > resets sticky column on horizontal movement (left arrow) [8.50ms]
@aryee337/aery-tui test: (pass) Editor component > Sticky column > resets sticky column on horizontal movement (right arrow) [1.12ms]
@aryee337/aery-tui test: (pass) Editor component > Sticky column > resets sticky column on typing [6.73ms]
@aryee337/aery-tui test: (pass) Editor component > Sticky column > resets sticky column on backspace [1.13ms]
@aryee337/aery-tui test: (pass) Editor component > Sticky column > resets sticky column on Ctrl+A (move to line start) [1.04ms]
@aryee337/aery-tui test: (pass) Editor component > Sticky column > resets sticky column on Ctrl+E (move to line end) [4.02ms]
@aryee337/aery-tui test: (pass) Editor component > Sticky column > resets sticky column on word movement (Ctrl+Left) [1.00ms]
@aryee337/aery-tui test: (pass) Editor component > Sticky column > resets sticky column on word movement (Ctrl+Right) [0.73ms]
@aryee337/aery-tui test: 
@aryee337/aery-tui test: test/overlay-scroll.test.ts:
@aryee337/aery-tui test: (pass) TUI overlays > does not scroll the terminal when an overlay is shown with a large historical working area [424.66ms]
@aryee337/aery-tui test: 
@aryee337/aery-tui test: test/editor.test.ts:
@aryee337/aery-tui test: (pass) Editor component > Sticky column > resets sticky column on undo [1.95ms]
@aryee337/aery-tui test: (pass) Editor component > Sticky column > uses the configured undo binding [0.50ms]
@aryee337/aery-tui test: (pass) Editor component > Sticky column > does not swallow keys rebound to copy [1.90ms]
@aryee337/aery-tui test: (pass) Editor component > Sticky column > undoes the last paste when a transient #undo trigger is executed [2.24ms]
@aryee337/aery-tui test: (pass) Editor component > Sticky column > removes a transient undo trigger even when there is no earlier edit to restore [0.69ms]
@aryee337/aery-tui test: (pass) Editor component > Sticky column > handles multiple consecutive up/down movements [1.24ms]
@aryee337/aery-tui test: (pass) Editor component > Sticky column > supports PageUp/PageDown for faster visual navigation [0.60ms]
@aryee337/aery-tui test: (pass) Editor component > Sticky column > moves correctly through wrapped visual lines without getting stuck [1.54ms]
@aryee337/aery-tui test: (pass) Editor component > Sticky column > handles setText resetting sticky column [0.98ms]
@aryee337/aery-tui test: (pass) Editor component > Sticky column > sets preferredVisualCol when pressing right at end of prompt (last line) [0.68ms]
@aryee337/aery-tui test: (pass) Editor component > Sticky column > handles editor resizes when preferredVisualCol is on the same line [2.36ms]
@aryee337/aery-tui test: (pass) Editor component > Sticky column > handles editor resizes when preferredVisualCol is on a different line [2.04ms]
@aryee337/aery-tui test: (pass) Editor component > Sticky column > expands large pasted content literally in getExpandedText [0.90ms]
@aryee337/aery-tui test: (pass) Editor component > Sticky column > submits large pasted content literally [0.79ms]
@aryee337/aery-tui test: (pass) Editor component > Korean NFC paste normalization > normalizes NFD Korean bracketed-paste to NFC [0.75ms]
@aryee337/aery-tui test: (pass) Editor component > Korean NFC paste normalization > renders pasted Korean path as precomposed syllables, not NFD jamo [0.62ms]
@aryee337/aery-tui test: 
@aryee337/aery-tui test: test/issue-1682-repro.test.ts:
@aryee337/aery-tui test: (pass) issue #1682: TUI eager scrollback rebuild > keeps eager live rebuilds for other POSIX terminals [111.61ms]
@aryee337/aery-tui test: 
@aryee337/aery-tui test: test/truncate-to-width.test.ts:
@aryee337/aery-tui test: (pass) truncateToWidth > keeps output within width for very large unicode input [8.18ms]
@aryee337/aery-tui test: 
@aryee337/aery-tui test: test/issue-1682-repro.test.ts:
@aryee337/aery-tui test: (pass) issue #1682: TUI eager scrollback rebuild > still honors explicit user-input opt-ins on ED3-risk POSIX terminals [80.35ms]
@aryee337/aery-tui test: 
@aryee337/aery-tui test: test/overlay-scroll.test.ts:
@aryee337/aery-tui test: (pass) TUI overlays > preserves preexisting terminal scrollback on startup resize redraw [127.66ms]
@aryee337/aery-tui test: 
@aryee337/aery-tui test: test/truncate-to-width.test.ts:
@aryee337/aery-tui test: (pass) truncateToWidth > preserves ANSI styling for kept text [28.12ms]
@aryee337/aery-tui test: (pass) truncateToWidth > handles malformed ANSI escape prefixes without hanging [0.29ms]
@aryee337/aery-tui test: (pass) truncateToWidth > returns the original text when it already fits [0.09ms]
@aryee337/aery-tui test: (pass) truncateToWidth > pads truncated output to requested width [0.13ms]
@aryee337/aery-tui test: (pass) truncateToWidth > adds a trailing reset when truncating without an ellipsis [0.12ms]
@aryee337/aery-tui test: (pass) visibleWidth > counts tabs inline and skips ANSI inline [4.13ms]
@aryee337/aery-tui test: 
@aryee337/aery-tui test: test/flexbox.test.ts:
@aryee337/aery-tui test: (pass) FlexBox > row: splits width proportionally by grow [0.96ms]
@aryee337/aery-tui test: 
@aryee337/aery-tui test: test/overlay-scroll.test.ts:
@aryee337/aery-tui test: (pass) TUI overlays > clears stale viewport content on launch without clearing shell scrollback [101.64ms]
@aryee337/aery-tui test: 
@aryee337/aery-tui test: test/flexbox.test.ts:
@aryee337/aery-tui test: (pass) FlexBox > row: respects fixed width [3.51ms]
@aryee337/aery-tui test: (pass) FlexBox > row: gap adds space between columns [0.18ms]
@aryee337/aery-tui test: (pass) FlexBox > column: stacks children vertically [0.26ms]
@aryee337/aery-tui test: (pass) FlexBox > row: zips unequal-height children with empty fill [0.19ms]
@aryee337/aery-tui test: (pass) FlexBox > invalidate propagates to children [0.23ms]
@aryee337/aery-ai test: 
@aryee337/aery-ai test: test/anthropic-fast-mode.test.ts:
@aryee337/aery-ai test: (pass) Anthropic priority service tier → speed='fast' > sets speed='fast' for Claude Opus 4.7 when serviceTier='priority' [90.37ms]
@aryee337/aery-ai test: (pass) Anthropic priority service tier → speed='fast' > sets speed='fast' for Claude Opus 4.6 when serviceTier='priority' [8.03ms]
@aryee337/aery-ai test: (pass) Anthropic priority service tier → speed='fast' > forwards speed='fast' for any model — server decides what's supported [1.34ms]
@aryee337/aery-ai test: (pass) Anthropic priority service tier → speed='fast' > omits speed when serviceTier is unset [6.05ms]
@aryee337/aery-ai test: 
@aryee337/aery-ai test: test/issue-772-repro.test.ts:
@aryee337/aery-ai test: (pass) issue-772: Xiaomi MiMo token-plan (tp-) keys > loginXiaomi validates tp- keys against the SGP token-plan host first [1.63ms]
@aryee337/aery-ai test: 
@aryee337/aery-ai test: test/anthropic-fast-mode.test.ts:
@aryee337/aery-ai test: (pass) Anthropic priority service tier → speed='fast' > omits speed for non-priority tiers (`flex`, `scale`, `auto`, `default`) [14.44ms]
@aryee337/aery-ai test: (pass) Anthropic priority service tier → speed='fast' > sets speed='fast' on direct anthropic when serviceTier='claude-only' [3.93ms]
@aryee337/aery-ai test: (pass) Anthropic priority service tier → speed='fast' > omits speed when serviceTier='openai-only' on an anthropic model [0.81ms]
@aryee337/aery-ai test: (pass) clearAnthropicFastModeFallback > is a no-op when no provider session state map is passed [0.19ms]
@aryee337/aery-ai test: (pass) clearAnthropicFastModeFallback > is a no-op when the anthropic state entry hasn't been materialized [0.05ms]
@aryee337/aery-ai test: (pass) clearAnthropicFastModeFallback > flips fastModeDisabled back to false without touching unrelated flags [0.13ms]
@aryee337/aery-ai test: (pass) isAnthropicFastModeUnsupportedError > detects 400 invalid_request_error when the model rejects `speed` [0.18ms]
@aryee337/aery-ai test: (pass) isAnthropicFastModeUnsupportedError > detects 429 rate_limit_error when fast mode requires extra usage [0.08ms]
@aryee337/aery-ai test: (pass) isAnthropicFastModeUnsupportedError > ignores unrelated 429 rate limits [0.05ms]
@aryee337/aery-ai test: (pass) isAnthropicFastModeUnsupportedError > ignores unrelated 400 invalid_request errors [0.05ms]
@aryee337/aery-ai test: 
@aryee337/aery-ai test: test/aws-credentials.test.ts:
@aryee337/aery-ai test: (pass) tokenizeCredentialProcessCommand > splits on whitespace [0.25ms]
@aryee337/aery-ai test: (pass) tokenizeCredentialProcessCommand > collapses runs of whitespace [0.06ms]
@aryee337/aery-ai test: (pass) tokenizeCredentialProcessCommand > double quotes preserve Windows backslashes [0.06ms]
@aryee337/aery-ai test: (pass) tokenizeCredentialProcessCommand > double quotes still escape $ ` " and \ [0.05ms]
@aryee337/aery-ai test: (pass) tokenizeCredentialProcessCommand > single quotes are fully literal [0.05ms]
@aryee337/aery-ai test: (pass) tokenizeCredentialProcessCommand > backslash outside quotes escapes the next character [6.62ms]
@aryee337/aery-ai test: (pass) tokenizeCredentialProcessCommand > rejects unterminated quotes [0.35ms]
@aryee337/aery-ai test: (pass) tokenizeCredentialProcessCommand > empty input yields no tokens [0.07ms]
@aryee337/aery-ai test: 
@aryee337/aery-ai test: test/issue-772-repro.test.ts:
@aryee337/aery-ai test: (pass) issue-772: Xiaomi MiMo token-plan (tp-) keys > xiaomiModelManagerOptions discovers models from the SGP token-plan host when given a tp- key [31.29ms]
@aryee337/aery-ai test: (pass) issue-772: Xiaomi MiMo token-plan (tp-) keys > xiaomiModelManagerOptions still uses the standard host for sk- keys [0.56ms]
@aryee337/aery-tui test: 
@aryee337/aery-tui test: test/overlay-scroll.test.ts:
@aryee337/aery-tui test: (pass) TUI overlays > preserves rendered scrollback on forced redraw after startup [130.20ms]
@aryee337/aery-tui test: 
@aryee337/aery-tui test: test/image-render.test.ts:
@aryee337/aery-tui test: (pass) terminal image rendering > fits Kitty images within max width and max height while preserving aspect ratio [1.98ms]
@aryee337/aery-tui test: (pass) terminal image rendering > uses intrinsic image size when no bounds are provided [0.29ms]
@aryee337/aery-tui test: (pass) terminal image rendering > reduces iTerm2 width when max height is the limiting bound [0.58ms]
@aryee337/aery-tui test: 
@aryee337/aery-tui test: test/issue-848-repro.test.ts:
@aryee337/aery-tui test: (pass) issue #848: truncateToWidth wrapper rejects nullish napi inputs > returns a string when ellipsisKind / pad are null [0.29ms]
@aryee337/aery-tui test: (pass) issue #848: truncateToWidth wrapper rejects nullish napi inputs > maps a legacy empty-string ellipsis argument to omit ellipsis [0.08ms]
@aryee337/aery-tui test: (pass) issue #848: truncateToWidth wrapper rejects nullish napi inputs > returns a string when ellipsisKind / pad are undefined [0.07ms]
@aryee337/aery-tui test: (pass) issue #848: truncateToWidth wrapper rejects nullish napi inputs > does not throw a napi conversion error when maxWidth is null [0.06ms]
@aryee337/aery-tui test: (pass) issue #848: truncateToWidth wrapper rejects nullish napi inputs > does not throw a napi conversion error when maxWidth is undefined [0.07ms]
@aryee337/aery-tui test: 
@aryee337/aery-tui test: test/overlay-scroll.test.ts:
@aryee337/aery-tui test: (pass) TUI overlays > clears rendered scrollback when forced redraw replaces terminal history [79.77ms]
@aryee337/aery-tui test: 
@aryee337/aery-tui test: test/truncated-text.test.ts:
@aryee337/aery-tui test: (pass) TruncatedText component > applies horizontal padding without trailing spaces [7.79ms]
@aryee337/aery-tui test: (pass) TruncatedText component > pads output with vertical padding lines to width [2.36ms]
@aryee337/aery-tui test: (pass) TruncatedText component > truncates long text with ellipsis [1.46ms]
@aryee337/aery-tui test: 
@aryee337/aery-tui test: test/image-render.test.ts:
@aryee337/aery-tui test: (pass) terminal image rendering > encodes SIXEL output when protocol is SIXEL [38.52ms]
@aryee337/aery-tui test: 
@aryee337/aery-tui test: test/truncated-text.test.ts:
@aryee337/aery-tui test: (pass) TruncatedText component > preserves ANSI codes in output [6.08ms]
@aryee337/aery-tui test: (pass) TruncatedText component > truncates styled text and adds reset code before ellipsis [3.42ms]
@aryee337/aery-tui test: (pass) TruncatedText component > handles text that fits without truncation [0.25ms]
@aryee337/aery-tui test: (pass) TruncatedText component > handles empty text [0.10ms]
@aryee337/aery-tui test: (pass) TruncatedText component > stops at newline and only shows first line [0.24ms]
@aryee337/aery-tui test: (pass) TruncatedText component > truncates first line even with newlines in text [2.83ms]
@aryee337/aery-tui test: 
@aryee337/aery-tui test: test/image-render.test.ts:
@aryee337/aery-tui test: (pass) terminal image rendering > Image component forwards maxHeightCells to terminal rendering [9.74ms]
@aryee337/aery-tui test: (pass) Windows Terminal Preview SIXEL detection > requires Windows platform, WT session, and known version 1.22+ [1.08ms]
@aryee337/aery-ai test: 
@aryee337/aery-ai test: test/openai-responses-system-prompt.test.ts:
@aryee337/aery-ai test: (pass) openai-responses system prompt routing > non-reasoning model (canonical instructions field) > sends single system prompt as top-level instructions [330.32ms]
@aryee337/aery-ai test: (pass) openai-responses system prompt routing > non-reasoning model (canonical instructions field) > joins multiple system prompts into a single instructions string [18.12ms]
@aryee337/aery-ai test: (pass) openai-responses system prompt routing > non-reasoning model (canonical instructions field) > omits instructions field when there is no system prompt [6.58ms]
@aryee337/aery-tui test: 
@aryee337/aery-tui test: test/overlay-scroll.test.ts:
@aryee337/aery-tui test: (pass) TUI overlays > preserves multiplexer scrollback when replacing terminal history [76.34ms]
@aryee337/aery-tui test: 
@aryee337/aery-tui test: test/issue-879-repro.test.ts:
@aryee337/aery-tui test: (pass) issue #879: legacy Alt+Shift+letter parsing > matchesKey accepts ESC+UPPERCASE as alt+shift+<letter> in legacy mode [14.96ms]
@aryee337/aery-tui test: (pass) issue #879: legacy Alt+Shift+letter parsing > parseKey reports alt+shift+<letter> for ESC+UPPERCASE in legacy mode [0.12ms]
@aryee337/aery-ai test: 
@aryee337/aery-ai test: test/aws-credentials.test.ts:
@aryee337/aery-ai test: (pass) resolveAwsCredentials credential_process > parses a Version 1 envelope and honors Expiration [243.49ms]
@aryee337/aery-ai test: 
@aryee337/aery-ai test: test/openai-responses-system-prompt.test.ts:
@aryee337/aery-ai test: (pass) openai-responses system prompt routing > non-reasoning model (canonical instructions field) > uses instructions for custom proxy base URL (third-party /v1/responses compatibility) [126.84ms]
@aryee337/aery-tui test: 
@aryee337/aery-tui test: test/keybindings.test.ts:
@aryee337/aery-tui test: (pass) KeybindingsManager > does not evict selector confirm when input submit is rebound [6.15ms]
@aryee337/aery-tui test: (pass) KeybindingsManager > does not evict cursor bindings when another action reuses the same key [0.22ms]
@aryee337/aery-tui test: (pass) KeybindingsManager > still reports direct user binding conflicts without evicting defaults [0.36ms]
@aryee337/aery-ai test: (pass) openai-responses system prompt routing > reasoning model on known OpenAI endpoints (developer role) > sends all system prompts as input[role=developer] for api.openai.com [16.56ms]
@aryee337/aery-tui test: 
@aryee337/aery-tui test: test/overlay-scroll.test.ts:
@aryee337/aery-tui test: (pass) TUI overlays > keeps hidden tmux overlays out of the viewport while preserving pane history [145.61ms]
@aryee337/aery-ai test: (pass) openai-responses system prompt routing > reasoning model on known OpenAI endpoints (developer role) > sends multiple system prompts as input[role=developer] for api.openai.com [17.47ms]
@aryee337/aery-ai test: (pass) openai-responses system prompt routing > reasoning model on custom proxy (instructions path) > uses instructions for reasoning model on non-official endpoint [8.81ms]
@aryee337/aery-tui test: 
@aryee337/aery-tui test: test/keys.test.ts:
@aryee337/aery-tui test: (pass) matchesKey > matches ctrl+letter sequences [1.96ms]
@aryee337/aery-tui test: (pass) matchesKey > matches shifted tab [0.11ms]
@aryee337/aery-tui test: (pass) matchesKey > matches pageUp legacy sequence with mixed case keyId [0.05ms]
@aryee337/aery-tui test: (pass) matchesKey > matches legacy Alt+letter pairs in enhanced keyboard mixed mode [0.13ms]
@aryee337/aery-tui test: (pass) matchesKey > should prefer codepoint for Latin letters even when base layout differs [0.06ms]
@aryee337/aery-tui test: (pass) matchesKey > should prefer codepoint for symbol keys even when base layout differs [0.05ms]
@aryee337/aery-tui test: (pass) matchesKey > ignores Kitty release events while still matching repeats [0.06ms]
@aryee337/aery-tui test: (pass) matchesKey > keeps NumLock keypad digits as text instead of navigation keys [0.05ms]
@aryee337/aery-tui test: (pass) matchesKey > matches keypad operators as their printable symbols [0.06ms]
@aryee337/aery-tui test: (pass) matchesKey > preserves keypad navigation matches when NumLock is on but modifiers are held [0.04ms]
@aryee337/aery-tui test: (pass) parseKey > parses legacy Alt+letter pairs in enhanced keyboard mixed mode [0.07ms]
@aryee337/aery-tui test: (pass) parseKey > should prefer codepoint for Latin letters when base layout differs [0.04ms]
@aryee337/aery-tui test: (pass) parseKey > ignores Kitty release events while still parsing repeats [0.07ms]
@aryee337/aery-tui test: (pass) parseKey > should prefer codepoint for symbol keys when base layout differs [0.04ms]
@aryee337/aery-tui test: (pass) parseKey > parses NumLock keypad digits as digits [0.04ms]
@aryee337/aery-tui test: (pass) parseKey > parses keypad operators as printable keys [0.04ms]
@aryee337/aery-tui test: (pass) parseKey > parses modified NumLock keypad navigation keys consistently [0.04ms]
@aryee337/aery-tui test: (pass) parseKey > ignores Kitty sequences with unsupported modifiers [0.07ms]
@aryee337/aery-tui test: (pass) extractPrintableText > extracts NumLock keypad digits from Kitty CSI-u sequences [0.51ms]
@aryee337/aery-tui test: (pass) extractPrintableText > extracts keypad operators from Kitty CSI-u sequences [0.10ms]
@aryee337/aery-tui test: (pass) extractPrintableText > does not treat modified NumLock keypad navigation keys as text [0.34ms]
@aryee337/aery-tui test: (pass) extractPrintableText > ignores unsupported modifiers on Kitty CSI-u text [0.08ms]
@aryee337/aery-tui test: (pass) extractPrintableText > preserves Kitty CSI-u text-field decoding for supported modifiers [0.19ms]
@aryee337/aery-tui test: 
@aryee337/aery-tui test: test/ime-jamo-cursor.test.ts:
@aryee337/aery-tui test: (pass) Input cursor column does not grow at 2× per jamo > ASCII baseline: cursor lands exactly after the typed text [4.05ms]
@aryee337/aery-tui test: (pass) Input cursor column does not grow at 2× per jamo > Hangul syllables: cursor lands exactly after typed text (2 cells each) [0.44ms]
@aryee337/aery-tui test: (skip) Input cursor column does not grow at 2× per jamo > single jamo: cursor column is at most `PROMPT_WIDTH + 1`
@aryee337/aery-tui test: (skip) Input cursor column does not grow at 2× per jamo > 8 consecutive jamo: cursor column is at most `PROMPT_WIDTH + 8`
@aryee337/aery-tui test: (skip) Input cursor column does not grow at 2× per jamo > 20 consecutive jamo: cursor column is at most `PROMPT_WIDTH + 20`
@aryee337/aery-tui test: (skip) Input cursor column does not grow at 2× per jamo > cursor column grows by ≤1 per typed jamo (not 2)
@aryee337/aery-ai test: 
@aryee337/aery-ai test: test/aws-credentials.test.ts:
@aryee337/aery-ai test: (pass) resolveAwsCredentials credential_process > caches by profile so the helper is only invoked once [227.99ms]
@aryee337/aery-tui test: 
@aryee337/aery-tui test: test/visible-width-jamo.test.ts:
@aryee337/aery-tui test: (pass) visibleWidth — Hangul Compatibility Jamo correction > single compatibility jamo is 1 cell on darwin, 2 elsewhere [0.14ms]
@aryee337/aery-tui test: (pass) visibleWidth — Hangul Compatibility Jamo correction > range edges U+3131 and U+318E follow platform width [0.06ms]
@aryee337/aery-tui test: (pass) visibleWidth — Hangul Compatibility Jamo correction > U+3164 HANGUL FILLER (inside the corrected range) follows platform width [0.07ms]
@aryee337/aery-tui test: (pass) visibleWidth — Hangul Compatibility Jamo correction > string of 8 consecutive jamo is 8 cells on darwin, 16 elsewhere [0.06ms]
@aryee337/aery-tui test: (pass) visibleWidth — Hangul Compatibility Jamo correction > Hangul Syllables (U+AC00..U+D7A3) stay at 2 cells [0.08ms]
@aryee337/aery-tui test: (pass) visibleWidth — Hangul Compatibility Jamo correction > mixed ASCII + syllable + jamo strings add correctly [0.07ms]
@aryee337/aery-tui test: (pass) visibleWidth — Hangul Compatibility Jamo correction > does not regress ASCII fast path or empty input [0.07ms]
@aryee337/aery-tui test: (pass) visibleWidth — Hangul Compatibility Jamo correction > does not change width for other CJK characters [0.06ms]
@aryee337/aery-tui test: (pass) visibleWidth — Hangul Compatibility Jamo correction > Halfwidth Hangul block is unaffected (already Narrow in Bun) [0.07ms]
@aryee337/aery-tui test: (pass) native text helpers — Hangul Compatibility Jamo correction > sliceWithWidth treats jamo per platform width [0.10ms]
@aryee337/aery-tui test: (pass) native text helpers — Hangul Compatibility Jamo correction > truncateToWidth keeps 8 jamo within their platform budget [0.16ms]
@aryee337/aery-tui test: (pass) native text helpers — Hangul Compatibility Jamo correction > native and TS visibleWidth agree on a jamo run [0.09ms]
@aryee337/aery-tui test: 
@aryee337/aery-tui test: test/overlay-scroll.test.ts:
@aryee337/aery-tui test: (pass) TUI overlays > does not duplicate transcript into scrollback on repeated forced redraws [223.16ms]
@aryee337/aery-ai test: (pass) resolveAwsCredentials credential_process > rejects unsupported envelope versions [118.61ms]
@aryee337/aery-tui test: 
@aryee337/aery-tui test: test/loader.test.ts:
@aryee337/aery-tui test: (pass) Loader component > clamps rendered lines to terminal width [86.91ms]
@aryee337/aery-tui test: 
@aryee337/aery-tui test: test/overlay-scroll.test.ts:
@aryee337/aery-tui test: (pass) TUI overlays > fully redraws on height increase to avoid stale viewport rows [197.65ms]
@aryee337/aery-tui test: 
@aryee337/aery-tui test: test/wrap-ansi.test.ts:
@aryee337/aery-tui test: (pass) wrapTextWithAnsi > underline styling > should not apply underline style before the styled text [0.75ms]
@aryee337/aery-tui test: (pass) wrapTextWithAnsi > underline styling > should not have whitespace before underline reset code [5.51ms]
@aryee337/aery-tui test: (pass) wrapTextWithAnsi > underline styling > should not bleed underline to padding - each line should end with reset for underline only [0.93ms]
@aryee337/aery-tui test: (pass) wrapTextWithAnsi > background color preservation > should preserve background color across wrapped lines without full reset [5.66ms]
@aryee337/aery-tui test: (pass) wrapTextWithAnsi > background color preservation > should reset underline but preserve background when wrapping underlined text inside background [0.28ms]
@aryee337/aery-tui test: (pass) wrapTextWithAnsi > strikethrough styling > disables strikethrough at wrapped line ends while preserving fg/bg colors [0.18ms]
@aryee337/aery-tui test: (pass) wrapTextWithAnsi > basic wrapping > should wrap plain text correctly [13.36ms]
@aryee337/aery-tui test: (pass) wrapTextWithAnsi > basic wrapping > should truncate trailing whitespace that exceeds width [0.19ms]
@aryee337/aery-tui test: (pass) wrapTextWithAnsi > basic wrapping > should preserve color codes across wraps [3.26ms]
@aryee337/aery-ai test: 
@aryee337/aery-ai test: test/issue-814-repro.test.ts:
@aryee337/aery-ai test: (pass) issue #814: z.ai tool_result id workaround > includes `id` aliased to `tool_use_id` on tool_result blocks for z.ai [26.65ms]
@aryee337/aery-ai test: 
@aryee337/aery-ai test: test/aws-credentials.test.ts:
@aryee337/aery-ai test: (pass) resolveAwsCredentials credential_process > surfaces stderr on non-zero exit [289.75ms]
@aryee337/aery-ai test: 
@aryee337/aery-ai test: test/issue-814-repro.test.ts:
@aryee337/aery-ai test: (pass) issue #814: z.ai tool_result id workaround > does not include `id` on tool_result blocks for api.anthropic.com [28.87ms]
@aryee337/aery-ai test: 
@aryee337/aery-ai test: test/aws-credentials.test.ts:
@aryee337/aery-ai test: (pass) resolveAwsCredentials credential_process > aborts a long-running helper when the caller's signal fires [73.61ms]
@aryee337/aery-tui test: 
@aryee337/aery-tui test: test/input.test.ts:
@aryee337/aery-tui test: (pass) Input component > moves by CJK and punctuation blocks (backward) [2.91ms]
@aryee337/aery-tui test: (pass) Input component > moves by CJK and punctuation blocks (forward) [0.61ms]
@aryee337/aery-tui test: (pass) Input component > treats NBSP as whitespace for word navigation [0.40ms]
@aryee337/aery-tui test: (pass) Input component > keeps common joiners inside words [0.96ms]
@aryee337/aery-tui test: (pass) Input component > recognizes Unicode punctuation as delimiter blocks [0.67ms]
@aryee337/aery-tui test: (pass) Input component > does not delete twice when Kitty sends backspace press and release [8.12ms]
@aryee337/aery-tui test: (pass) Input component > inserts NumLock keypad digits from Kitty CSI-u input [0.44ms]
@aryee337/aery-ai test: 
@aryee337/aery-ai test: test/aws-eventstream.test.ts:
@aryee337/aery-ai test: (pass) aws-eventstream > CRC32 matches known vectors [0.24ms]
@aryee337/aery-tui test: (pass) Input component > inserts keypad operators from Kitty CSI-u input [35.87ms]
@aryee337/aery-tui test: (pass) Input component > normalizes tabs in buffered bracketed paste using configured indentation [0.54ms]
@aryee337/aery-tui test: (pass) Input component > never renders a line wider than the terminal width (wide chars) [0.62ms]
@aryee337/aery-tui test: (pass) Input component > normalizes NFD Korean pastes (macOS Finder drag-drop) to NFC [0.20ms]
@aryee337/aery-tui test: (pass) Input component > NFC paste: cursor column matches visible cells (no displacement) [0.26ms]
@aryee337/aery-ai test: (pass) aws-eventstream > decodes a single full-message frame [14.95ms]
@aryee337/aery-ai test: (pass) aws-eventstream > stitches a frame split across two chunks [9.71ms]
@aryee337/aery-ai test: (pass) aws-eventstream > decodes multiple messages packed into one chunk [1.11ms]
@aryee337/aery-ai test: (pass) aws-eventstream > surfaces exception event headers and payload [2.90ms]
@aryee337/aery-ai test: (pass) aws-eventstream > throws on prelude CRC mismatch [5.91ms]
@aryee337/aery-ai test: (pass) aws-eventstream > throws on message CRC mismatch [0.30ms]
@aryee337/aery-ai test: 
@aryee337/aery-ai test: test/aws-sigv4.test.ts:
@aryee337/aery-ai test: (pass) aws-sigv4 helpers > formatAmzDate [0.20ms]
@aryee337/aery-ai test: (pass) aws-sigv4 helpers > derived signing key matches spec sample [7.92ms]
@aryee337/aery-ai test: (pass) aws-sigv4 signRequest > GET with empty body matches @smithy/signature-v4 reference [2.18ms]
@aryee337/aery-ai test: (pass) aws-sigv4 signRequest > POST with JSON body matches @smithy/signature-v4 reference [1.09ms]
@aryee337/aery-ai test: (pass) aws-sigv4 signRequest > session token is included when credentials carry one [1.64ms]
@aryee337/aery-tui test: 
@aryee337/aery-tui test: test/markdown.test.ts:
@aryee337/aery-tui test: (pass) renderInlineMarkdown > preserves ordered list items as visible inline text [54.01ms]
@aryee337/aery-tui test: (pass) renderInlineMarkdown > returns empty string for undefined input (streaming guard) [0.08ms]
@aryee337/aery-tui test: (pass) renderInlineMarkdown > applies baseColor to fallback for non-string input [0.61ms]
@aryee337/aery-tui test: (pass) Markdown component > Nested lists > should render simple nested list [13.26ms]
@aryee337/aery-tui test: (pass) Markdown component > Nested lists > should render deeply nested list [2.85ms]
@aryee337/aery-tui test: (pass) Markdown component > Nested lists > should render ordered nested list [4.46ms]
@aryee337/aery-tui test: (pass) Markdown component > Nested lists > should render mixed ordered and unordered nested lists [1.43ms]
@aryee337/aery-tui test: 
@aryee337/aery-tui test: test/settings-list.test.ts:
@aryee337/aery-tui test: (pass) SettingsList > cycles the selected value when Enter arrives as LF [10.46ms]
@aryee337/aery-tui test: (pass) SettingsList > passes changed state to item label and value renderers [5.70ms]
@aryee337/aery-tui test: 
@aryee337/aery-tui test: test/markdown.test.ts:
@aryee337/aery-tui test: (pass) Markdown component > Nested lists > should maintain numbering when code blocks are not indented (LLM output) [2.23ms]
@aryee337/aery-tui test: (pass) Markdown component > Tables > should render simple table [7.92ms]
@aryee337/aery-tui test: (pass) Markdown component > Tables > should render row dividers between data rows [0.44ms]
@aryee337/aery-tui test: (pass) Markdown component > Tables > should keep column width at least the longest word [5.24ms]
@aryee337/aery-tui test: (pass) Markdown component > Tables > should render table with alignment [4.92ms]
@aryee337/aery-tui test: (pass) Markdown component > Tables > should handle tables with varying column widths [1.35ms]
@aryee337/aery-tui test: (pass) Markdown component > Tables > should wrap table cells when table exceeds available width [1.89ms]
@aryee337/aery-tui test: (pass) Markdown component > Tables > should wrap long cell content to multiple lines [4.00ms]
@aryee337/aery-ai test: 
@aryee337/aery-ai test: test/openai-tool-strict-mode.test.ts:
@aryee337/aery-ai test: (pass) OpenAI tool strict mode > sends strict=true for openai-completions tool schemas [149.30ms]
@aryee337/aery-tui test: (pass) Markdown component > Tables > should wrap long unbroken tokens inside table cells (not only at line start) [4.71ms]
@aryee337/aery-tui test: (pass) Markdown component > Tables > should wrap styled inline code inside table cells without breaking borders [2.38ms]
@aryee337/aery-tui test: (pass) Markdown component > Tables > should handle extremely narrow width gracefully [0.82ms]
@aryee337/aery-tui test: (pass) Markdown component > Tables > should render table correctly when it fits naturally [0.91ms]
@aryee337/aery-tui test: (pass) Markdown component > Tables > should respect paddingX when calculating table width [4.38ms]
@aryee337/aery-tui test: (pass) Markdown component > Tables > should not add a trailing blank line when table is the last rendered block [11.98ms]
@aryee337/aery-tui test: (pass) Markdown component > Combined features > should render lists and tables together [2.18ms]
@aryee337/aery-ai test: (pass) OpenAI tool strict mode > omits strict for openai-completions when compatibility disables strict mode [27.72ms]
@aryee337/aery-ai test: (pass) OpenAI tool strict mode > keeps loose yield schemas non-strict for openai-completions [3.98ms]
@aryee337/aery-tui test: (pass) Markdown component > Pre-styled text (thinking traces) > should preserve gray italic styling after inline code [4.08ms]
@aryee337/aery-tui test: (pass) Markdown component > Pre-styled text (thinking traces) > should preserve gray italic styling after bold text [5.22ms]
@aryee337/aery-ai test: (pass) OpenAI tool strict mode > sends strict=true for openai-completions tool schemas on GitHub Copilot [14.69ms]
@aryee337/aery-ai test: (pass) OpenAI tool strict mode > sends strict=true for openai-completions tool schemas on OpenRouter [13.54ms]
@aryee337/aery-ai test: (pass) OpenAI tool strict mode > omits stream_options usage requests for Cerebras chat completions [1.18ms]
@aryee337/aery-tui test: (pass) Markdown component > Pre-styled text (thinking traces) > should not leak styles into following lines when rendered in TUI [26.54ms]
@aryee337/aery-ai test: (pass) OpenAI tool strict mode > uses uniformly non-strict tool schemas when provider requires all-or-none strictness [13.40ms]
@aryee337/aery-tui test: (pass) Markdown component > Spacing after code blocks > should have only one blank line between code block and following paragraph [12.22ms]
@aryee337/aery-tui test: (pass) Markdown component > Spacing after code blocks > should normalize paragraph and code block spacing to one blank line [4.10ms]
@aryee337/aery-ai test: (pass) OpenAI tool strict mode > surfaces captured JSON error bodies when the SDK reports no body [10.36ms]
@aryee337/aery-tui test: (pass) Markdown component > Spacing after code blocks > should not add a trailing blank line when code block is the last rendered block [1.35ms]
@aryee337/aery-tui test: (pass) Markdown component > Mermaid fenced blocks > renders resolver ASCII only when the mermaid source matches [0.68ms]
@aryee337/aery-tui test: (pass) Markdown component > Mermaid fenced blocks > falls back to the original fenced code block when mermaid resolution returns null [0.34ms]
@aryee337/aery-tui test: (pass) Markdown component > Spacing after dividers > should have only one blank line between divider and following paragraph [1.06ms]
@aryee337/aery-tui test: (pass) Markdown component > Spacing after dividers > should not add a trailing blank line when divider is the last rendered block [0.46ms]
@aryee337/aery-tui test: (pass) Markdown component > Spacing after headings > should have only one blank line between heading and following paragraph [1.64ms]
@aryee337/aery-tui test: (pass) Markdown component > Spacing after headings > should not add a trailing blank line when heading is the last rendered block [2.66ms]
@aryee337/aery-tui test: (pass) Markdown component > Spacing after blockquotes > should have only one blank line between blockquote and following paragraph [7.06ms]
@aryee337/aery-tui test: (pass) Markdown component > Spacing after blockquotes > should not add a trailing blank line when blockquote is the last rendered block [0.80ms]
@aryee337/aery-tui test: (pass) Markdown component > Blockquotes with multiline content > should apply consistent styling to all lines in lazy continuation blockquote [3.14ms]
@aryee337/aery-tui test: (pass) Markdown component > Blockquotes with multiline content > should apply consistent styling to explicit multiline blockquote [2.05ms]
@aryee337/aery-tui test: (pass) Markdown component > Blockquotes with multiline content > should wrap long blockquote lines and add border to each wrapped line [1.01ms]
@aryee337/aery-tui test: (pass) Markdown component > Blockquotes with multiline content > should properly indent wrapped blockquote lines with styling [0.84ms]
@aryee337/aery-tui test: (pass) Markdown component > Blockquotes with multiline content > should render inline formatting inside blockquotes and reapply quote styling after [0.99ms]
@aryee337/aery-tui test: (pass) Markdown component > Blockquotes with multiline content > should render list content inside blockquotes [0.92ms]
@aryee337/aery-ai test: (pass) OpenAI tool strict mode > retries with non-strict tool schemas after strict-mode request errors [30.59ms]
@aryee337/aery-tui test: (pass) Markdown component > Blockquotes with multiline content > should render table content inside blockquotes [2.71ms]
@aryee337/aery-tui test: (pass) Markdown component > Blockquotes with multiline content > should render fenced code blocks inside blockquotes without applying default text color [4.48ms]
@aryee337/aery-tui test: (pass) Markdown component > Links > should not duplicate URL for autolinked emails [7.61ms]
@aryee337/aery-tui test: (pass) Markdown component > Links > should not duplicate URL for bare URLs [4.20ms]
@aryee337/aery-tui test: (pass) Markdown component > Links > should emit OSC 8 hyperlink sequences for bare URLs [3.24ms]
@aryee337/aery-tui test: (pass) Markdown component > Links > should keep wrapped URLs inside a single OSC 8 hyperlink span [5.78ms]
@aryee337/aery-tui test: (pass) Markdown component > Links > should show URL for explicit markdown links with different text [1.05ms]
@aryee337/aery-tui test: (pass) Markdown component > Links > should show URL for explicit mailto links with different text [0.57ms]
@aryee337/aery-tui test: (pass) Markdown component > HTML-like tags in text > should render content with HTML-like tags as text [0.90ms]
@aryee337/aery-tui test: (pass) Markdown component > HTML-like tags in text > should render HTML tags in code blocks correctly [3.50ms]
@aryee337/aery-tui test: (pass) Inline color swatches > paints a colored swatch before a bare hex color in prose [1.35ms]
@aryee337/aery-tui test: 
@aryee337/aery-tui test: test/overlay-scroll.test.ts:
@aryee337/aery-tui test: (pass) TUI overlays > keeps single viewport copy under simultaneous height and content changes [592.89ms]
@aryee337/aery-tui test: 
@aryee337/aery-tui test: test/markdown.test.ts:
@aryee337/aery-tui test: (pass) Inline color swatches > paints a swatch before a backticked hex color [1.04ms]
@aryee337/aery-ai test: (pass) OpenAI tool strict mode > keeps OpenRouter Anthropic tools non-strict after compiled grammar errors [48.31ms]
@aryee337/aery-tui test: (pass) Inline color swatches > does not swatch short numeric references that resemble issue numbers [2.86ms]
@aryee337/aery-tui test: (pass) Inline color swatches > swatches a 3-digit shorthand that contains a hex letter [0.50ms]
@aryee337/aery-tui test: (pass) Inline color swatches > does not swatch 4-digit hashline #TAG snapshot tags [0.77ms]
@aryee337/aery-tui test: (pass) Inline color swatches > uses the theme's colorSwatch symbol when provided [0.66ms]
@aryee337/aery-ai test: (pass) OpenAI tool strict mode > does not disable OpenRouter Anthropic strict tools for unrelated invalid requests [9.31ms]
@aryee337/aery-tui test: (pass) Inline color swatches > re-applies the surrounding style after the swatch in thinking traces [8.96ms]
@aryee337/aery-tui test: (pass) Module-level LRU render cache > invokes highlightCode only once for two distinct instances with identical (text, width, theme) [0.44ms]
@aryee337/aery-ai test: (pass) OpenAI tool strict mode > sends strict=true for openai-responses tool schemas on OpenAI [10.75ms]
@aryee337/aery-ai test: (pass) OpenAI tool strict mode > keeps loose yield schemas non-strict for openai-responses [6.24ms]
@aryee337/aery-ai test: (pass) OpenAI tool strict mode > sends strict=true for openai-responses tool schemas on GitHub Copilot [1.53ms]
@aryee337/aery-ai test: 
@aryee337/aery-ai test: test/azure-openai-responses-stream.test.ts:
@aryee337/aery-ai test: (pass) azure openai responses streaming > serializes each system prompt as an Azure Responses system input item for non-reasoning models [111.53ms]
@aryee337/aery-ai test: (pass) azure openai responses streaming > uses developer role for Azure Responses reasoning model system prompts [12.15ms]
@aryee337/aery-ai test: (pass) azure openai responses streaming > keeps Azure Responses prompt_cache_key separate from Anthropic cache controls [1.93ms]
@aryee337/aery-ai test: (pass) azure openai responses streaming > rewrites oneOf tool schemas to anyOf for Azure Responses [13.73ms]
@aryee337/aery-tui test: 
@aryee337/aery-tui test: test/sixel-probe.test.ts:
@aryee337/aery-tui test: (pass) TUI SIXEL capability probe > enables SIXEL only after positive terminal capability response [5.47ms]
@aryee337/aery-tui test: (pass) TUI SIXEL capability probe > enables SIXEL when DA and graphics replies are coalesced in one chunk [1.87ms]
@aryee337/aery-tui test: (pass) TUI SIXEL capability probe > enables SIXEL when DA reply arrives split across chunks [0.44ms]
@aryee337/aery-tui test: (pass) TUI SIXEL capability probe > keeps SIXEL disabled when capability responses are negative [0.29ms]
@aryee337/aery-ai test: (pass) azure openai responses streaming > surfaces nested response.failed provider errors [47.87ms]
@aryee337/aery-ai test: 
@aryee337/aery-ai test: test/issue-826-repro.test.ts:
@aryee337/aery-ai test: (pass) issue #826: Anthropic strict-tools opt-out for Vertex-style proxies > preserves strict:true on allowlisted tools by default (api.anthropic.com baseline) [88.73ms]
@aryee337/aery-ai test: (pass) issue #826: Anthropic strict-tools opt-out for Vertex-style proxies > omits strict on tool defs when compat.disableStrictTools is set [1.31ms]
@aryee337/aery-ai test: 
@aryee337/aery-ai test: test/azure-openai-responses-stream.test.ts:
@aryee337/aery-ai test: (pass) azure openai responses streaming > surfaces response.failed incomplete reasons [5.79ms]
@aryee337/aery-ai test: 
@aryee337/aery-ai test: test/issue-826-repro.test.ts:
@aryee337/aery-ai test: (pass) issue #826: Anthropic strict-tools opt-out for Vertex-style proxies > preserves adaptive thinking by default [5.13ms]
@aryee337/aery-ai test: (pass) issue #826: Anthropic strict-tools opt-out for Vertex-style proxies > maps adaptive thinking to enabled when compat.disableAdaptiveThinking is set [0.96ms]
@aryee337/aery-ai test: 
@aryee337/aery-ai test: test/azure-openai-responses-stream.test.ts:
@aryee337/aery-ai test: (pass) azure openai responses streaming > surfaces response.completed failed status_details errors [9.06ms]
@aryee337/aery-ai test: (pass) azure openai responses streaming > preserves assistant message phase when rebuilding fallback replay history [2.05ms]
@aryee337/aery-ai test: (pass) azure openai responses streaming > keeps legacy plain-string text signatures when rebuilding fallback replay history [5.58ms]
@aryee337/aery-tui test: 
@aryee337/aery-tui test: test/overlay-scroll.test.ts:
@aryee337/aery-tui test: (pass) TUI overlays > renders viewport-only on resize when content size is stable [337.25ms]
@aryee337/aery-ai test: 
@aryee337/aery-ai test: test/callback-server-manual-input.test.ts:
@aryee337/aery-ai test: (pass) OAuthCallbackFlow manual input retries > retries manual input until a valid callback payload is provided [23.91ms]
@aryee337/aery-ai test: (pass) OAuthCallbackFlow manual input retries > retries when manual callback state does not match [17.88ms]
@aryee337/aery-tui test: (pass) TUI overlays > renders a fresh viewport on resize when content grows before resize [95.18ms]
@aryee337/aery-tui test: 
@aryee337/aery-tui test: test/select-list.test.ts:
@aryee337/aery-tui test: (pass) SelectList > normalizes multiline descriptions to single line [33.75ms]
@aryee337/aery-tui test: (pass) SelectList > keeps descriptions aligned when the primary text is truncated [0.54ms]
@aryee337/aery-tui test: (pass) SelectList > uses the configured minimum primary column width [0.36ms]
@aryee337/aery-tui test: 
@aryee337/aery-tui test: test/overlay-scroll.test.ts:
@aryee337/aery-tui test: (pass) TUI overlays > replays width-dependent offscreen scrollback on terminal width changes [72.87ms]
@aryee337/aery-tui test: 
@aryee337/aery-tui test: test/select-list.test.ts:
@aryee337/aery-tui test: (pass) SelectList > uses the configured maximum primary column width [0.50ms]
@aryee337/aery-tui test: (pass) SelectList > allows overriding primary truncation while preserving description alignment [0.81ms]
@aryee337/aery-tui test: (pass) SelectList > confirms the selected item when Enter arrives as LF [0.74ms]
@aryee337/aery-tui test: (pass) SelectList > fuzzy-filters overflowing lists from typed input [6.45ms]
@aryee337/aery-tui test: (pass) SelectList > keeps printable keys inert when the list does not overflow [0.34ms]
@aryee337/aery-tui test: 
@aryee337/aery-tui test: test/overlay-scroll.test.ts:
@aryee337/aery-tui test: (pass) TUI overlays > keeps scrollback on viewport-only resize redraw [107.91ms]
@aryee337/aery-ai test: 
@aryee337/aery-ai test: test/anthropic-many-image-resize.test.ts:
@aryee337/aery-ai test: (pass) Anthropic many-image payload resizing > downscales oversized tool-result images when the request crosses the many-image threshold [1220.01ms]
@aryee337/aery-ai test: 
@aryee337/aery-ai test: test/claude-ratelimit-headers.test.ts:
@aryee337/aery-ai test: (pass) Claude rate-limit response headers > parses unified 5h and 7d header windows with percent scaling and epoch-ms resets [6.24ms]
@aryee337/aery-ai test: (pass) Claude rate-limit response headers > parses a single available unified window [0.19ms]
@aryee337/aery-ai test: (pass) Claude rate-limit response headers > returns null when no unified utilization headers are present [0.06ms]
@aryee337/aery-ai test: (pass) Claude rate-limit response headers > omits a window that has reset metadata without utilization [0.15ms]
@aryee337/aery-ai test: 
@aryee337/aery-ai test: test/issue-827-repro.test.ts:
@aryee337/aery-ai test: (pass) issue #827 — kimi reasoning models drop reasoning under forced tool_choice > strips reasoning_effort when toolChoice is forced on direct Kimi (Moonshot-style id) [32.84ms]
@aryee337/aery-ai test: (pass) issue #827 — kimi reasoning models drop reasoning under forced tool_choice > preserves reasoning_effort when toolChoice is auto [1.68ms]
@aryee337/aery-ai test: (pass) issue #827 — kimi reasoning models drop reasoning under forced tool_choice > strips OpenRouter-shaped reasoning object on forced toolChoice for Kimi via OpenRouter [6.50ms]
@aryee337/aery-ai test: (pass) issue #827 — kimi reasoning models drop reasoning under forced tool_choice > sends explicit thinking disabled for Moonshot Kimi K2.6 when a named tool is forced [1.53ms]
@aryee337/aery-ai test: (pass) issue #827 — kimi reasoning models drop reasoning under forced tool_choice > strips reasoning_effort for Anthropic Claude models served via openai-completions (e.g. LiteLLM/OpenRouter proxies) [2.57ms]
@aryee337/aery-ai test: (pass) issue #827 — kimi reasoning models drop reasoning under forced tool_choice > does not strip reasoning on non-Kimi models even with forced tool_choice [1.39ms]
@aryee337/aery-ai test: 
@aryee337/aery-ai test: test/openrouter-login.test.ts:
@aryee337/aery-ai test: (pass) openrouter login wiring > registers OpenRouter in the OAuth provider selector [0.30ms]
@aryee337/aery-ai test: (pass) openrouter login wiring > resolves OPENROUTER_API_KEY from environment [0.10ms]
@aryee337/aery-tui test: 
@aryee337/aery-tui test: test/render-stress.test.ts:
@aryee337/aery-tui test: (pass) TUI randomized render stress > preserves preexisting shell scrollback during visible structural mutations [854.50ms]
@aryee337/aery-ai test: (pass) openrouter login wiring > AuthStorage.login('openrouter') validates against /auth/key and stores the pasted key [55.86ms]
@aryee337/aery-ai test: (pass) openrouter login wiring > AuthStorage.login('openrouter') rejects keys that fail /auth/key validation [40.61ms]
@aryee337/aery-ai test: 
@aryee337/aery-ai test: test/overflow-utils.test.ts:
@aryee337/aery-ai test: (pass) isContextOverflow - model_context_window_exceeded > detects model_context_window_exceeded in finish_reason error message [0.65ms]
@aryee337/aery-ai test: (pass) isContextOverflow - model_context_window_exceeded > detects raw model_context_window_exceeded in error message [3.35ms]
@aryee337/aery-ai test: (pass) isContextOverflow - HTTP 413 variants > detects generic 413 payload-too-large errors [0.19ms]
@aryee337/aery-ai test: (pass) isContextOverflow - HTTP 413 variants > detects Anthropic request size overflow wording [0.14ms]
@aryee337/aery-ai test: (pass) isContextOverflow - HTTP 413 variants > does not classify unrelated 413 errors as overflow [0.12ms]
@aryee337/aery-ai test: (pass) isContextOverflow - 400/413 no-body (Cerebras, Mistral, proxy wrappers) > detects bare '400 status code (no body)' [0.07ms]
@aryee337/aery-ai test: (pass) isContextOverflow - 400/413 no-body (Cerebras, Mistral, proxy wrappers) > detects bare '413 status code (no body)' [0.06ms]
@aryee337/aery-ai test: (pass) isContextOverflow - 400/413 no-body (Cerebras, Mistral, proxy wrappers) > detects '400 (no body)' without 'status code' word [0.04ms]
@aryee337/aery-ai test: (pass) isContextOverflow - 400/413 no-body (Cerebras, Mistral, proxy wrappers) > detects wrapped proxy envelope: '400 status code: {"error":"... 400 status code (no body)"}' [0.05ms]
@aryee337/aery-ai test: (pass) isContextOverflow - 400/413 no-body (Cerebras, Mistral, proxy wrappers) > detects when status code phrase is embedded deeper in the message [0.04ms]
@aryee337/aery-ai test: (pass) isContextOverflow - 400/413 no-body (Cerebras, Mistral, proxy wrappers) > does not classify unrelated 400 errors as overflow [0.04ms]
@aryee337/aery-ai test: (pass) isContextOverflow - 400/413 no-body (Cerebras, Mistral, proxy wrappers) > does not classify 429 (rate limit) as overflow [0.04ms]
@aryee337/aery-ai test: 
@aryee337/aery-ai test: test/parse-streaming-json-throttled.test.ts:
@aryee337/aery-ai test: (pass) parseStreamingJsonThrottled (F5) > parses the first non-empty buffer even when growth is below the threshold [9.12ms]
@aryee337/aery-ai test: (pass) parseStreamingJsonThrottled (F5) > re-parses when buffer has grown by at least minGrowthBytes since the last parsed length [0.16ms]
@aryee337/aery-ai test: (pass) parseStreamingJsonThrottled (F5) > emits the same value as parseStreamingJson when it fires [0.11ms]
@aryee337/aery-ai test: 
@aryee337/aery-ai test: test/claude-usage-headers.test.ts:
@aryee337/aery-ai test: (pass) claude usage request headers > sends aligned anthropic fingerprint and bearer auth headers [9.85ms]
@aryee337/aery-ai test: (pass) claude usage request headers > does not invent reset timestamps when Claude omits them [4.82ms]
@aryee337/aery-ai test: 
@aryee337/aery-ai test: test/parse-streaming-json-throttled.test.ts:
@aryee337/aery-ai test: (pass) parseStreamingJsonThrottled (F5) > incremental simulation: a long sequence of small deltas re-parses O(N/step) times, not O(N) [23.99ms]
@aryee337/aery-ai test: (pass) parseStreamingJsonThrottled (F5) > treats undefined/empty buffer as not-ready (no parse) [0.40ms]
@aryee337/aery-ai test: 
@aryee337/aery-ai test: test/issue-830-repro.test.ts:
@aryee337/aery-ai test: (pass) deepseek built-in provider (issue #830) > registers built-in runtime descriptor with DEEPSEEK_API_KEY env discovery [0.11ms]
@aryee337/aery-ai test: (pass) deepseek built-in provider (issue #830) > registers DeepSeek as an API-key login provider [0.21ms]
@aryee337/aery-ai test: (pass) deepseek built-in provider (issue #830) > resolves DEEPSEEK_API_KEY via env [0.13ms]
@aryee337/aery-ai test: (pass) deepseek built-in provider (issue #830) > models.dev mapping descriptor uses api.deepseek.com and forces reasoning_content + no tool_choice [0.20ms]
@aryee337/aery-ai test: 
@aryee337/aery-ai test: test/anthropic-many-image-resize.test.ts:
@aryee337/aery-ai test: (pass) Anthropic many-image payload resizing > leaves oversized images untouched below the many-image threshold [599.14ms]
@aryee337/aery-ai test: 
@aryee337/aery-ai test: test/claude-usage-retry.test.ts:
@aryee337/aery-ai test: (pass) claudeUsageProvider retry contract > retries on 429 and succeeds on a later attempt [5.35ms]
@aryee337/aery-ai test: (pass) claudeUsageProvider retry contract > retries on 503 then succeeds [0.59ms]
@aryee337/aery-ai test: (pass) claudeUsageProvider retry contract > does NOT retry on 401 — permanent for this credential [0.31ms]
@aryee337/aery-ai test: (pass) claudeUsageProvider retry contract > does NOT retry on 404 — permanent for this credential [0.31ms]
@aryee337/aery-ai test: (pass) claudeUsageProvider retry contract > returns null after MAX_RETRIES of consecutive 429s [0.31ms]
@aryee337/aery-ai test: (pass) claudeUsageProvider retry contract > honours Retry-After when retrying a 429 [7.56ms]
@aryee337/aery-ai test: (pass) claudeUsageProvider retry contract > aborts the retry sleep when the signal fires mid-backoff [25.61ms]
@aryee337/aery-ai test: (pass) claudeUsageProvider retry contract > falls back to lastPayload when retries exhausted with stale-but-valid data [0.71ms]
@aryee337/aery-ai test: 
@aryee337/aery-ai test: test/provider-fetch-override.test.ts:
@aryee337/aery-ai test: (pass) StreamOptions.fetch override > routes openai-completions requests through the override [67.46ms]
@aryee337/aery-ai test: (pass) StreamOptions.fetch override > routes openai-responses requests through the override [22.75ms]
@aryee337/aery-tui test: 
@aryee337/aery-tui test: test/render-regressions.test.ts:
@aryee337/aery-tui test: (pass) TUI terminal-state regressions > cursor + differential stability > keeps stable output across repeated no-op renders [561.42ms]
@aryee337/aery-ai test: 
@aryee337/aery-ai test: test/anthropic-mid-conversation-system.test.ts:
@aryee337/aery-ai test: (pass) Anthropic mid-conversation system messages > maps a trailing developer message after a user turn to role: system [0.74ms]
@aryee337/aery-ai test: (pass) Anthropic mid-conversation system messages > maps a developer message that precedes an assistant turn to role: system [0.63ms]
@aryee337/aery-ai test: (pass) Anthropic mid-conversation system messages > keeps a developer message following an assistant turn as user (must follow a user turn) [0.38ms]
@aryee337/aery-ai test: (pass) Anthropic mid-conversation system messages > never emits a developer message in the first position as system [0.17ms]
@aryee337/aery-ai test: (pass) Anthropic mid-conversation system messages > upgrades only the trailing developer message in a consecutive run [0.17ms]
@aryee337/aery-ai test: (pass) Anthropic mid-conversation system messages > upgrades a developer message that follows tool results (a user-role param) [0.40ms]
@aryee337/aery-ai test: (pass) Anthropic mid-conversation system messages > does not use the system role on models older than Opus 4.8 [0.15ms]
@aryee337/aery-ai test: (pass) Anthropic mid-conversation system messages > does not use the system role on non-first-party endpoints [0.17ms]
@aryee337/aery-ai test: (pass) Anthropic mid-conversation system messages > honors an explicit compat override on an otherwise-unsupported model [0.13ms]
@aryee337/aery-ai test: (pass) Anthropic mid-conversation system messages > honors an explicit compat override disabling the feature on Opus 4.8 [0.12ms]
@aryee337/aery-tui test: 
@aryee337/aery-tui test: test/overlay-scroll.test.ts:
@aryee337/aery-tui test: (pass) TUI overlays > pushes overflow growth into scrollback during viewport repaint [970.78ms]
@aryee337/aery-tui test: 
@aryee337/aery-tui test: test/slash-autocomplete-viewport.test.ts:
@aryee337/aery-tui test: (pass) slash command autocomplete with unknown native viewport state > keeps repainting the editor while the autocomplete list changes height [1060.20ms]
@aryee337/aery-ai test: 
@aryee337/aery-ai test: test/issue-847-repro.test.ts:
@aryee337/aery-ai test: (pass) ollama provider context window discovery (issue #847) > uses /api/show context_length for unbundled cloud models like deepseek-v4-flash:cloud [11.20ms]
@aryee337/aery-ai test: (pass) ollama provider context window discovery (issue #847) > caches /api/show results across repeated fetchDynamicModels calls [1.14ms]
@aryee337/aery-ai test: (pass) ollama provider context window discovery (issue #847) > falls back to 128k when /api/show is unavailable [0.86ms]
@aryee337/aery-tui test: 
@aryee337/aery-tui test: test/render-regressions.test.ts:
@aryee337/aery-tui test: (pass) TUI terminal-state regressions > cursor + differential stability > updates only changed middle line without corrupting neighbors [202.20ms]
@aryee337/aery-ai test: 
@aryee337/aery-ai test: test/context-overflow.test.ts:
@aryee337/aery-ai test: (skip) Context overflow error handling > Anthropic (API Key) > claude-haiku-4-5 - should detect overflow via isContextOverflow
@aryee337/aery-ai test: (skip) Context overflow error handling > Anthropic (OAuth) > claude-sonnet-4 - should detect overflow via isContextOverflow
@aryee337/aery-ai test: (skip) Context overflow error handling > GitHub Copilot (OAuth) > gpt-4o - should detect overflow via isContextOverflow
@aryee337/aery-ai test: (skip) Context overflow error handling > GitHub Copilot (OAuth) > claude-sonnet-4 - should detect overflow via isContextOverflow
@aryee337/aery-ai test: (skip) Context overflow error handling > OpenAI Completions > gpt-4o-mini - should detect overflow via isContextOverflow
@aryee337/aery-ai test: (skip) Context overflow error handling > OpenAI Responses > gpt-4o - should detect overflow via isContextOverflow
@aryee337/aery-ai test: (skip) Context overflow error handling > Google > gemini-2.0-flash - should detect overflow via isContextOverflow
@aryee337/aery-ai test: (skip) Context overflow error handling > Google Gemini CLI (OAuth) > gemini-2.5-flash - should detect overflow via isContextOverflow
@aryee337/aery-ai test: (skip) Context overflow error handling > Google Antigravity (OAuth) > gemini-3-flash - should detect overflow via isContextOverflow
@aryee337/aery-ai test: (skip) Context overflow error handling > Google Antigravity (OAuth) > claude-sonnet-4-5 - should detect overflow via isContextOverflow
@aryee337/aery-ai test: (skip) Context overflow error handling > OpenAI Codex (OAuth) > gpt-5.2-codex - should detect overflow via isContextOverflow
@aryee337/aery-ai test: (skip) Context overflow error handling > xAI > grok-3-fast - should detect overflow via isContextOverflow
@aryee337/aery-ai test: (skip) Context overflow error handling > Groq > llama-3.3-70b-versatile - should detect overflow via isContextOverflow
@aryee337/aery-ai test: (skip) Context overflow error handling > Cerebras > qwen-3-235b - should detect overflow via isContextOverflow
@aryee337/aery-ai test: (skip) Context overflow error handling > z.ai > glm-4.5-flash - should detect overflow via isContextOverflow (silent overflow or rate limit)
@aryee337/aery-ai test: (skip) Context overflow error handling > Mistral > devstral-medium-latest - should detect overflow via isContextOverflow
@aryee337/aery-ai test: (skip) Context overflow error handling > OpenRouter > anthropic/claude-sonnet-4 via OpenRouter - should detect overflow via isContextOverflow
@aryee337/aery-ai test: (skip) Context overflow error handling > OpenRouter > deepseek/deepseek-v3.2 via OpenRouter - should detect overflow via isContextOverflow
@aryee337/aery-ai test: (skip) Context overflow error handling > OpenRouter > mistralai/mistral-large-2512 via OpenRouter - should detect overflow via isContextOverflow
@aryee337/aery-ai test: (skip) Context overflow error handling > OpenRouter > google/gemini-2.5-flash via OpenRouter - should detect overflow via isContextOverflow
@aryee337/aery-ai test: (skip) Context overflow error handling > OpenRouter > meta-llama/llama-4-maverick via OpenRouter - should detect overflow via isContextOverflow
@aryee337/aery-ai test: (skip) Context overflow error handling > Ollama (local) > (unnamed)
@aryee337/aery-ai test: (skip) Context overflow error handling > Ollama (local) > gpt-oss:20b - should detect overflow via isContextOverflow (ollama silently truncates)
@aryee337/aery-ai test: (skip) Context overflow error handling > Ollama (local) > (unnamed)
@aryee337/aery-ai test: (skip) Context overflow error handling > LM Studio (local) > should detect overflow via isContextOverflow
@aryee337/aery-ai test: (skip) Context overflow error handling > llama.cpp (local) > should detect overflow via isContextOverflow
@aryee337/aery-ai test: 
@aryee337/aery-ai test: test/anthropic-oauth.test.ts:
@aryee337/aery-ai test: (pass) anthropic oauth alignment > generates auth URL with expected scope set [3.32ms]
@aryee337/aery-ai test: (pass) anthropic oauth alignment > uses api.anthropic.com token URL for code exchange [1.74ms]
@aryee337/aery-ai test: (pass) anthropic oauth alignment > parses callback code fragments into token exchange code/state [0.71ms]
@aryee337/aery-ai test: (pass) anthropic oauth alignment > keeps explicit state when callback code fragment state is empty [0.52ms]
@aryee337/aery-ai test: (pass) anthropic oauth alignment > uses api.anthropic.com token URL and CC headers for refresh [0.71ms]
@aryee337/aery-ai test: (pass) anthropic oauth alignment > extracts account uuid and email from token-exchange response [0.59ms]
@aryee337/aery-ai test: (pass) anthropic oauth alignment > extracts account uuid and email from refresh response [0.34ms]
@aryee337/aery-ai test: (pass) anthropic oauth alignment > fetches bootstrap identity when token response omits account block [1.06ms]
@aryee337/aery-ai test: (pass) anthropic oauth alignment > leaves accountId/email undefined when token and bootstrap responses omit identity [0.63ms]
@aryee337/aery-ai test: (pass) buildAnthropicAuthConfig > classifies sk-ant-oat tokens as OAuth [0.31ms]
@aryee337/aery-ai test: (pass) buildAnthropicAuthConfig > treats sk-ant-api tokens as non-OAuth [0.08ms]
@aryee337/aery-ai test: (pass) buildAnthropicAuthConfig > normalizes the explicit baseUrl override (trailing slash, env precedence) [0.41ms]
@aryee337/aery-ai test: (pass) buildAnthropicAuthConfig > falls back to FOUNDRY_BASE_URL when Foundry mode is enabled and no explicit override is given [0.25ms]
@aryee337/aery-ai test: (pass) buildAnthropicAuthConfig > falls back to ANTHROPIC_BASE_URL when Foundry mode is disabled [0.26ms]
@aryee337/aery-ai test: (pass) buildAnthropicAuthConfig > uses the default Anthropic base URL when no env or override is set [0.24ms]
@aryee337/aery-ai test: (pass) buildAnthropicSearchHeaders > forwards ANTHROPIC_CUSTOM_HEADERS when the base URL is an enterprise gateway [1.08ms]
@aryee337/aery-ai test: (pass) buildAnthropicSearchHeaders > omits ANTHROPIC_CUSTOM_HEADERS when targeting api.anthropic.com without Foundry [0.54ms]
@aryee337/aery-ai test: (pass) buildAnthropicSearchHeaders > forwards ANTHROPIC_CUSTOM_HEADERS in Foundry mode even on an Anthropic-shaped base URL [0.72ms]
@aryee337/aery-ai test: (pass) buildAnthropicSearchHeaders > includes the web-search beta in Anthropic-Beta [0.19ms]
@aryee337/aery-tui test: 
@aryee337/aery-tui test: test/overlay-scroll.test.ts:
@aryee337/aery-tui test: (pass) TUI overlays > stays anchored across shrink-grow cycles while overflowing viewport [320.93ms]
@aryee337/aery-ai test: 
@aryee337/aery-ai test: test/issue-883-repro.test.ts:
@aryee337/aery-ai test: (pass) issue #883 / #810 — DeepSeek V4 reasoning_content tool-call replay > flags requiresReasoningContentForToolCalls for deepseek-v4-pro on the official endpoint [0.24ms]
@aryee337/aery-ai test: (pass) issue #883 / #810 — DeepSeek V4 reasoning_content tool-call replay > flags requiresReasoningContentForToolCalls for deepseek-v4 served by a non-deepseek host (e.g. Deepinfra) [0.15ms]
@aryee337/aery-ai test: (pass) issue #883 / #810 — DeepSeek V4 reasoning_content tool-call replay > sets reasoning_content to empty string for deepseek-v4-pro tool-call turn with no thinking blocks [1.49ms]
@aryee337/aery-ai test: (pass) issue #883 / #810 — DeepSeek V4 reasoning_content tool-call replay > normalizes assistant content to '' when reasoning_content placeholder is injected (DeepSeek invariant) [0.46ms]
@aryee337/aery-ai test: 
@aryee337/aery-ai test: test/provider-response.test.ts:
@aryee337/aery-ai test: (pass) provider response metadata > normalizes response status, headers, and request id [0.36ms]
@aryee337/aery-ai test: (pass) provider response metadata > invokes the response callback with normalized metadata [0.34ms]
@aryee337/aery-ai test: (pass) streamSimple onResponse propagation > invokes onResponse for the default openai-completions path through streamSimple [30.20ms]
@aryee337/aery-ai test: 
@aryee337/aery-ai test: test/rate-limit-utils.test.ts:
@aryee337/aery-ai test: (pass) parseRateLimitReason > classifies Google Quota exceeded as QUOTA_EXHAUSTED [0.12ms]
@aryee337/aery-ai test: (pass) parseRateLimitReason > classifies 'Resource has been exhausted (e.g. check quota)' as QUOTA_EXHAUSTED [0.06ms]
@aryee337/aery-ai test: (pass) parseRateLimitReason > classifies 'resource exhausted' (exact gRPC phrase) as MODEL_CAPACITY_EXHAUSTED [0.06ms]
@aryee337/aery-ai test: (pass) parseRateLimitReason > classifies Too many requests as RATE_LIMIT_EXCEEDED [0.04ms]
@aryee337/aery-ai test: (pass) parseRateLimitReason > classifies per minute errors as RATE_LIMIT_EXCEEDED [0.04ms]
@aryee337/aery-ai test: (pass) parseRateLimitReason > classifies overloaded 529 as MODEL_CAPACITY_EXHAUSTED [0.03ms]
@aryee337/aery-ai test: (pass) parseRateLimitReason > classifies internal server error as SERVER_ERROR [0.05ms]
@aryee337/aery-ai test: (pass) parseRateLimitReason > returns UNKNOWN for unrecognised messages [0.04ms]
@aryee337/aery-ai test: (pass) parseRateLimitReason > classifies Codex usage limit error as QUOTA_EXHAUSTED [0.03ms]
@aryee337/aery-ai test: (pass) calculateRateLimitBackoffMs > returns 45–75s range for MODEL_CAPACITY_EXHAUSTED (jitter) [0.20ms]
@aryee337/aery-tui test: 
@aryee337/aery-tui test: test/render-regressions.test.ts:
@aryee337/aery-tui test: (pass) TUI terminal-state regressions > cursor + differential stability > clears removed tail lines after shrink [442.98ms]
@aryee337/aery-tui test: 
@aryee337/aery-tui test: test/slash-autocomplete-viewport.test.ts:
@aryee337/aery-tui test: (pass) slash command autocomplete with unknown native viewport state > repaints autocomplete updates coalesced with offscreen background mutations [559.23ms]
@aryee337/aery-tui test: 
@aryee337/aery-tui test: test/overlay-scroll.test.ts:
@aryee337/aery-tui test: (pass) TUI overlays > updates hardware cursor without redrawing content [340.19ms]
@aryee337/aery-ai test: 
@aryee337/aery-ai test: test/anthropic-prefill.test.ts:
@aryee337/aery-ai test: (pass) Anthropic assistant-prefill fallback > appends a user Continue. message when the last turn is assistant [0.49ms]
@aryee337/aery-ai test: (pass) Anthropic assistant-prefill fallback > does not append Continue. when the last turn is already user [6.11ms]
@aryee337/aery-ai test: (pass) preserves redacted thinking blocks in assistant replay payloads [0.47ms]
@aryee337/aery-ai test: (pass) preserves latest Anthropic thinking blocks even when model id changes [0.27ms]
@aryee337/aery-ai test: (pass) strips invalid thinking signatures from aborted Anthropic replay messages [0.36ms]
@aryee337/aery-ai test: 
@aryee337/aery-ai test: test/copilot-retry.test.ts:
@aryee337/aery-ai test: (pass) isCopilotTransientModelError > matches 400 with top-level code=model_not_supported [0.25ms]
@aryee337/aery-ai test: (pass) isCopilotTransientModelError > matches 400 with nested error.code=model_not_supported (OpenAI SDK shape) [0.08ms]
@aryee337/aery-ai test: (pass) isCopilotTransientModelError > does not match other 400 codes [0.07ms]
@aryee337/aery-ai test: (pass) isCopilotTransientModelError > does not match 401/403/500 regardless of code [0.13ms]
@aryee337/aery-ai test: (pass) isCopilotTransientModelError > does not match errors without a status [0.12ms]
@aryee337/aery-ai test: (pass) callWithCopilotModelRetry > is a no-op for non-github-copilot providers [0.59ms]
@aryee337/aery-ai test: (pass) callWithCopilotModelRetry > retries up to 3 attempts for Copilot transient errors and eventually throws the last error [21.25ms]
@aryee337/aery-ai test: (pass) callWithCopilotModelRetry > succeeds on the second attempt when the first is transient [1.72ms]
@aryee337/aery-ai test: (pass) callWithCopilotModelRetry > does not retry non-transient Copilot errors [1.98ms]
@aryee337/aery-ai test: (pass) callWithCopilotModelRetry > stops retrying when the caller aborts during backoff [4.19ms]
@aryee337/aery-ai test: 
@aryee337/aery-ai test: test/issue-887-repro.test.ts:
@aryee337/aery-ai test: (pass) opencode-go resolver routes 404-ing ids to openai-completions (issue #887) > minimax-m2.7 resolves to openai-completions on /v1/chat/completions [0.22ms]
@aryee337/aery-ai test: (pass) opencode-go resolver routes 404-ing ids to openai-completions (issue #887) > qwen3.5-plus resolves to openai-completions on /v1/chat/completions [0.03ms]
@aryee337/aery-ai test: (pass) opencode-go resolver routes 404-ing ids to openai-completions (issue #887) > qwen3.6-plus resolves to openai-completions on /v1/chat/completions [0.05ms]
@aryee337/aery-ai test: (pass) opencode-go resolver routes 404-ing ids to openai-completions (issue #887) > minimax-m2.5 (control: works empirically) also resolves to openai-completions [0.24ms]
@aryee337/aery-ai test: (pass) opencode-go resolver routes 404-ing ids to openai-completions (issue #887) > runtime /v1/models refresh preserves qwen3.7-max Anthropic transport [4.07ms]
@aryee337/aery-ai test: 
@aryee337/aery-ai test: test/copilot-retry.test.ts:
@aryee337/aery-ai test: (pass) isRetryableError transport failures > retries Bun socket closure errors [4.53ms]
@aryee337/aery-ai test: (pass) isRetryableError transport failures > retries Bun HTTP/2 stream reset errors [0.29ms]
@aryee337/aery-ai test: (pass) isRetryableError does not treat 4xx as retryable > returns false for Copilot transient model errors [0.11ms]
@aryee337/aery-tui test: 
@aryee337/aery-tui test: test/render-regressions.test.ts:
@aryee337/aery-tui test: (pass) TUI terminal-state regressions > cursor + differential stability > clears row 0 when content shrinks to empty without clearOnShrink [284.87ms]
@aryee337/aery-ai test: 
@aryee337/aery-ai test: test/register-builtins.test.ts:
@aryee337/aery-ai test: (pass) register-builtins lazy streams > resolves the outer stream result from source.result() when no terminal event is iterated [6.52ms]
@aryee337/aery-ai test: (pass) register-builtins lazy streams > turns iterator failures into terminal error results [1.44ms]
@aryee337/aery-ai test: (pass) register-builtins lazy streams > turns idle lazy provider streams into retryable terminal errors [33.60ms]
@aryee337/aery-tui test: (pass) TUI terminal-state regressions > cursor + differential stability > appends overflowing content after a legitimately empty previous frame [114.11ms]
@aryee337/aery-ai test: (pass) register-builtins lazy streams > preserves caller aborts while forwarding lazy provider streams [29.47ms]
@aryee337/aery-ai test: 
@aryee337/aery-ai test: test/issue-911-repro.test.ts:
@aryee337/aery-ai test: (pass) issue #911 - Mistral Medium 3.5 array content parts > normalizes array-of-parts delta.content into the assembled text without [object Object] [44.41ms]
@aryee337/aery-ai test: (pass) issue #911 - Mistral Medium 3.5 array content parts > handles mixed string and array-of-parts content shapes within one stream [4.25ms]
@aryee337/aery-tui test: (pass) TUI terminal-state regressions > cursor + differential stability > does not duplicate scrollback when two forced renders coalesce in one tick [134.58ms]
@aryee337/aery-tui test: (pass) TUI terminal-state regressions > cursor + differential stability > keeps appended rows in scrollback when a forced render coalesces with content growth [106.06ms]
@aryee337/aery-ai test: 
@aryee337/aery-ai test: test/anthropic-retry.test.ts:
@aryee337/aery-ai test: (pass) isProviderRetryableError > retries known transient rate-limit errors [0.12ms]
@aryee337/aery-ai test: (pass) isProviderRetryableError > retries transient stream parse errors and pre-content envelope failures [0.13ms]
@aryee337/aery-ai test: (pass) isProviderRetryableError > does not classify post-content envelope failures as provider-retryable [0.30ms]
@aryee337/aery-ai test: (pass) isProviderRetryableError > retries HTTP/2 stream errors (INTERNAL_ERROR) [0.07ms]
@aryee337/aery-ai test: (pass) isProviderRetryableError > retries Bun socket closure errors [0.05ms]
@aryee337/aery-ai test: (pass) isProviderRetryableError > retries first-event timeout errors [0.04ms]
@aryee337/aery-ai test: (pass) isProviderRetryableError > does not retry non-transient validation errors [0.09ms]
@aryee337/aery-ai test: (pass) isProviderRetryableError > retries Copilot transient model_not_supported only for github-copilot provider [0.20ms]
@aryee337/aery-tui test: (pass) TUI terminal-state regressions > cursor + differential stability > does not yank a scrolled viewport for pure tail appends [287.87ms]
@aryee337/aery-ai test: 
@aryee337/aery-ai test: test/issue-912-repro.test.ts:
@aryee337/aery-ai test: (pass) issue #912 — github-copilot abort propagation > settles within bounded time when the caller aborts a hung Copilot response that ignores fetch abort [138.87ms]
@aryee337/aery-tui test: 
@aryee337/aery-tui test: test/overlay-scroll.test.ts:
@aryee337/aery-tui test: (pass) TUI overlays > limits scrollback growth during resize oscillation with overflowing content [899.02ms]
@aryee337/aery-ai test: 
@aryee337/aery-ai test: test/cursor-exec-handlers.test.ts:
@aryee337/aery-ai test: (pass) Cursor resolveExecHandler execHandlers binding > invokes handler with correct this when passed as bound method [1.04ms]
@aryee337/aery-ai test: (pass) Cursor resolveExecHandler execHandlers binding > handler loses this when passed unbound and fails or returns wrong result [3.15ms]
@aryee337/aery-ai test: (pass) Cursor system prompt encoding > emits one Cursor system blob per ordered prompt [0.34ms]
@aryee337/aery-ai test: (pass) Cursor system prompt encoding > falls back to a single default system message when all entries are empty [0.10ms]
@aryee337/aery-ai test: (pass) Cursor request action encoding > uses a resume action for empty user turns [8.05ms]
@aryee337/aery-ai test: (pass) Cursor request action encoding > uses a user message action for non-empty user turns [6.24ms]
@aryee337/aery-ai test: (pass) Cursor request action encoding > uses a resume action when a tool result is the final context message [61.64ms]
@aryee337/aery-ai test: (pass) Cursor request action encoding > uses a user message action with selected context for image-only user turns [13.26ms]
@aryee337/aery-ai test: 
@aryee337/aery-ai test: test/anthropic-stream-envelope.test.ts:
@aryee337/aery-ai test: (pass) anthropic stream envelope handling > ignores duplicate message_start envelopes without resetting streamed text [5.78ms]
@aryee337/aery-ai test: (pass) anthropic stream envelope handling > ignores ping before message_start and streams the response once [3.28ms]
@aryee337/aery-ai test: (pass) anthropic stream envelope handling > ignores unknown preamble events before message_start and streams the response once [1.91ms]
@aryee337/aery-ai test: (pass) anthropic stream envelope handling > retries malformed envelopes before content starts without duplicating streamed text events [3.22ms]
@aryee337/aery-ai test: (pass) anthropic stream envelope handling > retries without strict tools after Anthropic compiled grammar errors and keeps strict disabled [6.59ms]
@aryee337/aery-ai test: 
@aryee337/aery-ai test: test/cursor-exec-handlers.test.ts:
@aryee337/aery-ai test: (pass) Cursor history encoding > preserves image-only user turns in root prompt history and conversation turns [30.21ms]
@aryee337/aery-ai test: 
@aryee337/aery-ai test: test/anthropic-stream-envelope.test.ts:
@aryee337/aery-ai test: (pass) anthropic stream envelope handling > does not disable strict tools for unrelated Anthropic invalid request errors [3.26ms]
@aryee337/aery-ai test: 
@aryee337/aery-ai test: test/cursor-exec-handlers.test.ts:
@aryee337/aery-ai test: (pass) Cursor history encoding > preserves trailing tool result history for resume actions [6.44ms]
@aryee337/aery-ai test: 
@aryee337/aery-ai test: test/anthropic-stream-envelope.test.ts:
@aryee337/aery-ai test: (pass) anthropic stream envelope handling > does not retry malformed envelopes after partial tool-call content starts streaming [29.66ms]
@aryee337/aery-tui test: 
@aryee337/aery-tui test: test/render-regressions.test.ts:
@aryee337/aery-tui test: (pass) TUI terminal-state regressions > resize + viewport behavior > preserves preexisting shell scrollback on startup and resize redraw [355.96ms]
@aryee337/aery-ai test: (pass) anthropic stream envelope handling > parses raw SSE directly so unknown events do not fail Anthropic streams [92.62ms]
@aryee337/aery-ai test: (pass) anthropic stream envelope handling > surfaces an error when a raw SSE stream closes before message_stop [9.68ms]
@aryee337/aery-ai test: (pass) anthropic stream envelope handling > repairs malformed JSON in raw SSE event data before parsing [6.66ms]
@aryee337/aery-tui test: (pass) TUI terminal-state regressions > resize + viewport behavior > rewraps committed native scrollback when the terminal widens on POSIX (unknown viewport) [97.16ms]
@aryee337/aery-ai test: (pass) anthropic stream envelope handling > surfaces a refusal fallback message when stop_details is null [15.63ms]
@aryee337/aery-ai test: (pass) anthropic stream envelope handling > emits per-tool eager_input_streaming only when Anthropic compat allows it [5.82ms]
@aryee337/aery-ai test: (pass) anthropic stream envelope handling > emits 1h cache TTL only for canonical Anthropic API with compatible long-cache support [5.66ms]
@aryee337/aery-ai test: 
@aryee337/aery-ai test: test/issue-931-repro.test.ts:
@aryee337/aery-ai test: (pass) issue #931 — openai-responses reasoning effort compat mapping > maps configured xhigh reasoning effort before sending Responses reasoning payload [6.19ms]
@aryee337/aery-tui test: (pass) TUI terminal-state regressions > resize + viewport behavior > resizing width truncates visible lines without ghost wrap rows [105.84ms]
@aryee337/aery-ai test: 
@aryee337/aery-ai test: test/deepseek-reasoning-content.test.ts:
@aryee337/aery-ai test: (pass) DeepSeek reasoning_content tool-call replay > reasoningEffortMap (Fix 1) > maps unsupported lower DeepSeek efforts to high on opencode-go [2.17ms]
@aryee337/aery-ai test: (pass) DeepSeek reasoning_content tool-call replay > reasoningEffortMap (Fix 1) > maps unsupported lower DeepSeek efforts to high on NVIDIA [0.30ms]
@aryee337/aery-ai test: (pass) DeepSeek reasoning_content tool-call replay > reasoningEffortMap (Fix 1) > maps unsupported lower DeepSeek efforts to high on the official endpoint [0.13ms]
@aryee337/aery-ai test: (pass) DeepSeek reasoning_content tool-call replay > reasoningEffortMap (Fix 1) > does NOT map xhigh for non-DeepSeek models [0.10ms]
@aryee337/aery-ai test: (pass) DeepSeek reasoning_content tool-call replay > allowsSyntheticReasoningContentForToolCalls flag > is false for DeepSeek-family reasoning models [0.08ms]
@aryee337/aery-ai test: (pass) DeepSeek reasoning_content tool-call replay > allowsSyntheticReasoningContentForToolCalls flag > is false for DeepSeek-family on NVIDIA [0.08ms]
@aryee337/aery-ai test: (pass) DeepSeek reasoning_content tool-call replay > allowsSyntheticReasoningContentForToolCalls flag > is true for non-DeepSeek reasoning models on OpenRouter [0.39ms]
@aryee337/aery-ai test: 
@aryee337/aery-ai test: test/issue-945-repro.test.ts:
@aryee337/aery-ai test: (pass) issue #945 — OpenCode Go DeepSeek tool_choice is disabled > marks deepseek-v4-pro as not supporting tool_choice via compat override [0.10ms]
@aryee337/aery-ai test: 
@aryee337/aery-ai test: test/deepseek-reasoning-content.test.ts:
@aryee337/aery-ai test: (pass) DeepSeek reasoning_content tool-call replay > thinking-block signature recovery (Fix 2) > recovers reasoning_content from empty thinking block with valid signature [5.81ms]
@aryee337/aery-ai test: (pass) DeepSeek reasoning_content tool-call replay > thinking-block signature recovery (Fix 2) > recovers reasoning_content from non-empty thinking block with signature [0.62ms]
@aryee337/aery-ai test: (pass) DeepSeek reasoning_content tool-call replay > thinking-block signature recovery (Fix 2) > normalizes OpenRouter reasoning deltas to DeepSeek reasoning_content on replay [2.26ms]
@aryee337/aery-ai test: (pass) DeepSeek reasoning_content tool-call replay > thinking-block signature recovery (Fix 2) > does not use opaque signature as property name but still sets reasoning_content from thinking text [0.57ms]
@aryee337/aery-ai test: (pass) DeepSeek reasoning_content tool-call replay > thinking-block signature recovery (Fix 2) > falls through to empty-string when thinking block has opaque signature and empty text [1.10ms]
@aryee337/aery-ai test: (pass) DeepSeek reasoning_content tool-call replay > empty-string fallback for missing reasoning_content (Fix 3) > sets reasoning_content to empty string when no thinking blocks exist for DeepSeek [1.70ms]
@aryee337/aery-ai test: (pass) DeepSeek reasoning_content tool-call replay > empty-string fallback for missing reasoning_content (Fix 3) > sets reasoning_content to empty string for OpenCode Zen big-pickle tool-call turns [0.36ms]
@aryee337/aery-ai test: (pass) DeepSeek reasoning_content tool-call replay > empty-string fallback for missing reasoning_content (Fix 3) > sets content to empty string (not null) when reasoning_content is present [0.67ms]
@aryee337/aery-ai test: (pass) DeepSeek reasoning_content tool-call replay > reasoning_content on non-tool-call assistant turns (Fix 4) > injects empty reasoning_content on plain text assistant turn for DeepSeek [0.47ms]
@aryee337/aery-ai test: (pass) DeepSeek reasoning_content tool-call replay > reasoning_content on non-tool-call assistant turns (Fix 4) > injects reasoning_content from thinking blocks on plain text assistant turn [0.41ms]
@aryee337/aery-ai test: (pass) DeepSeek reasoning_content tool-call replay > reasoning_content on non-tool-call assistant turns (Fix 4) > does NOT inject reasoning_content on non-tool-call turn for non-DeepSeek providers [0.68ms]
@aryee337/aery-ai test: (pass) DeepSeek reasoning_content tool-call replay > synthetic placeholder for non-DeepSeek providers (Tier 3) > still uses "." placeholder for Kimi models that accept it [1.73ms]
@aryee337/aery-ai test: 
@aryee337/aery-ai test: test/remote-auth-store.test.ts:
@aryee337/aery-ai test: (pass) RemoteAuthCredentialStore + AuthStorage integration > client-side AuthStorage refreshes via broker override, never via local OAuth path [401.96ms]
@aryee337/aery-ai test: 
@aryee337/aery-ai test: test/duplicate-tool-results.test.ts:
@aryee337/aery-ai test: (pass) Duplicate Tool Results Regression > should not duplicate tool results for errored messages when results already exist [3.23ms]
@aryee337/aery-ai test: 
@aryee337/aery-ai test: test/issue-945-repro.test.ts:
@aryee337/aery-ai test: (pass) issue #945 — OpenCode Go DeepSeek tool_choice is disabled > omits tool_choice from payload but preserves tools and reasoning_effort [46.65ms]
@aryee337/aery-ai test: 
@aryee337/aery-ai test: test/duplicate-tool-results.test.ts:
@aryee337/aery-ai test: (pass) Duplicate Tool Results Regression > does not synthesize 'No result provided' when a real tool result appears later in history [4.10ms]
@aryee337/aery-ai test: (pass) Duplicate Tool Results Regression > should not duplicate tool results for aborted messages when results already exist [2.25ms]
@aryee337/aery-ai test: (pass) Duplicate Tool Results Regression > should add synthetic tool results when none exist for errored messages [0.33ms]
@aryee337/aery-ai test: (pass) Duplicate Tool Results Regression > should handle multiple tool calls in errored message with partial results [3.46ms]
@aryee337/aery-ai test: (pass) Orphan Tool Result (handoff/compaction) Regression > drops orphan tool_result with no matching tool_use and preserves content as a user-level note [15.26ms]
@aryee337/aery-ai test: (pass) Orphan Tool Result (handoff/compaction) Regression > pulls delayed real tool results forward before the next assistant turn [5.27ms]
@aryee337/aery-ai test: (pass) Orphan Tool Result (handoff/compaction) Regression > drops orphan tool_result with empty content without emitting an empty developer note [6.49ms]
@aryee337/aery-ai test: (pass) Orphan Tool Result (handoff/compaction) Regression > does not drop tool_result whose tool_use exists later in history (PR #1163 case still handled) [0.25ms]
@aryee337/aery-ai test: (pass) Orphan Tool Result (handoff/compaction) Regression > drops orphan tool_result inside an aborted-tool-call window without corrupting the real later result [7.63ms]
@aryee337/aery-ai test: (pass) Orphan Tool Result (handoff/compaction) Regression > never emits orphan tool output via the developer channel (no instruction-priority elevation) [77.75ms]
@aryee337/aery-ai test: (pass) Codex-style Abort Handling > should preserve tool call structure in aborted messages [0.41ms]
@aryee337/aery-ai test: (pass) Codex-style Abort Handling > should inject turn-aborted guidance marker as synthetic user message [0.25ms]
@aryee337/aery-ai test: (pass) Codex-style Abort Handling > should inject synthetic 'aborted' tool results with isError true [6.27ms]
@aryee337/aery-ai test: (pass) Codex-style Abort Handling > should preserve existing tool results for aborted messages when they were already recorded [0.44ms]
@aryee337/aery-ai test: 
@aryee337/aery-ai test: test/remote-auth-store.test.ts:
@aryee337/aery-ai test: (pass) RemoteAuthCredentialStore + AuthStorage integration > suspect credential refresh updates the client snapshot from the broker response [276.84ms]
@aryee337/aery-ai test: 
@aryee337/aery-ai test: test/event-stream.test.ts:
@aryee337/aery-ai test: (pass) AssistantMessageEventStream > queues adjacent delta events immediately without throttling or merging [0.32ms]
@aryee337/aery-tui test: 
@aryee337/aery-tui test: test/overlay-scroll.test.ts:
@aryee337/aery-tui test: (pass) TUI overlays > limits scrollback while toggling overlays over overflowing content [1068.85ms]
@aryee337/aery-tui test: 
@aryee337/aery-tui test: test/render-regressions.test.ts:
@aryee337/aery-tui test: (pass) TUI terminal-state regressions > resize + viewport behavior > maintains exact viewport rows across repeated width reflow on sparse mixed content [606.64ms]
@aryee337/aery-ai test: 
@aryee337/aery-ai test: test/remote-auth-store.test.ts:
@aryee337/aery-ai test: (pass) RemoteAuthCredentialStore + AuthStorage integration > RemoteAuthCredentialStore rejects writes from the client [102.06ms]
@aryee337/aery-ai test: 
@aryee337/aery-ai test: test/anthropic-stream-timeout.test.ts:
@aryee337/aery-ai test: (pass) anthropic first-event timeout retries > retries when the provider never sends the first stream event [101.10ms]
@aryee337/aery-ai test: (pass) anthropic first-event timeout retries > does not arm the Anthropic first-event watchdog before the stream connects [13.31ms]
@aryee337/aery-ai test: 
@aryee337/aery-ai test: test/remote-auth-store.test.ts:
@aryee337/aery-ai test: (pass) RemoteAuthCredentialStore + AuthStorage integration > getUsageReport coalesces parallel callers and matches by identity [49.98ms]
@aryee337/aery-ai test: 
@aryee337/aery-ai test: test/anthropic-stream-timeout.test.ts:
@aryee337/aery-ai test: (pass) anthropic first-event timeout retries > times out before the Anthropic stream connects and forwards the budget to the SDK request [60.81ms]
@aryee337/aery-tui test: (pass) TUI terminal-state regressions > resize + viewport behavior > repaints viewport when width reflow grows rendered lines [128.40ms]
@aryee337/aery-ai test: (pass) anthropic first-event timeout retries > keeps caller aborts as aborted instead of retrying them as first-event timeouts [41.16ms]
@aryee337/aery-ai test: (pass) anthropic first-event timeout retries > fails hung Anthropic streams between tool-call events instead of waiting forever [102.90ms]
@aryee337/aery-ai test: 
@aryee337/aery-ai test: test/issue-955-repro.test.ts:
@aryee337/aery-ai test: (pass) issue #955 — MiniMax coding-plan plan mode payload > omits unsupported thinking fields for minimax-code/MiniMax-M2.5 [98.74ms]
@aryee337/aery-ai test: (pass) issue #955 — MiniMax coding-plan plan mode payload > omits unsupported thinking fields for minimax-code-cn/MiniMax-M2.5 [2.10ms]
@aryee337/aery-tui test: (pass) TUI terminal-state regressions > resize + viewport behavior > aggressive resize storm does not duplicate viewport content [273.29ms]
@aryee337/aery-ai test: 
@aryee337/aery-ai test: test/remote-auth-store.test.ts:
@aryee337/aery-ai test: (pass) RemoteAuthCredentialStore + AuthStorage integration > client AuthStorage.set forwards api_key login to the broker (replace semantics) [458.26ms]
@aryee337/aery-tui test: (pass) TUI terminal-state regressions > resize + viewport behavior > height-only resize recovers from cursor drift without duplicate rows [164.54ms]
@aryee337/aery-ai test: 
@aryee337/aery-ai test: test/firepass.test.ts:
@aryee337/aery-ai test: (pass) Fire Pass provider > ships a bundled Kimi K2.6 Turbo entry on the firepass provider [0.15ms]
@aryee337/aery-ai test: (pass) Fire Pass provider > translates the friendly id to the router wire id when calling chat completions [132.96ms]
@aryee337/aery-ai test: (pass) Fire Pass provider > forwards the catalog-exposed xhigh effort verbatim to the Fire Pass router [6.18ms]
@aryee337/aery-ai test: (pass) Fire Pass provider > falls back to the catalog max_tokens when the caller omits it (Kimi K2 docs guidance) [32.28ms]
@aryee337/aery-ai test: (pass) Fire Pass provider > applies the Kimi max_tokens default to canonical Fire Pass router ids [8.64ms]
@aryee337/aery-ai test: 
@aryee337/aery-ai test: test/remote-auth-store.test.ts:
@aryee337/aery-ai test: (pass) RemoteAuthCredentialStore + AuthStorage integration > client AuthStorage.remove disables every broker-side credential for the provider (logout) [447.71ms]
@aryee337/aery-ai test: 
@aryee337/aery-ai test: test/anthropic-thinking-immutability.test.ts:
@aryee337/aery-ai test: (pass) Anthropic thinking replay immutability > preserves signed-thinking blocks while normalizing non-thinking content [11.41ms]
@aryee337/aery-ai test: 
@aryee337/aery-ai test: test/issue-957-repro.test.ts:
@aryee337/aery-ai test: (pass) issue #957 - Kimi OAuth refresh > subtracts the 5-minute skew when parsing Kimi token expiry [28.51ms]
@aryee337/aery-tui test: 
@aryee337/aery-tui test: test/overlay-scroll.test.ts:
@aryee337/aery-tui test: (pass) TUI overlays > keeps scrollback bounded under rapid micro-resize oscillation [1309.72ms]
@aryee337/aery-ai test: (pass) issue #957 - Kimi OAuth refresh > refreshes Kimi credentials through AuthStorage before the local expiry [267.87ms]
@aryee337/aery-ai test: 
@aryee337/aery-ai test: test/request-debug.test.ts:
@aryee337/aery-ai test: (pass) PI_REQ_DEBUG request/response recording > leaves fetch untouched when the flag is disabled [14.21ms]
@aryee337/aery-ai test: 
@aryee337/aery-ai test: test/github-copilot-anthropic-auth.test.ts:
@aryee337/aery-ai test: (pass) Anthropic Copilot auth config > uses apiKey: null and Authorization Bearer for Copilot models [1.60ms]
@aryee337/aery-ai test: (pass) Anthropic Copilot auth config > uses bearer-only auth for OpenCode Go Anthropic models [3.62ms]
@aryee337/aery-ai test: (pass) Anthropic Copilot auth config > unwraps structured Copilot credentials before setting Authorization [0.55ms]
@aryee337/aery-ai test: (pass) Anthropic Copilot auth config > uses model baseUrl directly (no proxy-ep extraction) [0.16ms]
@aryee337/aery-ai test: (pass) Anthropic Copilot auth config > routes structured enterprise credentials to the enterprise baseUrl [0.14ms]
@aryee337/aery-ai test: (pass) Anthropic Copilot auth config > includes Copilot static headers from model.headers [0.15ms]
@aryee337/aery-ai test: (pass) Anthropic Copilot auth config > includes interleaved-thinking beta header when enabled [0.11ms]
@aryee337/aery-ai test: (pass) Anthropic Copilot auth config > does not include fine-grained-tool-streaming beta for Copilot [0.14ms]
@aryee337/aery-ai test: (pass) Anthropic Copilot auth config > does not set isOAuthToken for Copilot models [0.20ms]
@aryee337/aery-ai test: (pass) Anthropic Copilot auth config > normalizes trailing /v1 in anthropic base URLs [0.23ms]
@aryee337/aery-ai test: (pass) Anthropic Copilot auth config > builds anthropic auth URLs from the normalized service root [0.11ms]
@aryee337/aery-ai test: 
@aryee337/aery-ai test: test/request-debug.test.ts:
@aryee337/aery-ai test: (pass) PI_REQ_DEBUG request/response recording > records request JSON before fetch and raw response bytes after headers [106.95ms]
@aryee337/aery-ai test: (pass) PI_REQ_DEBUG request/response recording > keeps the partial response log when the response body is cancelled [5.81ms]
@aryee337/aery-ai test: 
@aryee337/aery-ai test: test/anthropic-thinking-only-length-truncated.test.ts:
@aryee337/aery-ai test: (pass) transformMessages drops thinking-only assistant turns > drops length-truncated thinking-only assistant turn so no consecutive assistants reach the API [11.86ms]
@aryee337/aery-ai test: (pass) transformMessages drops thinking-only assistant turns > drops error-stop thinking-only assistant turn AND emits the aborted-turn developer note [0.25ms]
@aryee337/aery-ai test: (pass) transformMessages drops thinking-only assistant turns > keeps assistant turns that have a `text` block even when stopped at length [0.25ms]
@aryee337/aery-ai test: 
@aryee337/aery-ai test: test/request-debug.test.ts:
@aryee337/aery-ai test: (pass) PI_REQ_DEBUG request/response recording > injects the debug fetch into provider options when callers did not pass fetch [67.96ms]
@aryee337/aery-ai test: 
@aryee337/aery-ai test: test/github-copilot-anthropic-auth.test.ts:
@aryee337/aery-ai test: (pass) Anthropic Copilot auth config > forwards initiatorOverride to Copilot message requests [161.03ms]
@aryee337/aery-tui test: (pass) TUI overlays > avoids scrollback growth on repeated no-op renders with overflowing content [541.94ms]
@aryee337/aery-ai test: 
@aryee337/aery-ai test: test/anthropic-tool-schema.test.ts:
@aryee337/aery-ai test: (pass) normalizeAnthropicToolSchema — SDK whitelist > number / integer nodes > demotes range and multipleOf keywords on number nodes [9.34ms]
@aryee337/aery-ai test: (pass) normalizeAnthropicToolSchema — SDK whitelist > number / integer nodes > demotes range and multipleOf keywords on integer nodes [3.00ms]
@aryee337/aery-ai test: (pass) normalizeAnthropicToolSchema — SDK whitelist > number / integer nodes > demotes numeric range keywords on union-type nodes that include number [3.19ms]
@aryee337/aery-ai test: (pass) normalizeAnthropicToolSchema — SDK whitelist > string nodes > demotes pattern / minLength / maxLength into description [0.14ms]
@aryee337/aery-ai test: (pass) normalizeAnthropicToolSchema — SDK whitelist > string nodes > keeps `format` only when in the supported value set [0.21ms]
@aryee337/aery-ai test: (pass) normalizeAnthropicToolSchema — SDK whitelist > array nodes > keeps minItems only when 0 or 1, spills otherwise; demotes maxItems / uniqueItems [0.25ms]
@aryee337/aery-ai test: (pass) normalizeAnthropicToolSchema — SDK whitelist > array nodes > recurses into `items` and `prefixItems` [1.13ms]
@aryee337/aery-ai test: (pass) normalizeAnthropicToolSchema — SDK whitelist > object nodes > defaults additionalProperties to false on closed objects [0.22ms]
@aryee337/aery-ai test: 
@aryee337/aery-ai test: test/github-copilot-error.test.ts:
@aryee337/aery-ai test: (pass) rewriteCopilotError > returns original message for non-copilot providers [0.14ms]
@aryee337/aery-ai test: (pass) rewriteCopilotError > returns original message for non-401/403 errors [0.09ms]
@aryee337/aery-ai test: (pass) rewriteCopilotError > rewrites message for 401 with github-copilot provider [0.06ms]
@aryee337/aery-ai test: (pass) rewriteCopilotError > rewrites 403 with access-denied message (not auth-failed, to avoid credential removal) [0.06ms]
@aryee337/aery-ai test: (pass) rewriteCopilotError > rewrites 400 model_not_supported with rollout-gap guidance [0.08ms]
@aryee337/aery-ai test: (pass) rewriteCopilotError > leaves non-copilot 400 model_not_supported untouched [0.04ms]
@aryee337/aery-ai test: (pass) rewriteCopilotError > leaves 400 without model_not_supported code untouched [0.05ms]
@aryee337/aery-ai test: 
@aryee337/aery-ai test: test/anthropic-tool-schema.test.ts:
@aryee337/aery-ai test: (pass) normalizeAnthropicToolSchema — SDK whitelist > object nodes > preserves explicit open-map declarations (additionalProperties: true) [0.88ms]
@aryee337/aery-ai test: (pass) normalizeAnthropicToolSchema — SDK whitelist > object nodes > preserves and recurses into additionalProperties schema literals [0.18ms]
@aryee337/aery-ai test: (pass) normalizeAnthropicToolSchema — SDK whitelist > object nodes > demotes patternProperties / propertyNames / minItems on objects [2.26ms]
@aryee337/aery-ai test: (pass) normalizeAnthropicToolSchema — SDK whitelist > universal preservation > appends spilled keywords to an existing description with a blank line [0.71ms]
@aryee337/aery-ai test: (pass) normalizeAnthropicToolSchema — SDK whitelist > universal preservation > preserves universal keys: $ref, $defs, anyOf, enum, const, default, title [0.40ms]
@aryee337/aery-ai test: (pass) normalizeAnthropicToolSchema — parity with anthropic-sdk-python transform_schema > preserves a lone $ref node [0.07ms]
@aryee337/aery-ai test: (pass) normalizeAnthropicToolSchema — parity with anthropic-sdk-python transform_schema > recurses into anyOf variants and spills per-variant constraints [0.14ms]
@aryee337/aery-ai test: (pass) normalizeAnthropicToolSchema — parity with anthropic-sdk-python transform_schema > keeps enum on string nodes verbatim [0.11ms]
@aryee337/aery-ai test: (pass) normalizeAnthropicToolSchema — parity with anthropic-sdk-python transform_schema > recurses into allOf variants and defaults additionalProperties on each object branch [1.12ms]
@aryee337/aery-ai test: (pass) normalizeAnthropicToolSchema — parity with anthropic-sdk-python transform_schema > preserves object description / required / additionalProperties=false and spills per-property constraints [0.32ms]
@aryee337/aery-ai test: (pass) normalizeAnthropicToolSchema — parity with anthropic-sdk-python transform_schema > spills minItems>1 into description with the SDK's two-newline preamble [0.19ms]
@aryee337/aery-ai test: (pass) normalizeAnthropicToolSchema — parity with anthropic-sdk-python transform_schema > keeps an allowlisted string format alongside a preserved default [0.11ms]
@aryee337/aery-ai test: (pass) normalizeAnthropicToolSchema — parity with anthropic-sdk-python transform_schema > passes a bare string node through unchanged [0.05ms]
@aryee337/aery-ai test: (pass) normalizeAnthropicToolSchema — parity with anthropic-sdk-python transform_schema > spills integer min/max/exclusive keywords in source order under description [0.22ms]
@aryee337/aery-ai test: (pass) normalizeAnthropicToolSchema — parity with anthropic-sdk-python transform_schema > passes boolean nodes with description through unchanged [0.09ms]
@aryee337/aery-ai test: (pass) normalizeAnthropicToolSchema — parity with anthropic-sdk-python transform_schema > passes a null-type node through unchanged [0.07ms]
@aryee337/aery-ai test: (pass) normalizeAnthropicToolSchema — parity with anthropic-sdk-python transform_schema > does not mutate the input schema's enumerable structure [0.17ms]
@aryee337/aery-ai test: (pass) normalizeAnthropicToolSchema — parity with anthropic-sdk-python transform_schema > resolves self-referential schemas without infinite recursion [5.78ms]
@aryee337/aery-ai test: 
@aryee337/aery-ai test: test/api-registry.test.ts:
@aryee337/aery-ai test: (pass) custom API registry > rejects registrations that collide with built-in API names [0.45ms]
@aryee337/aery-ai test: (pass) custom API registry > unregisterCustomApis removes only matching source registrations [0.36ms]
@aryee337/aery-ai test: (pass) custom API registry > clearCustomApis removes all custom APIs [0.08ms]
@aryee337/aery-ai test: 
@aryee337/aery-ai test: test/schema-compatibility.test.ts:
@aryee337/aery-ai test: (pass) schema compatibility validation > validates strict-mode schemas after enforcement [1.71ms]
@aryee337/aery-ai test: (pass) schema compatibility validation > validates strict-mode fail-open contract when enforcement falls back [2.66ms]
@aryee337/aery-ai test: (pass) schema compatibility validation > reports strict-mode violations for incompatible schemas [0.35ms]
@aryee337/aery-ai test: (pass) schema compatibility validation > validates Google-compatible schemas after sanitization [2.80ms]
@aryee337/aery-ai test: (pass) schema compatibility validation > reports Google violations for unsupported schema features [0.14ms]
@aryee337/aery-ai test: (pass) schema compatibility validation > validates Cloud Code Assist Claude schemas after normalization [6.33ms]
@aryee337/aery-ai test: (pass) schema compatibility validation > reports Cloud Code Assist residual incompatibilities [12.74ms]
@aryee337/aery-ai test: 
@aryee337/aery-ai test: test/apply-patch-freeform.test.ts:
@aryee337/aery-ai test: (pass) supportsFreeformApplyPatch > applyPatchToolType: freeform enables [0.09ms]
@aryee337/aery-ai test: (pass) supportsFreeformApplyPatch > applyPatchToolType: function disables [0.04ms]
@aryee337/aery-ai test: (pass) supportsFreeformApplyPatch > flag is the sole signal — id/baseUrl are irrelevant [0.09ms]
@aryee337/aery-ai test: (pass) convertTools: freeform emission > edit tool with customFormat becomes a custom grammar tool [0.78ms]
@aryee337/aery-ai test: (pass) convertTools: freeform emission > regular tools remain function-type alongside a custom one [9.84ms]
@aryee337/aery-ai test: (pass) convertTools: freeform emission > falls back to function tool when flag is absent [3.00ms]
@aryee337/aery-ai test: (pass) convertTools: freeform emission > applyPatchToolType=function explicitly disables [0.22ms]
@aryee337/aery-ai test: (pass) convertTools: freeform emission > rewrites oneOf to anyOf for non-strict Responses tool schemas [3.00ms]
@aryee337/aery-ai test: (pass) convertTools: freeform emission > rewrites oneOf to anyOf before strict schema enforcement [29.11ms]
@aryee337/aery-ai test: (pass) tool choice mapping: freeform emission > forced internal edit choice targets custom wire name [4.46ms]
@aryee337/aery-ai test: (pass) tool choice mapping: freeform emission > regular forced choices remain function choices [0.18ms]
@aryee337/aery-ai test: (pass) tool choice mapping: freeform emission > codex backend forced internal edit choice targets custom wire name [0.45ms]
@aryee337/aery-ai test: 
@aryee337/aery-ai test: test/schema-dereference.test.ts:
@aryee337/aery-ai test: (pass) dereferenceJsonSchema > returns non-object input unchanged [0.10ms]
@aryee337/aery-ai test: (pass) dereferenceJsonSchema > returns schema without $defs unchanged [0.08ms]
@aryee337/aery-ai test: 
@aryee337/aery-ai test: test/apply-patch-freeform.test.ts:
@aryee337/aery-ai test: (pass) custom_tool_call stream receive > strips streaming parse bookkeeping from function-call output blocks [48.64ms]
@aryee337/aery-ai test: (pass) custom_tool_call stream receive > persists final args on the block when finalized via output_item.done without an args.done event [0.79ms]
@aryee337/aery-ai test: (pass) custom_tool_call stream receive > aggregates delta events into a ToolCall with input arg [0.64ms]
@aryee337/aery-ai test: 
@aryee337/aery-ai test: test/schema-dereference.test.ts:
@aryee337/aery-ai test: (pass) dereferenceJsonSchema > inlines a simple $ref from $defs [10.65ms]
@aryee337/aery-ai test: (pass) dereferenceJsonSchema > inlines $ref from definitions (legacy keyword) [0.21ms]
@aryee337/aery-ai test: (pass) dereferenceJsonSchema > inlines nested $ref inside arrays (items, anyOf, oneOf) [2.37ms]
@aryee337/aery-ai test: (pass) dereferenceJsonSchema > handles $ref inside a definition pointing to another definition [0.26ms]
@aryee337/aery-ai test: (pass) dereferenceJsonSchema > breaks circular $ref with empty object [0.14ms]
@aryee337/aery-ai test: (pass) dereferenceJsonSchema > leaves external $ref untouched [1.52ms]
@aryee337/aery-ai test: 
@aryee337/aery-ai test: test/apply-patch-freeform.test.ts:
@aryee337/aery-ai test: (pass) custom_tool_call stream receive > synthesizes a non-empty item id when custom output item id is absent [7.44ms]
@aryee337/aery-ai test: (pass) codex-backend convertTools (chatgpt.com/backend-api) > edit tool with customFormat becomes a custom grammar tool when flag is set [0.49ms]
@aryee337/aery-ai test: (pass) codex-backend convertTools (chatgpt.com/backend-api) > wire shape matches direct-OpenAI convertTools (single serializer contract) [2.38ms]
@aryee337/aery-ai test: (pass) codex-backend convertTools (chatgpt.com/backend-api) > falls back to function tool when flag is absent [3.08ms]
@aryee337/aery-ai test: (pass) dispatcher wire-name matching > ToolCall.name matches a Tool via its customWireName [6.93ms]
@aryee337/aery-ai test: (pass) dispatcher wire-name matching > prefers name over customWireName when both would match [2.69ms]
@aryee337/aery-ai test: (pass) history replay: custom_tool_call round-trip > assistant tool-call block with customWireName replays as custom_tool_call [3.49ms]
@aryee337/aery-ai test: (pass) history replay: custom_tool_call round-trip > custom tool call omits item id when replayed across same-provider model switch [0.72ms]
@aryee337/aery-ai test: (pass) history replay: custom_tool_call round-trip > paired tool result emits custom_tool_call_output when custom id is tracked [0.54ms]
@aryee337/aery-ai test: (pass) history replay: custom_tool_call round-trip > tool result for a non-custom call still emits function_call_output [8.50ms]
@aryee337/aery-ai test: 
@aryee337/aery-ai test: test/schema-dereference.test.ts:
@aryee337/aery-ai test: (pass) dereferenceJsonSchema > preserves sibling keywords alongside $ref [71.95ms]
@aryee337/aery-ai test: (pass) dereferenceJsonSchema > handles multiple properties referencing the same $def [0.26ms]
@aryee337/aery-ai test: (pass) dereferenceJsonSchema > reproduces the nucleus write_memory schema pattern [0.30ms]
@aryee337/aery-ai test: 
@aryee337/aery-ai test: test/issue-959-repro.test.ts:
@aryee337/aery-ai test: (pass) issue #959 - deepseek chat-template token leakage > strips leaked deepseek chat-template markers from visible text for deepseek providers [170.33ms]
@aryee337/aery-ai test: (pass) issue #959 - deepseek chat-template token leakage > holds partial deepseek markers across chunks before stripping them [12.79ms]
@aryee337/aery-tui test: (pass) TUI overlays > stays stable with direct row-delta movement [1140.70ms]
@aryee337/aery-ai test: 
@aryee337/aery-ai test: test/github-copilot-headers.test.ts:
@aryee337/aery-ai test: (pass) inferCopilotInitiator > returns 'user' when there are no messages [0.16ms]
@aryee337/aery-ai test: (pass) inferCopilotInitiator > returns 'agent' when last message role is assistant [0.15ms]
@aryee337/aery-ai test: (pass) inferCopilotInitiator > returns 'agent' when last message is toolResult [0.08ms]
@aryee337/aery-ai test: (pass) inferCopilotInitiator > returns 'user' when last message is user with text content [0.09ms]
@aryee337/aery-ai test: (pass) inferCopilotInitiator > returns 'user' when last message is user with text content blocks [0.09ms]
@aryee337/aery-ai test: (pass) inferCopilotInitiator > prefers explicit attribution over role when attribution is agent [0.11ms]
@aryee337/aery-ai test: (pass) inferCopilotInitiator > prefers explicit attribution over role when attribution is user [0.07ms]
@aryee337/aery-ai test: (pass) inferCopilotInitiator > returns 'agent' when last message is user but last content block is tool_result [0.07ms]
@aryee337/aery-ai test: (pass) inferCopilotInitiator > returns 'agent' for any non-user role [0.11ms]
@aryee337/aery-ai test: (pass) getCopilotInitiatorOverride > returns undefined when no initiator header is configured [0.20ms]
@aryee337/aery-ai test: (pass) getCopilotInitiatorOverride > returns the last valid case-insensitive initiator value [0.14ms]
@aryee337/aery-ai test: (pass) getCopilotInitiatorOverride > ignores invalid initiator values [0.06ms]
@aryee337/aery-ai test: (pass) hasCopilotVisionInput > returns false when no messages have images [0.11ms]
@aryee337/aery-ai test: (pass) hasCopilotVisionInput > returns true when a user message has image content [5.27ms]
@aryee337/aery-ai test: (pass) hasCopilotVisionInput > returns true when a toolResult has image content [0.21ms]
@aryee337/aery-ai test: (pass) hasCopilotVisionInput > returns false when user message has only text content [0.08ms]
@aryee337/aery-ai test: (pass) getCopilotPremiumMultiplier > returns bundled multiplier metadata for paid-tier Copilot plans [0.29ms]
@aryee337/aery-ai test: (pass) getCopilotPremiumMultiplier > treats zero-multiplier models as 1x for free-tier or unknown plans [0.08ms]
@aryee337/aery-ai test: (pass) getCopilotPremiumMultiplier > defaults to 1x when multiplier metadata is missing [0.55ms]
@aryee337/aery-ai test: (pass) buildCopilotDynamicHeaders > uses model multiplier for user-initiated requests [0.15ms]
@aryee337/aery-ai test: (pass) buildCopilotDynamicHeaders > uses 0x multiplier for included models on paid-tier plans [0.07ms]
@aryee337/aery-ai test: (pass) buildCopilotDynamicHeaders > treats included models as 1x for free-tier plans [0.06ms]
@aryee337/aery-ai test: (pass) buildCopilotDynamicHeaders > defaults unknown or missing plan tiers to free-tier behavior [0.08ms]
@aryee337/aery-ai test: (pass) buildCopilotDynamicHeaders > preserves explicit initiator override over inferred value and sets 0 premium requests for agent [0.10ms]
@aryee337/aery-ai test: (pass) buildCopilotDynamicHeaders > sets Copilot-Vision-Request when hasImages is true [0.11ms]
@aryee337/aery-ai test: (pass) buildCopilotDynamicHeaders > defaults to 1x when premium multiplier is not provided [0.06ms]
@aryee337/aery-ai test: 
@aryee337/aery-ai test: test/issue-967-vision-guard.test.ts:
@aryee337/aery-ai test: (pass) issue #967 vision guard > strips non-vision images from OpenAI chat-completions user and tool-result payloads [2.37ms]
@aryee337/aery-ai test: (pass) issue #967 vision guard > strips non-vision images from OpenAI responses payload builders [2.48ms]
@aryee337/aery-ai test: (pass) issue #967 vision guard > strips non-vision images from Codex responses user and tool-result payloads [1.87ms]
@aryee337/aery-ai test: (pass) issue #967 vision guard > strips non-vision images from Anthropic payloads [0.69ms]
@aryee337/aery-ai test: (pass) issue #967 vision guard > strips non-vision images from Google payloads [1.90ms]
@aryee337/aery-ai test: 
@aryee337/aery-ai test: test/schema-helpers.test.ts:
@aryee337/aery-ai test: (pass) isJsonObject > returns true for plain objects [0.16ms]
@aryee337/aery-ai test: (pass) isJsonObject > returns false for arrays [0.45ms]
@aryee337/aery-ai test: (pass) isJsonObject > returns false for primitives and null [0.38ms]
@aryee337/aery-ai test: (pass) areJsonValuesEqual > returns true for identical primitives [0.48ms]
@aryee337/aery-ai test: (pass) areJsonValuesEqual > returns false for different primitives [0.08ms]
@aryee337/aery-ai test: (pass) areJsonValuesEqual > compares nested objects deeply [0.14ms]
@aryee337/aery-ai test: (pass) areJsonValuesEqual > compares arrays element-wise [0.08ms]
@aryee337/aery-ai test: (pass) areJsonValuesEqual > handles mixed types correctly [0.08ms]
@aryee337/aery-ai test: (pass) areJsonValuesEqual > handles empty structures [0.26ms]
@aryee337/aery-ai test: (pass) areJsonValuesEqual > distinguishes NaN via Object.is [0.28ms]
@aryee337/aery-ai test: (pass) areJsonValuesEqual > distinguishes +0 and -0 via Object.is [0.14ms]
@aryee337/aery-ai test: (pass) mergeCompatibleEnumSchemas > merges two enum schemas with the same type [1.91ms]
@aryee337/aery-ai test: (pass) mergeCompatibleEnumSchemas > returns null when types differ [0.22ms]
@aryee337/aery-ai test: (pass) mergeCompatibleEnumSchemas > returns null when non-enum keys differ [0.21ms]
@aryee337/aery-ai test: (pass) mergeCompatibleEnumSchemas > returns null when one input lacks enum [0.30ms]
@aryee337/aery-ai test: (pass) mergeCompatibleEnumSchemas > returns null for non-object inputs [0.20ms]
@aryee337/aery-ai test: (pass) mergeCompatibleEnumSchemas > deduplicates enum values [0.49ms]
@aryee337/aery-ai test: (pass) mergePropertySchemas > returns existing when schemas are equal [0.65ms]
@aryee337/aery-ai test: (pass) mergePropertySchemas > merges compatible enum schemas [0.49ms]
@aryee337/aery-ai test: (pass) mergePropertySchemas > creates anyOf for incompatible schemas [0.70ms]
@aryee337/aery-ai test: (pass) mergePropertySchemas > appends to existing anyOf without duplicates [0.29ms]
@aryee337/aery-ai test: (pass) mergePropertySchemas > does not duplicate when merging with existing anyOf variant [0.27ms]
@aryee337/aery-ai test: (pass) copySchemaWithout > copies all keys except the specified one [0.61ms]
@aryee337/aery-ai test: (pass) copySchemaWithout > returns a copy when key is not present [1.00ms]
@aryee337/aery-ai test: (pass) stripResidualCombiners > collapses same-type anyOf into single schema [0.32ms]
@aryee337/aery-ai test: (pass) stripResidualCombiners > collapses nested residual combiners [0.26ms]
@aryee337/aery-ai test: (pass) stripResidualCombiners > preserves non-collapsible combiners [0.27ms]
@aryee337/aery-ai test: (pass) stripResidualCombiners > passes through primitives and arrays unchanged [0.10ms]
@aryee337/aery-ai test: (pass) adaptSchemaForStrict > passes through when strict is false [0.15ms]
@aryee337/aery-ai test: (pass) adaptSchemaForStrict > enforces strict mode for valid schemas [0.39ms]
@aryee337/aery-ai test: (pass) adaptSchemaForStrict > degrades gracefully for non-representable schemas [1.35ms]
@aryee337/aery-ai test: (pass) adaptSchemaForStrict > degrades gracefully for schemas with patternProperties maps [0.26ms]
@aryee337/aery-ai test: 
@aryee337/aery-ai test: test/github-copilot-login.test.ts:
@aryee337/aery-ai test: (pass) loginGitHubCopilot > happy path (github.com) [6.95ms]
@aryee337/aery-ai test: (pass) loginGitHubCopilot > enterprise domain [3.12ms]
@aryee337/aery-ai test: (pass) loginGitHubCopilot > blank domain uses github.com [5.51ms]
@aryee337/aery-ai test: 
@aryee337/aery-ai test: test/schema-normalization.test.ts:
@aryee337/aery-ai test: (pass) mergeCompatibleEnumSchemas > deduplicates object-valued enum members by deep equality [0.28ms]
@aryee337/aery-ai test: (pass) mergeCompatibleEnumSchemas > deduplicates structurally equal nested enum values and appends novel ones [0.15ms]
@aryee337/aery-ai test: (pass) sanitizeSchemaForStrictMode > converts nullable keyword to explicit null union [0.18ms]
@aryee337/aery-ai test: (pass) sanitizeSchemaForStrictMode > hoists description to the wrapper when wrapping `nullable: true` as an anyOf [0.12ms]
@aryee337/aery-ai test: (pass) sanitizeSchemaForStrictMode > strips not branches [0.11ms]
@aryee337/aery-ai test: (pass) sanitizeSchemaForStrictMode > merges const into existing enum instead of overwriting [0.14ms]
@aryee337/aery-ai test: (pass) upgradeJsonSchemaTo202012 > infers draft-07 tuple and dependency keywords without a $schema URI [1.22ms]
@aryee337/aery-ai test: (pass) upgradeJsonSchemaTo202012 > returns unchanged schemas by identity when no draft upgrade is needed [0.14ms]
@aryee337/aery-ai test: 
@aryee337/aery-ai test: test/github-copilot-login.test.ts:
@aryee337/aery-ai test: (pass) loginGitHubCopilot > invalid domain rejects [0.36ms]
@aryee337/aery-ai test: (pass) loginGitHubCopilot > abort cancellation [0.37ms]
@aryee337/aery-ai test: 
@aryee337/aery-ai test: test/schema-normalization.test.ts:
@aryee337/aery-ai test: (pass) normalizeSchemaForGoogle > sets object type when converting an object const to an enum entry [0.56ms]
@aryee337/aery-ai test: (pass) normalizeSchemaForGoogle > deduplicates a deep-equal object const against an existing enum entry [0.36ms]
@aryee337/aery-ai test: (pass) normalizeSchemaForGoogle > does not stamp a wrong scalar type when const variants span multiple primitive types [0.46ms]
@aryee337/aery-ai test: (pass) normalizeSchemaForGoogle > collapses inferred null type to nullable when const is null [0.15ms]
@aryee337/aery-ai test: (pass) normalizeSchemaForGoogle > preserves a property schema literally named additionalProperties inside properties [0.31ms]
@aryee337/aery-ai test: (pass) normalizeSchemaForGoogle > preserves boolean schemas for a single property literally named additionalProperties [0.18ms]
@aryee337/aery-ai test: (pass) normalizeSchemaForGoogle > inlines local $ref / $defs entries for Google compatibility [0.46ms]
@aryee337/aery-ai test: (pass) normalizeSchemaForGoogle > lifts stripped validation keywords into description [0.57ms]
@aryee337/aery-ai test: (pass) normalizeSchemaForMCP > keeps validation keywords without mutating description [0.22ms]
@aryee337/aery-ai test: (pass) normalizeSchemaForMCP > rewrites a Zod-enum instance leaked as inputSchema [0.73ms]
@aryee337/aery-ai test: (pass) normalizeSchemaForMCP > rewrites a numeric Zod-enum (integer values keep integer type) [0.18ms]
@aryee337/aery-ai test: (pass) normalizeSchemaForMCP > rewrites a Zod-literal instance to a single-element enum [0.18ms]
@aryee337/aery-ai test: (pass) normalizeSchemaForMCP > rewrites a Zod-union of literals (downstream collapses anyOf-of-consts to enum) [0.28ms]
@aryee337/aery-ai test: (pass) normalizeSchemaForMCP > strips null-valued JSON Schema keywords that Zod scalars leak (format: null, minLength: null) [0.20ms]
@aryee337/aery-ai test: (pass) normalizeSchemaForMCP > drops invalid `type` for unmodelled Zod kinds so the residue stays valid [0.10ms]
@aryee337/aery-ai test: (pass) normalizeSchemaForMCP > leaves a genuine JSON Schema that happens to have a `def` property alone [0.14ms]
@aryee337/aery-ai test: (pass) sanitizeSchemaForOpenAIResponses > adds empty properties to object schemas without rewriting literal payloads [0.28ms]
@aryee337/aery-ai test: (pass) sanitizeSchemaForOpenAIResponses > adds empty properties under draft-07 dependencies and draft 2019-09 contentSchema [0.12ms]
@aryee337/aery-ai test: (pass) sanitizeSchemaForOpenAIResponses > adds empty properties when `type` is a draft 2020-12 array including object [0.07ms]
@aryee337/aery-ai test: (pass) sanitizeSchemaForOpenAIResponses > preserves non-array oneOf payloads verbatim instead of dropping them [0.06ms]
@aryee337/aery-ai test: (pass) sanitizeSchemaForOpenAIResponses > does not recurse infinitely on self-referential object schemas [0.09ms]
@aryee337/aery-ai test: (pass) sanitizeSchemaForOpenAIResponses — empty-schema normalization > normalizes {} (empty schema = z.unknown()) to `true` in additionalProperties (issue #1179) [0.07ms]
@aryee337/aery-ai test: (pass) sanitizeSchemaForOpenAIResponses — empty-schema normalization > normalizes {} in items to `true` (z.array(z.unknown())) [0.05ms]
@aryee337/aery-ai test: (pass) sanitizeSchemaForOpenAIResponses — empty-schema normalization > normalizes {} in nested property schemas (z.unknown() as a property value) [0.06ms]
@aryee337/aery-ai test: (pass) sanitizeSchemaForOpenAIResponses — empty-schema normalization > normalizes {} in anyOf branches [0.12ms]
@aryee337/aery-ai test: (pass) sanitizeSchemaForOpenAIResponses — empty-schema normalization > does not normalize non-empty schemas or boolean schemas [0.13ms]
@aryee337/aery-ai test: (pass) enforceStrictSchema and tryEnforceStrictSchema > keeps strict mode enabled for an enum-only root schema by inferring a concrete type [0.32ms]
@aryee337/aery-ai test: (pass) enforceStrictSchema and tryEnforceStrictSchema > keeps strict mode enabled for a const-only root schema by inferring a concrete type [0.20ms]
@aryee337/aery-ai test: (pass) enforceStrictSchema and tryEnforceStrictSchema > infers array type when items is present without an explicit type [0.17ms]
@aryee337/aery-ai test: (pass) enforceStrictSchema and tryEnforceStrictSchema > recurses into $defs and definitions when enforcing strict rules [0.34ms]
@aryee337/aery-ai test: (pass) enforceStrictSchema and tryEnforceStrictSchema > enforces strict object constraints inside tuple items [4.34ms]
@aryee337/aery-ai test: (pass) stripResidualCombiners > collapses identical anyOf variants to the underlying type [0.40ms]
@aryee337/aery-ai test: (pass) stripResidualCombiners > strips residual combiners to a fixpoint at the same node [0.19ms]
@aryee337/aery-ai test: (pass) normalizeSchemaForCCA > collapses same-type anyOf variants when mixed-type collapse bails out [0.85ms]
@aryee337/aery-ai test: (pass) normalizeSchemaForCCA > applies Google unsupported-key stripping before CCA-specific normalization [0.65ms]
@aryee337/aery-ai test: (pass) normalizeSchemaForCCA > lifts stripped validation keywords into description [5.98ms]
@aryee337/aery-ai test: (pass) normalizeSchemaForCCA > uses the same merged object output in shared and gemini-cli Antigravity paths [16.67ms]
@aryee337/aery-ai test: (pass) normalizeSchemaForCCA > does not retain stale required keys after an object-union anyOf merge [0.85ms]
@aryee337/aery-ai test: (pass) normalizeSchemaForCCA > preserves required intersection when merging object anyOf variants with overlapping keys [0.90ms]
@aryee337/aery-ai test: (pass) normalizeSchemaForCCA > does not recurse infinitely when preparing a schema with a circular object graph [0.52ms]
@aryee337/aery-ai test: (pass) normalizeSchemaForCCA > falls back to an empty object schema when the normalized schema is AJV-invalid [5.26ms]
@aryee337/aery-ai test: (pass) circular schema safety > does not overflow the stack when either sanitizer encounters a self-referential object [0.39ms]
@aryee337/aery-ai test: 
@aryee337/aery-ai test: test/github-copilot-login.test.ts:
@aryee337/aery-ai test: (pass) loginGitHubCopilot > poll handles slow_down then succeeds [47.43ms]
@aryee337/aery-ai test: (pass) loginGitHubCopilot > poll timeout [0.68ms]
@aryee337/aery-ai test: (pass) loginGitHubCopilot > device flow error [84.67ms]
@aryee337/aery-ai test: (pass) loginGitHubCopilot > model enablement failure is silent [50.74ms]
@aryee337/aery-ai test: 
@aryee337/aery-ai test: test/auth-broker-refresher.test.ts:
@aryee337/aery-ai test: (pass) AuthBrokerRefresher > refreshes credentials inside the skew window [201.29ms]
@aryee337/aery-ai test: (pass) AuthBrokerRefresher > does not refresh credentials safely outside the skew window [84.42ms]
@aryee337/aery-ai test: 
@aryee337/aery-ai test: test/schema-strict-mode.test.ts:
@aryee337/aery-ai test: (pass) sanitizeSchemaForStrictMode > infers object type, strips non-structural keywords, and converts const to enum [0.50ms]
@aryee337/aery-ai test: (pass) sanitizeSchemaForStrictMode > strips unsupported object-key constraints like propertyNames [0.55ms]
@aryee337/aery-ai test: (pass) sanitizeSchemaForStrictMode > normalizes type arrays into anyOf variants and cleans non-object branches [0.93ms]
@aryee337/aery-ai test: (pass) sanitizeSchemaForStrictMode > keeps existing anyOf constraints inside each normalized type variant [1.14ms]
@aryee337/aery-ai test: (pass) sanitizeSchemaForStrictMode > inlines `default` value into `description` before stripping it [0.38ms]
@aryee337/aery-ai test: (pass) sanitizeSchemaForStrictMode > preserves `default` for various primitive types when inlining [0.25ms]
@aryee337/aery-ai test: (pass) sanitizeSchemaForStrictMode > does not double-inline when description already mentions `(default:` [0.12ms]
@aryee337/aery-ai test: (pass) sanitizeSchemaForStrictMode > strips `default` when no sibling description exists (no synthesis) [0.10ms]
@aryee337/aery-ai test: (pass) sanitizeSchemaForStrictMode > inlines falsy and null defaults without treating them as absent [0.15ms]
@aryee337/aery-ai test: (pass) sanitizeSchemaForStrictMode > inlines defaults on nested object properties via recursion [0.29ms]
@aryee337/aery-ai test: (pass) sanitizeSchemaForStrictMode > hoists shared description to the wrapper when expanding a nullable type-array [0.31ms]
@aryee337/aery-ai test: (pass) sanitizeSchemaForStrictMode > unravels `$ref` with sibling keys by inlining the resolved def (siblings win) [0.69ms]
@aryee337/aery-ai test: (pass) sanitizeSchemaForStrictMode > preserves bare `$ref` with no sibling keys [0.37ms]
@aryee337/aery-ai test: (pass) sanitizeSchemaForStrictMode > leaves unresolvable `$ref` siblings intact [0.22ms]
@aryee337/aery-ai test: (pass) sanitizeSchemaForStrictMode > inlines single-element `allOf` and drops the keyword [3.80ms]
@aryee337/aery-ai test: (pass) sanitizeSchemaForStrictMode > inlines single-element `allOf` with the inlined entry winning over siblings [1.18ms]
@aryee337/aery-ai test: (pass) sanitizeSchemaForStrictMode > does not collapse `allOf` when it has multiple entries [0.31ms]
@aryee337/aery-ai test: (pass) sanitizeSchemaForStrictMode > end-to-end: nested objects all get additionalProperties:false + full required (SDK parity) [1.49ms]
@aryee337/aery-ai test: 
@aryee337/aery-ai test: test/auth-broker-refresher.test.ts:
@aryee337/aery-ai test: (pass) AuthBrokerRefresher > disables credentials on definitive failure (invalid_grant) [70.46ms]
@aryee337/aery-ai test: 
@aryee337/aery-ai test: test/schema-strict-mode.test.ts:
@aryee337/aery-ai test: (pass) enforceStrictSchema > converts optional properties to nullable schemas and requires all object keys [80.75ms]
@aryee337/aery-ai test: (pass) enforceStrictSchema > never emits undefined as a schema type [2.68ms]
@aryee337/aery-ai test: (pass) enforceStrictSchema > normalizes malformed object nodes that declare required keys without properties [0.41ms]
@aryee337/aery-ai test: (pass) enforceStrictSchema > repairs malformed object branches nested under anyOf [0.55ms]
@aryee337/aery-ai test: (pass) enforceStrictSchema > reuses enforced object schemas across shared branches [0.52ms]
@aryee337/aery-ai test: (pass) enforceStrictSchema > treats type arrays containing object as object schemas via tryEnforceStrictSchema [0.55ms]
@aryee337/aery-ai test: (pass) tryEnforceStrictSchema > sanitizes strict schemas by stripping unsupported format keywords [0.37ms]
@aryee337/aery-ai test: (pass) tryEnforceStrictSchema > sanitizes propertyNames so strict mode stays enabled [0.44ms]
@aryee337/aery-ai test: (pass) tryEnforceStrictSchema > downgrades to non-strict mode when strict enforcement throws [0.32ms]
@aryee337/aery-ai test: (pass) tryEnforceStrictSchema > keeps strict mode enabled for valid schemas [0.27ms]
@aryee337/aery-ai test: (pass) tryEnforceStrictSchema > degrades to non-strict when array items is an empty schema [0.46ms]
@aryee337/aery-ai test: 
@aryee337/aery-ai test: test/issue-969-repro.test.ts:
@aryee337/aery-ai test: (pass) issue #969 — custom thinking metadata must preserve explicit xhigh > uses the configured xhigh effort for custom OpenAI-compatible models [307.03ms]
@aryee337/aery-ai test: 
@aryee337/aery-ai test: test/schema-strict-mode.test.ts:
@aryee337/aery-ai test: (pass) tryEnforceStrictSchema > keeps shared object schemas strict-compatible after adaptation [4.69ms]
@aryee337/aery-ai test: (pass) tryEnforceStrictSchema > falls back to non-strict for mixed-primitive enum roots (no representable type) [0.24ms]
@aryee337/aery-ai test: (pass) tryEnforceStrictSchema > falls back to non-strict for non-primitive const roots [0.41ms]
@aryee337/aery-ai test: (pass) tryEnforceStrictSchema > infers a primitive type from enum/const when calling enforceStrictSchema directly [0.38ms]
@aryee337/aery-ai test: (pass) json-schema validator unsupported-keyword regressions > rejects values with keys that fail the propertyNames schema [2.22ms]
@aryee337/aery-ai test: (pass) json-schema validator unsupported-keyword regressions > rejects patternProperties mismatches [0.69ms]
@aryee337/aery-ai test: (pass) json-schema validator unsupported-keyword regressions > rejects values that violate dependentRequired [0.47ms]
@aryee337/aery-ai test: (pass) json-schema validator unsupported-keyword regressions > applies then when if matches and rejects missing required fields [0.44ms]
@aryee337/aery-ai test: (pass) json-schema validator unsupported-keyword regressions > validates contains against array elements [0.85ms]
@aryee337/aery-ai test: (pass) json-schema validator unsupported-keyword regressions > validates prefixItems by index [0.34ms]
@aryee337/aery-ai test: (pass) json-schema validator unsupported-keyword regressions > recursively validates nested values through self-referential $ref [1.11ms]
@aryee337/aery-ai test: (pass) json-schema validator unsupported-keyword regressions > fails primitive $ref chains that exceed the recursion cap instead of accepting invalid values [1.03ms]
@aryee337/aery-ai test: (pass) meta-validator conditional keywords > accepts well-formed if/then/else [0.58ms]
@aryee337/aery-ai test: (pass) meta-validator conditional keywords > rejects malformed if (must be a schema, not an array) [0.21ms]
@aryee337/aery-ai test: (pass) meta-validator conditional keywords > rejects malformed then [0.15ms]
@aryee337/aery-ai test: (pass) meta-validator conditional keywords > accepts 2020-12 dependent keywords and rejects obsolete tuple/dependency keywords [0.75ms]
@aryee337/aery-ai test: (pass) Zod root extras preserved through normalize > retains a null-valued unknown root key after tool-argument validation so downstream rejection still triggers [6.17ms]
@aryee337/aery-ai test: 
@aryee337/aery-ai test: test/auth-broker-refresher.test.ts:
@aryee337/aery-ai test: (pass) AuthBrokerRefresher > keeps credentials on transient failures (timeout/network) [73.22ms]
@aryee337/aery-ai test: 
@aryee337/aery-ai test: test/issue-976-repro.test.ts:
@aryee337/aery-ai test: (pass) issue #976 — legacy string systemPrompt > accepts a single string systemPrompt without crashing request building [1.02ms]
@aryee337/aery-ai test: 
@aryee337/aery-ai test: test/json-parse.test.ts:
@aryee337/aery-ai test: (pass) JSON repair > leaves valid string escapes unchanged [0.83ms]
@aryee337/aery-ai test: (pass) JSON repair > escapes raw control characters inside string literals [0.23ms]
@aryee337/aery-ai test: (pass) JSON repair > preserves invalid simple escapes as literal backslashes [9.63ms]
@aryee337/aery-ai test: (pass) JSON repair > returns an empty object for whitespace-only streaming JSON [0.18ms]
@aryee337/aery-ai test: 
@aryee337/aery-ai test: test/github-copilot-model-limits.test.ts:
@aryee337/aery-ai test: (pass) github copilot model limits mapping > uses configured base URL for discovery [105.13ms]
@aryee337/aery-ai test: (pass) github copilot model limits mapping > unwraps structured OAuth keys for discovery and routes enterprise discovery to the enterprise host [11.75ms]
@aryee337/aery-ai test: 
@aryee337/aery-ai test: test/kagi-login.test.ts:
@aryee337/aery-ai test: (pass) kagi login > opens Kagi API settings and prompts for key [6.26ms]
@aryee337/aery-ai test: (pass) kagi login > rejects empty keys [0.28ms]
@aryee337/aery-ai test: (pass) kagi login > requires onPrompt callback [10.20ms]
@aryee337/aery-ai test: 
@aryee337/aery-ai test: test/github-copilot-model-limits.test.ts:
@aryee337/aery-ai test: (pass) github copilot model limits mapping > uses max_context_window_tokens as context window when Copilot reports a prompt budget [39.36ms]
@aryee337/aery-ai test: (pass) github copilot model limits mapping > falls back to explicit context_length and derives max tokens from max_output_tokens [24.43ms]
@aryee337/aery-ai test: (pass) github copilot model limits mapping > falls back to max_prompt_tokens when total-window fields are absent [7.88ms]
@aryee337/aery-ai test: (pass) github copilot model limits mapping > keeps bundled Copilot fallback limits truthful offline [0.28ms]
@aryee337/aery-ai test: (pass) github copilot model limits mapping > inherits bundled GPT-5.4 mini reasoning metadata during discovery [27.69ms]
@aryee337/aery-ai test: (pass) github copilot model limits mapping > uses max_context_window_tokens before the bundled reference [5.18ms]
@aryee337/aery-ai test: 
@aryee337/aery-ai test: test/kilo-login.test.ts:
@aryee337/aery-ai test: (pass) kilo oauth login > returns OAuth credentials when device authorization is approved [9.87ms]
@aryee337/aery-ai test: (pass) kilo oauth login > surfaces rate-limit errors from device authorization start [0.39ms]
@aryee337/aery-ai test: (pass) kilo oauth login > surfaces denied device authorization state [1.66ms]
@aryee337/aery-ai test: 
@aryee337/aery-ai test: test/github-copilot-model-limits.test.ts:
@aryee337/aery-ai test: (pass) github copilot model limits mapping > keeps discovered context window through full model resolution for bundled models [26.68ms]
@aryee337/aery-ai test: (pass) github copilot model limits mapping > prefers Copilot-specific bundled reference over global reference [6.09ms]
@aryee337/aery-ai test: 
@aryee337/aery-ai test: test/schema-wire.test.ts:
@aryee337/aery-ai test: (pass) isZodSchema > accepts a live Zod instance [1.39ms]
@aryee337/aery-ai test: (pass) isZodSchema > rejects a JSON-roundtripped Zod schema (prototype lost) [8.29ms]
@aryee337/aery-ai test: (pass) isZodSchema > rejects the raw gitnexus_impact.direction payload from issue #1101 [0.19ms]
@aryee337/aery-ai test: (pass) isZodSchema > rejects plain JSON Schema objects [0.09ms]
@aryee337/aery-ai test: (pass) isZodSchema > rejects non-objects [0.08ms]
@aryee337/aery-ai test: (pass) zodToWireSchema — empty-schema normalization > converts z.unknown() additionalProperties from {} to true (z.record case) [2.05ms]
@aryee337/aery-ai test: (pass) zodToWireSchema — empty-schema normalization > converts z.unknown() items from {} to true (z.array case) [6.57ms]
@aryee337/aery-ai test: (pass) zodToWireSchema — empty-schema normalization > converts z.unknown() property schemas from {} to true [0.74ms]
@aryee337/aery-ai test: (pass) zodToWireSchema — empty-schema normalization > does not touch non-empty schemas or boolean values [0.62ms]
@aryee337/aery-ai test: (pass) zodToWireSchema — nullable scalar normalization > rewrites nullable scalar anyOf to a type array while preserving metadata [16.36ms]
@aryee337/aery-ai test: (pass) zodToWireSchema — nullable scalar normalization > keeps nullable integers free of Zod safe-integer bounds [9.30ms]
@aryee337/aery-ai test: (pass) zodToWireSchema — nullable scalar normalization > leaves mixed nullable unions as anyOf [7.04ms]
@aryee337/aery-ai test: (pass) normalizeEmptySchemas > normalizes {} in additionalProperties / items / property values / combiner branches [0.34ms]
@aryee337/aery-ai test: (pass) normalizeEmptySchemas > leaves non-empty schemas and boolean values alone [0.13ms]
@aryee337/aery-ai test: (pass) toolWireSchema — empty-schema normalization across both paths > normalizes {} → true for Zod tools (z.record(z.string(), z.unknown())) [2.53ms]
@aryee337/aery-ai test: (pass) toolWireSchema — empty-schema normalization across both paths > normalizes {} → true for TypeBox / raw JSON Schema tools [2.99ms]
@aryee337/aery-ai test: (pass) toolWireSchema — empty-schema normalization across both paths > normalizes nullable scalar anyOf for TypeBox / raw JSON Schema tools [0.34ms]
@aryee337/aery-ai test: (pass) toolWireSchema — empty-schema normalization across both paths > preserves raw JSON Schema required defaults and safe-integer bounds [3.37ms]
@aryee337/aery-ai test: (pass) provider normalizers on normalized open-record schemas > Anthropic preserves additionalProperties: true so strict-mode opt-out still fires [1.70ms]
@aryee337/aery-ai test: 
@aryee337/aery-ai test: test/mock-provider.test.ts:
@aryee337/aery-ai test: (pass) mock provider > createMockModel produces a Model<'mock'> with the configured id and provider [0.63ms]
@aryee337/aery-ai test: 
@aryee337/aery-ai test: test/schema-wire.test.ts:
@aryee337/aery-ai test: (pass) provider normalizers on normalized open-record schemas > Google strips additionalProperties entirely (UNSUPPORTED_SCHEMA_FIELDS) [5.58ms]
@aryee337/aery-ai test: (pass) provider normalizers on normalized open-record schemas > CCA (Claude on Cloud Code Assist) strips additionalProperties entirely [6.30ms]
@aryee337/aery-ai test: 
@aryee337/aery-ai test: test/mock-provider.test.ts:
@aryee337/aery-ai test: (pass) mock provider > emits start → text_start/delta/end → done for a single text response [14.76ms]
@aryee337/aery-ai test: (pass) mock provider > emits a toolcall block and defaults stopReason to 'toolUse' [4.11ms]
@aryee337/aery-ai test: (pass) mock provider > scripts a sequence; each call consumes one response in order [0.48ms]
@aryee337/aery-ai test: (pass) mock provider > fallback handler runs when the script is exhausted [0.47ms]
@aryee337/aery-ai test: (pass) mock provider > handler receives the context and options [0.30ms]
@aryee337/aery-ai test: 
@aryee337/aery-ai test: test/schema-wire.test.ts:
@aryee337/aery-ai test: (pass) decontaminateZodInstance — nullable union > z.union([z.string(), z.number()]).nullable() produces a null-tolerant schema [7.57ms]
@aryee337/aery-ai test: 
@aryee337/aery-ai test: test/mock-provider.test.ts:
@aryee337/aery-ai test: (pass) mock provider > response.throw produces a terminal error event with the failure on stopReason/errorMessage [6.01ms]
@aryee337/aery-ai test: (pass) mock provider > calling without a configured response rejects on the next call [0.73ms]
@aryee337/aery-ai test: (pass) mock provider > push() appends to the script at runtime [1.48ms]
@aryee337/aery-ai test: (pass) mock provider > reset() clears recorded calls and the extras queue but leaves the constructor source alone [2.61ms]
@aryee337/aery-ai test: (pass) mock provider > registerMockApi exposes streamMock through the custom-API registry [0.26ms]
@aryee337/aery-ai test: (pass) mock provider > delayMs honors the AbortSignal and surfaces a terminal aborted result [7.35ms]
@aryee337/aery-ai test: (pass) mock provider > streamMock with a foreign model fails with a clear message [0.48ms]
@aryee337/aery-ai test: (pass) AssistantMessage shape > result carries api, provider, model id, timestamp, and a populated usage object [0.61ms]
@aryee337/aery-ai test: (pass) AssistantMessage shape > partial usage without totalTokens recomputes the total from components [0.98ms]
@aryee337/aery-ai test: (pass) AssistantMessage shape > partial usage with explicit totalTokens is respected [0.49ms]
@aryee337/aery-ai test: (pass) AssistantMessage shape > partial cost components recompute cost.total when total is omitted [1.39ms]
@aryee337/aery-ai test: (pass) AssistantMessage shape > tool-call ID counter is scoped per mock instance and resets with reset() [2.31ms]
@aryee337/aery-ai test: (pass) mock provider — async-iterable response sources > consumes an async generator one call at a time [0.52ms]
@aryee337/aery-ai test: (pass) mock provider — async-iterable response sources > generator can await external coordination between yields [0.64ms]
@aryee337/aery-ai test: (pass) mock provider — async-iterable response sources > generator can react to call state via the shared handle [7.63ms]
@aryee337/aery-ai test: (pass) mock provider — async-iterable response sources > synchronous iterables work too (Set, custom iterator, etc.) [0.55ms]
@aryee337/aery-ai test: (pass) mock provider — async-iterable response sources > falls through to handler when the iterable is exhausted [0.51ms]
@aryee337/aery-ai test: (pass) mock provider — async-iterable response sources > push() handlers run AFTER the iterable but BEFORE the fallback [0.65ms]
@aryee337/aery-ai test: (pass) mock provider — async-iterable response sources > generator errors propagate to the stream [1.38ms]
@aryee337/aery-ai test: 
@aryee337/aery-ai test: test/service-tier-premium-requests.test.ts:
@aryee337/aery-ai test: (pass) getPriorityPremiumRequests > counts priority tier as one premium request on OpenAI [30.70ms]
@aryee337/aery-ai test: (pass) getPriorityPremiumRequests > counts priority tier as one premium request on OpenAI Codex [0.15ms]
@aryee337/aery-ai test: (pass) getPriorityPremiumRequests > ignores non-priority paid tiers [0.06ms]
@aryee337/aery-ai test: (pass) getPriorityPremiumRequests > ignores default and auto tiers [0.04ms]
@aryee337/aery-ai test: (pass) getPriorityPremiumRequests > ignores priority tier on providers that drop service_tier [0.05ms]
@aryee337/aery-ai test: (pass) getPriorityPremiumRequests > counts priority on direct Anthropic as one premium request (fast mode) [0.03ms]
@aryee337/aery-ai test: (pass) getPriorityPremiumRequests > returns zero when service tier is unset [0.05ms]
@aryee337/aery-ai test: (pass) getPriorityPremiumRequests > scoped tiers > treats `openai-only` as priority on OpenAI and OpenAI-Codex [0.04ms]
@aryee337/aery-ai test: (pass) getPriorityPremiumRequests > scoped tiers > treats `openai-only` as inactive on Anthropic and everywhere else [0.05ms]
@aryee337/aery-ai test: (pass) getPriorityPremiumRequests > scoped tiers > treats `claude-only` as priority on direct Anthropic [0.03ms]
@aryee337/aery-ai test: (pass) getPriorityPremiumRequests > scoped tiers > treats `claude-only` as inactive on OpenAI, Bedrock/Vertex, and elsewhere [0.05ms]
@aryee337/aery-ai test: (pass) resolveServiceTier > passes unscoped tiers through unchanged for any provider [0.11ms]
@aryee337/aery-ai test: (pass) resolveServiceTier > scopes `openai-only` to OpenAI providers [0.06ms]
@aryee337/aery-ai test: (pass) resolveServiceTier > scopes `claude-only` to direct Anthropic [0.05ms]
@aryee337/aery-ai test: (pass) resolveServiceTier > returns undefined for null/undefined input [1.13ms]
@aryee337/aery-ai test: (pass) shouldSendServiceTier > returns false for non-OpenAI providers [0.09ms]
@aryee337/aery-ai test: (pass) shouldSendServiceTier > returns true for openai with priority/flex/scale tiers [0.06ms]
@aryee337/aery-ai test: (pass) shouldSendServiceTier > returns true for openai-codex with priority/flex/scale tiers [0.05ms]
@aryee337/aery-ai test: (pass) shouldSendServiceTier > returns false for default tier on OpenAI providers [0.04ms]
@aryee337/aery-ai test: (pass) shouldSendServiceTier > returns false for auto tier on OpenAI providers [0.04ms]
@aryee337/aery-ai test: (pass) shouldSendServiceTier > returns false for undefined/null tier [0.04ms]
@aryee337/aery-ai test: 
@aryee337/aery-ai test: test/auth-broker-remote-store.test.ts:
@aryee337/aery-ai test: (pass) RemoteAuthCredentialStore SSE integration > consumes initial snapshot, upsert, and removal over SSE without manual refresh [409.20ms]
@aryee337/aery-ai test: 
@aryee337/aery-ai test: test/sse-debug.test.ts:
@aryee337/aery-ai test: (pass) sse-debug parser > parses a single event terminated by blank line [68.05ms]
@aryee337/aery-ai test: (pass) sse-debug parser > joins multi-line data fields with newlines [7.64ms]
@aryee337/aery-ai test: (pass) sse-debug parser > strips a single leading SP after the colon but preserves further spaces [3.08ms]
@aryee337/aery-ai test: (pass) sse-debug parser > retains comment (`:`-prefixed) lines in raw but does not parse them [1.58ms]
@aryee337/aery-ai test: (pass) sse-debug parser > does not dispatch on a blank line if no event/data accumulated (pure heartbeats) [0.40ms]
@aryee337/aery-ai test: (pass) sse-debug parser > handles CR-LF line endings and strips the CR before dispatch [8.59ms]
@aryee337/aery-ai test: (pass) sse-debug parser > ignores unknown fields (`id`, `retry`, gibberish) but keeps them in raw [0.90ms]
@aryee337/aery-ai test: (pass) sse-debug parser > treats a line with no colon as field-with-empty-value (data line still recorded) [0.50ms]
@aryee337/aery-ai test: (pass) sse-debug parser > reassembles events split across arbitrary chunk boundaries [11.68ms]
@aryee337/aery-ai test: (pass) sse-debug parser > handles a chunk that ends exactly on LF (no partial carried) [0.67ms]
@aryee337/aery-ai test: (pass) sse-debug parser > flushes a trailing event with no terminating blank line [0.39ms]
@aryee337/aery-ai test: (pass) sse-debug parser > flushes a trailing event with no terminating newline at all [5.58ms]
@aryee337/aery-ai test: (pass) sse-debug parser > preserves UTF-8 multibyte characters via decoder fallback [0.89ms]
@aryee337/aery-ai test: (pass) sse-debug parser > handles a UTF-8 multibyte sequence split across chunk boundary [1.59ms]
@aryee337/aery-ai test: (pass) sse-debug parser > emits multiple events in stream order [17.24ms]
@aryee337/aery-ai test: (pass) sse-debug parser > hands a fresh `raw` array to each observer call (no aliasing) [2.21ms]
@aryee337/aery-ai test: (pass) sse-debug parser > treats `data:` with no value as empty string and merges further data lines [0.43ms]
@aryee337/aery-ai test: (pass) sse-debug parser > returns the unwrapped fetch when observer is undefined [0.14ms]
@aryee337/aery-ai test: (pass) sse-debug parser > passes through non-SSE responses untouched [1.07ms]
@aryee337/aery-ai test: (pass) sse-debug parser > forwards the byte stream byte-identically to the consumer [10.01ms]
@aryee337/aery-ai test: 
@aryee337/aery-ai test: test/github-copilot-oauth.test.ts:
@aryee337/aery-ai test: (pass) GitHub Copilot OAuth helpers > treats github.com as the public Copilot host [0.22ms]
@aryee337/aery-ai test: (pass) GitHub Copilot OAuth helpers > maps enterprise domains to the Copilot enterprise host [0.25ms]
@aryee337/aery-ai test: (pass) GitHub Copilot OAuth helpers > parses structured Copilot api keys [0.11ms]
@aryee337/aery-ai test: 
@aryee337/aery-ai test: test/model-cache.test.ts:
@aryee337/aery-ai test: (pass) model cache migrations > preserves v2 cached models and lets the next discovery overwrite them [131.12ms]
@aryee337/aery-ai test: 
@aryee337/aery-ai test: test/auth-broker-wire.test.ts:
@aryee337/aery-ai test: (pass) auth-broker wire surface > GET /v1/healthz returns ok without auth [23.59ms]
@aryee337/aery-ai test: 
@aryee337/aery-ai test: test/github-copilot-openai-base-url.test.ts:
@aryee337/aery-ai test: (pass) GitHub Copilot OpenAI transport base URL > uses model baseUrl for chat completions [7.61ms]
@aryee337/aery-ai test: 
@aryee337/aery-ai test: test/model-thinking.test.ts:
@aryee337/aery-ai test: (pass) model thinking metadata > stores supported efforts for Codex mini in model metadata [1.92ms]
@aryee337/aery-ai test: (pass) model thinking metadata > stores xhigh support directly in metadata for GPT-5.2 [0.85ms]
@aryee337/aery-ai test: (pass) model thinking metadata > maps Gemini 3 Pro only for supported levels [0.54ms]
@aryee337/aery-ai test: (pass) model thinking metadata > encodes anthropic transport mode in metadata [0.88ms]
@aryee337/aery-ai test: (pass) generated model policies > refreshes thinking metadata and applies parsed catalog corrections [1.10ms]
@aryee337/aery-ai test: 
@aryee337/aery-ai test: test/github-copilot-openai-base-url.test.ts:
@aryee337/aery-ai test: (pass) GitHub Copilot OpenAI transport base URL > uses model baseUrl for responses API [8.48ms]
@aryee337/aery-ai test: (pass) GitHub Copilot OpenAI transport base URL > routes structured enterprise credentials to the enterprise chat completions host [2.09ms]
@aryee337/aery-ai test: (pass) GitHub Copilot OpenAI transport base URL > routes structured enterprise credentials to the enterprise responses host [1.73ms]
@aryee337/aery-ai test: (pass) GitHub Copilot OpenAI transport base URL > forwards initiatorOverride to chat completions requests [1.87ms]
@aryee337/aery-ai test: (pass) GitHub Copilot OpenAI transport base URL > forwards initiatorOverride to responses requests [4.95ms]
@aryee337/aery-ai test: 
@aryee337/aery-ai test: test/model-thinking.test.ts:
@aryee337/aery-ai test: (pass) generated model policies > normalizes Copilot generated fallback limits [70.06ms]
@aryee337/aery-ai test: (pass) generated model policies > links spark variants and gpt-5.5 to their context promotion targets [0.52ms]
@aryee337/aery-ai test: (pass) generated model policies > sets freeform apply_patch metadata for first-party GPT-5 Responses models [0.73ms]
@aryee337/aery-ai test: (pass) model thinking runtime helpers > clamps from explicit metadata instead of inferring from model id [0.34ms]
@aryee337/aery-ai test: (pass) model thinking runtime helpers > forces "off" for non-reasoning models [0.09ms]
@aryee337/aery-ai test: (pass) model thinking runtime helpers > enables xhigh for openai-completions API (custom models) [0.55ms]
@aryee337/aery-ai test: (pass) model thinking runtime helpers > does not expose xhigh for binary-thinking openai-compat transports [4.19ms]
@aryee337/aery-ai test: (pass) model thinking runtime helpers > derives binary-thinking fallback from resolved compat when catalog compat is partial [0.51ms]
@aryee337/aery-ai test: (pass) model thinking runtime helpers > enables xhigh for openai-responses and openai-codex-responses APIs [0.23ms]
@aryee337/aery-ai test: (pass) model thinking runtime helpers > rejects reasoning models that are missing thinking metadata at runtime [0.19ms]
@aryee337/aery-ai test: (pass) model thinking runtime helpers > drops empty thinking metadata so presence checks stay meaningful [1.12ms]
@aryee337/aery-ai test: 
@aryee337/aery-ai test: test/auth-broker-wire.test.ts:
@aryee337/aery-ai test: (pass) auth-broker wire surface > GET /v1/snapshot requires bearer and redacts refresh tokens [166.06ms]
@aryee337/aery-ai test: 
@aryee337/aery-ai test: test/stream-auth-retry.test.ts:
@aryee337/aery-ai test: (pass) streamSimple auth retry > retries once with a fresh key when 401 happens before the first event [13.70ms]
@aryee337/aery-ai test: (pass) streamSimple auth retry > retries when a provider emits start then a 401 error event before content [6.70ms]
@aryee337/aery-ai test: (pass) streamSimple auth retry > does not retry after replay-unsafe content has been emitted [4.69ms]
@aryee337/aery-ai test: (pass) streamSimple auth retry > retries on 401 carried via errorStatus when the message has no parseable status [5.51ms]
@aryee337/aery-ai test: (pass) streamSimple auth retry > retries on a thrown usage_limit_reached error before any event has been emitted [1.17ms]
@aryee337/aery-ai test: (pass) streamSimple auth retry > retries when a provider emits a usage_limit_reached error event before content [52.81ms]
@aryee337/aery-ai test: (pass) streamSimple auth retry > surfaces the original usage_limit error when the retry callback declines [1.07ms]
@aryee337/aery-ai test: 
@aryee337/aery-ai test: test/auth-broker-wire.test.ts:
@aryee337/aery-ai test: (pass) auth-broker wire surface > GET /v1/snapshot returns generation headers and 304 for unchanged long-poll [195.88ms]
@aryee337/aery-ai test: 
@aryee337/aery-ai test: test/models-cost.test.ts:
@aryee337/aery-ai test: (pass) calculateCost > keeps token-based calculation for GitHub Copilot models [0.28ms]
@aryee337/aery-ai test: (pass) calculateCost > keeps token-based calculation for non-Copilot providers [0.16ms]
@aryee337/aery-ai test: (pass) calculateCost > prices OpenAI Codex GPT models from the matching OpenAI catalog entry [0.12ms]
@aryee337/aery-ai test: 
@aryee337/aery-ai test: test/nanogpt-login.test.ts:
@aryee337/aery-ai test: (pass) nanogpt login > validates API key without requiring a specific model entitlement [1.33ms]
@aryee337/aery-ai test: (pass) nanogpt login > surfaces validation errors from models endpoint [0.45ms]
@aryee337/aery-ai test: 
@aryee337/aery-ai test: test/github-copilot-reasoning.test.ts:
@aryee337/aery-ai test: (pass) GitHub Copilot reasoning request construction > keeps reasoning controls for GPT-5.4 responses requests [15.60ms]
@aryee337/aery-ai test: (pass) GitHub Copilot reasoning request construction > keeps thinking controls for Claude Opus 4.6 anthropic requests [77.30ms]
@aryee337/aery-ai test: 
@aryee337/aery-ai test: test/auth-broker-wire.test.ts:
@aryee337/aery-ai test: (pass) auth-broker wire surface > GET /v1/snapshot long-poll wakes when generation changes [271.33ms]
@aryee337/aery-ai test: (pass) auth-broker wire surface > POST /v1/credential/:id/refresh forces a refresh and persists the new credential [427.61ms]
@aryee337/aery-ai test: 
@aryee337/aery-ai test: test/stream-markup-healing.test.ts:
@aryee337/aery-ai test: (pass) StreamMarkupHealing pattern selection > selects the requested grammar without creating provider-specific collectors [4.64ms]
@aryee337/aery-ai test: 
@aryee337/aery-ai test: test/nanogpt-model-limits.test.ts:
@aryee337/aery-ai test: (pass) nanogpt model limits mapping > prefers OpenAI bundled metadata over Copilot metadata for gpt-5.4-mini [8.26ms]
@aryee337/aery-ai test: 
@aryee337/aery-ai test: test/oauth-deepseek.test.ts:
@aryee337/aery-ai test: (pass) loginDeepSeek validation > validates against GET /v1/models and returns the trimmed key on 200 [1.43ms]
@aryee337/aery-ai test: 
@aryee337/aery-ai test: test/stream-markup-healing.test.ts:
@aryee337/aery-ai test: (pass) StreamMarkupHealing DSML envelope pattern > parses the reporter's verbatim leak into a structured tool call [89.64ms]
@aryee337/aery-ai test: 
@aryee337/aery-ai test: test/oauth-deepseek.test.ts:
@aryee337/aery-ai test: (pass) loginDeepSeek validation > throws a validation error when /v1/models returns 401 [0.57ms]
@aryee337/aery-ai test: (pass) loginDeepSeek validation > strips a pasted 'Bearer ' prefix before validating [0.65ms]
@aryee337/aery-ai test: (pass) loginDeepSeek validation > rejects an empty paste before touching the network [0.25ms]
@aryee337/aery-ai test: (pass) normalizeDeepSeekApiKey > trims whitespace [0.04ms]
@aryee337/aery-ai test: (pass) normalizeDeepSeekApiKey > strips a leading 'Bearer ' prefix (case-insensitive) [0.05ms]
@aryee337/aery-ai test: (pass) normalizeDeepSeekApiKey > throws when only a Bearer prefix is supplied [0.10ms]
@aryee337/aery-ai test: 
@aryee337/aery-ai test: test/ollama-cloud-login.test.ts:
@aryee337/aery-ai test: (pass) ollama cloud login > opens Ollama Cloud key settings and trims the pasted key [0.54ms]
@aryee337/aery-ai test: (pass) ollama cloud login > rejects empty keys [0.19ms]
@aryee337/aery-ai test: (pass) ollama cloud login > requires onPrompt callback [0.14ms]
@aryee337/aery-ai test: 
@aryee337/aery-ai test: test/stream-markup-healing.test.ts:
@aryee337/aery-ai test: (pass) StreamMarkupHealing DSML envelope pattern > reconstructs an envelope split across chunk boundaries [5.56ms]
@aryee337/aery-ai test: (pass) StreamMarkupHealing DSML envelope pattern > preserves text/tool-call/text order for mixed chunks [5.59ms]
@aryee337/aery-ai test: (pass) StreamMarkupHealing DSML envelope pattern > drops partial calls when the stream ends mid-envelope [0.32ms]
@aryee337/aery-ai test: (pass) StreamMarkupHealing DSML envelope pattern > accepts the ASCII pipe variant [0.31ms]
@aryee337/aery-ai test: (pass) StreamMarkupHealing thinking pattern > parses plain think tags as thinking events across chunk boundaries [0.85ms]
@aryee337/aery-ai test: (pass) Kimi K2 leaked markup healing > strips a complete section emitted in a single chunk and synthesizes the tool call [46.01ms]
@aryee337/aery-ai test: (pass) Kimi K2 leaked markup healing > reconstructs a section split across chunk boundaries (token straddles two chunks) [16.01ms]
@aryee337/aery-ai test: (pass) Kimi K2 leaked markup healing > handles multiple tool calls inside a single section [9.78ms]
@aryee337/aery-ai test: (pass) Kimi K2 leaked markup healing > preserves arguments split across many chunks (no premature parse) [8.32ms]
@aryee337/aery-ai test: (pass) Kimi K2 leaked markup healing > passes prose through unchanged when no markers are present [11.15ms]
@aryee337/aery-ai test: (pass) Kimi K2 leaked markup healing > emits a literal '<|' that is not a token prefix without holding it back forever [6.92ms]
@aryee337/aery-ai test: (pass) Kimi K2 leaked markup healing > does NOT promote an error finish_reason to toolUse even when healed calls exist [5.00ms]
@aryee337/aery-ai test: (pass) Kimi K2 leaked markup healing > drops synthesized calls when the same chunk also carries structured tool_calls [23.83ms]
@aryee337/aery-ai test: (pass) Kimi K2 leaked markup healing > promotes a later healed call even if an earlier chunk had structured tool_calls [10.57ms]
@aryee337/aery-ai test: (pass) Kimi K2 leaked markup healing > passes a literal <|tool_call_end|> through as text when no section is active [11.96ms]
@aryee337/aery-ai test: (pass) Ollama provider DSML envelope healing > emits a healed tool call, suppresses leaked text, and promotes stop [51.30ms]
@aryee337/aery-ai test: (pass) Ollama provider DSML envelope healing > leaves non-DeepSeek Ollama content untouched [1.45ms]
@aryee337/aery-ai test: 
@aryee337/aery-ai test: test/auth-broker-wire.test.ts:
@aryee337/aery-ai test: (pass) auth-broker wire surface > POST /v1/credential/:id/disable soft-deletes the credential and surfaces 404 thereafter [420.84ms]
@aryee337/aery-ai test: 
@aryee337/aery-ai test: test/stream-markup-healing.test.ts:
@aryee337/aery-ai test: (pass) OpenAI completions provider DSML envelope healing > heals the envelope into a structured tool call and suppresses leaked text [26.55ms]
@aryee337/aery-ai test: (pass) OpenAI completions provider DSML envelope healing > heals NanoGPT-hosted DeepSeek V4 Pro DSML leaks (issue #1488) [16.69ms]
@aryee337/aery-ai test: (pass) OpenAI completions provider DSML envelope healing > keeps indexed parallel NanoGPT read deltas attached to their own tool calls [9.96ms]
@aryee337/aery-ai test: 
@aryee337/aery-ai test: test/auth-broker-wire.test.ts:
@aryee337/aery-ai test: (pass) auth-broker wire surface > Unknown route returns 404 [180.10ms]
@aryee337/aery-ai test: 
@aryee337/aery-ai test: test/ollama-cloud-provider.test.ts:
@aryee337/aery-ai test: (pass) ollama-cloud provider support > resolves OLLAMA_CLOUD_API_KEY from environment [0.18ms]
@aryee337/aery-ai test: 
@aryee337/aery-ai test: test/google-gemini-cli-3x-thinking.test.ts:
@aryee337/aery-ai test: (pass) google-gemini-cli Gemini 3.x thinking mapping > uses thinkingLevel for gemini-3.1-pro-preview when the effort is supported [29.07ms]
@aryee337/aery-ai test: (pass) google-gemini-cli Gemini 3.x thinking mapping > rejects unsupported gemini-3.1-pro-preview efforts instead of promoting them [0.61ms]
@aryee337/aery-ai test: (pass) google-gemini-cli Gemini 3.x thinking mapping > uses thinkingLevel for gemini-3.1-flash-preview [2.08ms]
@aryee337/aery-ai test: (pass) google-gemini-cli Gemini 3.x thinking mapping > keeps thinkingBudget for gemini-2.5-pro [1.44ms]
@aryee337/aery-ai test: 
@aryee337/aery-ai test: test/ollama-cloud-provider.test.ts:
@aryee337/aery-ai test: (pass) ollama-cloud provider support > discovers ollama-cloud models from native cloud endpoints [180.46ms]
@aryee337/aery-ai test: (pass) ollama-cloud provider support > tolerates individual /api/show failures during model discovery [17.58ms]
@aryee337/aery-ai test: (pass) ollama-cloud provider support > falls back to bundled metadata when /api/show metadata is unavailable [8.34ms]
@aryee337/aery-ai test: (pass) ollama-cloud provider support > streams native chat responses with thinking, text, and usage mapping [29.41ms]
@aryee337/aery-ai test: (pass) ollama-cloud provider support > supports ollama-cloud through streamSimple option mapping [7.46ms]
@aryee337/aery-ai test: (pass) ollama-cloud provider support > supports ollama-cloud through completeSimple top-level contract [2.75ms]
@aryee337/aery-ai test: (pass) ollama-cloud provider support > streams tool calls and maps native tool stop reasons [5.90ms]
@aryee337/aery-ai test: (pass) ollama-cloud provider support > converts replay history, tools, and images into native ollama chat payloads [5.11ms]
@aryee337/aery-ai test: (pass) ollama-cloud provider support > strips `thinking` from assistant history messages on ollama-cloud [3.89ms]
@aryee337/aery-ai test: (pass) ollama-cloud provider support > emits one Ollama system message per ordered system prompt entry [2.51ms]
@aryee337/aery-ai test: (pass) ollama-cloud provider support > mapToolChoice > omits tool_choice when undefined or auto [2.28ms]
@aryee337/aery-ai test: (pass) ollama-cloud provider support > mapToolChoice > passes tool_choice: none when ToolChoice is none [3.37ms]
@aryee337/aery-ai test: (pass) ollama-cloud provider support > mapToolChoice > passes tool_choice: required when ToolChoice is required or any [2.34ms]
@aryee337/aery-ai test: 
@aryee337/aery-ai test: test/auth-broker-wire.test.ts:
@aryee337/aery-ai test: (pass) auth-broker wire surface > GET /v1/snapshot/stream requires bearer [280.40ms]
@aryee337/aery-ai test: 
@aryee337/aery-ai test: test/stream-timeout-defaults.test.ts:
@aryee337/aery-ai test: (pass) getStreamIdleTimeoutMs(fallbackMs) > returns the per-provider fallback when env vars are unset [0.26ms]
@aryee337/aery-ai test: (pass) getStreamIdleTimeoutMs(fallbackMs) > lets PI_STREAM_IDLE_TIMEOUT_MS override the per-provider fallback [0.11ms]
@aryee337/aery-ai test: (pass) getStreamIdleTimeoutMs(fallbackMs) > treats PI_STREAM_IDLE_TIMEOUT_MS=0 as a watchdog disable [0.07ms]
@aryee337/aery-ai test: (pass) getOpenAIStreamIdleTimeoutMs(fallbackMs) > returns the per-provider fallback when OpenAI env vars are unset [0.06ms]
@aryee337/aery-ai test: (pass) getOpenAIStreamIdleTimeoutMs(fallbackMs) > lets PI_OPENAI_STREAM_IDLE_TIMEOUT_MS override the fallback before the generic env var [0.07ms]
@aryee337/aery-ai test: (pass) getOpenAIStreamIdleTimeoutMs(fallbackMs) > treats PI_OPENAI_STREAM_IDLE_TIMEOUT_MS=0 as a watchdog disable [0.10ms]
@aryee337/aery-ai test: (pass) getStreamFirstEventTimeoutMs(idleTimeoutMs, fallbackMs) > returns the per-provider fallback when env unset and idle timeout is undefined [0.10ms]
@aryee337/aery-ai test: (pass) getStreamFirstEventTimeoutMs(idleTimeoutMs, fallbackMs) > floors the first-event timeout at the per-provider fallback even when idle is shorter [1.37ms]
@aryee337/aery-ai test: (pass) getStreamFirstEventTimeoutMs(idleTimeoutMs, fallbackMs) > never undershoots the steady-state idle timeout [0.17ms]
@aryee337/aery-ai test: (pass) getStreamFirstEventTimeoutMs(idleTimeoutMs, fallbackMs) > lets PI_STREAM_FIRST_EVENT_TIMEOUT_MS override the per-provider fallback [0.09ms]
@aryee337/aery-ai test: (pass) getStreamFirstEventTimeoutMs(idleTimeoutMs, fallbackMs) > treats PI_STREAM_FIRST_EVENT_TIMEOUT_MS=0 as a watchdog disable [0.08ms]
@aryee337/aery-ai test: (pass) getStreamFirstEventTimeoutMs(idleTimeoutMs, fallbackMs) > falls back to the 100s global default when no fallback or env is provided [0.06ms]
@aryee337/aery-ai test: (pass) getOpenAIStreamFirstEventTimeoutMs(idleTimeoutMs, fallbackMs) > floors the first-event budget at the caller-resolved idle when the generic env is lower [0.08ms]
@aryee337/aery-ai test: (pass) getOpenAIStreamFirstEventTimeoutMs(idleTimeoutMs, fallbackMs) > honors PI_OPENAI_STREAM_FIRST_EVENT_TIMEOUT_MS even when caller pins per-call idle [0.08ms]
@aryee337/aery-ai test: (pass) getOpenAIStreamFirstEventTimeoutMs(idleTimeoutMs, fallbackMs) > treats PI_OPENAI_STREAM_FIRST_EVENT_TIMEOUT_MS=0 as an explicit watchdog disable [0.07ms]
@aryee337/aery-ai test: (pass) getOpenAIStreamFirstEventTimeoutMs(idleTimeoutMs, fallbackMs) > falls back to the generic first-event env when OpenAI env vars are unset [0.08ms]
@aryee337/aery-ai test: (pass) getOpenAIStreamFirstEventTimeoutMs(idleTimeoutMs, fallbackMs) > respects PI_STREAM_FIRST_EVENT_TIMEOUT_MS=0 disable when no OpenAI override is set [28.41ms]
@aryee337/aery-ai test: 
@aryee337/aery-ai test: test/google-gemini-cli-429.test.ts:
@aryee337/aery-ai test: (pass) google-gemini-cli 429 fail-fast detection > fails fast on 'Quota exceeded' messages [0.12ms]
@aryee337/aery-ai test: (pass) google-gemini-cli 429 fail-fast detection > fails fast on 'exhausted' messages [0.04ms]
@aryee337/aery-ai test: (pass) google-gemini-cli 429 fail-fast detection > does not fail fast on ambiguous 429 ('Please retry in 5s') [0.03ms]
@aryee337/aery-ai test: (pass) google-gemini-cli 429 fail-fast detection > does not fail fast on generic rate-limit text [0.03ms]
@aryee337/aery-ai test: (pass) google-gemini-cli 429 fail-fast detection > matches case-insensitively [0.03ms]
@aryee337/aery-ai test: (pass) google-gemini-cli 429 fail-fast detection > does not fail fast on empty error [0.83ms]
@aryee337/aery-ai test: (pass) extractRetryHint – header parsing > reads retry-after header as seconds [0.47ms]
@aryee337/aery-ai test: (pass) extractRetryHint – header parsing > reads x-ratelimit-reset-after header as seconds [0.07ms]
@aryee337/aery-ai test: (pass) extractRetryHint – header parsing > prefers retry-after over x-ratelimit-reset-after when both are present [0.06ms]
@aryee337/aery-ai test: (pass) extractRetryHint – body text parsing > parses 'retryDelay' JSON field in seconds [0.22ms]
@aryee337/aery-ai test: (pass) extractRetryHint – body text parsing > parses 'retryDelay' JSON field in milliseconds [0.06ms]
@aryee337/aery-ai test: (pass) extractRetryHint – body text parsing > parses 'Please retry in Xs' pattern [0.04ms]
@aryee337/aery-ai test: (pass) extractRetryHint – body text parsing > parses 'quota will reset after Xs' simple duration [0.04ms]
@aryee337/aery-ai test: (pass) extractRetryHint – body text parsing > parses compound duration 'reset after 1h30m10s' [0.04ms]
@aryee337/aery-ai test: (pass) extractRetryHint – body text parsing > parses Codex-style 'try again in Xms' [0.08ms]
@aryee337/aery-ai test: (pass) extractRetryHint – body text parsing > parses Codex-style 'try again in Xs' [1.77ms]
@aryee337/aery-ai test: (pass) extractRetryHint – body text parsing > parses Codex 'Try again in ~X min.' (usage_limit_reached friendly text) [0.10ms]
@aryee337/aery-ai test: (pass) extractRetryHint – body text parsing > parses 'try again in X min' / 'X minutes' without the tilde [0.06ms]
@aryee337/aery-ai test: (pass) extractRetryHint – body text parsing > parses 'try again in X h' / 'X hour' / 'X hours' [0.84ms]
@aryee337/aery-ai test: (pass) extractRetryHint – body text parsing > returns undefined when body contains no recognised delay pattern [0.08ms]
@aryee337/aery-ai test: (pass) extractRetryHint – body text parsing > returns undefined for empty error string and no headers [0.42ms]
@aryee337/aery-ai test: 
@aryee337/aery-ai test: test/stream-timeout-defaults.test.ts:
@aryee337/aery-ai test: (pass) iterateWithIdleTimeout > does not reset the first-progress deadline for no-progress items [77.33ms]
@aryee337/aery-ai test: (pass) iterateWithIdleTimeout > cleans first-item timers when the source throws before progress [84.28ms]
@aryee337/aery-ai test: (pass) iterateWithIdleTimeout > cleans first-item timers when the consumer returns before progress [70.54ms]
@aryee337/aery-ai test: 
@aryee337/aery-ai test: test/auth-broker-wire.test.ts:
@aryee337/aery-ai test: (pass) auth-broker wire surface > SSE stream emits initial snapshot then upsert delta [434.03ms]
@aryee337/aery-ai test: 
@aryee337/aery-ai test: test/ollama-provider.test.ts:
@aryee337/aery-ai test: (pass) ollama local provider discovery > applies /api/show context and thinking capabilities to OpenAI-compatible local models [2.78ms]
@aryee337/aery-ai test: (pass) ollama tool forcing > limits named forced tool requests to the selected tool [3.56ms]
@aryee337/aery-ai test: 
@aryee337/aery-ai test: test/google-gemini-cli-alignment.test.ts:
@aryee337/aery-ai test: (pass) Google Gemini CLI alignment > encodes enriched OAuth JSON while preserving token + projectId [0.32ms]
@aryee337/aery-ai test: (pass) Google Gemini CLI alignment > accepts legacy, alias, and enriched OAuth JSON payloads [0.18ms]
@aryee337/aery-ai test: (pass) Google Gemini CLI alignment > avoids excessive antigravity refresh churn with pre-buffered OAuth expiry [0.06ms]
@aryee337/aery-ai test: (pass) Google Gemini CLI alignment > does not export provider-direct refresh helper [0.07ms]
@aryee337/aery-ai test: (pass) Google Gemini CLI alignment > omits antigravity-only metadata in non-antigravity request payloads [7.74ms]
@aryee337/aery-ai test: (pass) Google Gemini CLI alignment > keeps every system prompt block in systemInstruction instead of conversation contents [4.99ms]
@aryee337/aery-ai test: (pass) Google Gemini CLI alignment > keeps antigravity metadata in antigravity request payloads [24.17ms]
@aryee337/aery-ai test: (pass) Google Gemini CLI alignment > strips patternProperties when antigravity rewrites tools to legacy parameters [20.92ms]
@aryee337/aery-ai test: (pass) Google Gemini CLI alignment > injects ANTIGRAVITY_SYSTEM_INSTRUCTION for gemini-3.1-pro-high and gemini-3.1-pro-low [0.50ms]
@aryee337/aery-ai test: (pass) Google Gemini CLI alignment > adds anthropic-beta for Antigravity Claude reasoning models without relying on id suffix [2.18ms]
@aryee337/aery-ai test: (pass) Google Gemini CLI alignment > retry guardrails > does not treat explicit HTTP failures as network retry errors [1.88ms]
@aryee337/aery-ai test: 
@aryee337/aery-ai test: test/auth-broker-wire.test.ts:
@aryee337/aery-ai test: (pass) auth-broker wire surface > SSE stream pushes entry frame on refresh [331.51ms]
@aryee337/aery-ai test: 
@aryee337/aery-ai test: test/stream.test.ts:
@aryee337/aery-ai test: (skip) Generate E2E Tests > Gemini Provider (gemini-2.5-flash) > should complete basic text generation
@aryee337/aery-ai test: (skip) Generate E2E Tests > Gemini Provider (gemini-2.5-flash) > should handle tool calling
@aryee337/aery-ai test: (skip) Generate E2E Tests > Gemini Provider (gemini-2.5-flash) > should handle streaming
@aryee337/aery-ai test: (skip) Generate E2E Tests > Gemini Provider (gemini-2.5-flash) > should handle 
@aryee337/aery-ai test: (skip) Generate E2E Tests > Gemini Provider (gemini-2.5-flash) > should handle multi-turn with thinking and tools
@aryee337/aery-ai test: (skip) Generate E2E Tests > Gemini Provider (gemini-2.5-flash) > should handle image input
@aryee337/aery-ai test: (pass) Generate E2E Tests > google-vertex env auth > treats GOOGLE_CLOUD_API_KEY as a configured google-vertex credential [0.30ms]
@aryee337/aery-ai test: (pass) Generate E2E Tests > google-vertex env auth > ignores sentinel apiKey values like '<authenticated>' passed from agent loop [4.93ms]
@aryee337/aery-ai test: (pass) Generate E2E Tests > google-vertex env auth > keeps every system prompt array entry in Vertex systemInstruction [1.67ms]
@aryee337/aery-ai test: (pass) Generate E2E Tests > google-vertex env auth > allows explicit Vertex API keys without requiring project or location [0.85ms]
@aryee337/aery-ai test: 
@aryee337/aery-ai test: test/auth-broker-wire.test.ts:
@aryee337/aery-ai test: (pass) auth-broker wire surface > SSE stream pushes removed frame on disable [107.06ms]
@aryee337/aery-ai test: 
@aryee337/aery-ai test: test/stream.test.ts:
@aryee337/aery-ai test: (pass) Generate E2E Tests > google-vertex env auth > routes Vertex Claude models through Anthropic rawPredict with ADC auth [26.39ms]
@aryee337/aery-ai test: (skip) Generate E2E Tests > Google Vertex Provider (gemini-3-flash-preview) > should complete basic text generation with Vertex API key
@aryee337/aery-ai test: (skip) Generate E2E Tests > Google Vertex Provider (gemini-3-flash-preview) > should complete basic text generation
@aryee337/aery-ai test: (skip) Generate E2E Tests > Google Vertex Provider (gemini-3-flash-preview) > should handle tool calling
@aryee337/aery-ai test: (skip) Generate E2E Tests > Google Vertex Provider (gemini-3-flash-preview) > should handle thinking
@aryee337/aery-ai test: (skip) Generate E2E Tests > Google Vertex Provider (gemini-3-flash-preview) > should handle streaming
@aryee337/aery-ai test: (skip) Generate E2E Tests > Google Vertex Provider (gemini-3-flash-preview) > should handle multi-turn with thinking and tools
@aryee337/aery-ai test: (skip) Generate E2E Tests > Google Vertex Provider (gemini-3-flash-preview) > should handle image input
@aryee337/aery-ai test: (skip) Generate E2E Tests > OpenAI Completions Provider (gpt-4o-mini) > should complete basic text generation
@aryee337/aery-ai test: (skip) Generate E2E Tests > OpenAI Completions Provider (gpt-4o-mini) > should handle tool calling
@aryee337/aery-ai test: (skip) Generate E2E Tests > OpenAI Completions Provider (gpt-4o-mini) > should handle streaming
@aryee337/aery-ai test: (skip) Generate E2E Tests > OpenAI Completions Provider (gpt-4o-mini) > should handle image input
@aryee337/aery-ai test: (skip) Generate E2E Tests > OpenAI Responses Provider (gpt-5-mini) > should complete basic text generation
@aryee337/aery-ai test: (skip) Generate E2E Tests > OpenAI Responses Provider (gpt-5-mini) > should handle tool calling
@aryee337/aery-ai test: (skip) Generate E2E Tests > OpenAI Responses Provider (gpt-5-mini) > should handle streaming
@aryee337/aery-ai test: (skip) Generate E2E Tests > OpenAI Responses Provider (gpt-5-mini) > should handle thinking
@aryee337/aery-ai test: (skip) Generate E2E Tests > OpenAI Responses Provider (gpt-5-mini) > should handle multi-turn with thinking and tools
@aryee337/aery-ai test: (skip) Generate E2E Tests > OpenAI Responses Provider (gpt-5-mini) > should handle image input
@aryee337/aery-ai test: (skip) Generate E2E Tests > Anthropic Provider (claude-haiku-4-5-20251001) > should complete basic text generation
@aryee337/aery-ai test: (skip) Generate E2E Tests > Anthropic Provider (claude-haiku-4-5-20251001) > should handle tool calling
@aryee337/aery-ai test: (skip) Generate E2E Tests > Anthropic Provider (claude-haiku-4-5-20251001) > should handle streaming
@aryee337/aery-ai test: (skip) Generate E2E Tests > Anthropic Provider (claude-haiku-4-5-20251001) > should handle image input
@aryee337/aery-ai test: (skip) Generate E2E Tests > OpenAI Responses Provider (gpt-5-mini) > should complete basic text generation
@aryee337/aery-ai test: (skip) Generate E2E Tests > OpenAI Responses Provider (gpt-5-mini) > should handle tool calling
@aryee337/aery-ai test: (skip) Generate E2E Tests > OpenAI Responses Provider (gpt-5-mini) > should handle streaming
@aryee337/aery-ai test: (skip) Generate E2E Tests > OpenAI Responses Provider (gpt-5-mini) > should handle image input
@aryee337/aery-ai test: (skip) Generate E2E Tests > xAI Provider (grok-code-fast-1 via OpenAI Completions) > should complete basic text generation
@aryee337/aery-ai test: (skip) Generate E2E Tests > xAI Provider (grok-code-fast-1 via OpenAI Completions) > should handle tool calling
@aryee337/aery-ai test: (skip) Generate E2E Tests > xAI Provider (grok-code-fast-1 via OpenAI Completions) > should handle streaming
@aryee337/aery-ai test: (skip) Generate E2E Tests > xAI Provider (grok-code-fast-1 via OpenAI Completions) > should handle thinking mode
@aryee337/aery-ai test: (skip) Generate E2E Tests > xAI Provider (grok-code-fast-1 via OpenAI Completions) > should handle multi-turn with thinking and tools
@aryee337/aery-ai test: (skip) Generate E2E Tests > Groq Provider (gpt-oss-20b via OpenAI Completions) > should complete basic text generation
@aryee337/aery-ai test: (skip) Generate E2E Tests > Groq Provider (gpt-oss-20b via OpenAI Completions) > should handle tool calling
@aryee337/aery-ai test: (skip) Generate E2E Tests > Groq Provider (gpt-oss-20b via OpenAI Completions) > should handle streaming
@aryee337/aery-ai test: (skip) Generate E2E Tests > Groq Provider (gpt-oss-20b via OpenAI Completions) > should handle thinking mode
@aryee337/aery-ai test: (skip) Generate E2E Tests > Groq Provider (gpt-oss-20b via OpenAI Completions) > should handle multi-turn with thinking and tools
@aryee337/aery-ai test: (skip) Generate E2E Tests > Cerebras Provider (gpt-oss-120b via OpenAI Completions) > should complete basic text generation
@aryee337/aery-ai test: (skip) Generate E2E Tests > Cerebras Provider (gpt-oss-120b via OpenAI Completions) > should handle tool calling
@aryee337/aery-ai test: (skip) Generate E2E Tests > Cerebras Provider (gpt-oss-120b via OpenAI Completions) > should handle streaming
@aryee337/aery-ai test: (skip) Generate E2E Tests > Cerebras Provider (gpt-oss-120b via OpenAI Completions) > should handle thinking mode
@aryee337/aery-ai test: (skip) Generate E2E Tests > Cerebras Provider (gpt-oss-120b via OpenAI Completions) > should handle multi-turn with thinking and tools
@aryee337/aery-ai test: (skip) Generate E2E Tests > OpenRouter Provider (glm-4.5v via OpenAI Completions) > should complete basic text generation
@aryee337/aery-ai test: (skip) Generate E2E Tests > OpenRouter Provider (glm-4.5v via OpenAI Completions) > should handle tool calling
@aryee337/aery-ai test: (skip) Generate E2E Tests > OpenRouter Provider (glm-4.5v via OpenAI Completions) > should handle streaming
@aryee337/aery-ai test: (skip) Generate E2E Tests > OpenRouter Provider (glm-4.5v via OpenAI Completions) > should handle thinking mode
@aryee337/aery-ai test: (skip) Generate E2E Tests > OpenRouter Provider (glm-4.5v via OpenAI Completions) > should handle multi-turn with thinking and tools
@aryee337/aery-ai test: (skip) Generate E2E Tests > OpenRouter Provider (glm-4.5v via OpenAI Completions) > should handle image input
@aryee337/aery-ai test: (skip) Generate E2E Tests > zAI Provider (glm-4.5-air via OpenAI Completions) > should complete basic text generation
@aryee337/aery-ai test: (skip) Generate E2E Tests > zAI Provider (glm-4.5-air via OpenAI Completions) > should handle tool calling
@aryee337/aery-ai test: (skip) Generate E2E Tests > zAI Provider (glm-4.5-air via OpenAI Completions) > should handle streaming
@aryee337/aery-ai test: (skip) Generate E2E Tests > zAI Provider (glm-4.5-air via OpenAI Completions) > should handle thinking mode
@aryee337/aery-ai test: (skip) Generate E2E Tests > zAI Provider (glm-4.5-air via OpenAI Completions) > should handle multi-turn with thinking and tools
@aryee337/aery-ai test: (skip) Generate E2E Tests > zAI Provider (glm-4.5v via OpenAI Completions) > should complete basic text generation
@aryee337/aery-ai test: (skip) Generate E2E Tests > zAI Provider (glm-4.5v via OpenAI Completions) > should handle tool calling
@aryee337/aery-ai test: (skip) Generate E2E Tests > zAI Provider (glm-4.5v via OpenAI Completions) > should handle streaming
@aryee337/aery-ai test: (skip) Generate E2E Tests > zAI Provider (glm-4.5v via OpenAI Completions) > should handle thinking mode
@aryee337/aery-ai test: (skip) Generate E2E Tests > zAI Provider (glm-4.5v via OpenAI Completions) > should handle multi-turn with thinking and tools
@aryee337/aery-ai test: (skip) Generate E2E Tests > zAI Provider (glm-4.5v via OpenAI Completions) > should handle image input
@aryee337/aery-ai test: (skip) Generate E2E Tests > Mistral Provider (devstral-medium-latest via OpenAI Completions) > should complete basic text generation
@aryee337/aery-ai test: (skip) Generate E2E Tests > Mistral Provider (devstral-medium-latest via OpenAI Completions) > should handle tool calling
@aryee337/aery-ai test: (skip) Generate E2E Tests > Mistral Provider (devstral-medium-latest via OpenAI Completions) > should handle streaming
@aryee337/aery-ai test: (skip) Generate E2E Tests > Mistral Provider (devstral-medium-latest via OpenAI Completions) > should handle thinking mode
@aryee337/aery-ai test: (skip) Generate E2E Tests > Mistral Provider (devstral-medium-latest via OpenAI Completions) > should handle multi-turn with thinking and tools
@aryee337/aery-ai test: (skip) Generate E2E Tests > Mistral Provider (pixtral-12b with image support) > should complete basic text generation
@aryee337/aery-ai test: (skip) Generate E2E Tests > Mistral Provider (pixtral-12b with image support) > should handle tool calling
@aryee337/aery-ai test: (skip) Generate E2E Tests > Mistral Provider (pixtral-12b with image support) > should handle streaming
@aryee337/aery-ai test: (skip) Generate E2E Tests > Mistral Provider (pixtral-12b with image support) > should handle image input
@aryee337/aery-ai test: (skip) Generate E2E Tests > Anthropic OAuth Provider (claude-sonnet-4-20250514) > should complete basic text generation
@aryee337/aery-ai test: (skip) Generate E2E Tests > Anthropic OAuth Provider (claude-sonnet-4-20250514) > should handle tool calling
@aryee337/aery-ai test: (skip) Generate E2E Tests > Anthropic OAuth Provider (claude-sonnet-4-20250514) > should handle streaming
@aryee337/aery-ai test: (skip) Generate E2E Tests > Anthropic OAuth Provider (claude-sonnet-4-20250514) > should handle thinking
@aryee337/aery-ai test: (skip) Generate E2E Tests > Anthropic OAuth Provider (claude-sonnet-4-20250514) > should handle multi-turn with thinking and tools
@aryee337/aery-ai test: (skip) Generate E2E Tests > Anthropic OAuth Provider (claude-sonnet-4-20250514) > should handle image input
@aryee337/aery-ai test: (skip) Generate E2E Tests > GitHub Copilot Provider (gpt-4o via OpenAI Completions) > should complete basic text generation
@aryee337/aery-ai test: (skip) Generate E2E Tests > GitHub Copilot Provider (gpt-4o via OpenAI Completions) > should handle tool calling
@aryee337/aery-ai test: (skip) Generate E2E Tests > GitHub Copilot Provider (gpt-4o via OpenAI Completions) > should handle streaming
@aryee337/aery-ai test: (skip) Generate E2E Tests > GitHub Copilot Provider (gpt-4o via OpenAI Completions) > should handle thinking
@aryee337/aery-ai test: (skip) Generate E2E Tests > GitHub Copilot Provider (gpt-4o via OpenAI Completions) > should handle multi-turn with thinking and tools
@aryee337/aery-ai test: (skip) Generate E2E Tests > GitHub Copilot Provider (gpt-4o via OpenAI Completions) > should handle image input
@aryee337/aery-ai test: (skip) Generate E2E Tests > Google Gemini CLI Provider (gemini-2.5-flash) > should complete basic text generation
@aryee337/aery-ai test: (skip) Generate E2E Tests > Google Gemini CLI Provider (gemini-2.5-flash) > should handle tool calling
@aryee337/aery-ai test: (skip) Generate E2E Tests > Google Gemini CLI Provider (gemini-2.5-flash) > should handle streaming
@aryee337/aery-ai test: (skip) Generate E2E Tests > Google Gemini CLI Provider (gemini-2.5-flash) > should handle thinking
@aryee337/aery-ai test: (skip) Generate E2E Tests > Google Gemini CLI Provider (gemini-2.5-flash) > should handle multi-turn with thinking and tools
@aryee337/aery-ai test: (skip) Generate E2E Tests > Google Gemini CLI Provider (gemini-2.5-flash) > should handle image input
@aryee337/aery-ai test: (skip) Generate E2E Tests > Google Gemini CLI Provider (gemini-3-flash-preview with thinkingLevel) > should handle thinking with thinkingLevel
@aryee337/aery-ai test: (skip) Generate E2E Tests > Google Gemini CLI Provider (gemini-3-flash-preview with thinkingLevel) > should handle multi-turn with thinking and tools
@aryee337/aery-ai test: (skip) Generate E2E Tests > Google Antigravity Provider (gemini-3-pro-high) > should complete basic text generation
@aryee337/aery-ai test: (skip) Generate E2E Tests > Google Antigravity Provider (gemini-3-pro-high) > should handle tool calling
@aryee337/aery-ai test: (skip) Generate E2E Tests > Google Antigravity Provider (gemini-3-pro-high) > should handle streaming
@aryee337/aery-ai test: (skip) Generate E2E Tests > Google Antigravity Provider (gemini-3-pro-high) > should handle thinking with thinkingLevel
@aryee337/aery-ai test: (skip) Generate E2E Tests > Google Antigravity Provider (gemini-3-pro-high) > should handle multi-turn with thinking and tools
@aryee337/aery-ai test: (skip) Generate E2E Tests > Google Antigravity Provider (gemini-3-pro-high) > should handle image input
@aryee337/aery-ai test: (skip) Generate E2E Tests > Google Antigravity Provider (claude-sonnet-4-5) > should complete basic text generation
@aryee337/aery-ai test: (skip) Generate E2E Tests > Google Antigravity Provider (claude-sonnet-4-5) > should handle tool calling
@aryee337/aery-ai test: (skip) Generate E2E Tests > Google Antigravity Provider (claude-sonnet-4-5) > should handle streaming
@aryee337/aery-ai test: (skip) Generate E2E Tests > Google Antigravity Provider (claude-sonnet-4-5) > should handle thinking
@aryee337/aery-ai test: (skip) Generate E2E Tests > Google Antigravity Provider (claude-sonnet-4-5) > should handle multi-turn with thinking and tools
@aryee337/aery-ai test: (skip) Generate E2E Tests > Google Antigravity Provider (claude-sonnet-4-5) > should handle image input
@aryee337/aery-ai test: (skip) Generate E2E Tests > OpenAI Codex Provider (gpt-5.2-codex) > should complete basic text generation
@aryee337/aery-ai test: (skip) Generate E2E Tests > OpenAI Codex Provider (gpt-5.2-codex) > should handle tool calling
@aryee337/aery-ai test: (skip) Generate E2E Tests > OpenAI Codex Provider (gpt-5.2-codex) > should handle streaming
@aryee337/aery-ai test: (skip) Generate E2E Tests > OpenAI Codex Provider (gpt-5.2-codex) > should handle thinking
@aryee337/aery-ai test: (skip) Generate E2E Tests > OpenAI Codex Provider (gpt-5.2-codex) > should handle multi-turn with thinking and tools
@aryee337/aery-ai test: (skip) Generate E2E Tests > OpenAI Codex Provider (gpt-5.2-codex) > should handle image input
@aryee337/aery-ai test: (skip) Generate E2E Tests > Amazon Bedrock Provider (claude-opus-4-6 interleaved thinking) > should use adaptive thinking without anthropic_beta
@aryee337/aery-ai test: (skip) Generate E2E Tests > Ollama Provider (gpt-oss-20b via OpenAI Completions) > (unnamed)
@aryee337/aery-ai test: (skip) Generate E2E Tests > Ollama Provider (gpt-oss-20b via OpenAI Completions) > should complete basic text generation
@aryee337/aery-ai test: (skip) Generate E2E Tests > Ollama Provider (gpt-oss-20b via OpenAI Completions) > should handle tool calling
@aryee337/aery-ai test: (skip) Generate E2E Tests > Ollama Provider (gpt-oss-20b via OpenAI Completions) > should handle streaming
@aryee337/aery-ai test: (skip) Generate E2E Tests > Ollama Provider (gpt-oss-20b via OpenAI Completions) > should handle thinking mode
@aryee337/aery-ai test: (skip) Generate E2E Tests > Ollama Provider (gpt-oss-20b via OpenAI Completions) > should handle multi-turn with thinking and tools
@aryee337/aery-ai test: (skip) Generate E2E Tests > Ollama Provider (gpt-oss-20b via OpenAI Completions) > (unnamed)
@aryee337/aery-ai test: 
@aryee337/aery-ai test: test/synthetic-login.test.ts:
@aryee337/aery-ai test: (pass) synthetic login > validates API keys against the models endpoint instead of a deprecated model [0.85ms]
@aryee337/aery-ai test: 
@aryee337/aery-ai test: test/openai-codex-include.test.ts:
@aryee337/aery-ai test: (pass) openai-codex include handling > always includes reasoning.encrypted_content when caller include is custom [0.92ms]
@aryee337/aery-ai test: (pass) openai-codex include handling > does not duplicate reasoning.encrypted_content [0.33ms]
@aryee337/aery-ai test: 
@aryee337/aery-ai test: test/auth-broker-wire.test.ts:
@aryee337/aery-ai test: (pass) auth-broker wire surface > SSE stream keepalive comment arrives on cadence [159.96ms]
@aryee337/aery-ai test: 
@aryee337/aery-ai test: test/tokens.test.ts:
@aryee337/aery-ai test: (skip) Token Statistics on Abort > Google Provider > should include token stats when aborted mid-stream
@aryee337/aery-ai test: (skip) Token Statistics on Abort > OpenAI Completions Provider > should include token stats when aborted mid-stream
@aryee337/aery-ai test: (skip) Token Statistics on Abort > OpenAI Responses Provider > should include token stats when aborted mid-stream
@aryee337/aery-ai test: (skip) Token Statistics on Abort > Anthropic Provider > should include token stats when aborted mid-stream
@aryee337/aery-ai test: (skip) Token Statistics on Abort > xAI Provider > should include token stats when aborted mid-stream
@aryee337/aery-ai test: (skip) Token Statistics on Abort > Groq Provider > should include token stats when aborted mid-stream
@aryee337/aery-ai test: (skip) Token Statistics on Abort > Cerebras Provider > should include token stats when aborted mid-stream
@aryee337/aery-ai test: (skip) Token Statistics on Abort > zAI Provider > should include token stats when aborted mid-stream
@aryee337/aery-ai test: (skip) Token Statistics on Abort > Mistral Provider > should include token stats when aborted mid-stream
@aryee337/aery-ai test: (skip) Token Statistics on Abort > Anthropic OAuth Provider > should include token stats when aborted mid-stream
@aryee337/aery-ai test: (skip) Token Statistics on Abort > GitHub Copilot Provider > gpt-4o - should include token stats when aborted mid-stream
@aryee337/aery-ai test: (skip) Token Statistics on Abort > GitHub Copilot Provider > claude-sonnet-4 - should include token stats when aborted mid-stream
@aryee337/aery-ai test: (skip) Token Statistics on Abort > Google Gemini CLI Provider > gemini-2.5-flash - should include token stats when aborted mid-stream
@aryee337/aery-ai test: (skip) Token Statistics on Abort > Google Antigravity Provider > gemini-3-flash - should include token stats when aborted mid-stream
@aryee337/aery-ai test: (skip) Token Statistics on Abort > Google Antigravity Provider > claude-sonnet-4-5 - should include token stats when aborted mid-stream
@aryee337/aery-ai test: (skip) Token Statistics on Abort > Google Antigravity Provider > gpt-oss-120b-medium - should include token stats when aborted mid-stream
@aryee337/aery-ai test: (skip) Token Statistics on Abort > OpenAI Codex Provider > gpt-5.2-codex - should include token stats when aborted mid-stream
@aryee337/aery-ai test: 
@aryee337/aery-ai test: test/auth-broker-wire.test.ts:
@aryee337/aery-ai test: (pass) auth-broker wire surface > openSnapshotStream throws AuthBrokerStreamUnsupportedError on 404 [253.91ms]
@aryee337/aery-ai test: 
@aryee337/aery-ai test: test/openai-codex-stream.test.ts:
@aryee337/aery-ai test: (pass) openai-codex streaming > normalizes Codex response endpoint base URLs [35.33ms]
@aryee337/aery-ai test: (pass) openai-codex streaming > persists final tool-call args when SSE finalizes via output_item.done without an args.done event [4.02ms]
@aryee337/aery-ai test: (pass) openai-codex streaming > waits for caller abort when SSE streams only no-progress status events [44.66ms]
@aryee337/aery-ai test: (pass) openai-codex streaming > parses websocket JSON from non-string payloads [22.44ms]
@aryee337/aery-ai test: 
@aryee337/aery-ai test: test/tool-argument-coercion.test.ts:
@aryee337/aery-ai test: (pass) Tool argument coercion > coerces numeric strings when schema expects number [6.68ms]
@aryee337/aery-ai test: (pass) Tool argument coercion > preserves string values when schema expects string [5.27ms]
@aryee337/aery-ai test: 
@aryee337/aery-ai test: test/auth-broker-wire.test.ts:
@aryee337/aery-ai test: (pass) auth-broker wire surface > openSnapshotStream rejects 200 responses that are not SSE [150.07ms]
@aryee337/aery-ai test: 
@aryee337/aery-ai test: test/openai-codex-stream.test.ts:
@aryee337/aery-ai test: (pass) openai-codex streaming > forwards websocket frames through onSseEvent for the raw-SSE debug viewer [20.92ms]
@aryee337/aery-ai test: 
@aryee337/aery-ai test: test/tool-argument-coercion.test.ts:
@aryee337/aery-ai test: (pass) Tool argument coercion > parses JSON arrays in string values when schema expects array [12.17ms]
@aryee337/aery-ai test: 
@aryee337/aery-ai test: test/google-system-prompt.test.ts:
@aryee337/aery-ai test: (pass) Google provider system prompts > sends every system prompt block as systemInstruction text parts [80.73ms]
@aryee337/aery-ai test: (pass) Google provider system prompts > does not inject extra user turns before signed model history [4.14ms]
@aryee337/aery-ai test: 
@aryee337/aery-ai test: test/openai-codex-stream.test.ts:
@aryee337/aery-ai test: (pass) openai-codex streaming > sends websocket protocol pings while the connection is open [17.88ms]
@aryee337/aery-ai test: (pass) openai-codex streaming > falls back to SSE when the websocket inbound queue overflows [10.32ms]
@aryee337/aery-ai test: (pass) openai-codex streaming > omits request-body headers and replaces stale beta headers for websocket handshakes [5.04ms]
@aryee337/aery-ai test: (pass) openai-codex streaming > streams SSE responses into AssistantMessageEventStream [10.43ms]
@aryee337/aery-tui test: 
@aryee337/aery-tui test: test/render-regressions.test.ts:
@aryee337/aery-tui test: (pass) TUI terminal-state regressions > resize + viewport behavior > streaming content under aggressive resize keeps a single consistent viewport [9257.01ms]
@aryee337/aery-ai test: (pass) openai-codex streaming > includes service_tier in SSE payloads when requested [3.99ms]
@aryee337/aery-ai test: (pass) openai-codex streaming > fails truncated SSE streams that never emit a terminal response event [9.07ms]
@aryee337/aery-ai test: (pass) openai-codex streaming > stops reading SSE responses after a terminal response event [6.19ms]
@aryee337/aery-ai test: (pass) openai-codex streaming > surfaces 429 errors after retry budget checks without body reuse failures [10.97ms]
@aryee337/aery-ai test: 
@aryee337/aery-ai test: test/tool-argument-coercion.test.ts:
@aryee337/aery-ai test: (pass) Tool argument coercion > wraps a plain string in a singleton array when schema expects string array [148.95ms]
@aryee337/aery-ai test: (pass) Tool argument coercion > parses JSON objects in string values when schema expects object [2.09ms]
@aryee337/aery-ai test: (pass) Tool argument coercion > preserves unknown root fields after Zod validation so tools can reject disabled arguments [1.36ms]
@aryee337/aery-ai test: (pass) Tool argument coercion > coerces JSON-stringified records emitted for Zod record fields [2.80ms]
@aryee337/aery-ai test: (pass) Tool argument coercion > upgrades draft-07-shaped JSON Schema without $schema before validation [3.45ms]
@aryee337/aery-ai test: (pass) Tool argument coercion > parses nested JSON arrays in string values [1.48ms]
@aryee337/aery-ai test: (pass) Tool argument coercion > coerces JSON-stringified object arrays when schema expects array of objects [2.06ms]
@aryee337/aery-ai test: (pass) Tool argument coercion > coerces JSON-stringified root arguments containing array-of-object fields [4.34ms]
@aryee337/aery-ai test: (pass) Tool argument coercion > iteratively coerces when both root arguments and nested fields are JSON strings [6.03ms]
@aryee337/aery-ai test: (pass) Tool argument coercion > coerces quoted edit arrays before stripping optional null fields [6.60ms]
@aryee337/aery-ai test: (pass) Tool argument coercion > coerces array strings with trailing wrapper braces from malformed nested JSON [3.25ms]
@aryee337/aery-ai test: (pass) Tool argument coercion > iteratively coerces nested array items that are JSON-serialized objects [2.23ms]
@aryee337/aery-ai test: (pass) Tool argument coercion > accepts null for optional properties by treating them as omitted [1.19ms]
@aryee337/aery-ai test: (pass) Tool argument coercion > drops null optional properties nested in array objects [2.63ms]
@aryee337/aery-ai test: (pass) Tool argument coercion > drops null optional properties in anyOf object branches [9.23ms]
@aryee337/aery-ai test: (pass) Tool argument coercion > does not parse quoted JSON strings when schema expects number [4.17ms]
@aryee337/aery-ai test: (pass) Tool argument coercion > coerces numeric string for Optional<number> (anyOf:[number,null]) [2.52ms]
@aryee337/aery-ai test: (pass) Tool argument coercion > leaves Optional<number> as undefined when absent [0.72ms]
@aryee337/aery-ai test: (pass) Tool argument coercion > strips string 'null' on optional boolean field [8.19ms]
@aryee337/aery-ai test: (pass) Tool argument coercion > strips string 'null' on optional string field [3.08ms]
@aryee337/aery-ai test: (pass) Tool argument coercion > errors on string 'null' for required field [0.80ms]
@aryee337/aery-ai test: 
@aryee337/aery-ai test: test/auth-broker-wire.test.ts:
@aryee337/aery-ai test: (pass) auth-broker wire surface > openSnapshotStream rejects SSE responses without an initial snapshot [228.12ms]
@aryee337/aery-ai test: 
@aryee337/aery-ai test: test/tool-argument-coercion.test.ts:
@aryee337/aery-ai test: (pass) Tool argument coercion > strips string 'null' and actual null on multiple optional fields [5.54ms]
@aryee337/aery-ai test: (pass) Tool argument coercion > heals stringified array with extra bracket at end [4.50ms]
@aryee337/aery-ai test: (pass) Tool argument coercion > heals stringified array with wrong bracket type at end [10.58ms]
@aryee337/aery-ai test: (pass) Tool argument coercion > heals stringified array with literal backslash-n between tokens [1.72ms]
@aryee337/aery-ai test: (pass) Tool argument coercion > heals stringified array with trailing junk after balanced container [6.45ms]
@aryee337/aery-ai test: (pass) Tool argument coercion > does not heal deeply broken JSON strings [5.26ms]
@aryee337/aery-ai test: (pass) Tool argument coercion > parses JSON-stringified array containing raw newlines inside string values [3.09ms]
@aryee337/aery-ai test: (pass) Tool argument coercion > substitutes the schema default when a required field arrives as null [4.14ms]
@aryee337/aery-ai test: (pass) Tool argument coercion > clones the substituted default so per-call mutations stay local [1.58ms]
@aryee337/aery-ai test: (pass) Tool argument coercion > strips null from optional properties without defaults [1.79ms]
@aryee337/aery-ai test: (pass) Tool argument coercion > deserializes a stringified JSON root with null and stringified-array fields together [1.89ms]
@aryee337/aery-ai test: (pass) Tool argument coercion > deserializes nested JSON strings at multiple levels [5.71ms]
@aryee337/aery-ai test: (pass) Tool argument coercion > tolerates extra keys on .strict() Zod object schemas (loose-recursive) [10.47ms]
@aryee337/aery-ai test: (pass) Tool argument coercion > tolerates extra keys on nested .strict() Zod object schemas [1.86ms]
@aryee337/aery-ai test: (pass) Tool argument coercion > tolerates extras on JSON Schema parameters with additionalProperties: false [0.97ms]
@aryee337/aery-ai test: 
@aryee337/aery-ai test: test/google-thinking-signature.test.ts:
@aryee337/aery-ai test: (pass) Google thinking detection (thoughtSignature) > treats part.thought === true as thinking [0.14ms]
@aryee337/aery-ai test: (pass) Google thinking detection (thoughtSignature) > does not treat thoughtSignature alone as thinking [0.05ms]
@aryee337/aery-ai test: (pass) Google thinking detection (thoughtSignature) > does not treat empty/missing signatures as thinking if thought is not set [0.05ms]
@aryee337/aery-ai test: (pass) Google thinking detection (thoughtSignature) > preserves the existing signature when subsequent deltas omit thoughtSignature [0.09ms]
@aryee337/aery-ai test: (pass) Google thinking detection (thoughtSignature) > updates the signature when a new non-empty signature arrives [0.04ms]
@aryee337/aery-ai test: 
@aryee337/aery-ai test: test/auth-gateway-aery-native.test.ts:
@aryee337/aery-ai test: (pass) aery-native parseRequest > accepts modelId + context and returns canonical shape [0.39ms]
@aryee337/aery-ai test: (pass) aery-native parseRequest > falls back to model.id when modelId is absent (streamProxy compat) [0.63ms]
@aryee337/aery-ai test: (pass) aery-native parseRequest > accepts top-level string `model` as the id (extra compat) [0.08ms]
@aryee337/aery-ai test: (pass) aery-native parseRequest > defaults stream to true when omitted [0.06ms]
@aryee337/aery-ai test: (pass) aery-native parseRequest > drops server-controlled and unknown option keys [0.36ms]
@aryee337/aery-ai test: (pass) aery-native parseRequest > preserves headers, metadata, sessionId, thinkingBudgets [0.22ms]
@aryee337/aery-ai test: (pass) aery-native parseRequest > rejects missing required fields [0.31ms]
@aryee337/aery-ai test: (pass) aery-native parseRequest > rejects non-object body [0.15ms]
@aryee337/aery-ai test: (pass) aery-native parseRequest > validates systemPrompt and tools shape [0.23ms]
@aryee337/aery-ai test: (pass) aery-native parseRequest > skips null and undefined option values [0.12ms]
@aryee337/aery-ai test: (pass) aery-native encodeStream > ships every AssistantMessageEvent verbatim, terminated by [DONE] [4.78ms]
@aryee337/aery-ai test: (pass) aery-native encodeStream > preserves the rolling `partial` on every delta (sanity: no shrink) [0.94ms]
@aryee337/aery-ai test: (pass) aery-native encodeStream > stops streaming after a terminal `done` and emits [DONE] once [0.53ms]
@aryee337/aery-ai test: (pass) aery-native encodeStream > forwards `error` events verbatim, then closes with [DONE] [0.58ms]
@aryee337/aery-ai test: (pass) aery-native encodeStream > emits a synthetic error envelope when the source iterator throws [1.97ms]
@aryee337/aery-ai test: (pass) aery-native formatError > emits { error: { type, message } } with the given status [0.52ms]
@aryee337/aery-ai test: 
@aryee337/aery-ai test: test/tool-call-without-result.test.ts:
@aryee337/aery-ai test: (skip) Tool Call Without Result Tests > Google Provider > should filter out tool calls without corresponding tool results
@aryee337/aery-ai test: (skip) Tool Call Without Result Tests > OpenAI Completions Provider > should filter out tool calls without corresponding tool results
@aryee337/aery-ai test: (skip) Tool Call Without Result Tests > OpenAI Responses Provider > should filter out tool calls without corresponding tool results
@aryee337/aery-ai test: (skip) Tool Call Without Result Tests > Anthropic Provider > should filter out tool calls without corresponding tool results
@aryee337/aery-ai test: (skip) Tool Call Without Result Tests > xAI Provider > should filter out tool calls without corresponding tool results
@aryee337/aery-ai test: (skip) Tool Call Without Result Tests > Groq Provider > should filter out tool calls without corresponding tool results
@aryee337/aery-ai test: (skip) Tool Call Without Result Tests > Cerebras Provider > should filter out tool calls without corresponding tool results
@aryee337/aery-ai test: (skip) Tool Call Without Result Tests > zAI Provider > should filter out tool calls without corresponding tool results
@aryee337/aery-ai test: (skip) Tool Call Without Result Tests > Mistral Provider > should filter out tool calls without corresponding tool results
@aryee337/aery-ai test: (skip) Tool Call Without Result Tests > Anthropic OAuth Provider > should filter out tool calls without corresponding tool results
@aryee337/aery-ai test: (skip) Tool Call Without Result Tests > GitHub Copilot Provider > gpt-4o - should filter out tool calls without corresponding tool results
@aryee337/aery-ai test: (skip) Tool Call Without Result Tests > GitHub Copilot Provider > claude-sonnet-4 - should filter out tool calls without corresponding tool results
@aryee337/aery-ai test: (skip) Tool Call Without Result Tests > Google Gemini CLI Provider > gemini-2.5-flash - should filter out tool calls without corresponding tool results
@aryee337/aery-ai test: (skip) Tool Call Without Result Tests > Google Antigravity Provider > gemini-3-flash - should filter out tool calls without corresponding tool results
@aryee337/aery-ai test: (skip) Tool Call Without Result Tests > Google Antigravity Provider > claude-sonnet-4-5 - should filter out tool calls without corresponding tool results
@aryee337/aery-ai test: (skip) Tool Call Without Result Tests > Google Antigravity Provider > gpt-oss-120b-medium - should filter out tool calls without corresponding tool results
@aryee337/aery-ai test: (skip) Tool Call Without Result Tests > OpenAI Codex Provider > gpt-5.2-codex - should filter out tool calls without corresponding tool results
@aryee337/aery-ai test: 
@aryee337/aery-ai test: test/openai-codex-stream.test.ts:
@aryee337/aery-ai test: (pass) openai-codex streaming > retries transient model_error SSE events before surfacing an error [515.05ms]
@aryee337/aery-ai test: (pass) openai-codex streaming > sets conversation_id/session_id headers and prompt_cache_key when sessionId is provided [5.22ms]
@aryee337/aery-ai test: (pass) openai-codex streaming > keeps prompt_cache_key separate from Codex conversation headers [4.88ms]
@aryee337/aery-ai test: (pass) openai-codex streaming > rejects gpt-5.3-codex minimal reasoning effort instead of clamping [5.44ms]
@aryee337/aery-ai test: (pass) openai-codex streaming > does not set conversation_id/session_id headers when sessionId is not provided [3.50ms]
@aryee337/aery-ai test: (pass) openai-codex streaming > falls back to SSE when websocket connect fails [62.45ms]
@aryee337/aery-ai test: 
@aryee337/aery-ai test: test/google-tool-choice.test.ts:
@aryee337/aery-ai test: (pass) mapGoogleToolChoice (F7) > returns string passthrough for auto/none/any [0.07ms]
@aryee337/aery-ai test: (pass) mapGoogleToolChoice (F7) > maps 'required' to 'any' [0.03ms]
@aryee337/aery-ai test: (pass) mapGoogleToolChoice (F7) > converts {type: 'tool', name} to a named-tool ANY allow-list [0.06ms]
@aryee337/aery-ai test: (pass) mapGoogleToolChoice (F7) > converts {type: 'function', name} to a named-tool ANY allow-list [0.05ms]
@aryee337/aery-ai test: (pass) mapGoogleToolChoice (F7) > converts {type: 'function', function: {name}} (OpenAI shape) to a named-tool ANY allow-list [0.04ms]
@aryee337/aery-ai test: (pass) mapGoogleToolChoice (F7) > returns undefined when no choice given [0.03ms]
@aryee337/aery-ai test: (pass) buildGoogleGenerateContentParams toolConfig serialization (F7) > emits functionCallingConfig.mode for string toolChoice [0.77ms]
@aryee337/aery-ai test: (pass) buildGoogleGenerateContentParams toolConfig serialization (F7) > emits allowedFunctionNames for named-tool object toolChoice [0.20ms]
@aryee337/aery-ai test: (pass) buildGoogleGenerateContentParams toolConfig serialization (F7) > clears toolConfig when no toolChoice is provided [0.09ms]
@aryee337/aery-ai test: 
@aryee337/aery-ai test: test/auth-gateway-anthropic-caching.test.ts:
@aryee337/aery-ai test: [skip] anthropic caching e2e: E2E env not set
@aryee337/aery-ai test: 
@aryee337/aery-ai test: test/openai-codex-stream.test.ts:
@aryee337/aery-ai test: (pass) openai-codex streaming > immediately falls back to SSE on fatal websocket connection errors [63.04ms]
@aryee337/aery-ai test: 
@aryee337/aery-ai test: test/total-tokens.test.ts:
@aryee337/aery-ai test: (skip) totalTokens field > Anthropic (API Key) > claude-haiku-4-5 - should return totalTokens equal to sum of components
@aryee337/aery-ai test: (skip) totalTokens field > Anthropic (OAuth) > claude-sonnet-4 - should return totalTokens equal to sum of components
@aryee337/aery-ai test: (skip) totalTokens field > OpenAI Completions > gpt-4o-mini - should return totalTokens equal to sum of components
@aryee337/aery-ai test: (skip) totalTokens field > OpenAI Responses > gpt-4o - should return totalTokens equal to sum of components
@aryee337/aery-ai test: (skip) totalTokens field > Google > gemini-2.0-flash - should return totalTokens equal to sum of components
@aryee337/aery-ai test: (skip) totalTokens field > xAI > grok-3-fast - should return totalTokens equal to sum of components
@aryee337/aery-ai test: (skip) totalTokens field > Groq > openai/gpt-oss-120b - should return totalTokens equal to sum of components
@aryee337/aery-ai test: (skip) totalTokens field > Cerebras > gpt-oss-120b - should return totalTokens equal to sum of components
@aryee337/aery-ai test: (skip) totalTokens field > z.ai > glm-4.5-flash - should return totalTokens equal to sum of components
@aryee337/aery-ai test: (skip) totalTokens field > Mistral > devstral-medium-latest - should return totalTokens equal to sum of components
@aryee337/aery-ai test: (skip) totalTokens field > OpenRouter > anthropic/claude-sonnet-4 - should return totalTokens equal to sum of components
@aryee337/aery-ai test: (skip) totalTokens field > OpenRouter > deepseek/deepseek-chat - should return totalTokens equal to sum of components
@aryee337/aery-ai test: (skip) totalTokens field > OpenRouter > mistralai/mistral-small-3.1-24b-instruct - should return totalTokens equal to sum of components
@aryee337/aery-ai test: (skip) totalTokens field > OpenRouter > google/gemini-2.0-flash-001 - should return totalTokens equal to sum of components
@aryee337/aery-ai test: (skip) totalTokens field > OpenRouter > meta-llama/llama-4-maverick - should return totalTokens equal to sum of components
@aryee337/aery-ai test: (skip) totalTokens field > GitHub Copilot (OAuth) > gpt-4o - should return totalTokens equal to sum of components
@aryee337/aery-ai test: (skip) totalTokens field > GitHub Copilot (OAuth) > claude-sonnet-4 - should return totalTokens equal to sum of components
@aryee337/aery-ai test: (skip) totalTokens field > Google Gemini CLI (OAuth) > gemini-2.5-flash - should return totalTokens equal to sum of components
@aryee337/aery-ai test: (skip) totalTokens field > Google Antigravity (OAuth) > gemini-3-flash - should return totalTokens equal to sum of components
@aryee337/aery-ai test: (skip) totalTokens field > Google Antigravity (OAuth) > claude-sonnet-4-5 - should return totalTokens equal to sum of components
@aryee337/aery-ai test: (skip) totalTokens field > Google Antigravity (OAuth) > gpt-oss-120b-medium - should return totalTokens equal to sum of components
@aryee337/aery-ai test: (skip) totalTokens field > OpenAI Codex (OAuth) > gpt-5.2-codex - should return totalTokens equal to sum of components
@aryee337/aery-ai test: 
@aryee337/aery-ai test: test/openai-codex-stream.test.ts:
@aryee337/aery-ai test: (pass) openai-codex streaming > captures websocket handshake metadata and replays it on later SSE requests [92.64ms]
@aryee337/aery-ai test: (pass) openai-codex streaming > includes service_tier in websocket payloads when requested [48.69ms]
@aryee337/aery-ai test: 
@aryee337/aery-ai test: test/auth-gateway-anthropic-messages.test.ts:
@aryee337/aery-ai test: (pass) anthropic-messages parseRequest > parses system + user + assistant(thinking,text,tool_use) + tool_result [38.92ms]
@aryee337/aery-ai test: (pass) anthropic-messages parseRequest > maps tool_choice variants and suppresses user wrappers that hold only tool_result [1.73ms]
@aryee337/aery-ai test: (pass) anthropic-messages parseRequest > splits user text/image blocks into a separate UserMessage before a tool_result [0.23ms]
@aryee337/aery-ai test: (pass) anthropic-messages parseRequest > rejects missing required fields and unsupported request controls [2.21ms]
@aryee337/aery-ai test: 
@aryee337/aery-ai test: test/google-tool-schema.test.ts:
@aryee337/aery-ai test: (pass) Cloud Code Assist Claude tool schema conversion > strips nullable keyword and collapses type arrays for CCA Claude [7.68ms]
@aryee337/aery-ai test: 
@aryee337/aery-ai test: test/auth-gateway-anthropic-messages.test.ts:
@aryee337/aery-ai test: (pass) anthropic-messages encodeResponse > encodes text + thinking + tool_use with correct ordering and stop_reason mapping [0.65ms]
@aryee337/aery-ai test: 
@aryee337/aery-ai test: test/google-tool-schema.test.ts:
@aryee337/aery-ai test: (pass) Cloud Code Assist Claude tool schema conversion > strips propertyNames before sending legacy CCA parameters [0.45ms]
@aryee337/aery-ai test: 
@aryee337/aery-ai test: test/auth-gateway-anthropic-messages.test.ts:
@aryee337/aery-ai test: (pass) anthropic-messages encodeResponse > maps stop reasons and rejects upstream terminal errors [0.37ms]
@aryee337/aery-ai test: 
@aryee337/aery-ai test: test/google-tool-schema.test.ts:
@aryee337/aery-ai test: (pass) Cloud Code Assist Claude tool schema conversion > uses sanitized parameters for claude models with deterministic output [1.25ms]
@aryee337/aery-ai test: 
@aryee337/aery-ai test: test/auth-gateway-anthropic-messages.test.ts:
@aryee337/aery-ai test: (pass) anthropic-messages encodeStream > emits thinking_delta + signature_delta + text_delta + tool_use input_json_delta + message_stop [7.29ms]
@aryee337/aery-ai test: (pass) anthropic-messages encodeStream > emits an error event when the upstream stream errors [0.97ms]
@aryee337/aery-ai test: 
@aryee337/aery-ai test: test/openai-codex-stream.test.ts:
@aryee337/aery-ai test: (pass) openai-codex streaming > sends websocket continuation deltas after prior assistant response items and records stats [54.58ms]
@aryee337/aery-ai test: 
@aryee337/aery-ai test: test/google-tool-schema.test.ts:
@aryee337/aery-ai test: (pass) Cloud Code Assist Claude tool schema conversion > collapses mixed-type anyOf to first non-null type for claude parameters [30.34ms]
@aryee337/aery-ai test: (pass) Cloud Code Assist Claude tool schema conversion > collapses mixed anyOf with shared metadata for edit-style lines fields [1.36ms]
@aryee337/aery-ai test: (pass) Cloud Code Assist Claude tool schema conversion > collapses mixed unions for todo_write-style nullable content fields [1.17ms]
@aryee337/aery-ai test: (pass) Cloud Code Assist Claude tool schema conversion > preserves nullable unions as optional properties instead of full fallback [4.57ms]
@aryee337/aery-ai test: (pass) Cloud Code Assist Claude tool schema conversion > falls back to minimal object schema when non-null unresolved unions remain for CCA Claude [5.57ms]
@aryee337/aery-ai test: (pass) Cloud Code Assist Claude tool schema conversion > falls back when CCA schema meta-validation catches malformed keywords [2.52ms]
@aryee337/aery-ai test: (pass) Cloud Code Assist Claude tool schema conversion > keeps google sanitizer behavior for non-claude schema path [0.81ms]
@aryee337/aery-ai test: (pass) normalizeSchemaForGoogle parity with python-genai process_schema > leaves anyOf alone when no variant has type null [0.24ms]
@aryee337/aery-ai test: (pass) normalizeSchemaForGoogle parity with python-genai process_schema > collapses {type:'null'} variant in anyOf into nullable + sole remaining variant [0.56ms]
@aryee337/aery-ai test: (pass) normalizeSchemaForGoogle parity with python-genai process_schema > preserves multi-variant anyOf without any null variant [0.57ms]
@aryee337/aery-ai test: (pass) normalizeSchemaForGoogle parity with python-genai process_schema > leaves already-camelCased complex schemas unchanged apart from auto propertyOrdering [0.50ms]
@aryee337/aery-ai test: (pass) normalizeSchemaForGoogle parity with python-genai process_schema > converts const to a singleton enum [0.19ms]
@aryee337/aery-ai test: (pass) normalizeSchemaForGoogle parity with python-genai process_schema > accepts non-string const as a singleton enum (intentional deviation from upstream raise) [0.11ms]
@aryee337/aery-ai test: (pass) normalizeSchemaForGoogle parity with python-genai process_schema > propagates auto propertyOrdering into inlined $defs targets [0.67ms]
@aryee337/aery-ai test: (pass) normalizeSchemaForGoogle parity with python-genai process_schema > propagates auto propertyOrdering into array items [0.20ms]
@aryee337/aery-ai test: (pass) normalizeSchemaForGoogle parity with python-genai process_schema > propagates auto propertyOrdering into nested properties [0.17ms]
@aryee337/aery-ai test: (pass) normalizeSchemaForGoogle parity with python-genai process_schema > propagates auto propertyOrdering into anyOf variants [0.89ms]
@aryee337/aery-ai test: (pass) normalizeSchemaForGoogle parity with python-genai process_schema > breaks $ref cycles by emitting an empty schema at the recursion point [3.51ms]
@aryee337/aery-ai test: (pass) normalizeSchemaForGoogle parity with python-genai process_schema > does not overwrite an existing propertyOrdering [0.35ms]
@aryee337/aery-ai test: (pass) normalizeSchemaForGoogle parity with python-genai process_schema > populates propertyOrdering from properties insertion order when missing [0.23ms]
@aryee337/aery-ai test: (pass) normalizeSchemaForGoogle parity with python-genai process_schema > normalizes snake_case schema field names to camelCase [0.26ms]
@aryee337/aery-ai test: (pass) normalizeSchemaForGoogle parity with python-genai process_schema > lets snake_case overwrite an existing camelCase entry on collision [0.19ms]
@aryee337/aery-ai test: (pass) normalizeSchemaForGoogle parity with python-genai process_schema > rewrites a bare {type:'null'} schema as {nullable:true} [0.09ms]
@aryee337/aery-ai test: (pass) normalizeSchemaForGoogle parity with python-genai process_schema > flattens anyOf:[X, {type:'null'}] into X + nullable [0.18ms]
@aryee337/aery-ai test: 
@aryee337/aery-ai test: test/openai-codex-stream.test.ts:
@aryee337/aery-ai test: (pass) openai-codex streaming > retries websocket continuations with full context when previous_response_id expires [91.10ms]
@aryee337/aery-ai test: 
@aryee337/aery-ai test: test/unicode-surrogate.test.ts:
@aryee337/aery-ai test: (skip) AI Providers Unicode Surrogate Pair Tests > Google Provider Unicode Handling > should handle emoji in tool results
@aryee337/aery-ai test: (skip) AI Providers Unicode Surrogate Pair Tests > Google Provider Unicode Handling > should handle real-world LinkedIn comment data with emoji
@aryee337/aery-ai test: (skip) AI Providers Unicode Surrogate Pair Tests > Google Provider Unicode Handling > should handle unpaired high surrogate (0xD83D) in tool results
@aryee337/aery-ai test: (skip) AI Providers Unicode Surrogate Pair Tests > OpenAI Completions Provider Unicode Handling > should handle emoji in tool results
@aryee337/aery-ai test: (skip) AI Providers Unicode Surrogate Pair Tests > OpenAI Completions Provider Unicode Handling > should handle real-world LinkedIn comment data with emoji
@aryee337/aery-ai test: (skip) AI Providers Unicode Surrogate Pair Tests > OpenAI Completions Provider Unicode Handling > should handle unpaired high surrogate (0xD83D) in tool results
@aryee337/aery-ai test: (skip) AI Providers Unicode Surrogate Pair Tests > OpenAI Responses Provider Unicode Handling > should handle emoji in tool results
@aryee337/aery-ai test: (skip) AI Providers Unicode Surrogate Pair Tests > OpenAI Responses Provider Unicode Handling > should handle real-world LinkedIn comment data with emoji
@aryee337/aery-ai test: (skip) AI Providers Unicode Surrogate Pair Tests > OpenAI Responses Provider Unicode Handling > should handle unpaired high surrogate (0xD83D) in tool results
@aryee337/aery-ai test: (skip) AI Providers Unicode Surrogate Pair Tests > Anthropic Provider Unicode Handling > should handle emoji in tool results
@aryee337/aery-ai test: (skip) AI Providers Unicode Surrogate Pair Tests > Anthropic Provider Unicode Handling > should handle real-world LinkedIn comment data with emoji
@aryee337/aery-ai test: (skip) AI Providers Unicode Surrogate Pair Tests > Anthropic Provider Unicode Handling > should handle unpaired high surrogate (0xD83D) in tool results
@aryee337/aery-ai test: (skip) AI Providers Unicode Surrogate Pair Tests > Anthropic OAuth Provider Unicode Handling > should handle emoji in tool results
@aryee337/aery-ai test: (skip) AI Providers Unicode Surrogate Pair Tests > Anthropic OAuth Provider Unicode Handling > should handle real-world LinkedIn comment data with emoji
@aryee337/aery-ai test: (skip) AI Providers Unicode Surrogate Pair Tests > Anthropic OAuth Provider Unicode Handling > should handle unpaired high surrogate (0xD83D) in tool results
@aryee337/aery-ai test: (skip) AI Providers Unicode Surrogate Pair Tests > GitHub Copilot Provider Unicode Handling > gpt-4o - should handle emoji in tool results
@aryee337/aery-ai test: (skip) AI Providers Unicode Surrogate Pair Tests > GitHub Copilot Provider Unicode Handling > gpt-4o - should handle real-world LinkedIn comment data with emoji
@aryee337/aery-ai test: (skip) AI Providers Unicode Surrogate Pair Tests > GitHub Copilot Provider Unicode Handling > gpt-4o - should handle unpaired high surrogate (0xD83D) in tool results
@aryee337/aery-ai test: (skip) AI Providers Unicode Surrogate Pair Tests > GitHub Copilot Provider Unicode Handling > claude-sonnet-4 - should handle emoji in tool results
@aryee337/aery-ai test: (skip) AI Providers Unicode Surrogate Pair Tests > GitHub Copilot Provider Unicode Handling > claude-sonnet-4 - should handle real-world LinkedIn comment data with emoji
@aryee337/aery-ai test: (skip) AI Providers Unicode Surrogate Pair Tests > GitHub Copilot Provider Unicode Handling > claude-sonnet-4 - should handle unpaired high surrogate (0xD83D) in tool results
@aryee337/aery-ai test: (skip) AI Providers Unicode Surrogate Pair Tests > Google Gemini CLI Provider Unicode Handling > gemini-2.5-flash - should handle emoji in tool results
@aryee337/aery-ai test: (skip) AI Providers Unicode Surrogate Pair Tests > Google Gemini CLI Provider Unicode Handling > gemini-2.5-flash - should handle real-world LinkedIn comment data with emoji
@aryee337/aery-ai test: (skip) AI Providers Unicode Surrogate Pair Tests > Google Gemini CLI Provider Unicode Handling > gemini-2.5-flash - should handle unpaired high surrogate (0xD83D) in tool results
@aryee337/aery-ai test: (skip) AI Providers Unicode Surrogate Pair Tests > Google Antigravity Provider Unicode Handling > gemini-3-flash - should handle emoji in tool results
@aryee337/aery-ai test: (skip) AI Providers Unicode Surrogate Pair Tests > Google Antigravity Provider Unicode Handling > gemini-3-flash - should handle real-world LinkedIn comment data with emoji
@aryee337/aery-ai test: (skip) AI Providers Unicode Surrogate Pair Tests > Google Antigravity Provider Unicode Handling > gemini-3-flash - should handle unpaired high surrogate (0xD83D) in tool results
@aryee337/aery-ai test: (skip) AI Providers Unicode Surrogate Pair Tests > Google Antigravity Provider Unicode Handling > claude-sonnet-4-5 - should handle emoji in tool results
@aryee337/aery-ai test: (skip) AI Providers Unicode Surrogate Pair Tests > Google Antigravity Provider Unicode Handling > claude-sonnet-4-5 - should handle real-world LinkedIn comment data with emoji
@aryee337/aery-ai test: (skip) AI Providers Unicode Surrogate Pair Tests > Google Antigravity Provider Unicode Handling > claude-sonnet-4-5 - should handle unpaired high surrogate (0xD83D) in tool results
@aryee337/aery-ai test: (skip) AI Providers Unicode Surrogate Pair Tests > Google Antigravity Provider Unicode Handling > gpt-oss-120b-medium - should handle emoji in tool results
@aryee337/aery-ai test: (skip) AI Providers Unicode Surrogate Pair Tests > Google Antigravity Provider Unicode Handling > gpt-oss-120b-medium - should handle real-world LinkedIn comment data with emoji
@aryee337/aery-ai test: (skip) AI Providers Unicode Surrogate Pair Tests > Google Antigravity Provider Unicode Handling > gpt-oss-120b-medium - should handle unpaired high surrogate (0xD83D) in tool results
@aryee337/aery-ai test: (skip) AI Providers Unicode Surrogate Pair Tests > xAI Provider Unicode Handling > should handle emoji in tool results
@aryee337/aery-ai test: (skip) AI Providers Unicode Surrogate Pair Tests > xAI Provider Unicode Handling > should handle real-world LinkedIn comment data with emoji
@aryee337/aery-ai test: (skip) AI Providers Unicode Surrogate Pair Tests > xAI Provider Unicode Handling > should handle unpaired high surrogate (0xD83D) in tool results
@aryee337/aery-ai test: (skip) AI Providers Unicode Surrogate Pair Tests > Groq Provider Unicode Handling > should handle emoji in tool results
@aryee337/aery-ai test: (skip) AI Providers Unicode Surrogate Pair Tests > Groq Provider Unicode Handling > should handle real-world LinkedIn comment data with emoji
@aryee337/aery-ai test: (skip) AI Providers Unicode Surrogate Pair Tests > Groq Provider Unicode Handling > should handle unpaired high surrogate (0xD83D) in tool results
@aryee337/aery-ai test: (skip) AI Providers Unicode Surrogate Pair Tests > Cerebras Provider Unicode Handling > should handle emoji in tool results
@aryee337/aery-ai test: (skip) AI Providers Unicode Surrogate Pair Tests > Cerebras Provider Unicode Handling > should handle real-world LinkedIn comment data with emoji
@aryee337/aery-ai test: (skip) AI Providers Unicode Surrogate Pair Tests > Cerebras Provider Unicode Handling > should handle unpaired high surrogate (0xD83D) in tool results
@aryee337/aery-ai test: (skip) AI Providers Unicode Surrogate Pair Tests > zAI Provider Unicode Handling > should handle emoji in tool results
@aryee337/aery-ai test: (skip) AI Providers Unicode Surrogate Pair Tests > zAI Provider Unicode Handling > should handle real-world LinkedIn comment data with emoji
@aryee337/aery-ai test: (skip) AI Providers Unicode Surrogate Pair Tests > zAI Provider Unicode Handling > should handle unpaired high surrogate (0xD83D) in tool results
@aryee337/aery-ai test: (skip) AI Providers Unicode Surrogate Pair Tests > Mistral Provider Unicode Handling > should handle emoji in tool results
@aryee337/aery-ai test: (skip) AI Providers Unicode Surrogate Pair Tests > Mistral Provider Unicode Handling > should handle real-world LinkedIn comment data with emoji
@aryee337/aery-ai test: (skip) AI Providers Unicode Surrogate Pair Tests > Mistral Provider Unicode Handling > should handle unpaired high surrogate (0xD83D) in tool results
@aryee337/aery-ai test: (skip) AI Providers Unicode Surrogate Pair Tests > OpenAI Codex Provider Unicode Handling > gpt-5.2-codex - should handle emoji in tool results
@aryee337/aery-ai test: (skip) AI Providers Unicode Surrogate Pair Tests > OpenAI Codex Provider Unicode Handling > gpt-5.2-codex - should handle real-world LinkedIn comment data with emoji
@aryee337/aery-ai test: (skip) AI Providers Unicode Surrogate Pair Tests > OpenAI Codex Provider Unicode Handling > gpt-5.2-codex - should handle unpaired high surrogate (0xD83D) in tool results
@aryee337/aery-ai test: 
@aryee337/aery-ai test: test/openai-codex-stream.test.ts:
@aryee337/aery-ai test: (pass) openai-codex streaming > uses low Codex text verbosity by default while preserving explicit overrides [54.00ms]
@aryee337/aery-ai test: (pass) openai-codex streaming > uses websocket v2 beta header when v2 mode is enabled [5.39ms]
@aryee337/aery-ai test: 
@aryee337/aery-ai test: test/auth-gateway-anthropic-to-codex-caching.test.ts:
@aryee337/aery-ai test: [skip] anthropic→codex caching e2e: E2E env not set
@aryee337/aery-ai test: 
@aryee337/aery-ai test: test/auth-gateway-cache-key.test.ts:
@aryee337/aery-ai test: (pass) resolvePromptCacheKey > prefers body.prompt_cache_key over everything else [26.32ms]
@aryee337/aery-ai test: (pass) resolvePromptCacheKey > falls back to body.metadata.session_id when prompt_cache_key absent [0.09ms]
@aryee337/aery-ai test: (pass) resolvePromptCacheKey > falls back to body.metadata.conversation_id [0.03ms]
@aryee337/aery-ai test: (pass) resolvePromptCacheKey > prefers explicit metadata.prompt_cache_key over session/conversation ids [0.04ms]
@aryee337/aery-ai test: (pass) resolvePromptCacheKey > falls back to x-prompt-cache-key header when body lacks anything [0.04ms]
@aryee337/aery-ai test: (pass) resolvePromptCacheKey > falls back to codex session_id / conversation_id headers [0.05ms]
@aryee337/aery-ai test: (pass) resolvePromptCacheKey > falls back to vendor-neutral x-session-id / x-conversation-id headers [0.06ms]
@aryee337/aery-ai test: (pass) resolvePromptCacheKey > returns undefined when nothing resolvable is present [2.12ms]
@aryee337/aery-ai test: (pass) resolvePromptCacheKey > ignores empty string body fields and empty header values [0.07ms]
@aryee337/aery-ai test: (pass) resolvePromptCacheKey > ignores non-string body fields [0.07ms]
@aryee337/aery-ai test: 
@aryee337/aery-ai test: test/openai-codex-stream.test.ts:
@aryee337/aery-ai test: (pass) openai-codex streaming > waits for caller abort when a prewarmed websocket is silent before its first event [106.47ms]
@aryee337/aery-ai test: 
@aryee337/aery-ai test: test/usage-attribution.test.ts:
@aryee337/aery-ai test: (pass) openai-completions parseChunkUsage > does not double-count reasoning_tokens (subset of completion_tokens) [0.22ms]
@aryee337/aery-ai test: (pass) openai-completions parseChunkUsage > omits reasoningTokens when no reasoning_tokens are reported [0.10ms]
@aryee337/aery-ai test: (pass) openai-completions parseChunkUsage > attributes OpenRouter cache_write_tokens to cacheWrite, not input [0.12ms]
@aryee337/aery-ai test: (pass) openai-completions parseChunkUsage > attributes OpenRouter cache_read_tokens correctly when cache is warm [0.15ms]
@aryee337/aery-ai test: (pass) openai-completions parseChunkUsage > maps DeepSeek prompt_cache_hit_tokens + prompt_cache_miss_tokens correctly [6.09ms]
@aryee337/aery-ai test: (pass) openai-completions parseChunkUsage > handles DeepSeek with only cache hits (miss=0) [0.10ms]
@aryee337/aery-ai test: (pass) openai-completions parseChunkUsage > handles DeepSeek with only cache misses (hit=0) [0.09ms]
@aryee337/aery-ai test: (pass) openai-completions parseChunkUsage > does not confuse OpenRouter responses with DeepSeek format [0.09ms]
@aryee337/aery-ai test: (pass) openai-completions parseChunkUsage > uses OpenRouter path when DeepSeek routes through OpenRouter with both field sets [0.10ms]
@aryee337/aery-ai test: (pass) anthropic applyAnthropicUsageExtras > captures cache TTL breakdown when both buckets are non-zero [0.24ms]
@aryee337/aery-ai test: (pass) anthropic applyAnthropicUsageExtras > only sets the bucket the provider populated [0.11ms]
@aryee337/aery-ai test: (pass) anthropic applyAnthropicUsageExtras > captures server tool requests [0.08ms]
@aryee337/aery-ai test: (pass) anthropic applyAnthropicUsageExtras > leaves serverToolUse undefined when both counters are zero [0.06ms]
@aryee337/aery-ai test: (pass) anthropic applyAnthropicUsageExtras > does not clobber a previously-populated breakdown when called with no cache_creation field (message_delta case) [0.10ms]
@aryee337/aery-ai test: (pass) anthropic applyAnthropicUsageExtras > treats null SDK fields as absent (cache_creation: null skips breakdown) [0.07ms]
@aryee337/aery-ai test: 
@aryee337/aery-ai test: test/openai-codex-stream.test.ts:
@aryee337/aery-ai test: (pass) openai-codex streaming > surfaces a websocket idle-timeout error when status events never make semantic progress [113.76ms]
@aryee337/aery-ai test: 
@aryee337/aery-ai test: test/google-vertex-discovery.test.ts:
@aryee337/aery-ai test: (pass) google-vertex model catalog > maps the models.dev Vertex catalog instead of the project discovery endpoint [0.93ms]
@aryee337/aery-ai test: (pass) google-vertex model catalog > uses the bundled Vertex catalog without ADC project discovery [8.10ms]
@aryee337/aery-ai test: 
@aryee337/aery-ai test: test/openai-codex-stream.test.ts:
@aryee337/aery-ai test: (pass) openai-codex streaming > retries websocket stream closes before surfacing transport errors [88.04ms]
@aryee337/aery-ai test: (pass) openai-codex streaming > falls back to SSE when websocket becomes unavailable before stream start [57.62ms]
@aryee337/aery-ai test: 
@aryee337/aery-ai test: test/utils-responses-id.test.ts:
@aryee337/aery-ai test: (pass) normalizeResponsesToolCallId > preserves existing item prefix when truncating oversized ids [0.35ms]
@aryee337/aery-ai test: (pass) normalizeResponsesToolCallId > keeps valid responses item ids unchanged [0.09ms]
@aryee337/aery-ai test: (pass) normalizeResponsesToolCallId > uses fc-prefixed item id for single-part tool call ids [0.11ms]
@aryee337/aery-ai test: (pass) normalizeResponsesToolCallId > rehashes non-fc item ids to fc-prefixed ids [0.09ms]
@aryee337/aery-ai test: (pass) normalizeResponsesToolCallId > rehashes item ids without explicit prefixes to fc-prefixed ids by default [0.07ms]
@aryee337/aery-ai test: (pass) normalizeResponsesToolCallId > preserves ctc-prefixed item ids for custom tool calls [0.06ms]
@aryee337/aery-ai test: (pass) normalizeResponsesToolCallId > rehashes non-ctc item ids to ctc-prefixed ids for custom tool calls [0.07ms]
@aryee337/aery-ai test: (pass) normalizeResponsesToolCallId > rehashes custom item ids without explicit ctc prefixes to ctc-prefixed ids [0.09ms]
@aryee337/aery-ai test: 
@aryee337/aery-ai test: test/auth-gateway-classify-error.test.ts:
@aryee337/aery-ai test: (pass) auth-gateway classifyGatewayError > honours an explicit numeric `status` property on the error [0.41ms]
@aryee337/aery-ai test: (pass) auth-gateway classifyGatewayError > maps 401/403 to authentication_error via status property [0.09ms]
@aryee337/aery-ai test: (pass) auth-gateway classifyGatewayError > maps 429 to rate_limit_error via status property [0.05ms]
@aryee337/aery-ai test: (pass) auth-gateway classifyGatewayError > does NOT misclassify `GenerateContentRequest` 400 as rate-limited (the original bug) [0.25ms]
@aryee337/aery-ai test: (pass) auth-gateway classifyGatewayError > extracts embedded status codes from common message shapes [0.25ms]
@aryee337/aery-ai test: (pass) auth-gateway classifyGatewayError > ignores incidental three-digit numbers without a status keyword [3.74ms]
@aryee337/aery-ai test: (pass) auth-gateway classifyGatewayError > still recognizes rate-limit wording when no status is embedded [0.24ms]
@aryee337/aery-ai test: (pass) auth-gateway classifyGatewayError > classifies Codex 'You have hit your ChatGPT usage limit' as 429 [0.07ms]
@aryee337/aery-ai test: (pass) auth-gateway classifyGatewayError > classifies generic 'usage_limit_reached' code text as 429 [0.10ms]
@aryee337/aery-ai test: (pass) auth-gateway classifyGatewayError > does not match 'rate' inside camelCase or compound words [0.21ms]
@aryee337/aery-ai test: (pass) auth-gateway classifyGatewayError > classifies AbortError instances as 499 request_aborted [0.07ms]
@aryee337/aery-ai test: (pass) auth-gateway classifyGatewayError > classifies word-boundaried 'aborted' wording as 499 [0.07ms]
@aryee337/aery-ai test: (pass) auth-gateway classifyGatewayError > falls through to 502 upstream_error when nothing matches [0.91ms]
@aryee337/aery-ai test: 
@aryee337/aery-ai test: test/openai-codex-stream.test.ts:
@aryee337/aery-ai test: (pass) openai-codex streaming > resets websocket append state after an aborted request closes the connection [121.65ms]
@aryee337/aery-ai test: 
@aryee337/aery-ai test: test/handoff.test.ts:
@aryee337/aery-ai test: (skip) Cross-Provider Handoff Tests > Anthropic Provider Handoff > should handle contexts from all providers
@aryee337/aery-ai test: (skip) Cross-Provider Handoff Tests > Google Provider Handoff > should handle contexts from all providers
@aryee337/aery-ai test: (skip) Cross-Provider Handoff Tests > OpenAI Completions Provider Handoff > should handle contexts from all providers
@aryee337/aery-ai test: (skip) Cross-Provider Handoff Tests > OpenAI Responses Provider Handoff > should handle contexts from all providers
@aryee337/aery-ai test: (skip) Cross-Provider Handoff Tests > Mistral Provider Handoff > should handle contexts from all providers
@aryee337/aery-ai test: 
@aryee337/aery-ai test: test/openai-codex-stream.test.ts:
@aryee337/aery-ai test: (pass) openai-codex streaming > resets websocket append state after websocket error events [86.70ms]
@aryee337/aery-ai test: 
@aryee337/aery-ai test: test/auth-gateway-cross-protocol-caching.test.ts:
@aryee337/aery-ai test: [skip] cross-protocol caching e2e: E2E env not set
@aryee337/aery-ai test: 
@aryee337/aery-ai test: test/openai-codex-stream.test.ts:
@aryee337/aery-ai test: (pass) openai-codex streaming > falls back to SSE when websocket receives malformed JSON before completion [47.42ms]
@aryee337/aery-ai test: (pass) openai-codex streaming > replays over SSE when websocket closes after buffered output without a terminal event [26.30ms]
@aryee337/aery-ai test: (pass) openai-codex streaming > resets append state and stale turn headers when websocket requests diverge [42.18ms]
@aryee337/aery-ai test: 
@aryee337/aery-ai test: test/auth-gateway-openai-chat.test.ts:
@aryee337/aery-ai test: (pass) auth-gateway openai-chat: parseRequest > converts a full request into a Context [42.26ms]
@aryee337/aery-ai test: (pass) auth-gateway openai-chat: parseRequest > rejects missing required fields [1.16ms]
@aryee337/aery-ai test: (pass) auth-gateway openai-chat: parseRequest > falls back to max_tokens when max_completion_tokens is absent [0.26ms]
@aryee337/aery-ai test: (pass) auth-gateway openai-chat: parseRequest > honours an explicit wire `name` on a tool message over back-resolution [0.52ms]
@aryee337/aery-ai test: (pass) auth-gateway openai-chat: parseRequest > treats an empty wire `name` as absent and falls back to map lookup [0.36ms]
@aryee337/aery-ai test: (pass) auth-gateway openai-chat: parseRequest > leaves toolName empty when no matching tool_call_id and no wire name [2.76ms]
@aryee337/aery-ai test: (pass) auth-gateway openai-chat: encodeResponse > serializes text + tool calls with finish_reason=tool_calls [1.03ms]
@aryee337/aery-ai test: (pass) auth-gateway openai-chat: encodeResponse > maps length stop reason and emits null content when text is empty [0.16ms]
@aryee337/aery-ai test: (pass) auth-gateway openai-chat: encodeStream > emits role chunk, text deltas, tool_call deltas with sequential indexes, then [DONE] [9.15ms]
@aryee337/aery-ai test: (pass) auth-gateway openai-chat: encodeStream > emits an error envelope when the stream errors [4.86ms]
@aryee337/aery-ai test: 
@aryee337/aery-ai test: test/openai-codex-stream.test.ts:
@aryee337/aery-ai test: (pass) openai-codex streaming > reuses a prewarmed websocket connection across turns [59.44ms]
@aryee337/aery-ai test: (pass) openai-codex streaming > replays x-codex-turn-state on subsequent SSE requests [13.51ms]
@aryee337/aery-ai test: 
@aryee337/aery-ai test: test/wafer.test.ts:
@aryee337/aery-ai test: (pass) Wafer Pass provider > ships a bundled GLM-5.1 entry with zai-family thinking compat [0.24ms]
@aryee337/aery-ai test: (pass) Wafer Pass provider > ships a bundled Qwen3.5-397B-A17B entry with vision input and no reasoning [0.10ms]
@aryee337/aery-ai test: (pass) Wafer Pass provider > preserves the catalog id verbatim on the wire (no rewrite, case-sensitive) [11.20ms]
@aryee337/aery-ai test: (pass) Wafer Serverless provider > ships the documented Serverless catalog (GLM-5.1, Qwen3.5, Qwen3.6, Qwen3.7-Max, Kimi-K2.6, DeepSeek V4 Flash/Pro) [0.31ms]
@aryee337/aery-ai test: (pass) Wafer Serverless provider > does not expose Serverless-only ids on the Wafer Pass catalog [0.08ms]
@aryee337/aery-ai test: (pass) Wafer dynamic discovery mapper > picks thinkingFormat from the wafer.provider envelope per upstream [20.78ms]
@aryee337/aery-ai test: (pass) Wafer dynamic discovery mapper > zeros cost for the Pass SKU and applies retail × 0.0125 for Serverless [5.73ms]
@aryee337/aery-ai test: 
@aryee337/aery-ai test: test/openai-codex-stream.test.ts:
@aryee337/aery-ai test: (pass) openai-codex streaming > forces a fresh websocket when the prior connection has been idle past PI_CODEX_WEBSOCKET_MAX_IDLE_REUSE_MS [120.24ms]
@aryee337/aery-ai test: 
@aryee337/aery-ai test: test/auth-gateway-openai-responses-caching.test.ts:
@aryee337/aery-ai test: [skip] openai-responses caching e2e: E2E env not set
@aryee337/aery-ai test: 
@aryee337/aery-ai test: test/openai-codex-stream.test.ts:
@aryee337/aery-ai test: (pass) openai-codex streaming > drops stale frames from a prior response before sending the next websocket request [38.38ms]
@aryee337/aery-ai test: 
@aryee337/aery-ai test: test/image-limits.test.ts:
@aryee337/aery-ai test: (skip) Image Limits E2E Tests > Anthropic (claude-haiku-4-5-20251001) > should accept a small number of images (5)
@aryee337/aery-ai test: (skip) Image Limits E2E Tests > Anthropic (claude-haiku-4-5-20251001) > should find maximum image count limit
@aryee337/aery-ai test: (skip) Image Limits E2E Tests > Anthropic (claude-haiku-4-5-20251001) > should find maximum image size limit
@aryee337/aery-ai test: (skip) Image Limits E2E Tests > Anthropic (claude-haiku-4-5-20251001) > should find maximum image dimension limit
@aryee337/aery-ai test: (skip) Image Limits E2E Tests > OpenAI (gpt-4o-mini) > should accept a small number of images (5)
@aryee337/aery-ai test: (skip) Image Limits E2E Tests > OpenAI (gpt-4o-mini) > should find maximum image count limit
@aryee337/aery-ai test: (skip) Image Limits E2E Tests > OpenAI (gpt-4o-mini) > should find maximum image size limit
@aryee337/aery-ai test: (skip) Image Limits E2E Tests > OpenAI (gpt-4o-mini) > should find maximum image dimension limit
@aryee337/aery-ai test: (skip) Image Limits E2E Tests > Gemini (gemini-2.5-flash) > should accept a small number of images (5)
@aryee337/aery-ai test: (skip) Image Limits E2E Tests > Gemini (gemini-2.5-flash) > should find maximum image count limit
@aryee337/aery-ai test: (skip) Image Limits E2E Tests > Gemini (gemini-2.5-flash) > should find maximum image size limit
@aryee337/aery-ai test: (skip) Image Limits E2E Tests > Gemini (gemini-2.5-flash) > should find maximum image dimension limit
@aryee337/aery-ai test: (skip) Image Limits E2E Tests > Mistral (pixtral-12b) > should accept a small number of images (5)
@aryee337/aery-ai test: (skip) Image Limits E2E Tests > Mistral (pixtral-12b) > should find maximum image count limit
@aryee337/aery-ai test: (skip) Image Limits E2E Tests > Mistral (pixtral-12b) > should find maximum image size limit
@aryee337/aery-ai test: (skip) Image Limits E2E Tests > Mistral (pixtral-12b) > should find maximum image dimension limit
@aryee337/aery-ai test: (skip) Image Limits E2E Tests > OpenRouter (z-ai/glm-4.5v) > should accept a small number of images (5)
@aryee337/aery-ai test: (skip) Image Limits E2E Tests > OpenRouter (z-ai/glm-4.5v) > should find maximum image count limit
@aryee337/aery-ai test: (skip) Image Limits E2E Tests > OpenRouter (z-ai/glm-4.5v) > should find maximum image size limit
@aryee337/aery-ai test: (skip) Image Limits E2E Tests > OpenRouter (z-ai/glm-4.5v) > should find maximum image dimension limit
@aryee337/aery-ai test: (skip) Image Limits E2E Tests > xAI (grok-2-vision) > should accept a small number of images (5)
@aryee337/aery-ai test: (skip) Image Limits E2E Tests > xAI (grok-2-vision) > should find maximum image count limit
@aryee337/aery-ai test: (skip) Image Limits E2E Tests > xAI (grok-2-vision) > should find maximum image size limit
@aryee337/aery-ai test: (skip) Image Limits E2E Tests > xAI (grok-2-vision) > should find maximum image dimension limit
@aryee337/aery-ai test: (skip) Image Limits E2E Tests > Groq (llama-4-scout-17b) > should accept a small number of images (5)
@aryee337/aery-ai test: (skip) Image Limits E2E Tests > Groq (llama-4-scout-17b) > should find maximum image count limit
@aryee337/aery-ai test: (skip) Image Limits E2E Tests > Groq (llama-4-scout-17b) > should find maximum image size limit
@aryee337/aery-ai test: (skip) Image Limits E2E Tests > Groq (llama-4-scout-17b) > should find maximum image dimension limit
@aryee337/aery-ai test: (skip) Image Limits E2E Tests > zAI (glm-4.5v) > should accept a small number of images (5)
@aryee337/aery-ai test: (skip) Image Limits E2E Tests > zAI (glm-4.5v) > should find maximum image count limit
@aryee337/aery-ai test: (skip) Image Limits E2E Tests > zAI (glm-4.5v) > should find maximum image size limit
@aryee337/aery-ai test: (skip) Image Limits E2E Tests > zAI (glm-4.5v) > should find maximum image dimension limit
@aryee337/aery-ai test: (skip) Image Limits E2E Tests > Max Size Images (realistic payload stress test) > Anthropic: max ~3MB images before rejection
@aryee337/aery-ai test: (skip) Image Limits E2E Tests > Max Size Images (realistic payload stress test) > OpenAI: max ~15MB images before rejection
@aryee337/aery-ai test: (skip) Image Limits E2E Tests > Max Size Images (realistic payload stress test) > Gemini: max ~20MB images before rejection
@aryee337/aery-ai test: (skip) Image Limits E2E Tests > Max Size Images (realistic payload stress test) > Mistral: max ~10MB images before rejection
@aryee337/aery-ai test: (skip) Image Limits E2E Tests > Max Size Images (realistic payload stress test) > xAI: max ~20MB images before rejection
@aryee337/aery-ai test: (skip) Image Limits E2E Tests > Max Size Images (realistic payload stress test) > Groq: max 5760px images before rejection
@aryee337/aery-ai test: (skip) Image Limits E2E Tests > Max Size Images (realistic payload stress test) > zAI: max ~15MB images before rejection
@aryee337/aery-ai test: (skip) Image Limits E2E Tests > Max Size Images (realistic payload stress test) > OpenRouter: max ~5MB images before rejection
@aryee337/aery-ai test: 
@aryee337/aery-ai test: test/openai-codex-usage.test.ts:
@aryee337/aery-ai test: (pass) openai-codex usage parser > emits primary + secondary limits from the main rate_limit block [13.29ms]
@aryee337/aery-ai test: 
@aryee337/aery-ai test: test/xai-oauth-bundle.test.ts:
@aryee337/aery-ai test: (pass) xai-oauth bundled catalog (regression) > bundles every curated id [0.32ms]
@aryee337/aery-ai test: (pass) xai-oauth bundled catalog (regression) > matches contract for grok-build [2.53ms]
@aryee337/aery-ai test: (pass) xai-oauth bundled catalog (regression) > matches contract for grok-4.3 [0.03ms]
@aryee337/aery-ai test: (pass) xai-oauth bundled catalog (regression) > matches contract for grok-4.20-multi-agent-0309 [0.01ms]
@aryee337/aery-ai test: (pass) xai-oauth bundled catalog (regression) > matches contract for grok-4.20-0309-reasoning [0.01ms]
@aryee337/aery-ai test: (pass) xai-oauth bundled catalog (regression) > matches contract for grok-4.20-0309-non-reasoning [0.01ms]
@aryee337/aery-ai test: 
@aryee337/aery-ai test: test/auth-gateway-openai-responses.test.ts:
@aryee337/aery-ai test: (pass) openai-responses parseRequest > parses an input array with mixed message + reasoning + function_call + function_call_output [101.21ms]
@aryee337/aery-ai test: (pass) openai-responses parseRequest > accepts a bare string input and rejects a missing model [0.65ms]
@aryee337/aery-ai test: (pass) openai-responses parseRequest > preserves string message content and system input items [0.47ms]
@aryee337/aery-ai test: (pass) openai-responses parseRequest > creates a synthetic assistant when reasoning comes before any assistant message [1.85ms]
@aryee337/aery-ai test: (pass) openai-responses encodeResponse > encodes reasoning + message + function_call output items [1.26ms]
@aryee337/aery-ai test: (pass) openai-responses encodeResponse > marks length-limited responses incomplete [0.14ms]
@aryee337/aery-ai test: 
@aryee337/aery-ai test: test/openai-codex-usage.test.ts:
@aryee337/aery-ai test: (pass) openai-codex usage parser > surfaces additional_rate_limits as spark UsageLimit entries the widget can detect [44.45ms]
@aryee337/aery-ai test: (pass) openai-codex usage parser > treats bengalfox codename as spark even without explicit limit_name [0.50ms]
@aryee337/aery-ai test: (pass) openai-codex usage parser > returns a report even when only additional_rate_limits are present (no main rate_limit) [0.38ms]
@aryee337/aery-ai test: 
@aryee337/aery-ai test: test/auth-gateway-openai-responses.test.ts:
@aryee337/aery-ai test: (pass) openai-responses encodeStream > emits response.created, reasoning_summary_text.delta, output_text.delta, function_call_arguments.delta, response.completed, [DONE] [7.75ms]
@aryee337/aery-ai test: (pass) openai-responses encodeStream > emits response.incomplete for length-limited streams [1.53ms]
@aryee337/aery-tui test: (pass) TUI terminal-state regressions > resize + viewport behavior > forced renders during resize storm stay stable under cursor relocation [2342.95ms]
@aryee337/aery-ai test: 
@aryee337/aery-ai test: test/xai-oauth-effort-strip.test.ts:
@aryee337/aery-ai test: (pass) modelOmitsReasoningEffort (regression) > returns true for xai-oauth/grok-build (supportsReasoningEffort: false) [0.29ms]
@aryee337/aery-ai test: (pass) modelOmitsReasoningEffort (regression) > returns false for xai-oauth/grok-4.3 (effort-capable) [0.09ms]
@aryee337/aery-ai test: (pass) modelOmitsReasoningEffort (regression) > returns true for xai-oauth/grok-4.20-0309-reasoning (supportsReasoningEffort: false) [0.06ms]
@aryee337/aery-ai test: (pass) modelOmitsReasoningEffort (regression) > returns false for an Anthropic model (different api surface) [0.09ms]
@aryee337/aery-ai test: (pass) modelOmitsReasoningEffort (regression) > returns false for an openai-completions model (out of scope) [0.07ms]
@aryee337/aery-tui test: (pass) TUI terminal-state regressions > resize + viewport behavior > shrink then grow keeps tail anchored to latest rows [89.89ms]
@aryee337/aery-ai test: 
@aryee337/aery-ai test: test/auth-storage-api-key-login.test.ts:
@aryee337/aery-ai test: (pass) AuthStorage api-key login replacement > reuses the stored api-key row when re-login returns the same key [13.97ms]
@aryee337/aery-ai test: (pass) AuthStorage api-key login replacement > reuses the stored api-key row when ollama-cloud re-login returns the same key [5.47ms]
@aryee337/aery-ai test: (pass) AuthStorage api-key login replacement > stores DeepSeek login credentials as a reusable api-key credential [5.90ms]
@aryee337/aery-ai test: 
@aryee337/aery-ai test: test/openai-codex.test.ts:
@aryee337/aery-ai test: (pass) openai-codex tool schemas > adds empty properties to no-argument object parameter schemas [1.18ms]
@aryee337/aery-ai test: (pass) openai-codex request transformer > filters item_reference and strips ids [1.48ms]
@aryee337/aery-ai test: (pass) openai-codex reasoning effort validation > rejects gpt-5.1 xhigh when metadata does not list it [0.62ms]
@aryee337/aery-ai test: (pass) openai-codex reasoning effort validation > rejects unsupported Codex mini efforts instead of clamping [0.95ms]
@aryee337/aery-ai test: (pass) openai-codex error parsing > produces friendly usage-limit messages and rate limits [0.84ms]
@aryee337/aery-ai test: 
@aryee337/aery-ai test: test/image-tool-result.test.ts:
@aryee337/aery-ai test: (skip) Tool Results with Images > Google Provider (gemini-2.5-flash) > should handle tool result with only image
@aryee337/aery-ai test: (skip) Tool Results with Images > Google Provider (gemini-2.5-flash) > should handle tool result with text and image
@aryee337/aery-ai test: (skip) Tool Results with Images > OpenAI Completions Provider (gpt-4o-mini) > should handle tool result with only image
@aryee337/aery-ai test: (skip) Tool Results with Images > OpenAI Completions Provider (gpt-4o-mini) > should handle tool result with text and image
@aryee337/aery-ai test: (skip) Tool Results with Images > OpenAI Responses Provider (gpt-5-mini) > should handle tool result with only image
@aryee337/aery-ai test: (skip) Tool Results with Images > OpenAI Responses Provider (gpt-5-mini) > should handle tool result with text and image
@aryee337/aery-ai test: (skip) Tool Results with Images > Anthropic Provider (claude-haiku-4-5) > should handle tool result with only image
@aryee337/aery-ai test: (skip) Tool Results with Images > Anthropic Provider (claude-haiku-4-5) > should handle tool result with text and image
@aryee337/aery-ai test: (skip) Tool Results with Images > OpenRouter Provider (glm-4.5v) > should handle tool result with only image
@aryee337/aery-ai test: (skip) Tool Results with Images > OpenRouter Provider (glm-4.5v) > should handle tool result with text and image
@aryee337/aery-ai test: (skip) Tool Results with Images > Mistral Provider (pixtral-12b) > should handle tool result with only image
@aryee337/aery-ai test: (skip) Tool Results with Images > Mistral Provider (pixtral-12b) > should handle tool result with text and image
@aryee337/aery-ai test: (skip) Tool Results with Images > Anthropic OAuth Provider (claude-sonnet-4-5) > should handle tool result with only image
@aryee337/aery-ai test: (skip) Tool Results with Images > Anthropic OAuth Provider (claude-sonnet-4-5) > should handle tool result with text and image
@aryee337/aery-ai test: (skip) Tool Results with Images > GitHub Copilot Provider > gpt-4o - should handle tool result with only image
@aryee337/aery-ai test: (skip) Tool Results with Images > GitHub Copilot Provider > gpt-4o - should handle tool result with text and image
@aryee337/aery-ai test: (skip) Tool Results with Images > GitHub Copilot Provider > claude-sonnet-4 - should handle tool result with only image
@aryee337/aery-ai test: (skip) Tool Results with Images > GitHub Copilot Provider > claude-sonnet-4 - should handle tool result with text and image
@aryee337/aery-ai test: (skip) Tool Results with Images > Google Gemini CLI Provider > gemini-2.5-flash - should handle tool result with only image
@aryee337/aery-ai test: (skip) Tool Results with Images > Google Gemini CLI Provider > gemini-2.5-flash - should handle tool result with text and image
@aryee337/aery-ai test: (skip) Tool Results with Images > Google Antigravity Provider > gemini-3-flash - should handle tool result with only image
@aryee337/aery-ai test: (skip) Tool Results with Images > Google Antigravity Provider > gemini-3-flash - should handle tool result with text and image
@aryee337/aery-ai test: (skip) Tool Results with Images > OpenAI Codex Provider > gpt-5.2-codex - should handle tool result with only image
@aryee337/aery-ai test: (skip) Tool Results with Images > OpenAI Codex Provider > gpt-5.2-codex - should handle tool result with text and image
@aryee337/aery-ai test: 
@aryee337/aery-ai test: test/xhigh.test.ts:
@aryee337/aery-ai test: (skip) xhigh reasoning > codex-max (supports xhigh) > should work with openai-responses
@aryee337/aery-ai test: (skip) xhigh reasoning > gpt-5-mini (does not support xhigh) > should error with openai-responses when using xhigh
@aryee337/aery-ai test: (skip) xhigh reasoning > gpt-5-mini (does not support xhigh) > should error with openai-completions when using xhigh
@aryee337/aery-ai test: 
@aryee337/aery-ai test: test/auth-storage-broker-no-sentinel.test.ts:
@aryee337/aery-ai test: (pass) AuthStorage broker sentinel refresh > getOAuthAccess refreshes expired broker credentials through the store hook only [45.19ms]
@aryee337/aery-ai test: 
@aryee337/aery-ai test: test/xiaomi-oauth.test.ts:
@aryee337/aery-ai test: (pass) xiaomi oauth validation > uses a fresh AbortSignal per endpoint so SGP timeout doesn't abort AMS fallback [2.06ms]
@aryee337/aery-ai test: (pass) xiaomi oauth validation > sends Authorization: Bearer header (not Anthropic-style x-api-key) for tp- keys [8.31ms]
@aryee337/aery-ai test: (pass) xiaomi oauth validation > sends Authorization: Bearer for standard sk- keys as well [0.67ms]
@aryee337/aery-ai test: 
@aryee337/aery-ai test: test/openai-completions-compat.test.ts:
@aryee337/aery-ai test: (pass) openai-completions compatibility > serializes assistant text content as a plain string [1.00ms]
@aryee337/aery-ai test: (pass) openai-completions compatibility > preserves multiple system prompts as leading system messages for chat completions [0.59ms]
@aryee337/aery-ai test: (pass) openai-completions compatibility > uses developer messages for reasoning chat models only when the target supports them [0.29ms]
@aryee337/aery-ai test: (pass) openai-completions compatibility > defaults supportsDeveloperRole to off for non-OpenAI/Azure hosts [0.25ms]
@aryee337/aery-ai test: (pass) openai-completions compatibility > emits system role for reasoning models on Moonshot (kimi tokenization rejects developer) [0.14ms]
@aryee337/aery-ai test: (pass) openai-completions compatibility > coalesces ordered system prompts when the host disables multi-system support [0.19ms]
@aryee337/aery-ai test: (pass) openai-completions compatibility > coalesces system prompts on a developer-role reasoning model when multi-system is disabled [0.14ms]
@aryee337/aery-ai test: (pass) openai-completions compatibility > emits separate system prompts for an unknown OpenAI-compatible host when explicitly enabled [0.17ms]
@aryee337/aery-ai test: (pass) openai-completions compatibility > auto-detects MiniMax OpenAI hosts as single-system to satisfy error 2013 [0.17ms]
@aryee337/aery-ai test: (pass) openai-completions compatibility > respects an explicit compat override for strict-template local providers [0.20ms]
@aryee337/aery-ai test: 
@aryee337/aery-ai test: test/auth-storage-broker-no-sentinel.test.ts:
@aryee337/aery-ai test: (pass) AuthStorage broker sentinel refresh > getOAuthApiKey refuses expired broker sentinels instead of provider-direct refresh [40.07ms]
@aryee337/aery-ai test: 
@aryee337/aery-ai test: test/openai-completions-compat.test.ts:
@aryee337/aery-ai test: (pass) openai-completions compatibility > reads usage from choice usage fallback [28.78ms]
@aryee337/aery-ai test: 
@aryee337/aery-ai test: test/issue-1203-repro.test.ts:
@aryee337/aery-ai test: (pass) issue #1203 - MiniMax Coding Plan CN think tags > parses minimax-code-cn <think> content into a thinking block [23.99ms]
@aryee337/aery-ai test: 
@aryee337/aery-ai test: test/openai-completions-compat.test.ts:
@aryee337/aery-ai test: (pass) openai-completions compatibility > maps qwen chat template reasoning into chat_template_kwargs [33.76ms]
@aryee337/aery-ai test: (pass) openai-completions compatibility > treats finish_reason end as stop [9.09ms]
@aryee337/aery-ai test: (pass) openai-completions compatibility > injects compat.extraBody into OpenAI payload [1.46ms]
@aryee337/aery-ai test: (pass) openai-completions compatibility > preserves the streamed reasoning field name when replay requires reasoning content [4.53ms]
@aryee337/aery-ai test: (pass) kimi model detection via detectCompat > reserves zai for native Kimi hosts and defaults proxies to OpenAI reasoning_effort [0.37ms]
@aryee337/aery-ai test: (pass) kimi model detection via detectCompat > does not require reasoning_content for tool calls on kimi-k2.5 (opencode-go) [0.09ms]
@aryee337/aery-ai test: (pass) kimi model detection via detectCompat > does not inject reasoning_content placeholder for kimi on opencode-go [0.93ms]
@aryee337/aery-ai test: (pass) kimi model detection via detectCompat > does not replay streamed reasoning fields for kimi on opencode-go [0.54ms]
@aryee337/aery-ai test: (pass) kimi model detection via detectCompat > emits reasoning_content on kimi opencode-go tool-call replays when thinking is enabled [2.09ms]
@aryee337/aery-ai test: (pass) kimi model detection via detectCompat > omits reasoning_content on kimi opencode-go tool-call replays when thinking is disabled [5.11ms]
@aryee337/aery-ai test: (pass) kimi model detection via detectCompat > omits reasoning_content on kimi opencode-go forced-tool turns even when reasoning is requested [1.74ms]
@aryee337/aery-ai test: (pass) kimi model detection via detectCompat > emits only reasoning_content on deepseek-v4-flash opencode-go tool-call replays [2.58ms]
@aryee337/aery-ai test: (pass) kimi model detection via detectCompat > opencode-go/%s reasoning=%s → replay=%s [2.86ms]
@aryee337/aery-ai test: (pass) kimi model detection via detectCompat > opencode-go/%s reasoning=%s → replay=%s [1.32ms]
@aryee337/aery-ai test: (pass) kimi model detection via detectCompat > opencode-go/%s reasoning=%s → replay=%s [0.98ms]
@aryee337/aery-ai test: (pass) kimi model detection via detectCompat > opencode-go/%s reasoning=%s → replay=%s [1.11ms]
@aryee337/aery-ai test: (pass) kimi model detection via detectCompat > injects reasoning_content placeholder when kimi-on-moonshot has tool calls without reasoning field [0.49ms]
@aryee337/aery-ai test: (pass) kimi model detection via detectCompat > injects reasoning_content placeholder for direct Moonshot Kimi after thinking-disabled forced tool calls [0.59ms]
@aryee337/aery-ai test: (pass) kimi model detection via detectCompat > does not inject reasoning_content when model is not kimi [0.18ms]
@aryee337/aery-ai test: (pass) kimi model detection via detectCompat > matches kimi model id: kimi-k2.5 [0.08ms]
@aryee337/aery-ai test: (pass) kimi model detection via detectCompat > matches kimi model id: kimi-k1.5 [0.03ms]
@aryee337/aery-ai test: (pass) kimi model detection via detectCompat > matches kimi model id: kimi-k2-5 [0.02ms]
@aryee337/aery-ai test: (pass) kimi model detection via detectCompat > still matches moonshotai/kimi via openrouter [0.11ms]
@aryee337/aery-ai test: (pass) NVIDIA NIM DeepSeek special-token stripping > strips leaked <｜DSML｜...｜> markers from visible content [4.49ms]
@aryee337/aery-ai test: (pass) NVIDIA NIM DeepSeek special-token stripping > holds back partial token split across chunks [7.33ms]
@aryee337/aery-ai test: (pass) NVIDIA NIM DeepSeek special-token stripping > flushes a dangling partial open delimiter at end of stream [3.56ms]
@aryee337/aery-ai test: (pass) NVIDIA NIM DeepSeek special-token stripping > leaves visible content alone for non-deepseek nvidia models [5.11ms]
@aryee337/aery-ai test: (pass) applyOpenRouterRoutingVariant > returns the id untouched when variant is missing [0.09ms]
@aryee337/aery-ai test: (pass) applyOpenRouterRoutingVariant > appends the variant suffix when the id has no colon after the last slash [0.08ms]
@aryee337/aery-ai test: (pass) applyOpenRouterRoutingVariant > preserves an explicit variant already present in the id [0.06ms]
@aryee337/aery-ai test: (pass) applyOpenRouterRoutingVariant > appends the variant when the id has no slash separator [0.06ms]
@aryee337/aery-ai test: (pass) openrouterVariant request integration > appends the configured variant suffix to params.model for OpenRouter requests [3.27ms]
@aryee337/aery-ai test: (pass) openrouterVariant request integration > does not override an explicit variant in the model id [8.73ms]
@aryee337/aery-ai test: (pass) openrouterVariant request integration > leaves params.model unchanged for non-OpenRouter providers [2.19ms]
@aryee337/aery-ai test: 
@aryee337/aery-ai test: test/auth-storage-check-credentials.test.ts:
@aryee337/aery-ai test: (pass) AuthStorage.checkCredentials > reports ok=true and surfaces probe identity for a healthy credential [5.75ms]
@aryee337/aery-ai test: (pass) AuthStorage.checkCredentials > reports ok=false with the upstream error when the probe throws [1.22ms]
@aryee337/aery-ai test: (pass) AuthStorage.checkCredentials > reports ok=null with a no-data reason when the probe returns null [0.79ms]
@aryee337/aery-ai test: (pass) AuthStorage.checkCredentials > short-circuits to ok=false when OAuth refresh fails on an expired credential [2.74ms]
@aryee337/aery-ai test: (pass) AuthStorage.checkCredentials > reports ok=null when no usage probe is configured for the provider [0.59ms]
@aryee337/aery-ai test: (pass) AuthStorage.checkCredentials > returns per-credential results preserving order and identity across a mixed batch [0.79ms]
@aryee337/aery-ai test: (pass) AuthStorage.checkCredentials > invokes the completionProbe with the post-refresh OAuth bearer [41.04ms]
@aryee337/aery-ai test: (pass) AuthStorage.checkCredentials > runs the completionProbe even when no usage probe is configured for the provider [0.81ms]
@aryee337/aery-ai test: (pass) AuthStorage.checkCredentials > skips the completionProbe when OAuth refresh fails [0.78ms]
@aryee337/aery-ai test: (pass) AuthStorage.checkCredentials > captures exceptions thrown by the completionProbe into completion.reason [0.95ms]
@aryee337/aery-ai test: (pass) AuthStorage.checkCredentials > surfaces REMOTE_REFRESH_SENTINEL on credentials whose refresh token lives behind a broker [0.86ms]
@aryee337/aery-ai test: 
@aryee337/aery-ai test: test/xiaomi-tp-login-integration.test.ts:
@aryee337/aery-ai test: (pass) loginXiaomi with tp- key > validates against SGP token-plan host with Bearer auth and mimo-v2.5 model [1.07ms]
@aryee337/aery-ai test: (pass) loginXiaomi with tp- key > falls back SGP → AMS → CN during validation [0.65ms]
@aryee337/aery-ai test: (pass) loginXiaomi with tp- key > throws when all three token-plan hosts return 401 [0.51ms]
@aryee337/aery-ai test: (pass) loginXiaomi with tp- key > falls back through timeouts: SGP timeout → AMS timeout → CN success [0.56ms]
@aryee337/aery-ai test: (pass) loginXiaomi with tp- key > does NOT hit the standard api.xiaomimimo.com for tp- keys [0.53ms]
@aryee337/aery-ai test: (pass) xiaomiModelManagerOptions with tp- key > discovers models from SGP first [3.83ms]
@aryee337/aery-ai test: (pass) xiaomiModelManagerOptions with tp- key > falls back SGP → AMS → CN during discovery [0.95ms]
@aryee337/aery-ai test: (pass) xiaomiModelManagerOptions with tp- key > returns null when all token-plan hosts fail [0.43ms]
@aryee337/aery-ai test: (pass) xiaomiModelManagerOptions with tp- key > does NOT use standard host for tp- key model discovery [0.66ms]
@aryee337/aery-ai test: (pass) Xiaomi tp- full round-trip > login validation and model discovery both use token-plan hosts [0.89ms]
@aryee337/aery-ai test: 
@aryee337/aery-ai test: test/zenmux-login.test.ts:
@aryee337/aery-ai test: (pass) zenmux login > opens ZenMux key settings and validates against models endpoint [3.82ms]
@aryee337/aery-ai test: (pass) zenmux login > rejects empty keys [0.19ms]
@aryee337/aery-ai test: (pass) zenmux login > requires onPrompt callback [0.13ms]
@aryee337/aery-ai test: (pass) zenmux login > surfaces models endpoint validation errors [0.28ms]
@aryee337/aery-ai test: 
@aryee337/aery-ai test: test/issue-1207-repro.test.ts:
@aryee337/aery-ai test: (pass) issue #1207 — DeepSeek V4 keeps reasoning with tools > detects the documented direct DeepSeek V4 compat shape [0.19ms]
@aryee337/aery-ai test: (pass) issue #1207 — DeepSeek V4 keeps reasoning with tools > merges partial user reasoning maps with DeepSeek defaults [1.16ms]
@aryee337/aery-ai test: (pass) issue #1207 — DeepSeek V4 keeps reasoning with tools > omits tool_choice but preserves documented reasoning when tools are present [12.97ms]
@aryee337/aery-ai test: (pass) issue #1207 — DeepSeek V4 keeps reasoning with tools > preserves OpenRouter reasoning when tool_choice auto is present [23.36ms]
@aryee337/aery-ai test: 
@aryee337/aery-ai test: test/openai-completions-disable-reasoning.test.ts:
@aryee337/aery-ai test: (pass) OpenAI completions disableReasoning > sends the lowest supported reasoning effort for generic effort-mode models [64.53ms]
@aryee337/aery-ai test: (pass) OpenAI completions disableReasoning > maps Fireworks' lowest effort to the provider-supported none literal [14.34ms]
@aryee337/aery-ai test: 
@aryee337/aery-ai test: test/auth-storage-codex-selection.test.ts:
@aryee337/aery-ai test: (pass) AuthStorage codex oauth ranking > prefers near-reset weekly account over lower-used far-reset account [29.46ms]
@aryee337/aery-ai test: (pass) AuthStorage codex oauth ranking > prioritizes fresh 5h ticker account at 0% usage [11.16ms]
@aryee337/aery-ai test: (pass) AuthStorage codex oauth ranking > skips exhausted weekly account even when reset is near [15.36ms]
@aryee337/aery-ai test: (pass) AuthStorage codex oauth ranking > falls back to earliest-unblocking account when all exhausted [6.41ms]
@aryee337/aery-ai test: (pass) AuthStorage codex oauth ranking > works with single credential (no ranking) [8.53ms]
@aryee337/aery-ai test: (pass) AuthStorage codex oauth ranking > prefers Pro accounts for codex spark models over Plus accounts [8.82ms]
@aryee337/aery-ai test: (pass) AuthStorage codex oauth ranking > routes codex spark to a single Plus account when no Pro is connected [5.79ms]
@aryee337/aery-ai test: (pass) AuthStorage codex oauth ranking > falls back to Plus accounts for codex spark models when no Pro is connected [10.69ms]
@aryee337/aery-ai test: (pass) AuthStorage codex oauth ranking > times out slow usage ranking instead of blocking first account selection [21.80ms]
@aryee337/aery-ai test: (pass) AuthStorage codex oauth ranking > sorts 3 accounts by weekly drain rate [14.30ms]
@aryee337/aery-ai test: (pass) AuthStorage codex oauth ranking > handles usage fetch failure gracefully (null report) [6.45ms]
@aryee337/aery-ai test: 
@aryee337/aery-ai test: test/zenmux-provider.test.ts:
@aryee337/aery-ai test: (pass) zenmux provider support > resolves ZENMUX_API_KEY from environment [0.14ms]
@aryee337/aery-ai test: (pass) zenmux provider support > registers built-in descriptor and default model [0.90ms]
@aryee337/aery-ai test: (pass) zenmux provider support > registers ZenMux in OAuth provider selector [0.32ms]
@aryee337/aery-ai test: (pass) zenmux provider support > routes Anthropic-owned models to anthropic-messages [5.15ms]
@aryee337/aery-ai test: 
@aryee337/aery-ai test: test/issue-1227-repro.test.ts:
@aryee337/aery-ai test: (pass) issue #1227 — /btw fails on LiteLLM→Bedrock with tool history > omits both tools and tool_choice when /btw passes empty tools + toolChoice none [92.24ms]
@aryee337/aery-ai test: (pass) issue #1227 — /btw fails on LiteLLM→Bedrock with tool history > omits both tools and tool_choice when /btw passes empty tools + has tool history [3.14ms]
@aryee337/aery-ai test: (pass) issue #1227 — /btw fails on LiteLLM→Bedrock with tool history > drops tool_choice when tool history is present without explicit tools [5.53ms]
@aryee337/aery-ai test: (pass) issue #1227 — /btw fails on LiteLLM→Bedrock with tool history > keeps tool_choice none when real tools are present [5.58ms]
@aryee337/aery-ai test: 
@aryee337/aery-ai test: test/openai-completions-progress-chunk.test.ts:
@aryee337/aery-ai test: (pass) getOpenAICompletionsStreamIdleTimeoutFallbackMs > widens GLM 5.1 coding-plan stream watchdogs [0.13ms]
@aryee337/aery-ai test: (pass) getOpenAICompletionsStreamIdleTimeoutFallbackMs > also widens custom Z.AI OpenAI-compatible GLM 5.1 endpoints [0.07ms]
@aryee337/aery-ai test: (pass) getOpenAICompletionsStreamIdleTimeoutFallbackMs > keeps ordinary OpenAI-compatible models on the global timeout [0.04ms]
@aryee337/aery-ai test: (pass) isOpenAICompletionsProgressChunk > non-progress chunks (MUST NOT reset the watchdog) > rejects null/non-object [0.15ms]
@aryee337/aery-ai test: (pass) isOpenAICompletionsProgressChunk > non-progress chunks (MUST NOT reset the watchdog) > rejects empty {} keepalives [0.07ms]
@aryee337/aery-ai test: (pass) isOpenAICompletionsProgressChunk > non-progress chunks (MUST NOT reset the watchdog) > rejects {choices: []} keepalives [0.06ms]
@aryee337/aery-ai test: (pass) isOpenAICompletionsProgressChunk > non-progress chunks (MUST NOT reset the watchdog) > rejects role-only preambles [0.06ms]
@aryee337/aery-ai test: (pass) isOpenAICompletionsProgressChunk > non-progress chunks (MUST NOT reset the watchdog) > rejects empty-string content deltas [0.06ms]
@aryee337/aery-ai test: (pass) isOpenAICompletionsProgressChunk > non-progress chunks (MUST NOT reset the watchdog) > rejects empty-array content deltas [0.05ms]
@aryee337/aery-ai test: (pass) isOpenAICompletionsProgressChunk > non-progress chunks (MUST NOT reset the watchdog) > rejects empty tool_calls arrays [0.06ms]
@aryee337/aery-ai test: (pass) isOpenAICompletionsProgressChunk > non-progress chunks (MUST NOT reset the watchdog) > rejects empty reasoning fields [7.21ms]
@aryee337/aery-ai test: (pass) isOpenAICompletionsProgressChunk > progress chunks (MUST reset the watchdog) > accepts a top-level usage chunk (terminal token report) [0.11ms]
@aryee337/aery-ai test: (pass) isOpenAICompletionsProgressChunk > progress chunks (MUST reset the watchdog) > accepts choice-level usage [0.07ms]
@aryee337/aery-ai test: (pass) isOpenAICompletionsProgressChunk > progress chunks (MUST reset the watchdog) > accepts finish_reason [0.08ms]
@aryee337/aery-ai test: (pass) isOpenAICompletionsProgressChunk > progress chunks (MUST reset the watchdog) > accepts text content deltas [0.05ms]
@aryee337/aery-ai test: (pass) isOpenAICompletionsProgressChunk > progress chunks (MUST reset the watchdog) > accepts array-shape content parts (Mistral-style) [0.07ms]
@aryee337/aery-ai test: (pass) isOpenAICompletionsProgressChunk > progress chunks (MUST reset the watchdog) > accepts tool call deltas [0.07ms]
@aryee337/aery-ai test: (pass) isOpenAICompletionsProgressChunk > progress chunks (MUST reset the watchdog) > accepts reasoning deltas in all three field names [0.09ms]
@aryee337/aery-ai test: (pass) isOpenAICompletionsProgressChunk > progress chunks (MUST reset the watchdog) > accepts refusal deltas [0.07ms]
@aryee337/aery-ai test: (pass) provider integration > times out a completions stream whose keepalives never make progress [91.87ms]
@aryee337/aery-ai test: 
@aryee337/aery-ai test: test/auth-storage-codex-selection.test.ts:
@aryee337/aery-ai test: 502 | 		const elapsedMs = Date.now() - startedAt;
@aryee337/aery-ai test: 503 | 
@aryee337/aery-ai test: 504 | 		expect(apiKey).toBe("refreshed-acct-third");
@aryee337/aery-ai test: 505 | 		expect(refreshStarts).toHaveLength(3);
@aryee337/aery-ai test: 506 | 		expect(maxConcurrent).toBe(3);
@aryee337/aery-ai test: 507 | 		expect(elapsedMs).toBeLessThan(refreshDelayMs * 2);
@aryee337/aery-ai test:                           ^
@aryee337/aery-ai test: error: expect(received).toBeLessThan(expected)
@aryee337/aery-ai test: 
@aryee337/aery-ai test: Expected: < 150
@aryee337/aery-ai test: Received: 281
@aryee337/aery-ai test: 
@aryee337/aery-ai test:       at <anonymous> (/home/aryee/aery/ai_agent/aery/packages/ai/test/auth-storage-codex-selection.test.ts:507:21)
@aryee337/aery-ai test: (fail) AuthStorage codex oauth ranking > refreshes expired oauth candidates in parallel before selection [290.32ms]
@aryee337/aery-ai test: 
@aryee337/aery-ai test: test/zhipu-compat.test.ts:
@aryee337/aery-ai test: (pass) openai-completions compat — zhipu-coding-plan branch > forces zai thinking format and disables reasoning_effort / developer role [0.36ms]
@aryee337/aery-ai test: (pass) openai-completions compat — zhipu-coding-plan branch > detects zhipu by baseUrl when provider id is custom [0.31ms]
@aryee337/aery-ai test: (pass) openai-completions compat — zhipu-coding-plan branch > lets explicit model.compat overrides win at the resolver layer [0.30ms]
@aryee337/aery-ai test: (pass) zhipu-coding-plan model discovery > uses the dedicated Coding Plan endpoint by default [3.89ms]
@aryee337/aery-ai test: 
@aryee337/aery-ai test: test/issue-1270-repro.test.ts:
@aryee337/aery-ai test: (pass) issue #1270: Vertex AI global endpoint > uses the global Vertex AI service host for locations/global [9.03ms]
@aryee337/aery-ai test: 
@aryee337/aery-ai test: test/auth-storage-codex-selection.test.ts:
@aryee337/aery-ai test: (pass) AuthStorage claude oauth ranking > prefers lower secondary drain rate account [179.68ms]
@aryee337/aery-ai test: (pass) AuthStorage claude oauth ranking > skips exhausted account and picks healthy [24.27ms]
@aryee337/aery-ai test: 
@aryee337/aery-ai test: test/openai-completions-tool-result-images.test.ts:
@aryee337/aery-ai test: (pass) openai-completions convertMessages > batches tool-result images after consecutive tool results [4.26ms]
@aryee337/aery-ai test: (pass) openai-completions convertMessages > serializes assistant tool-call turns with string content for strict OpenAI-compatible backends [0.89ms]
@aryee337/aery-ai test: (pass) openai-completions convertMessages > uses generated tool_call_id values when assistant/tool IDs are empty [5.76ms]
@aryee337/aery-ai test: (pass) openai-completions convertMessages > serializes string tool arguments into valid JSON objects [0.45ms]
@aryee337/aery-ai test: 
@aryee337/aery-ai test: test/auth-storage-codex-selection.test.ts:
@aryee337/aery-ai test: (pass) AuthStorage claude oauth ranking > falls back to earliest-unblocking when all exhausted [62.16ms]
@aryee337/aery-ai test: (pass) AuthStorage claude oauth ranking > sorts 3 accounts by secondary drain rate [51.47ms]
@aryee337/aery-ai test: (pass) AuthStorage claude oauth ranking > single credential works without ranking [8.91ms]
@aryee337/aery-ai test: 
@aryee337/aery-ai test: test/auth-storage-email-dedupe.test.ts:
@aryee337/aery-ai test: (pass) AuthStorage openai-codex email dedupe > keeps both openai-codex credentials when accountId matches but emails differ [14.20ms]
@aryee337/aery-ai test: (pass) AuthStorage openai-codex email dedupe > dedupes openai-codex credentials when email matches but accountId differs [31.50ms]
@aryee337/aery-ai test: (pass) AuthStorage openai-codex email dedupe > dedupes openai-codex credentials when matching email exists only in JWT profile claim but accountId differs [5.81ms]
@aryee337/aery-ai test: (pass) AuthStorage openai-codex email dedupe > updates in-place when a codex credential with matching email replaces another account [29.71ms]
@aryee337/aery-ai test: (pass) AuthStorage openai-codex email dedupe > updates in-place via AuthStorage.set when email matches across accounts [10.30ms]
@aryee337/aery-ai test: (pass) AuthStorage openai-codex email dedupe > does not disable credentials for different accounts with different emails [7.84ms]
@aryee337/aery-ai test: 
@aryee337/aery-ai test: test/issue-1373-repro.test.ts:
@aryee337/aery-ai test: (pass) issue #1373: Bedrock Claude thinkingDisplay > defaults adaptive thinking to display=summarized on Opus 4.7+ [6.82ms]
@aryee337/aery-ai test: (pass) issue #1373: Bedrock Claude thinkingDisplay > respects explicit thinkingDisplay='omitted' on Opus 4.7+ [0.85ms]
@aryee337/aery-ai test: (pass) issue #1373: Bedrock Claude thinkingDisplay > omits display on adaptive Opus 4.6 (older models reject the field) [0.53ms]
@aryee337/aery-ai test: (pass) issue #1373: Bedrock Claude thinkingDisplay > sends display=summarized by default on budget-based thinking models [0.45ms]
@aryee337/aery-ai test: 
@aryee337/aery-ai test: test/auth-storage-email-dedupe.test.ts:
@aryee337/aery-ai test: (pass) AuthStorage openai-codex email dedupe > saveOAuth preserves unrelated codex accounts across reauth [29.02ms]
@aryee337/aery-ai test: (pass) AuthStorage openai-codex email dedupe > saveOAuth does not delete accounts missing from stale AuthStorage cache [62.09ms]
@aryee337/aery-ai test: (pass) AuthStorage openai-codex email dedupe > prunes existing JWT-only codex duplicates on reload when email matches [4.04ms]
@aryee337/aery-ai test: (pass) AuthStorage openai-codex email dedupe > dedupes openai-codex credentials after reload when email matches even if accountId differs [3.51ms]
@aryee337/aery-ai test: (pass) AuthStorage openai-codex email dedupe > AuthStorage anthropic email identity > keeps both anthropic credentials when accountId matches but emails differ [3.45ms]
@aryee337/aery-ai test: 
@aryee337/aery-ai test: test/openai-first-event-timeout.test.ts:
@aryee337/aery-ai test: (pass) OpenAI-family first-event timeouts > surfaces the OpenAI responses first-event timeout message instead of a generic abort [77.86ms]
@aryee337/aery-ai test: 
@aryee337/aery-ai test: test/auth-storage-email-dedupe.test.ts:
@aryee337/aery-ai test: (pass) AuthStorage openai-codex email dedupe > AuthStorage anthropic email identity > dedupes anthropic credentials when email matches but accountId differs [44.84ms]
@aryee337/aery-ai test: (pass) AuthStorage openai-codex email dedupe > AuthStorage anthropic email identity > backfills anthropic identity_key from email when migrating v1 auth schema [13.16ms]
@aryee337/aery-ai test: (pass) AuthStorage openai-codex email dedupe > stores the disable cause when a credential is soft-disabled [3.98ms]
@aryee337/aery-ai test: (pass) AuthStorage openai-codex email dedupe > creates fresh auth schema without unixepoch defaults [7.04ms]
@aryee337/aery-ai test: (pass) AuthStorage openai-codex email dedupe > preserves newer auth schema versions instead of downgrading them [10.03ms]
@aryee337/aery-ai test: (pass) AuthStorage openai-codex email dedupe > migrates v3 auth schema away from unixepoch defaults [10.97ms]
@aryee337/aery-ai test: 
@aryee337/aery-ai test: test/openai-first-event-timeout.test.ts:
@aryee337/aery-ai test: (pass) OpenAI-family first-event timeouts > times out OpenAI responses before the stream opens and forwards the budget to the SDK request [81.24ms]
@aryee337/aery-ai test: 
@aryee337/aery-ai test: test/auth-storage-config-override.test.ts:
@aryee337/aery-ai test: (pass) AuthStorage config-override apiKey > setConfigApiKey beats OAuth access token for getApiKey [52.93ms]
@aryee337/aery-ai test: 
@aryee337/aery-ai test: test/auth-storage-email-dedupe.test.ts:
@aryee337/aery-ai test: (pass) AuthStorage openai-codex email dedupe > backfills identity_key when migrating v1 auth schema [68.08ms]
@aryee337/aery-ai test: 
@aryee337/aery-ai test: test/issue-1399-repro.test.ts:
@aryee337/aery-ai test: (pass) issue #1399: Bedrock bearer token precedence > uses AWS_BEARER_TOKEN_BEDROCK without invoking profile credential_process [4.45ms]
@aryee337/aery-ai test: (pass) issue #1399: Bedrock bearer token precedence > ignores agent sentinel apiKey when AWS_BEARER_TOKEN_BEDROCK is available [1.41ms]
@aryee337/aery-ai test: (pass) issue #1399: Bedrock bearer token precedence > ignores agent sentinel apiKey when signing with AWS credentials [2.55ms]
@aryee337/aery-ai test: 
@aryee337/aery-ai test: test/auth-storage-email-dedupe.test.ts:
@aryee337/aery-ai test: (pass) AuthStorage openai-codex email dedupe > backfills disabled cause and identity_key when migrating legacy disabled rows [20.96ms]
@aryee337/aery-ai test: 
@aryee337/aery-ai test: test/openai-first-event-timeout.test.ts:
@aryee337/aery-ai test: (pass) OpenAI-family first-event timeouts > lets PI_OPENAI_STREAM_IDLE_TIMEOUT_MS widen OpenAI responses first-event request setup [86.71ms]
@aryee337/aery-ai test: 
@aryee337/aery-ai test: test/auth-storage-config-override.test.ts:
@aryee337/aery-ai test: (pass) AuthStorage config-override apiKey > runtime override (--api-key) still beats setConfigApiKey [115.42ms]
@aryee337/aery-ai test: (pass) AuthStorage config-override apiKey > removeConfigApiKey restores OAuth resolution [5.65ms]
@aryee337/aery-ai test: (pass) AuthStorage config-override apiKey > clearConfigApiKeys drops every config override at once [5.97ms]
@aryee337/aery-ai test: (pass) AuthStorage config-override apiKey > setConfigApiKey suppresses OAuth account_uuid attribution [26.93ms]
@aryee337/aery-ai test: 
@aryee337/aery-ai test: test/openai-first-event-timeout.test.ts:
@aryee337/aery-ai test: (pass) OpenAI-family first-event timeouts > honors PI_OPENAI_STREAM_FIRST_EVENT_TIMEOUT_MS even when caller pins streamIdleTimeoutMs [89.27ms]
@aryee337/aery-ai test: 
@aryee337/aery-ai test: test/auth-storage-config-override.test.ts:
@aryee337/aery-ai test: (pass) AuthStorage config-override apiKey > describeCredentialSource reports config override [37.37ms]
@aryee337/aery-ai test: 
@aryee337/aery-ai test: test/openai-first-event-timeout.test.ts:
@aryee337/aery-ai test: (pass) OpenAI-family first-event timeouts > times out OpenAI responses streams that only emit no-progress status events [71.53ms]
@aryee337/aery-ai test: 
@aryee337/aery-ai test: test/auth-storage-credential-disabled-event.test.ts:
@aryee337/aery-ai test: (pass) AuthStorage credential_disabled subscriptions > constructor `onCredentialDisabled` option > fires when an OAuth credential is disabled by a definitive refresh failure [6.14ms]
@aryee337/aery-ai test: (pass) AuthStorage credential_disabled subscriptions > constructor `onCredentialDisabled` option > does not fire for transient (non-definitive) refresh failures [3.20ms]
@aryee337/aery-ai test: (pass) AuthStorage credential_disabled subscriptions > constructor `onCredentialDisabled` option > swallows synchronous handler exceptions so the disable still completes [2.58ms]
@aryee337/aery-ai test: (pass) AuthStorage credential_disabled subscriptions > constructor `onCredentialDisabled` option > swallows async handler rejections so the disable path still completes [2.11ms]
@aryee337/aery-ai test: (pass) AuthStorage credential_disabled subscriptions > `onCredentialDisabled(listener)` runtime subscription > registers an additional subscriber alongside the constructor handler — both fire [0.60ms]
@aryee337/aery-ai test: (pass) AuthStorage credential_disabled subscriptions > `onCredentialDisabled(listener)` runtime subscription > fans out every event to every subscriber [0.63ms]
@aryee337/aery-ai test: (pass) AuthStorage credential_disabled subscriptions > `onCredentialDisabled(listener)` runtime subscription > unsubscribe removes only that listener; others continue to fire [0.62ms]
@aryee337/aery-ai test: (pass) AuthStorage credential_disabled subscriptions > `onCredentialDisabled(listener)` runtime subscription > unsubscribe is idempotent: a second call is a no-op and does not affect other listeners [0.65ms]
@aryee337/aery-ai test: (pass) AuthStorage credential_disabled subscriptions > `onCredentialDisabled(listener)` runtime subscription > a throwing subscriber does not block other subscribers from receiving the event [1.61ms]
@aryee337/aery-ai test: (pass) AuthStorage credential_disabled subscriptions > `onCredentialDisabled(listener)` runtime subscription > an async-rejecting subscriber does not trip unhandledRejection and does not block others [1.30ms]
@aryee337/aery-ai test: (pass) AuthStorage credential_disabled subscriptions > buffer-and-replay for events fired with no subscribers > replays buffered events to the first subscriber that triggers the empty→non-empty transition [0.44ms]
@aryee337/aery-ai test: (pass) AuthStorage credential_disabled subscriptions > buffer-and-replay for events fired with no subscribers > drains once: a later subscriber attached after the first does not re-receive past events [0.42ms]
@aryee337/aery-ai test: (pass) AuthStorage credential_disabled subscriptions > buffer-and-replay for events fired with no subscribers > after every subscriber unsubscribes, subsequent events buffer until the next subscribe [0.59ms]
@aryee337/aery-ai test: 
@aryee337/aery-ai test: test/openai-first-event-timeout.test.ts:
@aryee337/aery-ai test: (pass) OpenAI-family first-event timeouts > forwards streamSimple per-call timeout options to OpenAI-family providers [76.29ms]
@aryee337/aery-ai test: (pass) OpenAI-family first-event timeouts > surfaces the OpenAI completions first-event timeout message [86.58ms]
@aryee337/aery-ai test: (pass) OpenAI-family first-event timeouts > times out OpenAI completions before the stream opens and forwards the budget to the SDK request [60.18ms]
@aryee337/aery-ai test: 
@aryee337/aery-ai test: test/openai-responses-cache-affinity.test.ts:
@aryee337/aery-ai test: (pass) openai-responses cache affinity > sets session routing headers for official OpenAI Responses requests with a sessionId [59.75ms]
@aryee337/aery-ai test: (pass) openai-responses cache affinity > keeps prompt cache key separate from OpenAI routing headers when both are provided [4.16ms]
@aryee337/aery-ai test: (pass) openai-responses cache affinity > lets explicit headers override the default OpenAI session routing headers [2.67ms]
@aryee337/aery-ai test: (pass) openai-responses cache affinity > merges adapter extra body fields into the Responses request payload [3.11ms]
@aryee337/aery-ai test: (pass) openai-responses cache affinity > omits OpenAI session routing headers when cache retention is disabled [2.76ms]
@aryee337/aery-ai test: 
@aryee337/aery-ai test: test/openai-first-event-timeout.test.ts:
@aryee337/aery-ai test: (pass) OpenAI-family first-event timeouts > surfaces the Azure OpenAI responses first-event timeout message [56.03ms]
@aryee337/aery-ai test: (pass) OpenAI-family first-event timeouts > times out Azure OpenAI responses before the stream opens and forwards the budget to the SDK request [49.41ms]
@aryee337/aery-ai test: (pass) OpenAI-family first-event timeouts > times out Azure responses streams that only emit no-progress status events [43.27ms]
@aryee337/aery-ai test: (pass) OpenAI-family first-event timeouts > keeps caller aborts as aborted for OpenAI responses [5.72ms]
@aryee337/aery-ai test: (pass) OpenAI-family first-event timeouts > keeps caller aborts as aborted for OpenAI completions [16.21ms]
@aryee337/aery-tui test: 
@aryee337/aery-tui test: test/render-stress.test.ts:
@aryee337/aery-tui test: (pass) TUI randomized render stress > darwin-normal-small seed=0x00c0ffee ops=300 [18317.87ms]
@aryee337/aery-ai test: (pass) OpenAI-family first-event timeouts > keeps caller aborts as aborted for Azure OpenAI responses [18.05ms]
@aryee337/aery-ai test: (pass) OpenAI-family first-event timeouts > does not arm the first-event watchdog before OpenAI responses stream setup finishes [49.25ms]
@aryee337/aery-ai test: (pass) OpenAI-family first-event timeouts > does not arm the first-event watchdog before OpenAI completions stream setup finishes [52.71ms]
@aryee337/aery-ai test: (pass) OpenAI-family first-event timeouts > does not arm the first-event watchdog before Azure OpenAI responses setup finishes [76.66ms]
@aryee337/aery-ai test: 
@aryee337/aery-ai test: test/auth-storage-oauth-refresh-race.test.ts:
@aryee337/aery-ai test: (pass) AuthStorage OAuth refresh race > does not disable a credential another process already rotated [716.01ms]
@aryee337/aery-tui test: 
@aryee337/aery-tui test: test/render-regressions.test.ts:
@aryee337/aery-tui test: (pass) TUI terminal-state regressions > resize + viewport behavior > mixed width/height resize storm keeps scrollback bounded for static content [3247.94ms]
@aryee337/aery-tui test: (pass) TUI terminal-state regressions > resize + viewport behavior > keeps appended rows contiguous when a height grow coincides with new content [14.54ms]
@aryee337/aery-tui test: (pass) TUI terminal-state regressions > scrollback integrity > does not probe native viewport state before appends can affect scrollback [17.52ms]
@aryee337/aery-tui test: (pass) TUI terminal-state regressions > scrollback integrity > overflow content appears once across buffer without duplicate row IDs [11.27ms]
@aryee337/aery-ai test: (pass) AuthStorage OAuth refresh race > does not disable when peer rotates between pre-check and CAS disable [609.34ms]
@aryee337/aery-tui test: (pass) TUI terminal-state regressions > scrollback integrity > appending lines during aggressive resize does not duplicate history rows [690.38ms]
@aryee337/aery-tui test: (pass) TUI terminal-state regressions > scrollback integrity > rebuilds native scrollback on a width resize without duplicating rows [16.97ms]
@aryee337/aery-tui test: (pass) TUI terminal-state regressions > scrollback integrity > defers resize rebuild while native scrollback is scrolled [15.31ms]
@aryee337/aery-ai test: (pass) AuthStorage OAuth refresh race > still disables when the failure is real (no concurrent rotation) [593.74ms]
@aryee337/aery-ai test: (pass) AuthStorage OAuth refresh race > persists every credential refreshed during candidate preflight [4.26ms]
@aryee337/aery-ai test: (pass) AuthStorage OAuth refresh race > coalesces concurrent refreshes for the same credential [3.68ms]
@aryee337/aery-ai test: (pass) AuthStorage OAuth refresh race > invalidating a session-sticky OAuth credential rotates the retry to another active credential [4.47ms]
@aryee337/aery-tui test: (pass) TUI terminal-state regressions > scrollback integrity > keeps viewport aligned when offscreen header changes during overflow growth [310.22ms]
@aryee337/aery-tui test: (pass) TUI terminal-state regressions > scrollback integrity > rebuilds history when offscreen expansion and append land together [16.67ms]
@aryee337/aery-tui test: (pass) TUI terminal-state regressions > scrollback integrity > does not duplicate the viewport-top row when an offscreen edit repeats the tail [15.27ms]
@aryee337/aery-ai test: 
@aryee337/aery-ai test: 337 tests skipped:
@aryee337/aery-ai test: (skip) Context overflow error handling > Anthropic (API Key) > claude-haiku-4-5 - should detect overflow via isContextOverflow
@aryee337/aery-ai test: (skip) Context overflow error handling > Anthropic (OAuth) > claude-sonnet-4 - should detect overflow via isContextOverflow
@aryee337/aery-ai test: (skip) Context overflow error handling > GitHub Copilot (OAuth) > gpt-4o - should detect overflow via isContextOverflow
@aryee337/aery-ai test: (skip) Context overflow error handling > GitHub Copilot (OAuth) > claude-sonnet-4 - should detect overflow via isContextOverflow
@aryee337/aery-ai test: (skip) Context overflow error handling > OpenAI Completions > gpt-4o-mini - should detect overflow via isContextOverflow
@aryee337/aery-ai test: (skip) Context overflow error handling > OpenAI Responses > gpt-4o - should detect overflow via isContextOverflow
@aryee337/aery-ai test: (skip) Context overflow error handling > Google > gemini-2.0-flash - should detect overflow via isContextOverflow
@aryee337/aery-ai test: (skip) Context overflow error handling > Google Gemini CLI (OAuth) > gemini-2.5-flash - should detect overflow via isContextOverflow
@aryee337/aery-ai test: (skip) Context overflow error handling > Google Antigravity (OAuth) > gemini-3-flash - should detect overflow via isContextOverflow
@aryee337/aery-ai test: (skip) Context overflow error handling > Google Antigravity (OAuth) > claude-sonnet-4-5 - should detect overflow via isContextOverflow
@aryee337/aery-ai test: (skip) Context overflow error handling > OpenAI Codex (OAuth) > gpt-5.2-codex - should detect overflow via isContextOverflow
@aryee337/aery-ai test: (skip) Context overflow error handling > xAI > grok-3-fast - should detect overflow via isContextOverflow
@aryee337/aery-ai test: (skip) Context overflow error handling > Groq > llama-3.3-70b-versatile - should detect overflow via isContextOverflow
@aryee337/aery-ai test: (skip) Context overflow error handling > Cerebras > qwen-3-235b - should detect overflow via isContextOverflow
@aryee337/aery-ai test: (skip) Context overflow error handling > z.ai > glm-4.5-flash - should detect overflow via isContextOverflow (silent overflow or rate limit)
@aryee337/aery-ai test: (skip) Context overflow error handling > Mistral > devstral-medium-latest - should detect overflow via isContextOverflow
@aryee337/aery-ai test: (skip) Context overflow error handling > OpenRouter > anthropic/claude-sonnet-4 via OpenRouter - should detect overflow via isContextOverflow
@aryee337/aery-ai test: (skip) Context overflow error handling > OpenRouter > deepseek/deepseek-v3.2 via OpenRouter - should detect overflow via isContextOverflow
@aryee337/aery-ai test: (skip) Context overflow error handling > OpenRouter > mistralai/mistral-large-2512 via OpenRouter - should detect overflow via isContextOverflow
@aryee337/aery-ai test: (skip) Context overflow error handling > OpenRouter > google/gemini-2.5-flash via OpenRouter - should detect overflow via isContextOverflow
@aryee337/aery-ai test: (skip) Context overflow error handling > OpenRouter > meta-llama/llama-4-maverick via OpenRouter - should detect overflow via isContextOverflow
@aryee337/aery-ai test: (skip) Context overflow error handling > Ollama (local) > (unnamed)
@aryee337/aery-ai test: (skip) Context overflow error handling > Ollama (local) > gpt-oss:20b - should detect overflow via isContextOverflow (ollama silently truncates)
@aryee337/aery-ai test: (skip) Context overflow error handling > Ollama (local) > (unnamed)
@aryee337/aery-ai test: (skip) Context overflow error handling > LM Studio (local) > should detect overflow via isContextOverflow
@aryee337/aery-ai test: (skip) Context overflow error handling > llama.cpp (local) > should detect overflow via isContextOverflow
@aryee337/aery-ai test: (skip) Cross-Provider Handoff Tests > Anthropic Provider Handoff > should handle contexts from all providers
@aryee337/aery-ai test: (skip) Cross-Provider Handoff Tests > Google Provider Handoff > should handle contexts from all providers
@aryee337/aery-ai test: (skip) Cross-Provider Handoff Tests > OpenAI Completions Provider Handoff > should handle contexts from all providers
@aryee337/aery-ai test: (skip) Cross-Provider Handoff Tests > OpenAI Responses Provider Handoff > should handle contexts from all providers
@aryee337/aery-ai test: (skip) Cross-Provider Handoff Tests > Mistral Provider Handoff > should handle contexts from all providers
@aryee337/aery-ai test: (skip) Image Limits E2E Tests > Anthropic (claude-haiku-4-5-20251001) > should accept a small number of images (5)
@aryee337/aery-ai test: (skip) Image Limits E2E Tests > Anthropic (claude-haiku-4-5-20251001) > should find maximum image count limit
@aryee337/aery-ai test: (skip) Image Limits E2E Tests > Anthropic (claude-haiku-4-5-20251001) > should find maximum image size limit
@aryee337/aery-ai test: (skip) Image Limits E2E Tests > Anthropic (claude-haiku-4-5-20251001) > should find maximum image dimension limit
@aryee337/aery-ai test: (skip) Image Limits E2E Tests > OpenAI (gpt-4o-mini) > should accept a small number of images (5)
@aryee337/aery-ai test: (skip) Image Limits E2E Tests > OpenAI (gpt-4o-mini) > should find maximum image count limit
@aryee337/aery-ai test: (skip) Image Limits E2E Tests > OpenAI (gpt-4o-mini) > should find maximum image size limit
@aryee337/aery-ai test: (skip) Image Limits E2E Tests > OpenAI (gpt-4o-mini) > should find maximum image dimension limit
@aryee337/aery-ai test: (skip) Image Limits E2E Tests > Gemini (gemini-2.5-flash) > should accept a small number of images (5)
@aryee337/aery-ai test: (skip) Image Limits E2E Tests > Gemini (gemini-2.5-flash) > should find maximum image count limit
@aryee337/aery-ai test: (skip) Image Limits E2E Tests > Gemini (gemini-2.5-flash) > should find maximum image size limit
@aryee337/aery-ai test: (skip) Image Limits E2E Tests > Gemini (gemini-2.5-flash) > should find maximum image dimension limit
@aryee337/aery-ai test: (skip) Image Limits E2E Tests > Mistral (pixtral-12b) > should accept a small number of images (5)
@aryee337/aery-ai test: (skip) Image Limits E2E Tests > Mistral (pixtral-12b) > should find maximum image count limit
@aryee337/aery-ai test: (skip) Image Limits E2E Tests > Mistral (pixtral-12b) > should find maximum image size limit
@aryee337/aery-ai test: (skip) Image Limits E2E Tests > Mistral (pixtral-12b) > should find maximum image dimension limit
@aryee337/aery-ai test: (skip) Image Limits E2E Tests > OpenRouter (z-ai/glm-4.5v) > should accept a small number of images (5)
@aryee337/aery-ai test: (skip) Image Limits E2E Tests > OpenRouter (z-ai/glm-4.5v) > should find maximum image count limit
@aryee337/aery-ai test: (skip) Image Limits E2E Tests > OpenRouter (z-ai/glm-4.5v) > should find maximum image size limit
@aryee337/aery-ai test: (skip) Image Limits E2E Tests > OpenRouter (z-ai/glm-4.5v) > should find maximum image dimension limit
@aryee337/aery-ai test: (skip) Image Limits E2E Tests > xAI (grok-2-vision) > should accept a small number of images (5)
@aryee337/aery-ai test: (skip) Image Limits E2E Tests > xAI (grok-2-vision) > should find maximum image count limit
@aryee337/aery-ai test: (skip) Image Limits E2E Tests > xAI (grok-2-vision) > should find maximum image size limit
@aryee337/aery-ai test: (skip) Image Limits E2E Tests > xAI (grok-2-vision) > should find maximum image dimension limit
@aryee337/aery-ai test: (skip) Image Limits E2E Tests > Groq (llama-4-scout-17b) > should accept a small number of images (5)
@aryee337/aery-ai test: (skip) Image Limits E2E Tests > Groq (llama-4-scout-17b) > should find maximum image count limit
@aryee337/aery-ai test: (skip) Image Limits E2E Tests > Groq (llama-4-scout-17b) > should find maximum image size limit
@aryee337/aery-ai test: (skip) Image Limits E2E Tests > Groq (llama-4-scout-17b) > should find maximum image dimension limit
@aryee337/aery-ai test: (skip) Image Limits E2E Tests > zAI (glm-4.5v) > should accept a small number of images (5)
@aryee337/aery-ai test: (skip) Image Limits E2E Tests > zAI (glm-4.5v) > should find maximum image count limit
@aryee337/aery-ai test: (skip) Image Limits E2E Tests > zAI (glm-4.5v) > should find maximum image size limit
@aryee337/aery-ai test: (skip) Image Limits E2E Tests > zAI (glm-4.5v) > should find maximum image dimension limit
@aryee337/aery-ai test: (skip) Image Limits E2E Tests > Max Size Images (realistic payload stress test) > Anthropic: max ~3MB images before rejection
@aryee337/aery-ai test: (skip) Image Limits E2E Tests > Max Size Images (realistic payload stress test) > OpenAI: max ~15MB images before rejection
@aryee337/aery-ai test: (skip) Image Limits E2E Tests > Max Size Images (realistic payload stress test) > Gemini: max ~20MB images before rejection
@aryee337/aery-ai test: (skip) Image Limits E2E Tests > Max Size Images (realistic payload stress test) > Mistral: max ~10MB images before rejection
@aryee337/aery-ai test: (skip) Image Limits E2E Tests > Max Size Images (realistic payload stress test) > xAI: max ~20MB images before rejection
@aryee337/aery-ai test: (skip) Image Limits E2E Tests > Max Size Images (realistic payload stress test) > Groq: max 5760px images before rejection
@aryee337/aery-ai test: (skip) Image Limits E2E Tests > Max Size Images (realistic payload stress test) > zAI: max ~15MB images before rejection
@aryee337/aery-ai test: (skip) Image Limits E2E Tests > Max Size Images (realistic payload stress test) > OpenRouter: max ~5MB images before rejection
@aryee337/aery-ai test: (skip) Tool Results with Images > Google Provider (gemini-2.5-flash) > should handle tool result with only image
@aryee337/aery-ai test: (skip) Tool Results with Images > Google Provider (gemini-2.5-flash) > should handle tool result with text and image
@aryee337/aery-ai test: (skip) Tool Results with Images > OpenAI Completions Provider (gpt-4o-mini) > should handle tool result with only image
@aryee337/aery-ai test: (skip) Tool Results with Images > OpenAI Completions Provider (gpt-4o-mini) > should handle tool result with text and image
@aryee337/aery-ai test: (skip) Tool Results with Images > OpenAI Responses Provider (gpt-5-mini) > should handle tool result with only image
@aryee337/aery-ai test: (skip) Tool Results with Images > OpenAI Responses Provider (gpt-5-mini) > should handle tool result with text and image
@aryee337/aery-ai test: (skip) Tool Results with Images > Anthropic Provider (claude-haiku-4-5) > should handle tool result with only image
@aryee337/aery-ai test: (skip) Tool Results with Images > Anthropic Provider (claude-haiku-4-5) > should handle tool result with text and image
@aryee337/aery-ai test: (skip) Tool Results with Images > OpenRouter Provider (glm-4.5v) > should handle tool result with only image
@aryee337/aery-ai test: (skip) Tool Results with Images > OpenRouter Provider (glm-4.5v) > should handle tool result with text and image
@aryee337/aery-ai test: (skip) Tool Results with Images > Mistral Provider (pixtral-12b) > should handle tool result with only image
@aryee337/aery-ai test: (skip) Tool Results with Images > Mistral Provider (pixtral-12b) > should handle tool result with text and image
@aryee337/aery-ai test: (skip) Tool Results with Images > Anthropic OAuth Provider (claude-sonnet-4-5) > should handle tool result with only image
@aryee337/aery-ai test: (skip) Tool Results with Images > Anthropic OAuth Provider (claude-sonnet-4-5) > should handle tool result with text and image
@aryee337/aery-ai test: (skip) Tool Results with Images > GitHub Copilot Provider > gpt-4o - should handle tool result with only image
@aryee337/aery-ai test: (skip) Tool Results with Images > GitHub Copilot Provider > gpt-4o - should handle tool result with text and image
@aryee337/aery-ai test: (skip) Tool Results with Images > GitHub Copilot Provider > claude-sonnet-4 - should handle tool result with only image
@aryee337/aery-ai test: (skip) Tool Results with Images > GitHub Copilot Provider > claude-sonnet-4 - should handle tool result with text and image
@aryee337/aery-ai test: (skip) Tool Results with Images > Google Gemini CLI Provider > gemini-2.5-flash - should handle tool result with only image
@aryee337/aery-ai test: (skip) Tool Results with Images > Google Gemini CLI Provider > gemini-2.5-flash - should handle tool result with text and image
@aryee337/aery-ai test: (skip) Tool Results with Images > Google Antigravity Provider > gemini-3-flash - should handle tool result with only image
@aryee337/aery-ai test: (skip) Tool Results with Images > Google Antigravity Provider > gemini-3-flash - should handle tool result with text and image
@aryee337/aery-ai test: (skip) Tool Results with Images > OpenAI Codex Provider > gpt-5.2-codex - should handle tool result with only image
@aryee337/aery-ai test: (skip) Tool Results with Images > OpenAI Codex Provider > gpt-5.2-codex - should handle tool result with text and image
@aryee337/aery-ai test: (skip) AI Providers Abort Tests > Google Provider Abort > should abort mid-stream
@aryee337/aery-ai test: (skip) AI Providers Abort Tests > Google Provider Abort > should handle immediate abort
@aryee337/aery-ai test: (skip) AI Providers Abort Tests > OpenAI Completions Provider Abort > should abort mid-stream
@aryee337/aery-ai test: (skip) AI Providers Abort Tests > OpenAI Completions Provider Abort > should handle immediate abort
@aryee337/aery-ai test: (skip) AI Providers Abort Tests > OpenAI Responses Provider Abort > should abort mid-stream
@aryee337/aery-ai test: (skip) AI Providers Abort Tests > OpenAI Responses Provider Abort > should handle immediate abort
@aryee337/aery-ai test: (skip) AI Providers Abort Tests > Anthropic Provider Abort > should abort mid-stream
@aryee337/aery-ai test: (skip) AI Providers Abort Tests > Anthropic Provider Abort > should handle immediate abort
@aryee337/aery-ai test: (skip) AI Providers Abort Tests > Mistral Provider Abort > should abort mid-stream
@aryee337/aery-ai test: (skip) AI Providers Abort Tests > Mistral Provider Abort > should handle immediate abort
@aryee337/aery-ai test: (skip) AI Providers Abort Tests > Google Gemini CLI Provider Abort > should abort mid-stream
@aryee337/aery-ai test: (skip) AI Providers Abort Tests > Google Gemini CLI Provider Abort > should handle immediate abort
@aryee337/aery-ai test: (skip) AI Providers Abort Tests > OpenAI Codex Provider Abort > should abort mid-stream
@aryee337/aery-ai test: (skip) AI Providers Abort Tests > OpenAI Codex Provider Abort > should handle immediate abort
@aryee337/aery-ai test: (skip) Generate E2E Tests > Gemini Provider (gemini-2.5-flash) > should complete basic text generation
@aryee337/aery-ai test: (skip) Generate E2E Tests > Gemini Provider (gemini-2.5-flash) > should handle tool calling
@aryee337/aery-ai test: (skip) Generate E2E Tests > Gemini Provider (gemini-2.5-flash) > should handle streaming
@aryee337/aery-ai test: (skip) Generate E2E Tests > Gemini Provider (gemini-2.5-flash) > should handle 
@aryee337/aery-ai test: (skip) Generate E2E Tests > Gemini Provider (gemini-2.5-flash) > should handle multi-turn with thinking and tools
@aryee337/aery-ai test: (skip) Generate E2E Tests > Gemini Provider (gemini-2.5-flash) > should handle image input
@aryee337/aery-ai test: (skip) Generate E2E Tests > Google Vertex Provider (gemini-3-flash-preview) > should complete basic text generation with Vertex API key
@aryee337/aery-ai test: (skip) Generate E2E Tests > Google Vertex Provider (gemini-3-flash-preview) > should complete basic text generation
@aryee337/aery-ai test: (skip) Generate E2E Tests > Google Vertex Provider (gemini-3-flash-preview) > should handle tool calling
@aryee337/aery-ai test: (skip) Generate E2E Tests > Google Vertex Provider (gemini-3-flash-preview) > should handle thinking
@aryee337/aery-ai test: (skip) Generate E2E Tests > Google Vertex Provider (gemini-3-flash-preview) > should handle streaming
@aryee337/aery-ai test: (skip) Generate E2E Tests > Google Vertex Provider (gemini-3-flash-preview) > should handle multi-turn with thinking and tools
@aryee337/aery-ai test: (skip) Generate E2E Tests > Google Vertex Provider (gemini-3-flash-preview) > should handle image input
@aryee337/aery-ai test: (skip) Generate E2E Tests > OpenAI Completions Provider (gpt-4o-mini) > should complete basic text generation
@aryee337/aery-ai test: (skip) Generate E2E Tests > OpenAI Completions Provider (gpt-4o-mini) > should handle tool calling
@aryee337/aery-ai test: (skip) Generate E2E Tests > OpenAI Completions Provider (gpt-4o-mini) > should handle streaming
@aryee337/aery-ai test: (skip) Generate E2E Tests > OpenAI Completions Provider (gpt-4o-mini) > should handle image input
@aryee337/aery-ai test: (skip) Generate E2E Tests > OpenAI Responses Provider (gpt-5-mini) > should complete basic text generation
@aryee337/aery-ai test: (skip) Generate E2E Tests > OpenAI Responses Provider (gpt-5-mini) > should handle tool calling
@aryee337/aery-ai test: (skip) Generate E2E Tests > OpenAI Responses Provider (gpt-5-mini) > should handle streaming
@aryee337/aery-ai test: (skip) Generate E2E Tests > OpenAI Responses Provider (gpt-5-mini) > should handle thinking
@aryee337/aery-ai test: (skip) Generate E2E Tests > OpenAI Responses Provider (gpt-5-mini) > should handle multi-turn with thinking and tools
@aryee337/aery-ai test: (skip) Generate E2E Tests > OpenAI Responses Provider (gpt-5-mini) > should handle image input
@aryee337/aery-ai test: (skip) Generate E2E Tests > Anthropic Provider (claude-haiku-4-5-20251001) > should complete basic text generation
@aryee337/aery-ai test: (skip) Generate E2E Tests > Anthropic Provider (claude-haiku-4-5-20251001) > should handle tool calling
@aryee337/aery-ai test: (skip) Generate E2E Tests > Anthropic Provider (claude-haiku-4-5-20251001) > should handle streaming
@aryee337/aery-ai test: (skip) Generate E2E Tests > Anthropic Provider (claude-haiku-4-5-20251001) > should handle image input
@aryee337/aery-ai test: (skip) Generate E2E Tests > OpenAI Responses Provider (gpt-5-mini) > should complete basic text generation
@aryee337/aery-ai test: (skip) Generate E2E Tests > OpenAI Responses Provider (gpt-5-mini) > should handle tool calling
@aryee337/aery-ai test: (skip) Generate E2E Tests > OpenAI Responses Provider (gpt-5-mini) > should handle streaming
@aryee337/aery-ai test: (skip) Generate E2E Tests > OpenAI Responses Provider (gpt-5-mini) > should handle image input
@aryee337/aery-ai test: (skip) Generate E2E Tests > xAI Provider (grok-code-fast-1 via OpenAI Completions) > should complete basic text generation
@aryee337/aery-ai test: (skip) Generate E2E Tests > xAI Provider (grok-code-fast-1 via OpenAI Completions) > should handle tool calling
@aryee337/aery-ai test: (skip) Generate E2E Tests > xAI Provider (grok-code-fast-1 via OpenAI Completions) > should handle streaming
@aryee337/aery-ai test: (skip) Generate E2E Tests > xAI Provider (grok-code-fast-1 via OpenAI Completions) > should handle thinking mode
@aryee337/aery-ai test: (skip) Generate E2E Tests > xAI Provider (grok-code-fast-1 via OpenAI Completions) > should handle multi-turn with thinking and tools
@aryee337/aery-ai test: (skip) Generate E2E Tests > Groq Provider (gpt-oss-20b via OpenAI Completions) > should complete basic text generation
@aryee337/aery-ai test: (skip) Generate E2E Tests > Groq Provider (gpt-oss-20b via OpenAI Completions) > should handle tool calling
@aryee337/aery-ai test: (skip) Generate E2E Tests > Groq Provider (gpt-oss-20b via OpenAI Completions) > should handle streaming
@aryee337/aery-ai test: (skip) Generate E2E Tests > Groq Provider (gpt-oss-20b via OpenAI Completions) > should handle thinking mode
@aryee337/aery-ai test: (skip) Generate E2E Tests > Groq Provider (gpt-oss-20b via OpenAI Completions) > should handle multi-turn with thinking and tools
@aryee337/aery-ai test: (skip) Generate E2E Tests > Cerebras Provider (gpt-oss-120b via OpenAI Completions) > should complete basic text generation
@aryee337/aery-ai test: (skip) Generate E2E Tests > Cerebras Provider (gpt-oss-120b via OpenAI Completions) > should handle tool calling
@aryee337/aery-ai test: (skip) Generate E2E Tests > Cerebras Provider (gpt-oss-120b via OpenAI Completions) > should handle streaming
@aryee337/aery-ai test: (skip) Generate E2E Tests > Cerebras Provider (gpt-oss-120b via OpenAI Completions) > should handle thinking mode
@aryee337/aery-ai test: (skip) Generate E2E Tests > Cerebras Provider (gpt-oss-120b via OpenAI Completions) > should handle multi-turn with thinking and tools
@aryee337/aery-ai test: (skip) Generate E2E Tests > OpenRouter Provider (glm-4.5v via OpenAI Completions) > should complete basic text generation
@aryee337/aery-ai test: (skip) Generate E2E Tests > OpenRouter Provider (glm-4.5v via OpenAI Completions) > should handle tool calling
@aryee337/aery-ai test: (skip) Generate E2E Tests > OpenRouter Provider (glm-4.5v via OpenAI Completions) > should handle streaming
@aryee337/aery-ai test: (skip) Generate E2E Tests > OpenRouter Provider (glm-4.5v via OpenAI Completions) > should handle thinking mode
@aryee337/aery-ai test: (skip) Generate E2E Tests > OpenRouter Provider (glm-4.5v via OpenAI Completions) > should handle multi-turn with thinking and tools
@aryee337/aery-ai test: (skip) Generate E2E Tests > OpenRouter Provider (glm-4.5v via OpenAI Completions) > should handle image input
@aryee337/aery-ai test: (skip) Generate E2E Tests > zAI Provider (glm-4.5-air via OpenAI Completions) > should complete basic text generation
@aryee337/aery-ai test: (skip) Generate E2E Tests > zAI Provider (glm-4.5-air via OpenAI Completions) > should handle tool calling
@aryee337/aery-ai test: (skip) Generate E2E Tests > zAI Provider (glm-4.5-air via OpenAI Completions) > should handle streaming
@aryee337/aery-ai test: (skip) Generate E2E Tests > zAI Provider (glm-4.5-air via OpenAI Completions) > should handle thinking mode
@aryee337/aery-ai test: (skip) Generate E2E Tests > zAI Provider (glm-4.5-air via OpenAI Completions) > should handle multi-turn with thinking and tools
@aryee337/aery-ai test: (skip) Generate E2E Tests > zAI Provider (glm-4.5v via OpenAI Completions) > should complete basic text generation
@aryee337/aery-ai test: (skip) Generate E2E Tests > zAI Provider (glm-4.5v via OpenAI Completions) > should handle tool calling
@aryee337/aery-ai test: (skip) Generate E2E Tests > zAI Provider (glm-4.5v via OpenAI Completions) > should handle streaming
@aryee337/aery-ai test: (skip) Generate E2E Tests > zAI Provider (glm-4.5v via OpenAI Completions) > should handle thinking mode
@aryee337/aery-ai test: (skip) Generate E2E Tests > zAI Provider (glm-4.5v via OpenAI Completions) > should handle multi-turn with thinking and tools
@aryee337/aery-ai test: (skip) Generate E2E Tests > zAI Provider (glm-4.5v via OpenAI Completions) > should handle image input
@aryee337/aery-ai test: (skip) Generate E2E Tests > Mistral Provider (devstral-medium-latest via OpenAI Completions) > should complete basic text generation
@aryee337/aery-ai test: (skip) Generate E2E Tests > Mistral Provider (devstral-medium-latest via OpenAI Completions) > should handle tool calling
@aryee337/aery-ai test: (skip) Generate E2E Tests > Mistral Provider (devstral-medium-latest via OpenAI Completions) > should handle streaming
@aryee337/aery-ai test: (skip) Generate E2E Tests > Mistral Provider (devstral-medium-latest via OpenAI Completions) > should handle thinking mode
@aryee337/aery-ai test: (skip) Generate E2E Tests > Mistral Provider (devstral-medium-latest via OpenAI Completions) > should handle multi-turn with thinking and tools
@aryee337/aery-ai test: (skip) Generate E2E Tests > Mistral Provider (pixtral-12b with image support) > should complete basic text generation
@aryee337/aery-ai test: (skip) Generate E2E Tests > Mistral Provider (pixtral-12b with image support) > should handle tool calling
@aryee337/aery-ai test: (skip) Generate E2E Tests > Mistral Provider (pixtral-12b with image support) > should handle streaming
@aryee337/aery-ai test: (skip) Generate E2E Tests > Mistral Provider (pixtral-12b with image support) > should handle image input
@aryee337/aery-ai test: (skip) Generate E2E Tests > Anthropic OAuth Provider (claude-sonnet-4-20250514) > should complete basic text generation
@aryee337/aery-ai test: (skip) Generate E2E Tests > Anthropic OAuth Provider (claude-sonnet-4-20250514) > should handle tool calling
@aryee337/aery-ai test: (skip) Generate E2E Tests > Anthropic OAuth Provider (claude-sonnet-4-20250514) > should handle streaming
@aryee337/aery-ai test: (skip) Generate E2E Tests > Anthropic OAuth Provider (claude-sonnet-4-20250514) > should handle thinking
@aryee337/aery-ai test: (skip) Generate E2E Tests > Anthropic OAuth Provider (claude-sonnet-4-20250514) > should handle multi-turn with thinking and tools
@aryee337/aery-ai test: (skip) Generate E2E Tests > Anthropic OAuth Provider (claude-sonnet-4-20250514) > should handle image input
@aryee337/aery-ai test: (skip) Generate E2E Tests > GitHub Copilot Provider (gpt-4o via OpenAI Completions) > should complete basic text generation
@aryee337/aery-ai test: (skip) Generate E2E Tests > GitHub Copilot Provider (gpt-4o via OpenAI Completions) > should handle tool calling
@aryee337/aery-ai test: (skip) Generate E2E Tests > GitHub Copilot Provider (gpt-4o via OpenAI Completions) > should handle streaming
@aryee337/aery-ai test: (skip) Generate E2E Tests > GitHub Copilot Provider (gpt-4o via OpenAI Completions) > should handle thinking
@aryee337/aery-ai test: (skip) Generate E2E Tests > GitHub Copilot Provider (gpt-4o via OpenAI Completions) > should handle multi-turn with thinking and tools
@aryee337/aery-ai test: (skip) Generate E2E Tests > GitHub Copilot Provider (gpt-4o via OpenAI Completions) > should handle image input
@aryee337/aery-ai test: (skip) Generate E2E Tests > Google Gemini CLI Provider (gemini-2.5-flash) > should complete basic text generation
@aryee337/aery-ai test: (skip) Generate E2E Tests > Google Gemini CLI Provider (gemini-2.5-flash) > should handle tool calling
@aryee337/aery-ai test: (skip) Generate E2E Tests > Google Gemini CLI Provider (gemini-2.5-flash) > should handle streaming
@aryee337/aery-ai test: (skip) Generate E2E Tests > Google Gemini CLI Provider (gemini-2.5-flash) > should handle thinking
@aryee337/aery-ai test: (skip) Generate E2E Tests > Google Gemini CLI Provider (gemini-2.5-flash) > should handle multi-turn with thinking and tools
@aryee337/aery-ai test: (skip) Generate E2E Tests > Google Gemini CLI Provider (gemini-2.5-flash) > should handle image input
@aryee337/aery-ai test: (skip) Generate E2E Tests > Google Gemini CLI Provider (gemini-3-flash-preview with thinkingLevel) > should handle thinking with thinkingLevel
@aryee337/aery-ai test: (skip) Generate E2E Tests > Google Gemini CLI Provider (gemini-3-flash-preview with thinkingLevel) > should handle multi-turn with thinking and tools
@aryee337/aery-ai test: (skip) Generate E2E Tests > Google Antigravity Provider (gemini-3-pro-high) > should complete basic text generation
@aryee337/aery-ai test: (skip) Generate E2E Tests > Google Antigravity Provider (gemini-3-pro-high) > should handle tool calling
@aryee337/aery-ai test: (skip) Generate E2E Tests > Google Antigravity Provider (gemini-3-pro-high) > should handle streaming
@aryee337/aery-ai test: (skip) Generate E2E Tests > Google Antigravity Provider (gemini-3-pro-high) > should handle thinking with thinkingLevel
@aryee337/aery-ai test: (skip) Generate E2E Tests > Google Antigravity Provider (gemini-3-pro-high) > should handle multi-turn with thinking and tools
@aryee337/aery-ai test: (skip) Generate E2E Tests > Google Antigravity Provider (gemini-3-pro-high) > should handle image input
@aryee337/aery-ai test: (skip) Generate E2E Tests > Google Antigravity Provider (claude-sonnet-4-5) > should complete basic text generation
@aryee337/aery-ai test: (skip) Generate E2E Tests > Google Antigravity Provider (claude-sonnet-4-5) > should handle tool calling
@aryee337/aery-ai test: (skip) Generate E2E Tests > Google Antigravity Provider (claude-sonnet-4-5) > should handle streaming
@aryee337/aery-ai test: (skip) Generate E2E Tests > Google Antigravity Provider (claude-sonnet-4-5) > should handle thinking
@aryee337/aery-ai test: (skip) Generate E2E Tests > Google Antigravity Provider (claude-sonnet-4-5) > should handle multi-turn with thinking and tools
@aryee337/aery-ai test: (skip) Generate E2E Tests > Google Antigravity Provider (claude-sonnet-4-5) > should handle image input
@aryee337/aery-ai test: (skip) Generate E2E Tests > OpenAI Codex Provider (gpt-5.2-codex) > should complete basic text generation
@aryee337/aery-ai test: (skip) Generate E2E Tests > OpenAI Codex Provider (gpt-5.2-codex) > should handle tool calling
@aryee337/aery-ai test: (skip) Generate E2E Tests > OpenAI Codex Provider (gpt-5.2-codex) > should handle streaming
@aryee337/aery-ai test: (skip) Generate E2E Tests > OpenAI Codex Provider (gpt-5.2-codex) > should handle thinking
@aryee337/aery-ai test: (skip) Generate E2E Tests > OpenAI Codex Provider (gpt-5.2-codex) > should handle multi-turn with thinking and tools
@aryee337/aery-ai test: (skip) Generate E2E Tests > OpenAI Codex Provider (gpt-5.2-codex) > should handle image input
@aryee337/aery-ai test: (skip) Generate E2E Tests > Amazon Bedrock Provider (claude-opus-4-6 interleaved thinking) > should use adaptive thinking without anthropic_beta
@aryee337/aery-ai test: (skip) Generate E2E Tests > Ollama Provider (gpt-oss-20b via OpenAI Completions) > (unnamed)
@aryee337/aery-ai test: (skip) Generate E2E Tests > Ollama Provider (gpt-oss-20b via OpenAI Completions) > should complete basic text generation
@aryee337/aery-ai test: (skip) Generate E2E Tests > Ollama Provider (gpt-oss-20b via OpenAI Completions) > should handle tool calling
@aryee337/aery-ai test: (skip) Generate E2E Tests > Ollama Provider (gpt-oss-20b via OpenAI Completions) > should handle streaming
@aryee337/aery-ai test: (skip) Generate E2E Tests > Ollama Provider (gpt-oss-20b via OpenAI Completions) > should handle thinking mode
@aryee337/aery-ai test: (skip) Generate E2E Tests > Ollama Provider (gpt-oss-20b via OpenAI Completions) > should handle multi-turn with thinking and tools
@aryee337/aery-ai test: (skip) Generate E2E Tests > Ollama Provider (gpt-oss-20b via OpenAI Completions) > (unnamed)
@aryee337/aery-ai test: (skip) Token Statistics on Abort > Google Provider > should include token stats when aborted mid-stream
@aryee337/aery-ai test: (skip) Token Statistics on Abort > OpenAI Completions Provider > should include token stats when aborted mid-stream
@aryee337/aery-ai test: (skip) Token Statistics on Abort > OpenAI Responses Provider > should include token stats when aborted mid-stream
@aryee337/aery-ai test: (skip) Token Statistics on Abort > Anthropic Provider > should include token stats when aborted mid-stream
@aryee337/aery-ai test: (skip) Token Statistics on Abort > xAI Provider > should include token stats when aborted mid-stream
@aryee337/aery-ai test: (skip) Token Statistics on Abort > Groq Provider > should include token stats when aborted mid-stream
@aryee337/aery-ai test: (skip) Token Statistics on Abort > Cerebras Provider > should include token stats when aborted mid-stream
@aryee337/aery-ai test: (skip) Token Statistics on Abort > zAI Provider > should include token stats when aborted mid-stream
@aryee337/aery-ai test: (skip) Token Statistics on Abort > Mistral Provider > should include token stats when aborted mid-stream
@aryee337/aery-ai test: (skip) Token Statistics on Abort > Anthropic OAuth Provider > should include token stats when aborted mid-stream
@aryee337/aery-ai test: (skip) Token Statistics on Abort > GitHub Copilot Provider > gpt-4o - should include token stats when aborted mid-stream
@aryee337/aery-ai test: (skip) Token Statistics on Abort > GitHub Copilot Provider > claude-sonnet-4 - should include token stats when aborted mid-stream
@aryee337/aery-ai test: (skip) Token Statistics on Abort > Google Gemini CLI Provider > gemini-2.5-flash - should include token stats when aborted mid-stream
@aryee337/aery-ai test: (skip) Token Statistics on Abort > Google Antigravity Provider > gemini-3-flash - should include token stats when aborted mid-stream
@aryee337/aery-ai test: (skip) Token Statistics on Abort > Google Antigravity Provider > claude-sonnet-4-5 - should include token stats when aborted mid-stream
@aryee337/aery-ai test: (skip) Token Statistics on Abort > Google Antigravity Provider > gpt-oss-120b-medium - should include token stats when aborted mid-stream
@aryee337/aery-ai test: (skip) Token Statistics on Abort > OpenAI Codex Provider > gpt-5.2-codex - should include token stats when aborted mid-stream
@aryee337/aery-ai test: (skip) Tool Call Without Result Tests > Google Provider > should filter out tool calls without corresponding tool results
@aryee337/aery-ai test: (skip) Tool Call Without Result Tests > OpenAI Completions Provider > should filter out tool calls without corresponding tool results
@aryee337/aery-ai test: (skip) Tool Call Without Result Tests > OpenAI Responses Provider > should filter out tool calls without corresponding tool results
@aryee337/aery-ai test: (skip) Tool Call Without Result Tests > Anthropic Provider > should filter out tool calls without corresponding tool results
@aryee337/aery-ai test: (skip) Tool Call Without Result Tests > xAI Provider > should filter out tool calls without corresponding tool results
@aryee337/aery-ai test: (skip) Tool Call Without Result Tests > Groq Provider > should filter out tool calls without corresponding tool results
@aryee337/aery-ai test: (skip) Tool Call Without Result Tests > Cerebras Provider > should filter out tool calls without corresponding tool results
@aryee337/aery-ai test: (skip) Tool Call Without Result Tests > zAI Provider > should filter out tool calls without corresponding tool results
@aryee337/aery-ai test: (skip) Tool Call Without Result Tests > Mistral Provider > should filter out tool calls without corresponding tool results
@aryee337/aery-ai test: (skip) Tool Call Without Result Tests > Anthropic OAuth Provider > should filter out tool calls without corresponding tool results
@aryee337/aery-ai test: (skip) Tool Call Without Result Tests > GitHub Copilot Provider > gpt-4o - should filter out tool calls without corresponding tool results
@aryee337/aery-ai test: (skip) Tool Call Without Result Tests > GitHub Copilot Provider > claude-sonnet-4 - should filter out tool calls without corresponding tool results
@aryee337/aery-ai test: (skip) Tool Call Without Result Tests > Google Gemini CLI Provider > gemini-2.5-flash - should filter out tool calls without corresponding tool results
@aryee337/aery-ai test: (skip) Tool Call Without Result Tests > Google Antigravity Provider > gemini-3-flash - should filter out tool calls without corresponding tool results
@aryee337/aery-ai test: (skip) Tool Call Without Result Tests > Google Antigravity Provider > claude-sonnet-4-5 - should filter out tool calls without corresponding tool results
@aryee337/aery-ai test: (skip) Tool Call Without Result Tests > Google Antigravity Provider > gpt-oss-120b-medium - should filter out tool calls without corresponding tool results
@aryee337/aery-ai test: (skip) Tool Call Without Result Tests > OpenAI Codex Provider > gpt-5.2-codex - should filter out tool calls without corresponding tool results
@aryee337/aery-ai test: (skip) totalTokens field > Anthropic (API Key) > claude-haiku-4-5 - should return totalTokens equal to sum of components
@aryee337/aery-ai test: (skip) totalTokens field > Anthropic (OAuth) > claude-sonnet-4 - should return totalTokens equal to sum of components
@aryee337/aery-ai test: (skip) totalTokens field > OpenAI Completions > gpt-4o-mini - should return totalTokens equal to sum of components
@aryee337/aery-ai test: (skip) totalTokens field > OpenAI Responses > gpt-4o - should return totalTokens equal to sum of components
@aryee337/aery-ai test: (skip) totalTokens field > Google > gemini-2.0-flash - should return totalTokens equal to sum of components
@aryee337/aery-ai test: (skip) totalTokens field > xAI > grok-3-fast - should return totalTokens equal to sum of components
@aryee337/aery-ai test: (skip) totalTokens field > Groq > openai/gpt-oss-120b - should return totalTokens equal to sum of components
@aryee337/aery-ai test: (skip) totalTokens field > Cerebras > gpt-oss-120b - should return totalTokens equal to sum of components
@aryee337/aery-ai test: (skip) totalTokens field > z.ai > glm-4.5-flash - should return totalTokens equal to sum of components
@aryee337/aery-ai test: (skip) totalTokens field > Mistral > devstral-medium-latest - should return totalTokens equal to sum of components
@aryee337/aery-ai test: (skip) totalTokens field > OpenRouter > anthropic/claude-sonnet-4 - should return totalTokens equal to sum of components
@aryee337/aery-ai test: (skip) totalTokens field > OpenRouter > deepseek/deepseek-chat - should return totalTokens equal to sum of components
@aryee337/aery-ai test: (skip) totalTokens field > OpenRouter > mistralai/mistral-small-3.1-24b-instruct - should return totalTokens equal to sum of components
@aryee337/aery-ai test: (skip) totalTokens field > OpenRouter > google/gemini-2.0-flash-001 - should return totalTokens equal to sum of components
@aryee337/aery-ai test: (skip) totalTokens field > OpenRouter > meta-llama/llama-4-maverick - should return totalTokens equal to sum of components
@aryee337/aery-ai test: (skip) totalTokens field > GitHub Copilot (OAuth) > gpt-4o - should return totalTokens equal to sum of components
@aryee337/aery-ai test: (skip) totalTokens field > GitHub Copilot (OAuth) > claude-sonnet-4 - should return totalTokens equal to sum of components
@aryee337/aery-ai test: (skip) totalTokens field > Google Gemini CLI (OAuth) > gemini-2.5-flash - should return totalTokens equal to sum of components
@aryee337/aery-ai test: (skip) totalTokens field > Google Antigravity (OAuth) > gemini-3-flash - should return totalTokens equal to sum of components
@aryee337/aery-ai test: (skip) totalTokens field > Google Antigravity (OAuth) > claude-sonnet-4-5 - should return totalTokens equal to sum of components
@aryee337/aery-ai test: (skip) totalTokens field > Google Antigravity (OAuth) > gpt-oss-120b-medium - should return totalTokens equal to sum of components
@aryee337/aery-ai test: (skip) totalTokens field > OpenAI Codex (OAuth) > gpt-5.2-codex - should return totalTokens equal to sum of components
@aryee337/aery-ai test: (skip) AI Providers Unicode Surrogate Pair Tests > Google Provider Unicode Handling > should handle emoji in tool results
@aryee337/aery-ai test: (skip) AI Providers Unicode Surrogate Pair Tests > Google Provider Unicode Handling > should handle real-world LinkedIn comment data with emoji
@aryee337/aery-ai test: (skip) AI Providers Unicode Surrogate Pair Tests > Google Provider Unicode Handling > should handle unpaired high surrogate (0xD83D) in tool results
@aryee337/aery-ai test: (skip) AI Providers Unicode Surrogate Pair Tests > OpenAI Completions Provider Unicode Handling > should handle emoji in tool results
@aryee337/aery-ai test: (skip) AI Providers Unicode Surrogate Pair Tests > OpenAI Completions Provider Unicode Handling > should handle real-world LinkedIn comment data with emoji
@aryee337/aery-ai test: (skip) AI Providers Unicode Surrogate Pair Tests > OpenAI Completions Provider Unicode Handling > should handle unpaired high surrogate (0xD83D) in tool results
@aryee337/aery-ai test: (skip) AI Providers Unicode Surrogate Pair Tests > OpenAI Responses Provider Unicode Handling > should handle emoji in tool results
@aryee337/aery-ai test: (skip) AI Providers Unicode Surrogate Pair Tests > OpenAI Responses Provider Unicode Handling > should handle real-world LinkedIn comment data with emoji
@aryee337/aery-ai test: (skip) AI Providers Unicode Surrogate Pair Tests > OpenAI Responses Provider Unicode Handling > should handle unpaired high surrogate (0xD83D) in tool results
@aryee337/aery-ai test: (skip) AI Providers Unicode Surrogate Pair Tests > Anthropic Provider Unicode Handling > should handle emoji in tool results
@aryee337/aery-ai test: (skip) AI Providers Unicode Surrogate Pair Tests > Anthropic Provider Unicode Handling > should handle real-world LinkedIn comment data with emoji
@aryee337/aery-ai test: (skip) AI Providers Unicode Surrogate Pair Tests > Anthropic Provider Unicode Handling > should handle unpaired high surrogate (0xD83D) in tool results
@aryee337/aery-ai test: (skip) AI Providers Unicode Surrogate Pair Tests > Anthropic OAuth Provider Unicode Handling > should handle emoji in tool results
@aryee337/aery-ai test: (skip) AI Providers Unicode Surrogate Pair Tests > Anthropic OAuth Provider Unicode Handling > should handle real-world LinkedIn comment data with emoji
@aryee337/aery-ai test: (skip) AI Providers Unicode Surrogate Pair Tests > Anthropic OAuth Provider Unicode Handling > should handle unpaired high surrogate (0xD83D) in tool results
@aryee337/aery-ai test: (skip) AI Providers Unicode Surrogate Pair Tests > GitHub Copilot Provider Unicode Handling > gpt-4o - should handle emoji in tool results
@aryee337/aery-ai test: (skip) AI Providers Unicode Surrogate Pair Tests > GitHub Copilot Provider Unicode Handling > gpt-4o - should handle real-world LinkedIn comment data with emoji
@aryee337/aery-ai test: (skip) AI Providers Unicode Surrogate Pair Tests > GitHub Copilot Provider Unicode Handling > gpt-4o - should handle unpaired high surrogate (0xD83D) in tool results
@aryee337/aery-ai test: (skip) AI Providers Unicode Surrogate Pair Tests > GitHub Copilot Provider Unicode Handling > claude-sonnet-4 - should handle emoji in tool results
@aryee337/aery-ai test: (skip) AI Providers Unicode Surrogate Pair Tests > GitHub Copilot Provider Unicode Handling > claude-sonnet-4 - should handle real-world LinkedIn comment data with emoji
@aryee337/aery-ai test: (skip) AI Providers Unicode Surrogate Pair Tests > GitHub Copilot Provider Unicode Handling > claude-sonnet-4 - should handle unpaired high surrogate (0xD83D) in tool results
@aryee337/aery-ai test: (skip) AI Providers Unicode Surrogate Pair Tests > Google Gemini CLI Provider Unicode Handling > gemini-2.5-flash - should handle emoji in tool results
@aryee337/aery-ai test: (skip) AI Providers Unicode Surrogate Pair Tests > Google Gemini CLI Provider Unicode Handling > gemini-2.5-flash - should handle real-world LinkedIn comment data with emoji
@aryee337/aery-ai test: (skip) AI Providers Unicode Surrogate Pair Tests > Google Gemini CLI Provider Unicode Handling > gemini-2.5-flash - should handle unpaired high surrogate (0xD83D) in tool results
@aryee337/aery-ai test: (skip) AI Providers Unicode Surrogate Pair Tests > Google Antigravity Provider Unicode Handling > gemini-3-flash - should handle emoji in tool results
@aryee337/aery-ai test: (skip) AI Providers Unicode Surrogate Pair Tests > Google Antigravity Provider Unicode Handling > gemini-3-flash - should handle real-world LinkedIn comment data with emoji
@aryee337/aery-ai test: (skip) AI Providers Unicode Surrogate Pair Tests > Google Antigravity Provider Unicode Handling > gemini-3-flash - should handle unpaired high surrogate (0xD83D) in tool results
@aryee337/aery-ai test: (skip) AI Providers Unicode Surrogate Pair Tests > Google Antigravity Provider Unicode Handling > claude-sonnet-4-5 - should handle emoji in tool results
@aryee337/aery-ai test: (skip) AI Providers Unicode Surrogate Pair Tests > Google Antigravity Provider Unicode Handling > claude-sonnet-4-5 - should handle real-world LinkedIn comment data with emoji
@aryee337/aery-ai test: (skip) AI Providers Unicode Surrogate Pair Tests > Google Antigravity Provider Unicode Handling > claude-sonnet-4-5 - should handle unpaired high surrogate (0xD83D) in tool results
@aryee337/aery-ai test: (skip) AI Providers Unicode Surrogate Pair Tests > Google Antigravity Provider Unicode Handling > gpt-oss-120b-medium - should handle emoji in tool results
@aryee337/aery-ai test: (skip) AI Providers Unicode Surrogate Pair Tests > Google Antigravity Provider Unicode Handling > gpt-oss-120b-medium - should handle real-world LinkedIn comment data with emoji
@aryee337/aery-ai test: (skip) AI Providers Unicode Surrogate Pair Tests > Google Antigravity Provider Unicode Handling > gpt-oss-120b-medium - should handle unpaired high surrogate (0xD83D) in tool results
@aryee337/aery-ai test: (skip) AI Providers Unicode Surrogate Pair Tests > xAI Provider Unicode Handling > should handle emoji in tool results
@aryee337/aery-ai test: (skip) AI Providers Unicode Surrogate Pair Tests > xAI Provider Unicode Handling > should handle real-world LinkedIn comment data with emoji
@aryee337/aery-ai test: (skip) AI Providers Unicode Surrogate Pair Tests > xAI Provider Unicode Handling > should handle unpaired high surrogate (0xD83D) in tool results
@aryee337/aery-ai test: (skip) AI Providers Unicode Surrogate Pair Tests > Groq Provider Unicode Handling > should handle emoji in tool results
@aryee337/aery-ai test: (skip) AI Providers Unicode Surrogate Pair Tests > Groq Provider Unicode Handling > should handle real-world LinkedIn comment data with emoji
@aryee337/aery-ai test: (skip) AI Providers Unicode Surrogate Pair Tests > Groq Provider Unicode Handling > should handle unpaired high surrogate (0xD83D) in tool results
@aryee337/aery-ai test: (skip) AI Providers Unicode Surrogate Pair Tests > Cerebras Provider Unicode Handling > should handle emoji in tool results
@aryee337/aery-ai test: (skip) AI Providers Unicode Surrogate Pair Tests > Cerebras Provider Unicode Handling > should handle real-world LinkedIn comment data with emoji
@aryee337/aery-ai test: (skip) AI Providers Unicode Surrogate Pair Tests > Cerebras Provider Unicode Handling > should handle unpaired high surrogate (0xD83D) in tool results
@aryee337/aery-ai test: (skip) AI Providers Unicode Surrogate Pair Tests > zAI Provider Unicode Handling > should handle emoji in tool results
@aryee337/aery-ai test: (skip) AI Providers Unicode Surrogate Pair Tests > zAI Provider Unicode Handling > should handle real-world LinkedIn comment data with emoji
@aryee337/aery-ai test: (skip) AI Providers Unicode Surrogate Pair Tests > zAI Provider Unicode Handling > should handle unpaired high surrogate (0xD83D) in tool results
@aryee337/aery-ai test: (skip) AI Providers Unicode Surrogate Pair Tests > Mistral Provider Unicode Handling > should handle emoji in tool results
@aryee337/aery-ai test: (skip) AI Providers Unicode Surrogate Pair Tests > Mistral Provider Unicode Handling > should handle real-world LinkedIn comment data with emoji
@aryee337/aery-ai test: (skip) AI Providers Unicode Surrogate Pair Tests > Mistral Provider Unicode Handling > should handle unpaired high surrogate (0xD83D) in tool results
@aryee337/aery-ai test: (skip) AI Providers Unicode Surrogate Pair Tests > OpenAI Codex Provider Unicode Handling > gpt-5.2-codex - should handle emoji in tool results
@aryee337/aery-ai test: (skip) AI Providers Unicode Surrogate Pair Tests > OpenAI Codex Provider Unicode Handling > gpt-5.2-codex - should handle real-world LinkedIn comment data with emoji
@aryee337/aery-ai test: (skip) AI Providers Unicode Surrogate Pair Tests > OpenAI Codex Provider Unicode Handling > gpt-5.2-codex - should handle unpaired high surrogate (0xD83D) in tool results
@aryee337/aery-ai test: (skip) xhigh reasoning > codex-max (supports xhigh) > should work with openai-responses
@aryee337/aery-ai test: (skip) xhigh reasoning > gpt-5-mini (does not support xhigh) > should error with openai-responses when using xhigh
@aryee337/aery-ai test: (skip) xhigh reasoning > gpt-5-mini (does not support xhigh) > should error with openai-completions when using xhigh
@aryee337/aery-ai test: 
@aryee337/aery-ai test: 
@aryee337/aery-ai test: 1 tests failed:
@aryee337/aery-ai test: (fail) AuthStorage codex oauth ranking > refreshes expired oauth candidates in parallel before selection [290.32ms]
@aryee337/aery-ai test: 
@aryee337/aery-ai test:  1448 pass
@aryee337/aery-ai test:  337 skip
@aryee337/aery-ai test:  1 fail
@aryee337/aery-ai test:  4198 expect() calls
@aryee337/aery-ai test: Ran 1786 tests across 168 files. [25.66s]
@aryee337/aery-ai test: Exited with code 1
@aryee337/aery-tui test: (pass) TUI terminal-state regressions > scrollback integrity > removes collapsed ctrl-o markers from scrollback after offscreen expansion [14.79ms]
@aryee337/aery-mnemopi test: bun test v1.3.14 (0d9b296a) 4x PARALLEL
@aryee337/aery-core test: bun test v1.3.14 (0d9b296a) 4x PARALLEL
@aryee337/aery-tui test: (pass) TUI terminal-state regressions > scrollback integrity > defers offscreen expansion rebuild when the viewport position is unknown [44.90ms]
@aryee337/aery-mnemopi test: 
@aryee337/aery-mnemopi test: test/llm-backends.test.ts:
@aryee337/aery-mnemopi test: (pass) host LLM backend registry > sets, gets, and clears the process-global backend [8.44ms]
@aryee337/aery-mnemopi test: (pass) host LLM backend registry > returns null without a backend [0.40ms]
@aryee337/aery-mnemopi test: (pass) host LLM backend registry > passes completion options through [0.32ms]
@aryee337/aery-mnemopi test: (pass) host LLM backend registry > swallows backend exceptions [0.31ms]
@aryee337/aery-tui test: (pass) TUI terminal-state regressions > scrollback integrity > rebuilds scrollback on a user-driven offscreen expansion when the viewport position is unknown [196.08ms]
@aryee337/aery-mnemopi test: 
@aryee337/aery-mnemopi test: test/ab-toggles.test.ts:
@aryee337/aery-mnemopi test: (pass) A/B polyphonic voice toggles > treats falsy values as disabled with whitespace and case normalization [137.20ms]
@aryee337/aery-mnemopi test: 
@aryee337/aery-mnemopi test: test/consolidate-fact-concurrency.test.ts:
@aryee337/aery-mnemopi test: (pass) consolidate_fact SQLite serialization > records repeated same-SPO observations as one row with compounded confidence [37.82ms]
@aryee337/aery-mnemopi test: (pass) consolidate_fact SQLite serialization > writes distinct SPOs through separate connections without dropping rows [12.00ms]
@aryee337/aery-mnemopi test: (pass) consolidate_fact SQLite serialization > participates in an outer transaction instead of starting a nested BEGIN [6.95ms]
@aryee337/aery-mnemopi test: (pass) consolidate_fact SQLite serialization > rolls back its own transaction when a mid-update error occurs [17.56ms]
@aryee337/aery-mnemopi test: (pass) consolidate_fact SQLite serialization > does not leak a fact insert when conflict recording fails [16.37ms]
@aryee337/aery-mnemopi test: 
@aryee337/aery-mnemopi test: test/ab-toggles.test.ts:
@aryee337/aery-mnemopi test: (pass) A/B polyphonic voice toggles > keeps voices enabled for unset, truthy, empty, and unrecognized values [118.69ms]
@aryee337/aery-mnemopi test: (pass) A/B polyphonic voice toggles > documents every in-scope polyphonic voice toggle in the source contract [9.51ms]
@aryee337/aery-mnemopi test: 
@aryee337/aery-mnemopi test: test/annotations.test.ts:
@aryee337/aery-mnemopi test: (pass) AnnotationStore > preserves multiple annotation values for one memory without temporal invalidation columns [14.10ms]
@aryee337/aery-mnemopi test: (pass) AnnotationStore > queries by memory, kind, value, memory link, and distinct values [18.39ms]
@aryee337/aery-mnemopi test: (pass) AnnotationStore > deduplicates logical annotations idempotently while preserving different kinds [4.52ms]
@aryee337/aery-mnemopi test: (pass) AnnotationStore > filters known annotation kinds, noisy mention rows, and short facts like the Python helpers [0.40ms]
@aryee337/aery-mnemopi test: (pass) AnnotationStore > exports and imports with idempotent duplicate-id handling [7.96ms]
@aryee337/aery-mnemopi test: (pass) AnnotationStore > initializes and reuses a shared bun:sqlite connection [6.40ms]
@aryee337/aery-mnemopi test: (pass) AnnotationStore > provides module-level snake_case convenience APIs [6.38ms]
@aryee337/aery-mnemopi test: 
@aryee337/aery-mnemopi test: test/consolidate-fact-id-collision.test.ts:
@aryee337/aery-mnemopi test: (pass) compute_fact_id > is deterministic and uses the stable SHA-256 framed format [58.13ms]
@aryee337/aery-mnemopi test: (pass) compute_fact_id > distinguishes long, separator-smuggled, and differently bucketed SPOs [0.43ms]
@aryee337/aery-mnemopi test: (pass) compute_fact_id > normalizes Unicode and rejects invalid components [0.55ms]
@aryee337/aery-mnemopi test: (pass) consolidate_fact id collision behavior > stores hash ids and keeps distinct long-content facts [10.37ms]
@aryee337/aery-mnemopi test: (pass) consolidate_fact id collision behavior > deduplicates by SPO so legacy ids are preserved while new rows use hashes [22.25ms]
@aryee337/aery-mnemopi test: (pass) consolidate_fact id collision behavior > resolves conflicts with compute_fact_id and rejects ambiguous winners [42.23ms]
@aryee337/aery-mnemopi test: 
@aryee337/aery-mnemopi test: test/consolidate-fact-sibling-races.test.ts:
@aryee337/aery-mnemopi test: (pass) VeracityConsolidator sibling write methods > resolve_conflict has first-writer-wins semantics [45.56ms]
@aryee337/aery-mnemopi test: (pass) VeracityConsolidator sibling write methods > resolve_conflict_by_facts marks only the losing fact superseded [9.24ms]
@aryee337/aery-mnemopi test: (pass) VeracityConsolidator sibling write methods > run_consolidation_pass resolves obvious high-confidence conflicts and nests safely [29.86ms]
@aryee337/aery-mnemopi test: (pass) VeracityConsolidator sibling write methods > _serialized_write commits, rolls back, and respects caller-owned transactions [20.90ms]
@aryee337/aery-mnemopi test: (pass) VeracityConsolidator sibling write methods > get_consolidated_facts and stats exclude superseded facts [28.78ms]
@aryee337/aery-mnemopi test: 
@aryee337/aery-mnemopi test: test/content-sanitizer.test.ts:
@aryee337/aery-mnemopi test: (pass) content sanitizer data URI parsing > detects data URI prefixes only [0.16ms]
@aryee337/aery-mnemopi test: (pass) content sanitizer data URI parsing > parses base64 data URIs with explicit and default mime types [3.42ms]
@aryee337/aery-mnemopi test: (pass) content sanitizer data URI parsing > rejects invalid base64 and missing schemes [0.11ms]
@aryee337/aery-mnemopi test: (pass) content sanitizer entropy heuristic > separates uniform random-looking text from prose and repeated characters [84.50ms]
@aryee337/aery-mnemopi test: (pass) content sanitizer entropy heuristic > flags large high-entropy base64-like payloads only [204.29ms]
@aryee337/aery-mnemopi test: (pass) content sanitizer blob storage > stores blobs by sha256 and is idempotent [1.26ms]
@aryee337/aery-mnemopi test: (pass) sanitize_content > passes through normal and small content [0.37ms]
@aryee337/aery-mnemopi test: (pass) sanitize_content > extracts data URIs with metadata [11.89ms]
@aryee337/aery-mnemopi test: (pass) sanitize_content > extracts content above the hard cap [19.32ms]
@aryee337/aery-tui test: (pass) TUI terminal-state regressions > scrollback integrity > updates visible tail line when appending during overflow [1365.78ms]
@aryee337/aery-mnemopi test: (pass) sanitize_content > extracts high-entropy payloads but leaves large prose untouched [113.67ms]
@aryee337/aery-tui test: (pass) TUI terminal-state regressions > scrollback integrity > forced full redraws do not duplicate persistent content [393.72ms]
@aryee337/aery-tui test: (pass) TUI terminal-state regressions > scrollback integrity > rebuilds scrollback when a bottom-anchored high-water preview collapses [112.94ms]
@aryee337/aery-tui test: (pass) TUI terminal-state regressions > scrollback integrity > defers stale-history rebuild while native scrollback is scrolled [108.32ms]
@aryee337/aery-tui test: (pass) TUI terminal-state regressions > scrollback integrity > defers offscreen expansion while native scrollback is scrolled [160.11ms]
@aryee337/aery-mnemopi test: 
@aryee337/aery-mnemopi test: test/local-llm.test.ts:
@aryee337/aery-mnemopi test: (pass) local LLM TypeScript port > reports remote availability and calls OpenAI-compatible HTTP [2.30ms]
@aryee337/aery-mnemopi test: (pass) local LLM TypeScript port > keeps local GGUF unavailable and returns null for local completion [0.30ms]
@aryee337/aery-tui test: (pass) TUI terminal-state regressions > scrollback integrity > defers height-changing tail preview while native scrollback is scrolled [57.54ms]
@aryee337/aery-mnemopi test: (pass) local LLM TypeScript port > uses host backend before remote and skips remote on host miss [14.17ms]
@aryee337/aery-mnemopi test: (pass) local LLM TypeScript port > renders host sleep prompt override without chat-template tokens [0.28ms]
@aryee337/aery-mnemopi test: (pass) local LLM TypeScript port > expands chunk budget when host backend will handle calls [0.37ms]
@aryee337/aery-tui test: (pass) TUI terminal-state regressions > scrollback integrity > treats unknown Windows viewport state as scrolled [41.41ms]
@aryee337/aery-core test: 
@aryee337/aery-core test: test/agent-loop.test.ts:
@aryee337/aery-core test: (pass) agentLoop with AgentMessage > should emit events with AgentMessage types [48.53ms]
@aryee337/aery-mnemopi test: (pass) local LLM TypeScript port > uses a constructor-scoped completion function instead of remote URL settings [60.99ms]
@aryee337/aery-core test: (pass) agentLoop with AgentMessage > retries when harmony leakage reaches the committed assistant message (openai-codex) [19.50ms]
@aryee337/aery-mnemopi test: (pass) local LLM TypeScript port > uses a constructor-scoped aery-ai Model instance [46.16ms]
@aryee337/aery-core test: 
@aryee337/aery-core test: test/run-summary.test.ts:
@aryee337/aery-core test: (pass) AgentRunSummary delivery > populates telemetry/coverage on agent_end when telemetry: {} is supplied [109.26ms]
@aryee337/aery-tui test: (pass) TUI terminal-state regressions > scrollback integrity > keeps the unknown Windows viewport guard on ordinary focused input [114.08ms]
@aryee337/aery-core test: (pass) AgentRunSummary delivery > emits no spans and no summary when telemetry is unset [22.60ms]
@aryee337/aery-core test: (pass) AgentRunSummary delivery > preserves agentLoop().result() backwards-compat (still resolves to AgentMessage[]) [1.04ms]
@aryee337/aery-core test: 
@aryee337/aery-core test: test/agent-loop.test.ts:
@aryee337/aery-core test: (pass) agentLoop with AgentMessage > does not hard-abort a codex tool call whose argument legitimately carries the marker [93.08ms]
@aryee337/aery-core test: (pass) agentLoop with AgentMessage > emits an aborted assistant message when cancellation happens before provider events [1.33ms]
@aryee337/aery-mnemopi test: (pass) local LLM TypeScript port > lets llm:false override remote environment defaults [58.69ms]
@aryee337/aery-core test: (pass) agentLoop with AgentMessage > should handle custom message types via convertToLlm [11.38ms]
@aryee337/aery-core test: (pass) agentLoop with AgentMessage > should apply transformContext before convertToLlm [1.08ms]
@aryee337/aery-core test: (pass) agentLoop with AgentMessage > provides tool call batch context [50.49ms]
@aryee337/aery-core test: (pass) agentLoop with AgentMessage > should handle tool calls and results [4.45ms]
@aryee337/aery-mnemopi test: 
@aryee337/aery-mnemopi test: test/provider-all-15-tools.test.ts:
@aryee337/aery-mnemopi test: (pass) all provider-compatible MCP tools > registers all 23 real tool names [0.53ms]
@aryee337/aery-mnemopi test: (pass) all provider-compatible MCP tools > rejects unknown tools [0.26ms]
@aryee337/aery-core test: 
@aryee337/aery-core test: test/run-summary.test.ts:
@aryee337/aery-core test: (pass) AgentRunSummary aggregation > sums token + cost totals across multiple chats and counts stop_reasons [150.85ms]
@aryee337/aery-core test: 
@aryee337/aery-core test: test/agent-loop.test.ts:
@aryee337/aery-core test: (pass) agentLoop with AgentMessage > cuts a streamed assistant turn after the configured completed tool-call batch [84.15ms]
@aryee337/aery-core test: (pass) agentLoop with AgentMessage > injects and strips intent when intent tracing is enabled [9.11ms]
@aryee337/aery-tui test: (pass) TUI terminal-state regressions > scrollback integrity > defers bottom-anchored shrink when POSIX viewport state is unknown [186.86ms]
@aryee337/aery-core test: (pass) agentLoop with AgentMessage > runs shared tools in parallel and emits completion-ordered results [7.84ms]
@aryee337/aery-core test: 
@aryee337/aery-core test: test/run-summary.test.ts:
@aryee337/aery-core test: (pass) AgentRunSummary aggregation > aggregates tool outcomes (ok / error / blocked / skipped) and key in byName [33.76ms]
@aryee337/aery-core test: (pass) AgentRunSummary aggregation > populates aggregate aery.gen_ai.agent.* attributes on the invoke_agent span [10.05ms]
@aryee337/aery-core test: 
@aryee337/aery-core test: test/agent-loop.test.ts:
@aryee337/aery-core test: (pass) agentLoop with AgentMessage > emits an explicit warning toolResult when assistant aborts after issuing tool calls [16.37ms]
@aryee337/aery-core test: (pass) agentLoop with AgentMessage > should skip remaining tool calls when steering is queued [3.38ms]
@aryee337/aery-mnemopi test: 
@aryee337/aery-mnemopi test: test/beam-consolidate-unit.test.ts:
@aryee337/aery-mnemopi test: (pass) beam consolidation free functions > consolidates working ids into a real episodic row with stats [128.31ms]
@aryee337/aery-core test: (pass) refreshes tools and system prompt between same-turn model calls [29.74ms]
@aryee337/aery-core test: (pass) agentLoopContinue with AgentMessage > should throw when context has no messages [0.37ms]
@aryee337/aery-core test: (pass) agentLoopContinue with AgentMessage > should continue from existing context without emitting user message events [1.13ms]
@aryee337/aery-core test: (pass) agentLoopContinue with AgentMessage > should allow custom message types as last message (caller responsibility) [0.79ms]
@aryee337/aery-core test: 
@aryee337/aery-core test: test/run-summary.test.ts:
@aryee337/aery-core test: (pass) AgentRunCoverage > returns sorted+deduped toolsAvailable / toolsUnused over multi-step run [44.79ms]
@aryee337/aery-core test: (pass) aggregateAgentRunSummaries / aggregateAgentRunCoverage > is deterministic and sums element-wise across N runs [1.14ms]
@aryee337/aery-core test: (pass) aggregateAgentRunSummaries / aggregateAgentRunCoverage > coverage aggregation dedupes, sorts, and recomputes unused [0.38ms]
@aryee337/aery-core test: (pass) aggregateAgentRunSummaries / aggregateAgentRunCoverage > returns empty constants when given no summaries [0.13ms]
@aryee337/aery-core test: 
@aryee337/aery-core test: test/agent-loop.test.ts:
@aryee337/aery-core test: (pass) agentLoopContinue with AgentMessage > blocks tool execution when beforeToolCall returns block [11.54ms]
@aryee337/aery-core test: 
@aryee337/aery-core test: test/run-summary.test.ts:
@aryee337/aery-core test: (pass) onRunEnd is non-fatal > swallows thrown errors and still resolves agentLoop().result() normally [6.24ms]
@aryee337/aery-core test: 
@aryee337/aery-core test: test/agent-loop.test.ts:
@aryee337/aery-core test: (pass) agentLoopContinue with AgentMessage > passes beforeToolCall args mutations into tool.execute without revalidation [5.17ms]
@aryee337/aery-core test: (pass) agentLoopContinue with AgentMessage > afterToolCall overrides content and isError on the emitted tool result [5.03ms]
@aryee337/aery-mnemopi test: (pass) beam consolidation free functions > sleep dry-run is side-effect-free and real sleep marks originals, writes summary and log [47.46ms]
@aryee337/aery-core test: (pass) agentLoopContinue with AgentMessage > surfaces afterToolCall errors as a tool error result [5.81ms]
@aryee337/aery-core test: (pass) agentLoopContinue with AgentMessage > runs onBeforeYield before polling follow-up messages [8.52ms]
@aryee337/aery-core test: 
@aryee337/aery-core test: test/run-summary.test.ts:
@aryee337/aery-core test: (pass) skipped tools without spans > counts pre-run-interrupted tools toward tools.skipped without emitting an execute_tool span [20.04ms]
@aryee337/aery-core test: 
@aryee337/aery-core test: test/message-prune.test.ts:
@aryee337/aery-core test: (pass) pruneMessages > returns empty when no messages need pruning [0.59ms]
@aryee337/aery-core test: (pass) pruneMessages > prunes old user messages when user budget exceeded [4.70ms]
@aryee337/aery-core test: 
@aryee337/aery-core test: test/run-summary.test.ts:
@aryee337/aery-core test: (pass) regressions: agent loop telemetry/run summary > counts each interrupted tool call exactly once (no double-counting via tail sweep) [12.40ms]
@aryee337/aery-core test: 
@aryee337/aery-core test: test/message-prune.test.ts:
@aryee337/aery-core test: (pass) pruneMessages > prunes old assistant messages when assistant budget exceeded [2.24ms]
@aryee337/aery-core test: (pass) pruneMessages > preserves most recent messages within budget [0.72ms]
@aryee337/aery-core test: (pass) pruneMessages > returns empty when both budgets are 0 (disabled) [7.50ms]
@aryee337/aery-mnemopi test: 
@aryee337/aery-mnemopi test: test/provider-all-15-tools.test.ts:
@aryee337/aery-mnemopi test: (pass) representative provider-compatible handlers > stores, recalls, reads stats, updates, gets, invalidates, and forgets [168.86ms]
@aryee337/aery-mnemopi test: 
@aryee337/aery-mnemopi test: test/beam-consolidate-unit.test.ts:
@aryee337/aery-mnemopi test: (pass) beam consolidation free functions > sleepAllSessions consolidates eligible rows outside the caller session [52.86ms]
@aryee337/aery-tui test: (pass) TUI terminal-state regressions > scrollback integrity > rebuilds history when a shrink leaves no real rows above the scrollback boundary [141.92ms]
@aryee337/aery-core test: 
@aryee337/aery-core test: test/run-summary.test.ts:
@aryee337/aery-core test: (pass) regressions: agent loop telemetry/run summary > records aborted assistant tool calls in coverage.toolsInvoked + tools.aborted [34.59ms]
@aryee337/aery-core test: (pass) regressions: agent loop telemetry/run summary > includes cache_read + cache_write input tokens in the run summary's inputTokens [1.45ms]
@aryee337/aery-core test: (pass) regressions: agent loop telemetry/run summary > does not throw when a tool result `details` object embeds a cyclic array under summary capture [13.63ms]
@aryee337/aery-mnemopi test: (pass) beam consolidation free functions > degradation marks old tier transitions without deleting memories [40.59ms]
@aryee337/aery-mnemopi test: (pass) beam consolidation free functions > returns contaminated episodic memories by veracity and importance [43.80ms]
@aryee337/aery-mnemopi test: 
@aryee337/aery-mnemopi test: test/provider-all-15-tools.test.ts:
@aryee337/aery-mnemopi test: (pass) representative provider-compatible handlers > handles sleep and scratchpad operations [107.49ms]
@aryee337/aery-mnemopi test: 
@aryee337/aery-mnemopi test: test/beam-consolidate-unit.test.ts:
@aryee337/aery-mnemopi test: (pass) beam consolidation free functions > extracts/stores MEMORIA facts and retrieves them with stats [54.04ms]
@aryee337/aery-mnemopi test: 
@aryee337/aery-mnemopi test: test/provider-all-15-tools.test.ts:
@aryee337/aery-mnemopi test: (pass) representative provider-compatible handlers > handles bank-isolated operations [151.45ms]
@aryee337/aery-tui test: (pass) TUI terminal-state regressions > scrollback integrity > rebuilds history when prior POSIX repaint left the padded viewport past the new tail [278.08ms]
@aryee337/aery-core test: 
@aryee337/aery-core test: test/compaction-telemetry.test.ts:
@aryee337/aery-core test: (pass) compaction oneshot telemetry > tags compact() chat spans with compaction_summary + compaction_short_summary [120.26ms]
@aryee337/aery-mnemopi test: 
@aryee337/aery-mnemopi test: test/mcp-server.test.ts:
@aryee337/aery-mnemopi test: (pass) MCP tool definitions > exposes the full realistic tool surface [0.40ms]
@aryee337/aery-core test: (pass) compaction oneshot telemetry > emits three chat spans for split-turn preparation (history + turn-prefix + short) [23.34ms]
@aryee337/aery-core test: (pass) compaction oneshot telemetry > emits no spans when telemetry is undefined [1.67ms]
@aryee337/aery-core test: (pass) compaction oneshot telemetry > records ERROR on the chat span when completeSimple throws [6.75ms]
@aryee337/aery-core test: (pass) handoff oneshot telemetry > tags generateHandoff with aery.gen_ai.oneshot.kind = handoff and toolChoice = none [5.89ms]
@aryee337/aery-mnemopi test: 
@aryee337/aery-mnemopi test: test/provider-all-15-tools.test.ts:
@aryee337/aery-mnemopi test: (pass) representative provider-compatible handlers > handles triple and shared-surface tools [104.87ms]
@aryee337/aery-mnemopi test: 
@aryee337/aery-mnemopi test: test/mcp-server.test.ts:
@aryee337/aery-mnemopi test: (pass) MCP tool definitions > returns JSON-serializable MCP schemas [63.72ms]
@aryee337/aery-mnemopi test: (pass) MCP JSON handlers > lists tools through JSON-RPC [12.87ms]
@aryee337/aery-mnemopi test: (pass) MCP JSON handlers > does not write a response for notifications but still answers requests [20.63ms]
@aryee337/aery-mnemopi test: (pass) MCP JSON handlers > returns parse errors for malformed lines and keeps serving later requests [10.62ms]
@aryee337/aery-mnemopi test: (pass) MCP JSON handlers > wraps tool results in MCP text content [79.67ms]
@aryee337/aery-tui test: (pass) TUI terminal-state regressions > scrollback integrity > renders streaming row inserts on WSL Windows Terminal even when viewport probe is unavailable [255.83ms]
@aryee337/aery-mnemopi test: 
@aryee337/aery-mnemopi test: test/query-cache-synonyms.test.ts:
@aryee337/aery-mnemopi test: (pass) synonym expansion > expands canonical groups for query terms [0.45ms]
@aryee337/aery-mnemopi test: (pass) synonym expansion > normalizes by removing stop words and mapping synonyms to canonical words [0.18ms]
@aryee337/aery-mnemopi test: (pass) synonym expansion > returns synonym groups or the normalized unknown word [0.08ms]
@aryee337/aery-mnemopi test: (pass) QueryCache > records exact normalized hits and misses [1.31ms]
@aryee337/aery-mnemopi test: (pass) QueryCache > normalizes case and word order for exact cache keys [0.14ms]
@aryee337/aery-mnemopi test: (pass) QueryCache > matches high-confidence embeddings and composite embedding plus keyword overlap [0.51ms]
@aryee337/aery-mnemopi test: (pass) QueryCache > uses tier4 overlap for expanded normalized queries [6.27ms]
@aryee337/aery-mnemopi test: (pass) QueryCache > expires entries by TTL and invalidates all tiers [15.38ms]
@aryee337/aery-mnemopi test: (pass) QueryCache > evicts least recently used entries when max size is exceeded [0.42ms]
@aryee337/aery-mnemopi test: (pass) QueryCache > persists to sqlite when a db path is supplied [15.76ms]
@aryee337/aery-mnemopi test: (pass) QueryCache > reports stats with rounded hit rate [0.24ms]
@aryee337/aery-mnemopi test: (pass) QueryCache > keeps enhanced recall and query cache disabled unless the Python env gate is set [0.17ms]
@aryee337/aery-core test: 
@aryee337/aery-core test: test/agent.test.ts:
@aryee337/aery-core test: (pass) Agent > should support steering message queueing [0.67ms]
@aryee337/aery-core test: (pass) Agent > continue() should process queued follow-up messages after an assistant turn [26.94ms]
@aryee337/aery-core test: (pass) Agent > continue() should keep one-at-a-time steering semantics from assistant tail [5.14ms]
@aryee337/aery-mnemopi test: 
@aryee337/aery-mnemopi test: test/mcp-server.test.ts:
@aryee337/aery-mnemopi test: (pass) MCP JSON handlers > dispatches remember, recall, stats, sleep, scratchpad, and bank operations [232.61ms]
@aryee337/aery-tui test: (pass) TUI terminal-state regressions > scrollback integrity > keeps a scrolled-up reader anchored while streaming inserts arrive on POSIX (unknown viewport) [208.12ms]
@aryee337/aery-mnemopi test: (pass) MCP JSON handlers > uses MNEMOPI_MCP_BANK when a call omits bank [52.31ms]
@aryee337/aery-core test: (pass) Agent > prompt() refreshes tools and system prompt between same-turn model calls [107.04ms]
@aryee337/aery-core test: (pass) Agent > prompt() drops stale forced toolChoice after same-turn tool refresh [12.70ms]
@aryee337/aery-core test: (pass) Agent > re-reads thinking level for each model call within a run [14.79ms]
@aryee337/aery-core test: (pass) Agent > returns static metadata via the plain setter [3.73ms]
@aryee337/aery-core test: (pass) Agent > metadataForProvider resolves dynamic value at every call when a resolver is installed [0.90ms]
@aryee337/aery-core test: (pass) Agent > clears any installed resolver when assigning the plain setter [0.17ms]
@aryee337/aery-core test: (pass) Agent > metadataForProvider returns undefined from the resolver even when a static value is set [0.10ms]
@aryee337/aery-core test: (pass) Agent > reverts to the plain-setter value when the resolver is cleared via setMetadataResolver(undefined) [0.11ms]
@aryee337/aery-core test: (pass) Agent — F3 in-place state mutation > appendMessage mutates the existing messages array in place [0.09ms]
@aryee337/aery-core test: (pass) Agent — F3 in-place state mutation > popMessage mutates in place and clears streamMessage when popping it [3.01ms]
@aryee337/aery-core test: (pass) Agent — F3 in-place state mutation > clearMessages and reset preserve array/Set identity [0.29ms]
@aryee337/aery-core test: (pass) Agent — F3 in-place state mutation > replaceMessages still snapshots the input (callers may keep mutating their array) [0.10ms]
@aryee337/aery-core test: (pass) Agent — F3 in-place state mutation > constructor snapshots caller-owned mutable initial state collections [0.25ms]
@aryee337/aery-mnemopi test: (pass) MCP JSON handlers > routes bank paths through BankManager validation and canonical layout [91.99ms]
@aryee337/aery-tui test: (pass) TUI terminal-state regressions > scrollback integrity > rebuilds offscreen edits into clean scrollback while eager rebuild is enabled (active tool) [148.26ms]
@aryee337/aery-mnemopi test: (pass) MCP JSON handlers > links graph edges and queries related memories through a real BeamMemory [128.24ms]
@aryee337/aery-core test: 
@aryee337/aery-core test: test/otel.test.ts:
@aryee337/aery-core test: (pass) agent-loop OTEL instrumentation > emits no spans when telemetry is unset (zero-cost path) [55.69ms]
@aryee337/aery-mnemopi test: 
@aryee337/aery-mnemopi test: test/beam-e3-e4-e6.test.ts:
@aryee337/aery-mnemopi test: (pass) Beam E3/E4/E6 parity integration > sleep is additive, marks consolidated_at, preserves recallability, and is idempotent [165.35ms]
@aryee337/aery-tui test: (pass) TUI terminal-state regressions > scrollback integrity > paints a viewport-saturating pure-append on native Windows Terminal (no \x1b[3J) [227.77ms]
@aryee337/aery-mnemopi test: (pass) Beam E3/E4/E6 parity integration > dry-run sleep leaves working, episodic, and consolidation-log state unchanged [63.01ms]
@aryee337/aery-mnemopi test: 
@aryee337/aery-mnemopi test: test/memory-banks.test.ts:
@aryee337/aery-mnemopi test: (pass) BankManager > creates, lists, renames, stats, and deletes isolated bank directories [40.30ms]
@aryee337/aery-mnemopi test: (pass) BankManager > validates names and protects default deletion [0.81ms]
@aryee337/aery-core test: (pass) agent-loop OTEL instrumentation > emits invoke_agent → chat hierarchy with OTEL and aery.gen_ai extension attributes [82.66ms]
@aryee337/aery-mnemopi test: (pass) BankManager > module-level helpers operate on the requested data dir [5.30ms]
@aryee337/aery-mnemopi test: (pass) BankManager > switches the process default bank [0.23ms]
@aryee337/aery-core test: (pass) agent-loop OTEL instrumentation > normalizes provider and service-tier attributes to OTEL keys [55.91ms]
@aryee337/aery-mnemopi test: 
@aryee337/aery-mnemopi test: test/degrade-vector.test.ts:
@aryee337/aery-mnemopi test: (pass) degradeEpisodic vector invalidation > invalidates stale dense fallback and binary vectors when tier 2 content is compressed [80.79ms]
@aryee337/aery-mnemopi test: (pass) degradeEpisodic vector invalidation > leaves vector rows intact on dry-run degradation [24.21ms]
@aryee337/aery-mnemopi test: 
@aryee337/aery-mnemopi test: test/beam-e3-e4-e6.test.ts:
@aryee337/aery-mnemopi test: (pass) Beam E3/E4/E6 parity integration > auto-migrates legacy annotation triples once and writes a backup [111.24ms]
@aryee337/aery-core test: (pass) agent-loop OTEL instrumentation > emits execute_tool spans parented to invoke_agent (not chat) per semconv [102.02ms]
@aryee337/aery-tui test: (pass) TUI terminal-state regressions > scrollback integrity > paints a slash-command-shaped structural mutation on native Windows Terminal (no \x1b[3J) [222.12ms]
@aryee337/aery-mnemopi test: (pass) Beam E3/E4/E6 parity integration > cross-tier recall deduplicates summary/source pairs before recall_count attribution [78.03ms]
@aryee337/aery-core test: 
@aryee337/aery-core test: test/compaction-telemetry.test.ts:
@aryee337/aery-core test: (pass) branch summary oneshot telemetry > tags generateBranchSummary with aery.gen_ai.oneshot.kind = branch_summary [1026.73ms]
@aryee337/aery-mnemopi test: 
@aryee337/aery-mnemopi test: test/recall-diagnostics.test.ts:
@aryee337/aery-mnemopi test: (pass) recall diagnostics counters > starts with canonical tiers and zeroed JSON-serializable snapshot [0.72ms]
@aryee337/aery-mnemopi test: (pass) recall diagnostics counters > records tier hits, fallback usage, calls, and rates [0.44ms]
@aryee337/aery-mnemopi test: (pass) recall diagnostics counters > rejects invalid records and clamps race-shaped fallback rates [0.25ms]
@aryee337/aery-mnemopi test: (pass) recall diagnostics counters > resets class and singleton state [0.31ms]
@aryee337/aery-mnemopi test: (pass) recall diagnostics counters > explains whether signal came from primary paths or fallback [0.36ms]
@aryee337/aery-core test: 
@aryee337/aery-core test: test/otel.test.ts:
@aryee337/aery-core test: (pass) agent-loop OTEL instrumentation > parents downstream spans created during tool execution (active-context propagation) [47.47ms]
@aryee337/aery-core test: (pass) agent-loop OTEL instrumentation > records ERROR status + exception when a tool throws [45.28ms]
@aryee337/aery-core test: (pass) agent-loop OTEL instrumentation > emits ERROR status on chat spans when stopReason is error [11.70ms]
@aryee337/aery-mnemopi test: (pass) recall diagnostics counters > supports a schema-backed smoke path without invoking full recall [80.13ms]
@aryee337/aery-core test: (pass) agent-loop OTEL instrumentation > captures request/response content when captureMessageContent is true [32.13ms]
@aryee337/aery-core test: (pass) agent-loop OTEL instrumentation > captures bounded dashboard summary content when requested [77.38ms]
@aryee337/aery-tui test: (pass) TUI terminal-state regressions > scrollback integrity > still defers when the native viewport probe confirms a scrolled-up reader [265.76ms]
@aryee337/aery-core test: 
@aryee337/aery-core test: test/shake.test.ts:
@aryee337/aery-core test: (pass) collectShakeRegions — tool results > collects unprotected tool results and applyShakeRegion sets prunedAt [1044.92ms]
@aryee337/aery-core test: 
@aryee337/aery-core test: test/otel.test.ts:
@aryee337/aery-core test: (pass) agent-loop OTEL instrumentation > invokes costEstimator and stamps aery.gen_ai.cost.estimated_usd [63.43ms]
@aryee337/aery-core test: 
@aryee337/aery-core test: test/shake.test.ts:
@aryee337/aery-core test: (pass) collectShakeRegions — tool results > never collects protected tools [5.85ms]
@aryee337/aery-core test: (pass) collectShakeRegions — tool results > never collects already-pruned tool results [13.69ms]
@aryee337/aery-core test: (pass) collectShakeRegions — tool results > honors the protect-recent token window [0.97ms]
@aryee337/aery-core test: (pass) collectShakeRegions — tool results > minSavings gates the whole batch [20.37ms]
@aryee337/aery-core test: 
@aryee337/aery-core test: test/append-only-context.test.ts:
@aryee337/aery-core test: (pass) StablePrefix > builds and returns cached system prompt + tools [0.82ms]
@aryee337/aery-core test: (pass) StablePrefix > returns false on identical rebuild [0.23ms]
@aryee337/aery-core test: (pass) StablePrefix > returns true when system prompt changes [0.17ms]
@aryee337/aery-core test: (pass) StablePrefix > returns true when tools change [0.55ms]
@aryee337/aery-core test: (pass) StablePrefix > returns true when tool description changes [0.28ms]
@aryee337/aery-core test: (pass) StablePrefix > invalidate forces rebuild [0.25ms]
@aryee337/aery-core test: (pass) StablePrefix > toContext() throws when not built [0.14ms]
@aryee337/aery-core test: (pass) StablePrefix > fingerprint changes across rebuilds [0.20ms]
@aryee337/aery-core test: (pass) StablePrefix > fingerprint stable for identical context [0.22ms]
@aryee337/aery-core test: (pass) StablePrefix > version increases on each rebuild [0.20ms]
@aryee337/aery-core test: 
@aryee337/aery-core test: test/shake.test.ts:
@aryee337/aery-core test: (pass) collectShakeRegions — fenced / XML blocks > detects a large fenced block and applyShakeRegion splices it out [15.86ms]
@aryee337/aery-core test: (pass) collectShakeRegions — fenced / XML blocks > ignores fenced blocks below fenceMinTokens [0.28ms]
@aryee337/aery-core test: (pass) collectShakeRegions — fenced / XML blocks > detects a top-level XML block [0.59ms]
@aryee337/aery-core test: (pass) collectShakeRegions — fenced / XML blocks > never targets toolCall blocks and points blockIndex at the text block [4.29ms]
@aryee337/aery-core test: 
@aryee337/aery-core test: test/append-only-context.test.ts:
@aryee337/aery-core test: (pass) AppendOnlyLog > starts empty [4.35ms]
@aryee337/aery-core test: (pass) AppendOnlyLog > appends messages [0.15ms]
@aryee337/aery-core test: (pass) AppendOnlyLog > toMessages returns a copy of the array [0.08ms]
@aryee337/aery-core test: (pass) AppendOnlyLog > replaceTail replaces last entry [0.14ms]
@aryee337/aery-core test: (pass) AppendOnlyLog > replaceTail is no-op on empty log [0.06ms]
@aryee337/aery-core test: (pass) AppendOnlyLog > extend appends multiple messages [0.14ms]
@aryee337/aery-core test: (pass) AppendOnlyLog > clear resets the log [0.11ms]
@aryee337/aery-core test: (pass) AppendOnlyLog > entries readonly access returns internal array [0.09ms]
@aryee337/aery-core test: (pass) AppendOnlyContextManager > build() returns context with stable prefix on first call [0.52ms]
@aryee337/aery-core test: (pass) AppendOnlyContextManager > build() returns same systemPrompt and tools on subsequent calls [0.25ms]
@aryee337/aery-core test: (pass) AppendOnlyContextManager > build() detects changed system prompt and rebuilds [0.15ms]
@aryee337/aery-core test: (pass) AppendOnlyContextManager > prefix.fingerprint changes when tools change [0.17ms]
@aryee337/aery-core test: (pass) AppendOnlyContextManager > appendMessage grows the log [0.18ms]
@aryee337/aery-core test: (pass) AppendOnlyContextManager > appendMessage messages appear in every subsequent build() [0.15ms]
@aryee337/aery-core test: (pass) AppendOnlyContextManager > invalidate forces prefix rebuild [0.13ms]
@aryee337/aery-core test: (pass) AppendOnlyContextManager > reset clears log and prefix [4.17ms]
@aryee337/aery-core test: (pass) AppendOnlyContextManager > replaceTailMessage updates last log entry [0.31ms]
@aryee337/aery-core test: (pass) AppendOnlyContextManager > build propagates tool spec description default [0.19ms]
@aryee337/aery-core test: (pass) AppendOnlyContextManager > tools returned from build are frozen in the cache [0.17ms]
@aryee337/aery-core test: (pass) AppendOnlyContextManager > tolerates context with no tools [0.10ms]
@aryee337/aery-core test: (pass) fingerprint determinism > identical context produces identical fingerprint [0.18ms]
@aryee337/aery-core test: (pass) fingerprint determinism > tool order changes fingerprint [0.18ms]
@aryee337/aery-core test: (pass) fingerprint determinism > system prompt array structure changes fingerprint [0.14ms]
@aryee337/aery-core test: (pass) message sync > syncMessages on first call appends all messages [0.47ms]
@aryee337/aery-core test: 
@aryee337/aery-core test: test/shake.test.ts:
@aryee337/aery-core test: (pass) collectShakeRegions — fenced / XML blocks > does not cross message boundaries — each large block stays in its own entry [9.82ms]
@aryee337/aery-core test: (pass) collectShakeRegions — fenced / XML blocks > ignores unterminated fences (conservative) [0.45ms]
@aryee337/aery-core test: (pass) applyShakeRegions — multi-region ordering > splices two blocks in one text block correctly (highest-start-first) [0.68ms]
@aryee337/aery-core test: (pass) shake config presets > aggressive preset protects skill and drops everything else [0.06ms]
@aryee337/aery-core test: (pass) shake config presets > default preset keeps a protect window [0.07ms]
@aryee337/aery-core test: (pass) shake config presets > empty branch yields no regions [0.04ms]
@aryee337/aery-core test: 
@aryee337/aery-core test: test/append-only-context.test.ts:
@aryee337/aery-core test: (pass) message sync > syncMessages on subsequent calls only appends delta [4.92ms]
@aryee337/aery-core test: (pass) message sync > syncMessages with unchanged messages is a no-op (same length, no new entries) [0.33ms]
@aryee337/aery-core test: (pass) message sync > syncMessages resets log when array shrinks (compaction) [1.02ms]
@aryee337/aery-core test: 
@aryee337/aery-core test: test/otel.test.ts:
@aryee337/aery-core test: (pass) agent-loop OTEL instrumentation > applies dynamic attributes, normalization hooks, and cost deltas [76.30ms]
@aryee337/aery-core test: 
@aryee337/aery-core test: test/append-only-context.test.ts:
@aryee337/aery-core test: (pass) message sync > build + syncMessages integration: messages come from log, not from context.messages [0.44ms]
@aryee337/aery-core test: (pass) message sync > resetSyncCursor forces full re-sync on next call [0.26ms]
@aryee337/aery-core test: (pass) message sync > detects in-place rewrite of already-synced messages [0.24ms]
@aryee337/aery-core test: (pass) message sync > detects in-place rewrite via digest mismatch [0.17ms]
@aryee337/aery-core test: (pass) message sync > no-op when content unchanged [0.62ms]
@aryee337/aery-core test: (pass) message sync > invalidateForModelChange resets prefix and log [1.09ms]
@aryee337/aery-core test: (pass) intent injection through build() > injects required `_i` into tool schemas when intentTracing is true [0.47ms]
@aryee337/aery-core test: (pass) intent injection through build() > omits `_i` when intentTracing is false [0.18ms]
@aryee337/aery-core test: (pass) intent injection through build() > intentTracing flip invalidates the fingerprint cache [0.16ms]
@aryee337/aery-core test: (pass) syncMessages detects tool_calls mutation > rebuilds the log when tool_calls is mutated in place [0.25ms]
@aryee337/aery-core test: 
@aryee337/aery-core test: test/otel.test.ts:
@aryee337/aery-core test: (pass) agent-loop OTEL instrumentation > emits aery.gen_ai.cost.unavailable_reason when the estimator declines [6.74ms]
@aryee337/aery-core test: (pass) agent-loop OTEL instrumentation > fires onChatUsage for every chat step regardless of cost estimator [2.23ms]
@aryee337/aery-core test: (pass) agent-loop OTEL instrumentation > forwards cost estimate to onChatUsage when estimator is configured [3.74ms]
@aryee337/aery-core test: (pass) agent-loop OTEL instrumentation > propagates unavailable cost reason to onChatUsage [4.85ms]
@aryee337/aery-core test: (pass) agent-loop OTEL instrumentation > skips onChatUsage in recordManualChatTelemetry when usage is undefined [4.70ms]
@aryee337/aery-core test: (pass) agent-loop OTEL instrumentation > captures async onChatUsage rejections via onTelemetryWarning [27.29ms]
@aryee337/aery-core test: (pass) agent-loop OTEL instrumentation > fires onSpanStart and onSpanEnd for every kind [41.52ms]
@aryee337/aery-core test: (pass) agent-loop OTEL instrumentation > recordHandoff emits a one-shot handoff span with from/to agent identity [31.65ms]
@aryee337/aery-core test: (pass) agent-loop OTEL instrumentation > records manual chat telemetry for non-loop model calls [0.88ms]
@aryee337/aery-core test: (pass) agent-loop OTEL instrumentation > reads OTEL_INSTRUMENTATION_GENAI_CAPTURE_MESSAGE_CONTENT once at first resolveTelemetry call [0.17ms]
@aryee337/aery-core test: (pass) agent-loop OTEL instrumentation > attaches user-supplied attributes to every span [43.37ms]
@aryee337/aery-core test: (pass) detectGatewayFromHeaders > identifies LiteLLM via x-litellm-call-id and resolves routed_to from x-litellm-model-id [0.18ms]
@aryee337/aery-core test: (pass) detectGatewayFromHeaders > falls back to x-litellm-model-group when model-id is absent [0.07ms]
@aryee337/aery-core test: (pass) detectGatewayFromHeaders > identifies Helicone via helicone-id [0.06ms]
@aryee337/aery-core test: (pass) detectGatewayFromHeaders > identifies Portkey via x-portkey-trace-id with provider routing [0.05ms]
@aryee337/aery-core test: (pass) detectGatewayFromHeaders > identifies OpenRouter via x-generation-id with gen- prefix [0.23ms]
@aryee337/aery-core test: (pass) detectGatewayFromHeaders > ignores x-generation-id without the OpenRouter gen- prefix [0.05ms]
@aryee337/aery-core test: (pass) detectGatewayFromHeaders > falls back to x-portkey-request-id when trace id is absent [0.05ms]
@aryee337/aery-core test: (pass) detectGatewayFromHeaders > returns undefined when no known gateway header is present [0.11ms]
@aryee337/aery-core test: (pass) detectGatewayFromHeaders > prefers LiteLLM detection over Helicone when both header families are present [0.05ms]
@aryee337/aery-core test: (pass) ChatUsageEvent.headers and aery.gen_ai.gateway.* span attributes > forwards captured response headers to onChatUsage [9.12ms]
@aryee337/aery-core test: (pass) ChatUsageEvent.headers and aery.gen_ai.gateway.* span attributes > leaves ChatUsageEvent.headers undefined when the provider does not surface headers [7.64ms]
@aryee337/aery-core test: (pass) ChatUsageEvent.headers and aery.gen_ai.gateway.* span attributes > auto-stamps aery.gen_ai.gateway.* on the chat span when LiteLLM headers are present [1.25ms]
@aryee337/aery-core test: (pass) ChatUsageEvent.headers and aery.gen_ai.gateway.* span attributes > does not stamp gateway attributes when headers carry no known pattern [6.78ms]
@aryee337/aery-core test: (pass) ChatUsageEvent.headers and aery.gen_ai.gateway.* span attributes > still invokes the user-supplied onResponse alongside header capture [1.81ms]
@aryee337/aery-mnemopi test: 
@aryee337/aery-mnemopi test: test/memory-facade.test.ts:
@aryee337/aery-mnemopi test: (pass) Mnemopi facade > wraps BeamMemory for instance remember, recall, get, update, forget, stats, and context [129.16ms]
@aryee337/aery-tui test: (pass) TUI terminal-state regressions > scrollback integrity > refreshes deferred native scrollback when the native viewport reaches bottom [332.93ms]
@aryee337/aery-core test: 
@aryee337/aery-core test: test/proactive-prune.test.ts:
@aryee337/aery-core test: (pass) shouldProactivePrune > returns true when context exceeds threshold [4.50ms]
@aryee337/aery-core test: (pass) shouldProactivePrune > returns false when context is under threshold [0.11ms]
@aryee337/aery-core test: (pass) shouldProactivePrune > returns false when context equals threshold [0.05ms]
@aryee337/aery-core test: (pass) shouldProactivePrune > returns true when cache will miss (gap > cacheExpiryMs) [0.12ms]
@aryee337/aery-core test: (pass) shouldProactivePrune > returns false when cache is fresh (gap < cacheExpiryMs) [0.07ms]
@aryee337/aery-core test: (pass) shouldProactivePrune > returns false when no timestamps provided [0.05ms]
@aryee337/aery-core test: (pass) shouldProactivePrune > returns true when both threshold and cache miss [0.06ms]
@aryee337/aery-core test: (pass) shouldProactivePrune > returns false when contextWindow is 0 (disabled) [0.05ms]
@aryee337/aery-core test: (pass) shouldProactivePrune > handles exact cacheExpiryMs boundary (gap equals expiry) [0.06ms]
@aryee337/aery-mnemopi test: (pass) Mnemopi facade > accepts an already-open Database handle for memory, annotations, and episodic graph writes [110.63ms]
@aryee337/aery-mnemopi test: 
@aryee337/aery-mnemopi test: test/diagnose.test.ts:
@aryee337/aery-mnemopi test: (pass) diagnose helpers > initializes and inspects Beam schema on a temporary DB [100.50ms]
@aryee337/aery-mnemopi test: (pass) diagnose helpers > reports missing schema on an in-memory DB when initialization is disabled [3.87ms]
@aryee337/aery-mnemopi test: (pass) diagnose helpers > detects incomplete required columns without reading memory content [5.07ms]
@aryee337/aery-mnemopi test: 
@aryee337/aery-mnemopi test: test/recall-precision-regressions.test.ts:
@aryee337/aery-mnemopi test: (pass) recall precision regressions > prefers the artifact memory for a natural deployment question [28.05ms]
@aryee337/aery-mnemopi test: 
@aryee337/aery-mnemopi test: test/memory-facade.test.ts:
@aryee337/aery-mnemopi test: (pass) Mnemopi facade > stores duplicate-content batch items with distinct ids [68.05ms]
@aryee337/aery-mnemopi test: 
@aryee337/aery-mnemopi test: test/recall-precision-regressions.test.ts:
@aryee337/aery-mnemopi test: (pass) recall precision regressions > ranks the correct fact first for specific memory probes [109.69ms]
@aryee337/aery-mnemopi test: 
@aryee337/aery-mnemopi test: test/memory-facade.test.ts:
@aryee337/aery-mnemopi test: (pass) Mnemopi facade > preserves legacy and Python-compatible aliases [77.71ms]
@aryee337/aery-mnemopi test: (pass) Mnemopi facade > exposes module-level singleton functions and resets cleanly for tests [67.15ms]
@aryee337/aery-mnemopi test: 
@aryee337/aery-mnemopi test: test/recall-precision-regressions.test.ts:
@aryee337/aery-mnemopi test: (pass) recall precision regressions > abstains on nonsense and single-token overlap noise [75.22ms]
@aryee337/aery-core test: 
@aryee337/aery-core test: test/compaction-thinking-level.test.ts:
@aryee337/aery-core test: (pass) compaction thinking-level resolution (regression) > undefined thinkingLevel on Anthropic → reasoning=high (historical default preserved) [1.18ms]
@aryee337/aery-core test: (pass) compaction thinking-level resolution (regression) > ThinkingLevel.Off on Anthropic → reasoning=undefined (user intent honored) [0.53ms]
@aryee337/aery-core test: (pass) compaction thinking-level resolution (regression) > ThinkingLevel.Low on Anthropic → reasoning=low (explicit user choice) [0.45ms]
@aryee337/aery-core test: (pass) compaction thinking-level resolution (regression) > ThinkingLevel.High on xai-oauth/grok-build → reasoning=undefined (clamp) [0.34ms]
@aryee337/aery-core test: (pass) compaction thinking-level resolution (regression) > ThinkingLevel.Inherit on Anthropic → reasoning=high (Inherit folds to historical default) [0.32ms]
@aryee337/aery-core test: (pass) compact() propagates thinkingLevel to all three summarizers (regression) > ThinkingLevel.Off → every fan-out call gets reasoning=undefined [1.17ms]
@aryee337/aery-core test: (pass) compact() propagates thinkingLevel to all three summarizers (regression) > ThinkingLevel.Low → every fan-out call gets reasoning=low [6.20ms]
@aryee337/aery-core test: (pass) compact() propagates thinkingLevel to all three summarizers (regression) > undefined thinkingLevel → every fan-out call still gets reasoning=high (historical default) [0.70ms]
@aryee337/aery-core test: (pass) compact() propagates thinkingLevel to all three summarizers (regression) > xai-oauth/grok-build + ThinkingLevel.High → every fan-out call gets reasoning=undefined (clamp) [1.67ms]
@aryee337/aery-core test: 
@aryee337/aery-core test: test/compaction-error-status.test.ts:
@aryee337/aery-core test: (pass) compaction error-status propagation > generateHandoff throws Error with .status === 401 when provider returns 401 [6.70ms]
@aryee337/aery-mnemopi test: 
@aryee337/aery-mnemopi test: test/beam-helpers.test.ts:
@aryee337/aery-mnemopi test: (pass) beam helper ids, weights, and metadata > generates unique timed ids and deterministic stable ids [14.66ms]
@aryee337/aery-mnemopi test: (pass) beam helper ids, weights, and metadata > normalizes hybrid weights and clamps importance metadata inputs [4.21ms]
@aryee337/aery-mnemopi test: (pass) beam lexical and FTS helpers > builds stopword-filtered FTS terms with query-side synonyms [1.16ms]
@aryee337/aery-core test: (pass) compaction error-status propagation > compact() fan-out throws Error with .status === 403 when provider returns 403 [20.17ms]
@aryee337/aery-core test: (pass) compaction error-status propagation > missing errorStatus does not attach .status (preserves auth_unavailable regex path) [0.52ms]
@aryee337/aery-mnemopi test: (pass) beam lexical and FTS helpers > matches lexical, strict fact, and CJK queries conservatively [13.93ms]
@aryee337/aery-mnemopi test: (pass) beam temporal and language helpers > computes recency decay and temporal boost from UTC timestamps [0.90ms]
@aryee337/aery-mnemopi test: (pass) beam temporal and language helpers > detects supported languages without external dependencies [6.72ms]
@aryee337/aery-mnemopi test: 
@aryee337/aery-mnemopi test: test/recall-precision-regressions.test.ts:
@aryee337/aery-mnemopi test: (pass) recall precision regressions > keeps separate aspects of a multi-fact query in top results [150.89ms]
@aryee337/aery-tui test: (pass) TUI terminal-state regressions > scrollback integrity > keeps transient checkpoint rows out of clean rebuilt scrollback [461.93ms]
@aryee337/aery-mnemopi test: 
@aryee337/aery-mnemopi test: test/beam-helpers.test.ts:
@aryee337/aery-mnemopi test: (pass) beam vector fallback helpers > encodes, decodes, and searches episodic fallback vectors [47.61ms]
@aryee337/aery-mnemopi test: (pass) beam vector fallback helpers > searches working-memory fallback vectors and skips expired rows [3.94ms]
@aryee337/aery-mnemopi test: 
@aryee337/aery-mnemopi test: test/memory-facade.test.ts:
@aryee337/aery-mnemopi test: (pass) Mnemopi facade > switches singleton banks and supports per-call bank selection [211.79ms]
@aryee337/aery-mnemopi test: 
@aryee337/aery-mnemopi test: test/recall-precision-regressions.test.ts:
@aryee337/aery-mnemopi test: (pass) recall precision regressions > prefers a current correction over stale history [59.58ms]
@aryee337/aery-core test: 
@aryee337/aery-core test: test/remote-compaction.test.ts:
@aryee337/aery-core test: (pass) buildOpenAiNativeHistory custom tool calls > serializes customWireName tool calls as custom_tool_call + custom_tool_call_output [17.53ms]
@aryee337/aery-core test: (pass) buildOpenAiNativeHistory custom tool calls > continues to emit function_call for regular JSON tools [0.46ms]
@aryee337/aery-core test: (pass) remote compaction input trimming > trims custom tool outputs with their matching custom calls [2.20ms]
@aryee337/aery-core test: (pass) requestOpenAiRemoteCompaction abort > rejects when the abort signal is aborted mid-fetch [2.20ms]
@aryee337/aery-core test: 
@aryee337/aery-core test: test/yield.test.ts:
@aryee337/aery-core test: (pass) yieldIfDue > sleeps on the first call and gates immediate callers [36.36ms]
@aryee337/aery-core test: (pass) yieldIfDue > sleeps again once the gate window elapses [104.76ms]
@aryee337/aery-core test: (pass) ExponentialYield.race > returns the racer's value as soon as it settles [11.26ms]
@aryee337/aery-core test: (pass) ExponentialYield.race > cancels the losing sleep so it does not keep the loop alive [59.59ms]
@aryee337/aery-core test: 
@aryee337/aery-core test: test/tool-protection.test.ts:
@aryee337/aery-core test: (pass) conditional tool-result protection > prunes regular read results but keeps skill:// reads [8.07ms]
@aryee337/aery-mnemopi test: 
@aryee337/aery-mnemopi test: test/migrate-triplestore-split.test.ts:
@aryee337/aery-mnemopi test: (pass) E6 triplestore split migration > migrates annotation-flavored rows and preserves temporal triples [69.15ms]
@aryee337/aery-mnemopi test: 
@aryee337/aery-mnemopi test: test/recovery.test.ts:
@aryee337/aery-mnemopi test: (pass) SQLite recovery helpers > creates a compressed backup with metadata [29.71ms]
@aryee337/aery-core test: (pass) conditional tool-result protection > shakes regular read results but excludes skill:// reads [12.84ms]
@aryee337/aery-mnemopi test: (pass) SQLite recovery helpers > creates distinct backup files when called twice in the same second [10.47ms]
@aryee337/aery-mnemopi test: (pass) SQLite recovery helpers > returns true for a valid SQLite database integrity check [6.79ms]
@aryee337/aery-mnemopi test: 
@aryee337/aery-mnemopi test: test/migrate-triplestore-split.test.ts:
@aryee337/aery-mnemopi test: (pass) E6 triplestore split migration > is idempotent and picks up only new legacy annotation rows on rerun [31.92ms]
@aryee337/aery-mnemopi test: 
@aryee337/aery-mnemopi test: test/recovery.test.ts:
@aryee337/aery-mnemopi test: (pass) SQLite recovery helpers > restores a backup to a new path [14.10ms]
@aryee337/aery-mnemopi test: 
@aryee337/aery-mnemopi test: test/migrate-triplestore-split.test.ts:
@aryee337/aery-mnemopi test: (pass) E6 triplestore split migration > ignores duplicate annotation rows instead of aborting on the unique index [29.03ms]
@aryee337/aery-mnemopi test: 
@aryee337/aery-mnemopi test: test/recovery.test.ts:
@aryee337/aery-mnemopi test: (pass) SQLite recovery helpers > keeps the current WAL database untouched when a staged restore fails integrity [14.26ms]
@aryee337/aery-mnemopi test: (pass) SQLite recovery helpers > leaves the original database intact when emergency restore exhausts corrupt backups [14.51ms]
@aryee337/aery-mnemopi test: 
@aryee337/aery-mnemopi test: test/e5a-vector-voice-dense-rewire.test.ts:
@aryee337/aery-mnemopi test: (pass) polyphonic vector voice dense rewire > returns ranked candidates from memory_embeddings for working and episodic tiers [134.04ms]
@aryee337/aery-mnemopi test: 
@aryee337/aery-mnemopi test: test/migrate-triplestore-split.test.ts:
@aryee337/aery-mnemopi test: (pass) E6 triplestore split migration > reports dry-run counts without writes and writes backup only when requested [41.30ms]
@aryee337/aery-core test: 
@aryee337/aery-core test: test/harmony-leak.test.ts:
@aryee337/aery-core test: (pass) isHarmonyLeakMitigationTarget > targets every openai-codex model (don't enumerate ids) [0.07ms]
@aryee337/aery-core test: (pass) isHarmonyLeakMitigationTarget > does not target Anthropic models [0.06ms]
@aryee337/aery-core test: (pass) detectHarmonyLeak — negative cases (must NOT trip) > plain_marker_no_co_signals [0.31ms]
@aryee337/aery-core test: (pass) detectHarmonyLeak — negative cases (must NOT trip) > fenced_code_quoting_marker [0.06ms]
@aryee337/aery-core test: (pass) detectHarmonyLeak — negative cases (must NOT trip) > test_fixture_string [0.04ms]
@aryee337/aery-core test: (pass) detectHarmonyLeak — negative cases (must NOT trip) > multiple_markers_in_doc [0.03ms]
@aryee337/aery-core test: (pass) detectHarmonyLeak — negative cases (must NOT trip) > user prose mentioning marker is not scanned (caller responsibility) [0.30ms]
@aryee337/aery-core test: (pass) detectHarmonyLeak — negative cases (must NOT trip) > streaming chunk-boundary split does not trip on partial marker [0.95ms]
@aryee337/aery-core test: (pass) detectHarmonyLeak — positive corpus cases (must trip with co-signal) > rid1096312 (edit_dsl) trips with co-signals [0.29ms]
@aryee337/aery-core test: (pass) detectHarmonyLeak — positive corpus cases (must trip with co-signal) > rid1094278 (edit_dsl) trips with co-signals [0.18ms]
@aryee337/aery-core test: (pass) detectHarmonyLeak — positive corpus cases (must trip with co-signal) > rid1094797 (edit_dsl) trips with co-signals [2.01ms]
@aryee337/aery-core test: (pass) detectHarmonyLeak — positive corpus cases (must trip with co-signal) > rid1884547 (edit_json) trips with co-signals [0.16ms]
@aryee337/aery-core test: (pass) detectHarmonyLeak — positive corpus cases (must trip with co-signal) > rid2134935 (edit_json) trips with co-signals [0.05ms]
@aryee337/aery-core test: (pass) detectHarmonyLeak — positive corpus cases (must trip with co-signal) > rid1090445 (eval) trips with co-signals [0.08ms]
@aryee337/aery-core test: (pass) detectHarmonyLeak — positive corpus cases (must trip with co-signal) > rid1090859 (eval) trips with co-signals [0.09ms]
@aryee337/aery-core test: (pass) detectHarmonyLeak — tool_arg T-gate > does not trip on tool_arg without a parse boundary (no false hard-abort) [0.16ms]
@aryee337/aery-core test: (pass) detectHarmonyLeak — tool_arg T-gate > trips the same content on a non-tool surface (gate is tool_arg-specific) [0.15ms]
@aryee337/aery-core test: (pass) detectHarmonyLeak — tool_arg T-gate > does not trip when the marker precedes the parse boundary (embedded content) [0.09ms]
@aryee337/aery-core test: (pass) detectHarmonyLeak — tool_arg T-gate > trips when the marker trails the parse boundary (real leak signature) [0.15ms]
@aryee337/aery-core test: (pass) recoverHarmonyToolCall — edit DSL > rid1096312: produces an args-truncated message ending with the *** Abort sentinel [10.38ms]
@aryee337/aery-core test: (pass) recoverHarmonyToolCall — edit DSL > rid1094278: produces an args-truncated message ending with the *** Abort sentinel [0.19ms]
@aryee337/aery-core test: (pass) recoverHarmonyToolCall — edit DSL > rid1094797: produces an args-truncated message ending with the *** Abort sentinel [0.37ms]
@aryee337/aery-core test: (pass) recoverHarmonyToolCall — edit DSL > idempotence: re-running detect+recover on the cleaned message is a no-op [0.28ms]
@aryee337/aery-core test: (pass) recoverHarmonyToolCall — edit DSL > rejects edit input that doesn't look like the patch DSL [0.19ms]
@aryee337/aery-core test: (pass) recoverHarmonyToolCall — edit JSON-schema (must NOT recover) > rid1884547: detects but refuses to recover [0.33ms]
@aryee337/aery-core test: (pass) recoverHarmonyToolCall — edit JSON-schema (must NOT recover) > rid2134935: detects but refuses to recover [0.08ms]
@aryee337/aery-core test: (pass) recoverHarmonyToolCall — eval > rid1090445: cleaned input ends with *** Abort sentinel [0.28ms]
@aryee337/aery-core test: (pass) recoverHarmonyToolCall — eval > rid1090859: cleaned input ends with *** Abort sentinel [0.10ms]
@aryee337/aery-core test: (pass) recoverHarmonyToolCall — unsupported tools > returns undefined for tools not in the recovery registry [0.14ms]
@aryee337/aery-core test: (pass) extractHarmonyRemoved > returns the contaminated tail of a tool argument [3.15ms]
@aryee337/aery-core test: (pass) extractHarmonyRemoved > returns the contaminated tail of an assistant text block [0.31ms]
@aryee337/aery-core test: (pass) createHarmonyAuditEvent > captures sha + redacted preview by default; raw blob hidden [0.94ms]
@aryee337/aery-mnemopi test: 
@aryee337/aery-mnemopi test: test/e5a-vector-voice-dense-rewire.test.ts:
@aryee337/aery-mnemopi test: (pass) polyphonic vector voice dense rewire > excludes superseded and expired rows while tolerating missing query embeddings [38.67ms]
@aryee337/aery-mnemopi test: 
@aryee337/aery-mnemopi test: test/migrate-triplestore-split.test.ts:
@aryee337/aery-mnemopi test: (pass) E6 triplestore split migration > is a no-op for empty databases and non-annotation triples [31.61ms]
@aryee337/aery-mnemopi test: 
@aryee337/aery-mnemopi test: test/e5a-vector-voice-dense-rewire.test.ts:
@aryee337/aery-mnemopi test: (pass) polyphonic vector voice dense rewire > full recall carries vector voice attribution and stats report embedded rows [28.77ms]
@aryee337/aery-mnemopi test: 
@aryee337/aery-mnemopi test: test/migrate-triplestore-split.test.ts:
@aryee337/aery-mnemopi test: (pass) E6 triplestore split migration > detects pending migration cheaply [35.43ms]
@aryee337/aery-mnemopi test: 
@aryee337/aery-mnemopi test: test/embeddings-multilingual.test.ts:
@aryee337/aery-mnemopi test: (pass) multilingual embedding metadata > detects English, Chinese, multilingual, Jina, and OpenAI dimensions [0.54ms]
@aryee337/aery-mnemopi test: (pass) multilingual embedding metadata > allows MNEMOPI_EMBEDDING_DIM to override model dimensions [0.13ms]
@aryee337/aery-mnemopi test: (pass) multilingual embedding metadata > routes only explicit API models or custom endpoints to the API [2.68ms]
@aryee337/aery-core test: 
@aryee337/aery-core test: test/handoff.test.ts:
@aryee337/aery-core test: (pass) handoff helpers > renders custom focus into the handoff prompt [0.50ms]
@aryee337/aery-core test: (pass) handoff helpers > exports the threshold focus text used by auto-handoff [0.03ms]
@aryee337/aery-core test: (pass) handoff helpers > generates handoff with the live cache prefix and tool use disabled [1.28ms]
@aryee337/aery-mnemopi test: (pass) multilingual embedding ordering > preserves semantic ordering with a deterministic fake multilingual provider [41.61ms]
@aryee337/aery-mnemopi test: 
@aryee337/aery-mnemopi test: test/entities.test.ts:
@aryee337/aery-mnemopi test: (pass) entity utilities > computes edit distance with empty and unicode strings [9.12ms]
@aryee337/aery-mnemopi test: (pass) entity utilities > scores entity names with case-insensitive prefix and substring bonuses [0.64ms]
@aryee337/aery-mnemopi test: (pass) entity utilities > extracts names, phrases, mentions, hashtags, and filters contaminated stop-word phrases [1.14ms]
@aryee337/aery-core test: 
@aryee337/aery-core test:  229 pass
@aryee337/aery-core test:  0 fail
@aryee337/aery-core test:  728 expect() calls
@aryee337/aery-core test: Ran 229 tests across 16 files. [6.40s]
@aryee337/aery-mnemopi test: (pass) entity utilities > drops lowercase prose, pure numbers, and substring duplicate capitalized terms [0.65ms]
@aryee337/aery-mnemopi test: (pass) entity utilities > finds similar entities above threshold sorted by score [0.55ms]
@aryee337/aery-mnemopi test: (pass) entity utilities > exports the stop-word set used by extraction [0.08ms]
@aryee337/aery-core test: Exited with code 0
@aryee337/aery-mnemopi test: 
@aryee337/aery-mnemopi test: test/beam-index.test.ts:
@aryee337/aery-mnemopi test: (pass) BeamMemory hub > wires index methods to beam module implementations [49.93ms]
@aryee337/aery-tui test: (pass) TUI terminal-state regressions > scrollback integrity > tail-cell mutation is cleaned up before the next native scrollback checkpoint [1244.94ms]
@aryee337/aery-mnemopi test: 
@aryee337/aery-mnemopi test: test/shmr.test.ts:
@aryee337/aery-mnemopi test: (pass) SHMR deterministic helpers > clusters related hashed embeddings by cosine similarity [42.26ms]
@aryee337/aery-mnemopi test: 
@aryee337/aery-mnemopi test: test/optional-embeddings.test.ts:
@aryee337/aery-mnemopi test: (pass) optional embeddings > falls back cleanly when embeddings are disabled [7.37ms]
@aryee337/aery-mnemopi test: (pass) optional embeddings > uses a fake provider and caches single-query embeddings [8.68ms]
@aryee337/aery-mnemopi test: (pass) optional embeddings > returns null instead of throwing when the provider fails [12.66ms]
@aryee337/aery-mnemopi test: (pass) optional embeddings > calls an OpenAI-compatible custom embeddings endpoint without requiring an API key [35.64ms]
@aryee337/aery-mnemopi test: (pass) optional embeddings > flattens async batches into one matrix [0.83ms]
@aryee337/aery-tui test: 
@aryee337/aery-tui test: test/render-stress.test.ts:
@aryee337/aery-tui test: (pass) TUI randomized render stress > linux-normal-small seed=0x1badb002 ops=300 [8395.33ms]
@aryee337/aery-mnemopi test: (pass) optional embeddings > lets constructor-scoped noEmbeddings override enabled providers [51.16ms]
@aryee337/aery-mnemopi test: 
@aryee337/aery-mnemopi test: test/shmr.test.ts:
@aryee337/aery-mnemopi test: (pass) SHMR deterministic helpers > harmonizes corroborated facts without an LLM [123.13ms]
@aryee337/aery-mnemopi test: 
@aryee337/aery-mnemopi test: test/optional-embeddings.test.ts:
@aryee337/aery-mnemopi test: (pass) optional embeddings > uses a constructor-scoped embedding provider [27.55ms]
@aryee337/aery-mnemopi test: 
@aryee337/aery-mnemopi test: test/shmr.test.ts:
@aryee337/aery-mnemopi test: (pass) SHMR deterministic helpers > reports insufficient candidates deterministically [20.14ms]
@aryee337/aery-mnemopi test: 
@aryee337/aery-mnemopi test: test/optional-embeddings.test.ts:
@aryee337/aery-mnemopi test: (pass) optional embeddings > retries local model initialization after a transient failure [6.40ms]
@aryee337/aery-mnemopi test: 
@aryee337/aery-mnemopi test: test/extraction-integration.test.ts:
@aryee337/aery-mnemopi test: (pass) extraction integration > uses a fake OpenAI-compatible remote endpoint for extractFacts [5.47ms]
@aryee337/aery-mnemopi test: (pass) extraction integration > parses structured fact objects through ExtractionClient with fake HTTP [2.47ms]
@aryee337/aery-mnemopi test: (pass) extraction integration > records malformed cloud JSON as a diagnostic failure [1.32ms]
@aryee337/aery-mnemopi test: (pass) extraction integration > uses millisecond-scale rate-limit and fallback backoff delays [1.45ms]
@aryee337/aery-mnemopi test: 
@aryee337/aery-mnemopi test: test/beam-parity.test.ts:
@aryee337/aery-mnemopi test: (pass) Beam TS parity integration > constructs on string DB paths, creates parents, remembers, and recalls from an isolated file DB [34.01ms]
@aryee337/aery-mnemopi test: (pass) Beam TS parity integration > rememberBatch performs always-on enrichment for every row and keeps per-row source annotations [40.08ms]
@aryee337/aery-mnemopi test: (pass) Beam TS parity integration > rememberBatch threads veracity into storage and recall scoring [25.81ms]
@aryee337/aery-mnemopi test: 
@aryee337/aery-mnemopi test: test/beam-recall-unit.test.ts:
@aryee337/aery-mnemopi test: (pass) beam recall free functions > orders deterministic FTS-only working-memory hits by lexical strength [39.03ms]
@aryee337/aery-mnemopi test: (pass) beam recall free functions > fuses working and episodic memory candidates [24.60ms]
@aryee337/aery-mnemopi test: (pass) beam recall free functions > boosts memories near the requested temporal target [29.57ms]
@aryee337/aery-mnemopi test: (pass) beam recall free functions > accounts for importance and recency in deterministic fallback scoring [72.69ms]
@aryee337/aery-mnemopi test: (pass) beam recall free functions > handles CJK token queries without embeddings [17.50ms]
@aryee337/aery-mnemopi test: 
@aryee337/aery-mnemopi test: test/orchestrator.test.ts:
@aryee337/aery-mnemopi test: (pass) orchestrateRecall > delegates to the Beam linear recall surface when the polyphonic gate is off [15.77ms]
@aryee337/aery-mnemopi test: 
@aryee337/aery-mnemopi test: test/beam-recall-unit.test.ts:
@aryee337/aery-mnemopi test: (pass) beam recall free functions > does not retry scoped recall without the session filter when only another session matches [30.34ms]
@aryee337/aery-mnemopi test: (pass) beam recall free functions > formats context in bullet and JSON sandwich sections [12.98ms]
@aryee337/aery-mnemopi test: (pass) beam recall free functions > recalls structured facts via FTS and LIKE fallback shape [9.66ms]
@aryee337/aery-mnemopi test: 
@aryee337/aery-mnemopi test: test/extraction-wiring.test.ts:
@aryee337/aery-mnemopi test: (pass) remember(extract) wires the LLM fact extractor > runs the configured completion and makes extracted facts recallable [86.34ms]
@aryee337/aery-mnemopi test: 
@aryee337/aery-mnemopi test: test/orchestrator.test.ts:
@aryee337/aery-mnemopi test: (pass) orchestrateRecall > delegates to enhanced recall when requested on the non-polyphonic path [50.76ms]
@aryee337/aery-mnemopi test: 
@aryee337/aery-mnemopi test: test/beam-recall-unit.test.ts:
@aryee337/aery-mnemopi test: (pass) beam recall free functions > filters fact recall to same-session facts plus explicitly global facts [11.77ms]
@aryee337/aery-mnemopi test: 
@aryee337/aery-mnemopi test: test/extraction-wiring.test.ts:
@aryee337/aery-mnemopi test: (pass) remember(extract) wires the LLM fact extractor > does not invoke the extractor when extract is not requested [19.01ms]
@aryee337/aery-mnemopi test: 
@aryee337/aery-mnemopi test: test/beam-recall-unit.test.ts:
@aryee337/aery-mnemopi test: (pass) beam recall free functions > increments enhanced recall counts only for the final returned MMR results [13.62ms]
@aryee337/aery-mnemopi test: 
@aryee337/aery-mnemopi test: test/streaming.test.ts:
@aryee337/aery-mnemopi test: (pass) MemoryEvent > serializes and restores Python-shaped events [0.64ms]
@aryee337/aery-mnemopi test: 
@aryee337/aery-mnemopi test: test/beam-recall-unit.test.ts:
@aryee337/aery-mnemopi test: (pass) beam recall free functions > enhanced recall applies intent/synonym/MMR path without dropping required fields [14.81ms]
@aryee337/aery-mnemopi test: 
@aryee337/aery-mnemopi test: test/streaming.test.ts:
@aryee337/aery-mnemopi test: (pass) MemoryStream > invokes typed and any callbacks while isolating exceptions [6.86ms]
@aryee337/aery-mnemopi test: (pass) MemoryStream > keeps a bounded filterable buffer [0.56ms]
@aryee337/aery-mnemopi test: (pass) MemoryStream > feeds async listeners with type filtering [0.78ms]
@aryee337/aery-mnemopi test: 
@aryee337/aery-mnemopi test: test/orchestrator.test.ts:
@aryee337/aery-mnemopi test: (pass) orchestrateRecall > uses polyphonic recall instead of fake Beam recall when the gate is on [33.36ms]
@aryee337/aery-mnemopi test: (pass) orchestrateRecall > forceLinear bypasses the env gate for A/B callers [9.94ms]
@aryee337/aery-mnemopi test: 
@aryee337/aery-mnemopi test: test/extraction-wiring.test.ts:
@aryee337/aery-mnemopi test: (pass) remember(extract) wires the LLM fact extractor > stores the memory without throwing when extraction has no LLM [42.37ms]
@aryee337/aery-mnemopi test: 
@aryee337/aery-mnemopi test: test/streaming.test.ts:
@aryee337/aery-mnemopi test: (pass) DeltaSync > computes, applies, and persists checkpoints for allowed tables [86.23ms]
@aryee337/aery-mnemopi test: (pass) DeltaSync > serializes checkpoints [0.17ms]
@aryee337/aery-mnemopi test: 
@aryee337/aery-mnemopi test: test/beam-store.test.ts:
@aryee337/aery-mnemopi test: (pass) beam store free functions > remembers one item, deduplicates exact content, emits events, and keeps FTS in sync [43.40ms]
@aryee337/aery-mnemopi test: (pass) beam store free functions > batch remembers items and returns context ordered by global scope, importance, then recency [19.56ms]
@aryee337/aery-mnemopi test: (pass) beam store free functions > updates, invalidates, gets episodic fallback, forgets with authorized annotation cascade, and reports scoped stats [30.02ms]
@aryee337/aery-mnemopi test: 
@aryee337/aery-mnemopi test: test/orphan-vec-episodes-cleanup.test.ts:
@aryee337/aery-mnemopi test: (pass) importFromDict vec_episodes cleanup > force overwrite deletes the old rowid before replacing episodic memory [75.83ms]
@aryee337/aery-mnemopi test: (pass) importFromDict vec_episodes cleanup > force=false skip path does not touch existing vector rows [26.10ms]
@aryee337/aery-mnemopi test: 
@aryee337/aery-mnemopi test: test/beam-store.test.ts:
@aryee337/aery-mnemopi test: (pass) beam store free functions > keeps scratchpad scoped to the active session [37.37ms]
@aryee337/aery-mnemopi test: 
@aryee337/aery-mnemopi test: test/extraction.test.ts:
@aryee337/aery-mnemopi test: (pass) structured extraction > builds prompts and parses JSON and legacy facts [11.77ms]
@aryee337/aery-mnemopi test: (pass) structured extraction > uses deterministic heuristic extraction when no LLM is configured [1.17ms]
@aryee337/aery-mnemopi test: (pass) structured extraction > returns empty without recording for empty input [0.46ms]
@aryee337/aery-mnemopi test: (pass) structured extraction > routes enabled host LLM extraction before remote and keeps temperature zero [0.87ms]
@aryee337/aery-mnemopi test: (pass) structured extraction > prefers a configured completion with the extraction-prompt override at temperature zero [6.97ms]
@aryee337/aery-mnemopi test: (pass) structured extraction > extracts simple facts with the standalone heuristic helper [0.23ms]
@aryee337/aery-mnemopi test: 
@aryee337/aery-mnemopi test: test/orphan-vec-episodes-cleanup.test.ts:
@aryee337/aery-mnemopi test: (pass) importFromDict vec_episodes cleanup > maps imported embeddings to the replacement rowid instead of preserving an orphan [24.34ms]
@aryee337/aery-mnemopi test: 
@aryee337/aery-mnemopi test: test/beam-store.test.ts:
@aryee337/aery-mnemopi test: (pass) beam store free functions > exports and imports working memory, episodic memory, scratchpad, and consolidation log idempotently [36.70ms]
@aryee337/aery-mnemopi test: 
@aryee337/aery-mnemopi test: test/telemetry-env-followups.test.ts:
@aryee337/aery-mnemopi test: (pass) telemetry and env follow-up parity > fallback episodic rows expose explicit zero dense_score and linear voice_scores [45.89ms]
@aryee337/aery-mnemopi test: 
@aryee337/aery-mnemopi test: test/patterns.test.ts:
@aryee337/aery-mnemopi test: (pass) memory compression > reports savings and zero-size stats [7.04ms]
@aryee337/aery-mnemopi test: (pass) memory compression > round-trips dictionary and RLE compression [1.07ms]
@aryee337/aery-mnemopi test: (pass) memory compression > uses deterministic semantic truncation and batch metadata [0.50ms]
@aryee337/aery-mnemopi test: (pass) pattern detection > detects temporal hour and weekday patterns [1.34ms]
@aryee337/aery-mnemopi test: (pass) pattern detection > detects frequent keywords and co-occurrence [1.58ms]
@aryee337/aery-mnemopi test: (pass) pattern detection > detects source sequences and sorts combined output by confidence [1.98ms]
@aryee337/aery-mnemopi test: (pass) pattern detection > summarizes and serializes detected patterns [1.35ms]
@aryee337/aery-mnemopi test: 
@aryee337/aery-mnemopi test: test/telemetry-env-followups.test.ts:
@aryee337/aery-mnemopi test: (pass) telemetry and env follow-up parity > main recall path preserves numeric dense_score and voice_scores on working memory [24.98ms]
@aryee337/aery-mnemopi test: 
@aryee337/aery-mnemopi test: test/plugins.test.ts:
@aryee337/aery-mnemopi test: (pass) PluginManager > registers, loads, notifies, and unloads plugins [3.48ms]
@aryee337/aery-mnemopi test: 
@aryee337/aery-mnemopi test: test/telemetry-env-followups.test.ts:
@aryee337/aery-mnemopi test: (pass) telemetry and env follow-up parity > all linear recall results have numeric voice score entries [27.84ms]
@aryee337/aery-mnemopi test: 
@aryee337/aery-mnemopi test: test/plugins.test.ts:
@aryee337/aery-mnemopi test: (pass) PluginManager > lazy-loads registered plugins through get_plugin [6.39ms]
@aryee337/aery-mnemopi test: (pass) PluginManager > global manager can be reset [0.51ms]
@aryee337/aery-mnemopi test: (pass) built-in plugins > logging records bounded memory lifecycle entries [0.44ms]
@aryee337/aery-mnemopi test: (pass) built-in plugins > metrics counts hooks and records timings [0.26ms]
@aryee337/aery-mnemopi test: (pass) built-in plugins > filter tracks blocked items when rules fail [0.41ms]
@aryee337/aery-mnemopi test: 
@aryee337/aery-mnemopi test: test/temporal-parser.test.ts:
@aryee337/aery-mnemopi test: (pass) temporal parser > exports day, month, and named-time constants [6.43ms]
@aryee337/aery-mnemopi test: (pass) temporal parser > extracts ISO absolute dates [0.64ms]
@aryee337/aery-mnemopi test: (pass) temporal parser > rejects invalid ISO dates and falls through [0.13ms]
@aryee337/aery-mnemopi test: (pass) temporal parser > parses slash dates with Python's US/EU heuristic [0.24ms]
@aryee337/aery-mnemopi test: (pass) temporal parser > parses named month dates using the reference year when omitted [0.22ms]
@aryee337/aery-mnemopi test: (pass) temporal parser > extracts relative dates deterministically [0.24ms]
@aryee337/aery-mnemopi test: (pass) temporal parser > preserves Python's match order for day before yesterday [0.10ms]
@aryee337/aery-mnemopi test: (pass) temporal parser > extracts qualified day references [4.14ms]
@aryee337/aery-mnemopi test: (pass) temporal parser > extracts bare day references as this-most-recent day [0.41ms]
@aryee337/aery-mnemopi test: (pass) temporal parser > extracts week, month, and year references [0.59ms]
@aryee337/aery-mnemopi test: (pass) temporal parser > handles month and year boundaries [0.18ms]
@aryee337/aery-mnemopi test: (pass) temporal parser > extracts past intervals [0.52ms]
@aryee337/aery-mnemopi test: (pass) temporal parser > extracts future intervals [0.18ms]
@aryee337/aery-mnemopi test: (pass) temporal parser > extracts named times with and without dates [0.16ms]
@aryee337/aery-mnemopi test: (pass) temporal parser > extracts vague references [0.15ms]
@aryee337/aery-mnemopi test: (pass) temporal parser > returns unknown when no temporal reference exists [0.08ms]
@aryee337/aery-mnemopi test: (pass) temporal parser > parses natural-language dates directly [0.19ms]
@aryee337/aery-mnemopi test: (pass) temporal parser > extracts temporal tags for parsed dates [0.09ms]
@aryee337/aery-mnemopi test: (pass) temporal parser > uses the first date expression when multiple are present [0.26ms]
@aryee337/aery-mnemopi test: (pass) temporal parser > extracts just the date string [0.11ms]
@aryee337/aery-mnemopi test: (pass) temporal parser > treats date-only and timezone-less string references as UTC [0.16ms]
@aryee337/aery-mnemopi test: 
@aryee337/aery-mnemopi test: test/binary-vectors.test.ts:
@aryee337/aery-mnemopi test: (pass) binary vector helpers > packs positive signs into Moorcheh MIB bit vectors [12.53ms]
@aryee337/aery-mnemopi test: (pass) binary vector helpers > quantizes unit float vectors to signed int8 [4.37ms]
@aryee337/aery-mnemopi test: (pass) binary vector helpers > computes Hamming distance and information-theoretic score [0.46ms]
@aryee337/aery-mnemopi test: (pass) binary vector helpers > computes cosine similarity with zero-vector fallback [0.23ms]
@aryee337/aery-mnemopi test: (pass) binary vector helpers > normalizes MNEMOPI_VEC_TYPE with Python-compatible fallback [0.23ms]
@aryee337/aery-mnemopi test: (pass) BinaryVectorStore > stores, searches, deletes, and reports compact binary vectors [10.27ms]
@aryee337/aery-mnemopi test: (pass) BinaryVectorStore > searches preloaded binary vectors with FastBinarySearch [0.98ms]
@aryee337/aery-mnemopi test: 
@aryee337/aery-mnemopi test: test/polyphonic-recall.test.ts:
@aryee337/aery-mnemopi test: (pass) PolyphonicRecallEngine > reads the polyphonic recall gate per call [0.17ms]
@aryee337/aery-mnemopi test: 
@aryee337/aery-mnemopi test: test/foundation.test.ts:
@aryee337/aery-mnemopi test: (pass) Foundation smoke test > initializes beam schema twice and inserts working memory row [68.25ms]
@aryee337/aery-mnemopi test: 
@aryee337/aery-mnemopi test: test/polyphonic-recall.test.ts:
@aryee337/aery-mnemopi test: (pass) PolyphonicRecallEngine > fuses the four voices with RRF and preserves voice attribution order [38.63ms]
@aryee337/aery-mnemopi test: (pass) PolyphonicRecallEngine > honors per-voice gates without producing fake-success results [18.92ms]
@aryee337/aery-mnemopi test: (pass) PolyphonicRecallEngine > filters vector and temporal voices to beam-session or global memories [13.87ms]
@aryee337/aery-mnemopi test: 
@aryee337/aery-mnemopi test: test/temporal-recall.test.ts:
@aryee337/aery-mnemopi test: (pass) temporal recall scoring > computes temporal boost with decay, invalid timestamps, and future clamping [0.96ms]
@aryee337/aery-mnemopi test: (pass) temporal recall scoring > parses query time inputs and rejects invalid values [0.62ms]
@aryee337/aery-tui test: 
@aryee337/aery-tui test: test/render-regressions.test.ts:
@aryee337/aery-tui test: (pass) TUI terminal-state regressions > scrollback integrity > scrollback grows again after stale history is cleared [1771.03ms]
@aryee337/aery-mnemopi test: 
@aryee337/aery-mnemopi test: test/polyphonic-recall.test.ts:
@aryee337/aery-mnemopi test: (pass) PolyphonicRecallEngine > hydrates fact voice source memories through the session/global visibility filter [15.15ms]
@aryee337/aery-mnemopi test: (pass) PolyphonicRecallEngine > caches an engine on Beam state and hydrates result content [16.16ms]
@aryee337/aery-mnemopi test: 
@aryee337/aery-mnemopi test: test/graph-tools.test.ts:
@aryee337/aery-mnemopi test: (pass) EpisodicGraph CRUD > extracts, stores, and reads gists and facts [10.25ms]
@aryee337/aery-mnemopi test: (pass) EpisodicGraph links and traversal > creates idempotent weighted links and traverses neighborhoods [5.33ms]
@aryee337/aery-mnemopi test: (pass) EpisodicGraph links and traversal > accepts agent-declared edge types [1.60ms]
@aryee337/aery-mnemopi test: (pass) EpisodicGraph scoring and proactive links > scores memories by shared graph features [6.49ms]
@aryee337/aery-mnemopi test: 
@aryee337/aery-mnemopi test: test/temporal-recall.test.ts:
@aryee337/aery-mnemopi test: (pass) temporal recall scoring > boosts recent memories over older matches when temporal scoring is enabled [47.61ms]
@aryee337/aery-mnemopi test: 
@aryee337/aery-mnemopi test: test/graph-tools.test.ts:
@aryee337/aery-mnemopi test: (pass) EpisodicGraph scoring and proactive links > ingestMemory stores episode nodes and creates deterministic ctx/rel/proactive links [9.40ms]
@aryee337/aery-mnemopi test: 
@aryee337/aery-mnemopi test: test/temporal-recall.test.ts:
@aryee337/aery-mnemopi test: (pass) temporal recall scoring > leaves ordering stable when temporal weight is zero [17.31ms]
@aryee337/aery-mnemopi test: (pass) temporal recall scoring > uses per-call temporal halflife overrides [14.74ms]
@aryee337/aery-mnemopi test: (pass) temporal recall scoring > infers temporal query targets from natural language [13.75ms]
@aryee337/aery-tui test: (pass) TUI terminal-state regressions > scrollback integrity > places hardware cursor at the focused row after a height-grow resize [93.45ms]
@aryee337/aery-mnemopi test: 
@aryee337/aery-mnemopi test: test/text-utilities.test.ts:
@aryee337/aery-mnemopi test: (pass) token counter > uses the Python fallback token estimate and pricing table [1.97ms]
@aryee337/aery-mnemopi test: (pass) cost log > initializes the sqlite table and aggregates all and per-session stats [15.27ms]
@aryee337/aery-mnemopi test: (pass) chat normalization > expands contractions, strips fillers, collapses repeated chars, and removes non-ascii [1.40ms]
@aryee337/aery-mnemopi test: (pass) chat normalization > drops fragments but preserves long single words and optional implicit subjects [0.26ms]
@aryee337/aery-mnemopi test: (pass) chat normalization > normalizes batches and reports extraction rate with dropped samples [0.56ms]
@aryee337/aery-tui test: (pass) TUI terminal-state regressions > scrollback integrity > leaves the parent shell prompt directly after short content on stop [111.78ms]
@aryee337/aery-mnemopi test: 
@aryee337/aery-mnemopi test: test/triples-data-dir.test.ts:
@aryee337/aery-mnemopi test: (pass) TripleStore default data-directory handling > keeps triples.db beside the configured Mnemopi data directory [15.12ms]
@aryee337/aery-mnemopi test: (pass) TripleStore default data-directory handling > copies an existing legacy triples database into MNEMOPI_DATA_DIR [12.13ms]
@aryee337/aery-mnemopi test: (pass) TripleStore default data-directory handling > supports single-current-truth CRUD and historical queries [3.73ms]
@aryee337/aery-mnemopi test: 
@aryee337/aery-mnemopi test: test/typed-memory-aaak.test.ts:
@aryee337/aery-mnemopi test: (pass) typed memory classification > classifies the Python integration test cases [18.46ms]
@aryee337/aery-mnemopi test: (pass) typed memory classification > applies Python fallback classification for empty, short, and long unmatched text [0.77ms]
@aryee337/aery-mnemopi test: (pass) typed memory classification > keeps priority, consolidation, decay, and batch helpers aligned with Python [1.02ms]
@aryee337/aery-mnemopi test: (pass) typed memory classification > uses Python confidence boosts and type-order tie breaking [0.46ms]
@aryee337/aery-mnemopi test: (pass) AAAK encoding > exports the Python public maps [0.16ms]
@aryee337/aery-mnemopi test: (pass) AAAK encoding > compresses category prefixes, phrases, structure, and parentheses like Python [5.80ms]
@aryee337/aery-mnemopi test: (pass) AAAK encoding > leaves compact AAAK text unchanged and uses Python completion compaction order [0.20ms]
@aryee337/aery-mnemopi test: 
@aryee337/aery-mnemopi test: test/veracity-consolidation.test.ts:
@aryee337/aery-mnemopi test: (pass) VeracityConsolidator > does not close a caller-owned Database handle [5.41ms]
@aryee337/aery-tui test: (pass) TUI terminal-state regressions > overlay compositing > overlay show/hide restores underlying content [174.72ms]
@aryee337/aery-mnemopi test: 
@aryee337/aery-mnemopi test: test/weibull-mmr-intent.test.ts:
@aryee337/aery-mnemopi test: (pass) Weibull decay > exposes parameters for memory types used by recall [0.23ms]
@aryee337/aery-mnemopi test: (pass) Weibull decay > keeps stable profile memories longer than fast request memories [0.49ms]
@aryee337/aery-mnemopi test: (pass) Weibull decay > decays request memories quickly [0.05ms]
@aryee337/aery-mnemopi test: (pass) Weibull decay > gives a fresh memory a full boost [0.56ms]
@aryee337/aery-mnemopi test: (pass) Weibull decay > retains profiles longer than the default exponential fallback [0.11ms]
@aryee337/aery-mnemopi test: (pass) Weibull decay > uses one-week exponential behavior for the general type [0.07ms]
@aryee337/aery-mnemopi test: (pass) Weibull decay > returns zero for missing or invalid timestamps [0.17ms]
@aryee337/aery-mnemopi test: (pass) Weibull decay > clamps future timestamps to full boost [0.09ms]
@aryee337/aery-mnemopi test: (pass) Query intent > classifies temporal queries [2.09ms]
@aryee337/aery-mnemopi test: (pass) Query intent > classifies factual queries [0.22ms]
@aryee337/aery-mnemopi test: 
@aryee337/aery-mnemopi test: test/c25-deltasync-allowlist.test.ts:
@aryee337/aery-mnemopi test: (pass) C25 DeltaSync table allowlist > keeps the public table allowlist explicit [6.50ms]
@aryee337/aery-mnemopi test: 
@aryee337/aery-mnemopi test: test/weibull-mmr-intent.test.ts:
@aryee337/aery-mnemopi test: (pass) Query intent > classifies preference/entity overlap consistently with pattern order [0.14ms]
@aryee337/aery-mnemopi test: (pass) Query intent > classifies procedural queries [0.11ms]
@aryee337/aery-mnemopi test: (pass) Query intent > falls back to general with zero confidence [0.13ms]
@aryee337/aery-mnemopi test: (pass) Query intent > adjusts and normalizes weights for temporal intent [0.22ms]
@aryee337/aery-mnemopi test: (pass) MMR reranking > returns the highest-scoring result first and preserves requested length [0.94ms]
@aryee337/aery-mnemopi test: (pass) MMR reranking > diversifies similar high-scoring results [0.35ms]
@aryee337/aery-mnemopi test: (pass) MMR reranking > handles single and empty result sets [0.10ms]
@aryee337/aery-mnemopi test: (pass) MMR reranking > returns no results for non-positive topK [0.11ms]
@aryee337/aery-mnemopi test: (pass) MMR reranking > accepts typed-array-backed custom similarity scoring [0.56ms]
@aryee337/aery-mnemopi test: 
@aryee337/aery-mnemopi test: test/c25-deltasync-allowlist.test.ts:
@aryee337/aery-mnemopi test: (pass) C25 DeltaSync table allowlist > accepts allowed tables and rejects unknown, injected, and non-string table values [30.44ms]
@aryee337/aery-mnemopi test: 
@aryee337/aery-mnemopi test: test/pre-experiment-fidelity.test.ts:
@aryee337/aery-mnemopi test: (pass) pre-experiment no-LLM fidelity > recalls deterministic FTS-only memories without extraction or embeddings [19.09ms]
@aryee337/aery-mnemopi test: 
@aryee337/aery-mnemopi test: test/c25-deltasync-allowlist.test.ts:
@aryee337/aery-mnemopi test: (pass) C25 DeltaSync table allowlist > rejects string-object allowlist bypasses [42.52ms]
@aryee337/aery-mnemopi test: (pass) C25 DeltaSync column allowlist > filters unknown and malicious columns while applying valid inserts [17.92ms]
@aryee337/aery-mnemopi test: 
@aryee337/aery-mnemopi test: test/pre-experiment-fidelity.test.ts:
@aryee337/aery-mnemopi test: (pass) pre-experiment no-LLM fidelity > does not let high importance override an exact FTS-only match when configured for lexical fidelity [19.44ms]
@aryee337/aery-mnemopi test: 
@aryee337/aery-mnemopi test: test/identity-memory-parity.test.ts:
@aryee337/aery-mnemopi test: (pass) identity memory parity > creates identity columns and indexes on working and episodic memory [70.14ms]
@aryee337/aery-mnemopi test: 
@aryee337/aery-mnemopi test: test/pre-experiment-fidelity.test.ts:
@aryee337/aery-mnemopi test: (pass) pre-experiment no-LLM fidelity > upgrades duplicate veracity from unknown to a stronger supplied label [15.02ms]
@aryee337/aery-mnemopi test: 
@aryee337/aery-mnemopi test: test/c25-deltasync-allowlist.test.ts:
@aryee337/aery-mnemopi test: (pass) C25 DeltaSync column allowlist > filters unknown and reserved columns on update [25.75ms]
@aryee337/aery-mnemopi test: 
@aryee337/aery-mnemopi test: test/pre-experiment-fidelity.test.ts:
@aryee337/aery-mnemopi test: (pass) pre-experiment no-LLM fidelity > does not downgrade duplicate veracity when the new ingest has no trust signal [13.27ms]
@aryee337/aery-mnemopi test: 
@aryee337/aery-mnemopi test: test/c25-deltasync-allowlist.test.ts:
@aryee337/aery-mnemopi test: (pass) C25 DeltaSync column allowlist > qualifies writes to main tables so temp shadow tables cannot intercept delta application [20.11ms]
@aryee337/aery-mnemopi test: 
@aryee337/aery-mnemopi test: test/identity-memory-parity.test.ts:
@aryee337/aery-mnemopi test: (pass) identity memory parity > stores author and channel identity on remember and defaults channel to session [40.19ms]
@aryee337/aery-mnemopi test: 
@aryee337/aery-mnemopi test: test/c25-deltasync-allowlist.test.ts:
@aryee337/aery-mnemopi test: (pass) C25 DeltaSync checkpoint compatibility > scopes checkpoints by peer and table [25.33ms]
@aryee337/aery-mnemopi test: (pass) C25 DeltaSync checkpoint compatibility > loads legacy per-peer checkpoint files as working-memory checkpoints [17.99ms]
@aryee337/aery-mnemopi test: 
@aryee337/aery-mnemopi test: test/identity-memory-parity.test.ts:
@aryee337/aery-mnemopi test: (pass) identity memory parity > isolates recall by author, author type, and channel while preserving same-channel cross-session recall [52.81ms]
@aryee337/aery-mnemopi test: (pass) identity memory parity > reports working stats through identity filters [59.92ms]
@aryee337/aery-mnemopi test: 
@aryee337/aery-mnemopi test: test/cli.test.ts:
@aryee337/aery-mnemopi test: (pass) CLI command handlers > remember stores through BeamMemory and recall prints real results [59.82ms]
@aryee337/aery-mnemopi test: (pass) CLI command handlers > stats prints working, episodic, triple, bank, and DB path counts [32.31ms]
@aryee337/aery-mnemopi test: (pass) CLI command handlers > reports usage, parse, operation, and unknown-command errors without tracebacks [35.14ms]
@aryee337/aery-mnemopi test: (pass) CLI command handlers > awaits the MCP server until stdin closes [10.45ms]
@aryee337/aery-mnemopi test: (pass) CLI command handlers > manages scratchpad and banks in the configured data directory [42.12ms]
@aryee337/aery-mnemopi test: 
@aryee337/aery-mnemopi test: test/proactive-linking.test.ts:
@aryee337/aery-mnemopi test: (pass) proactive memory linking > creates related_to edges for similar content when enabled [24.60ms]
@aryee337/aery-mnemopi test: (pass) proactive memory linking > does not create recall-similarity edges for unrelated content [72.84ms]
@aryee337/aery-mnemopi test: 
@aryee337/aery-mnemopi test: test/cli-errors-parity.test.ts:
@aryee337/aery-mnemopi test: (pass) CLI usage and operation failure parity > reports missing required arguments as usage errors without tracebacks [3.10ms]
@aryee337/aery-mnemopi test: (pass) CLI usage and operation failure parity > reports parse errors and unknown commands without tracebacks [1.37ms]
@aryee337/aery-mnemopi test: 
@aryee337/aery-mnemopi test: test/proactive-linking.test.ts:
@aryee337/aery-mnemopi test: (pass) proactive memory linking > creates references edges for shared extracted entities [37.33ms]
@aryee337/aery-mnemopi test: (pass) proactive memory linking > is disabled by default and can be toggled per remember call [30.06ms]
@aryee337/aery-mnemopi test: (pass) proactive memory linking > does not duplicate edges on duplicate remember updates [21.03ms]
@aryee337/aery-mnemopi test: 
@aryee337/aery-mnemopi test: test/cli-errors-parity.test.ts:
@aryee337/aery-mnemopi test: (pass) CLI usage and operation failure parity > reports update/delete missing-memory operation failures with exit code 1 [117.49ms]
@aryee337/aery-mnemopi test: (pass) CLI usage and operation failure parity > reports import file and JSON validation errors without tracebacks [7.21ms]
@aryee337/aery-mnemopi test: 
@aryee337/aery-mnemopi test: test/cli-stats-parity.test.ts:
@aryee337/aery-mnemopi test: (pass) CLI stats parity > prints real working, episodic, triple, bank, and database counts [79.16ms]
@aryee337/aery-mnemopi test: (pass) CLI stats parity > prints zero triples on a fresh initialized DB [67.39ms]
@aryee337/aery-mnemopi test: (pass) CLI stats parity > memoryStats exposes triples under beam and banks at top level [78.86ms]
@aryee337/aery-mnemopi test: 
@aryee337/aery-mnemopi test: test/cli-errors-parity.test.ts:
@aryee337/aery-mnemopi test: (pass) CLI usage and operation failure parity > export and import report actual memory counts [196.94ms]
@aryee337/aery-mnemopi test: (pass) CLI usage and operation failure parity > bank validation errors are user-facing [1.42ms]
@aryee337/aery-mnemopi test: 
@aryee337/aery-mnemopi test: test/configurable-scoring.test.ts:
@aryee337/aery-mnemopi test: (pass) configurable recall scoring > normalizes defaults, explicit weights, zeros, and negative inputs [0.51ms]
@aryee337/aery-mnemopi test: (pass) configurable recall scoring > reads environment weights when no explicit config is supplied [0.18ms]
@aryee337/aery-mnemopi test: 
@aryee337/aery-mnemopi test: test/cli-stats-parity.test.ts:
@aryee337/aery-mnemopi test: (pass) CLI stats parity > stats commands read the configured data directory, not the default home path [63.48ms]
@aryee337/aery-mnemopi test: 
@aryee337/aery-mnemopi test: test/configurable-scoring.test.ts:
@aryee337/aery-mnemopi test: (pass) configurable recall scoring > uses explicit per-call weights for recall scoring [22.12ms]
@aryee337/aery-mnemopi test: (pass) configurable recall scoring > lets environment weights affect BeamMemory defaults [14.83ms]
@aryee337/aery-mnemopi test: (pass) configurable recall scoring > explicit BeamMemory config overrides environment weights [14.37ms]
@aryee337/aery-mnemopi test: 
@aryee337/aery-mnemopi test: test/cli-stats-parity.test.ts:
@aryee337/aery-mnemopi test: (pass) mnemopi-stats diagnostic behavior parity > diagnostics return dashboard-ready structure with counts and health bounds [50.29ms]
@aryee337/aery-mnemopi test: 
@aryee337/aery-mnemopi test: test/configurable-scoring.test.ts:
@aryee337/aery-mnemopi test: (pass) configurable recall scoring > includes score breakdown fields and coexists with temporal scoring [16.89ms]
@aryee337/aery-mnemopi test: 
@aryee337/aery-mnemopi test: test/cli-stats-parity.test.ts:
@aryee337/aery-mnemopi test: (pass) mnemopi-stats diagnostic behavior parity > diagnostics initialize missing databases gracefully and report zero counts [18.54ms]
@aryee337/aery-mnemopi test: 
@aryee337/aery-mnemopi test: test/provider-all-15-tools-parity.test.ts:
@aryee337/aery-mnemopi test: (pass) provider all-tools parity > registers the Python provider-compatible tool surface with valid JSON schemas [2.97ms]
@aryee337/aery-mnemopi test: (pass) provider all-tools parity > advertises required arguments for provider write/update/import tools [0.99ms]
@aryee337/aery-mnemopi test: (pass) provider all-tools parity > returns user-facing argument errors instead of mutating on missing arguments [25.03ms]
@aryee337/aery-mnemopi test: (pass) provider all-tools parity > exports provider data to a file and imports it into a fresh isolated bank [41.24ms]
@aryee337/aery-mnemopi test: (pass) provider all-tools parity > diagnose, validate, graph, and shared handlers return structured provider results [45.14ms]
@aryee337/aery-mnemopi test: 
@aryee337/aery-mnemopi test:  348 pass
@aryee337/aery-mnemopi test:  0 fail
@aryee337/aery-mnemopi test:  1701 expect() calls
@aryee337/aery-mnemopi test: Ran 348 tests across 60 files. [9.98s]
@aryee337/aery-tui test: (pass) TUI terminal-state regressions > stress scenarios > rapid content mutations converge to final expected screen [1258.99ms]
@aryee337/aery-mnemopi test: Exited with code 0
@aryee337/aery-tui test: (pass) TUI terminal-state regressions > hardware cursor preference > honors the requested hardware cursor preference under Ghostty (no terminal override) [2.10ms]
@aryee337/aery-tui test: (pass) TUI terminal-state regressions > hardware cursor preference > emits the show-cursor sequence for the focused marker only when enabled [11.04ms]
@aryee337/aery-tui test: (pass) TUI terminal-state regressions > cursor escape sequences stay inside synchronized output blocks > all cursor sequences fall inside BSU/ESU brackets on full render [4.60ms]
@aryee337/aery-tui test: (pass) TUI terminal-state regressions > cursor escape sequences stay inside synchronized output blocks > all cursor sequences fall inside BSU/ESU brackets on differential render [13.10ms]
@aryee337/aery-tui test: (pass) TUI terminal-state regressions > cursor escape sequences stay inside synchronized output blocks > disables terminal autowrap inside paint writes [13.66ms]
@aryee337/aery-tui test: (pass) TUI terminal-state regressions > cursor escape sequences stay inside synchronized output blocks > all cursor sequences fall inside BSU/ESU brackets on deleted-lines render [12.29ms]
@aryee337/aery-tui test: (pass) TUI terminal-state regressions > cursor escape sequences stay inside synchronized output blocks > all cursor sequences fall inside BSU/ESU brackets on repeated no-op renders [32.24ms]
@aryee337/aery-tui test: 
@aryee337/aery-tui test: test/render-stress.test.ts:
@aryee337/aery-tui test: (pass) TUI randomized render stress > darwin-normal-large seed=0x5eed1234 ops=300 [5135.38ms]
@aryee337/aery-tui test: (pass) TUI randomized render stress > win32-intermittentUnknown-small seed=0xdecafbad ops=300 [2018.20ms]
@aryee337/aery-tui test: (pass) TUI randomized render stress > darwin-normal-tmux-small seed=0x8badf00d ops=300 [11189.22ms]
@aryee337/aery-tui test: (pass) TUI randomized render stress > linux-staleBottom-large seed=0x0ddc0ffe ops=300 [2769.65ms]
@aryee337/aery-tui test: (pass) TUI randomized render stress > darwin-normal-tiny seed=0xcafed00d ops=300 [2833.73ms]
@aryee337/aery-tui test: (pass) TUI randomized render stress > linux-normal-termux-small seed=0xb16b00b5 ops=300 [2392.56ms]
@aryee337/aery-tui test: 
@aryee337/aery-tui test: 4 tests skipped:
@aryee337/aery-tui test: (skip) Input cursor column does not grow at 2× per jamo > single jamo: cursor column is at most `PROMPT_WIDTH + 1`
@aryee337/aery-tui test: (skip) Input cursor column does not grow at 2× per jamo > 8 consecutive jamo: cursor column is at most `PROMPT_WIDTH + 8`
@aryee337/aery-tui test: (skip) Input cursor column does not grow at 2× per jamo > 20 consecutive jamo: cursor column is at most `PROMPT_WIDTH + 20`
@aryee337/aery-tui test: (skip) Input cursor column does not grow at 2× per jamo > cursor column grows by ≤1 per typed jamo (not 2)
@aryee337/aery-tui test: 
@aryee337/aery-tui test:  496 pass
@aryee337/aery-tui test:  4 skip
@aryee337/aery-tui test:  0 fail
@aryee337/aery-tui test:  1509 expect() calls
@aryee337/aery-tui test: Ran 500 tests across 33 files. [58.74s]
@aryee337/aery-tui test: Exited with code 0
@aryee337/aery test: bun test v1.3.14 (0d9b296a) 4x PARALLEL
@aryee337/aery test: 
@aryee337/aery test: src/eval-benchmark/__tests__/engine.test.ts:
@aryee337/aery test: (pass) EvalEngine > emits an observed sample when the rule's matcher fires [0.54ms]
@aryee337/aery test: (pass) EvalEngine > emits a violated sample when the rule's matcher fires and expected is violated [0.14ms]
@aryee337/aery test: (pass) EvalEngine > does not emit when the matcher does not fire [0.10ms]
@aryee337/aery test: (pass) EvalEngine > emits multiple verdicts when multiple rules match [0.23ms]
@aryee337/aery test: (pass) EvalEngine > stops emitting samples past the cap but keeps counters advancing [0.14ms]
@aryee337/aery test: (pass) EvalEngine > caps observed and violated independently [0.14ms]
@aryee337/aery test: (pass) EvalEngine > records turn index on emitted events [0.11ms]
@aryee337/aery test: (pass) EvalEngine > resets counters and clears cap budget [0.16ms]
@aryee337/aery test: (pass) EvalEngine > handles malformed matchers gracefully [0.21ms]
@aryee337/aery test: (pass) EvalEngine > snapshot includes total evaluated and turn count [0.09ms]
@aryee337/aery test: 
@aryee337/aery test: test/memories-runtime.test.ts:
@aryee337/aery test: (pass) memories runtime > startup gating skips when disabled or subagent depth [69.66ms]
@aryee337/aery test: 
@aryee337/aery test: test/discovery/mcp-json.test.ts:
@aryee337/aery test: (pass) standalone mcp.json oauth env expansion > expands standalone auth and oauth fields alongside existing env-expanded fields [14.50ms]
@aryee337/aery test: (pass) standalone mcp.json oauth env expansion > expands only the standalone oauth fields that are present [1.31ms]
@aryee337/aery test: 
@aryee337/aery test: test/memories-runtime.test.ts:
@aryee337/aery test: (pass) memories runtime > startup gating skips when DB is unavailable [79.39ms]
@aryee337/aery test: 
@aryee337/aery test: test/system-prompt-templates.test.ts:
@aryee337/aery test: (pass) system Handlebars prompt templates > parses and compiles every system template [168.13ms]
@aryee337/aery test: (pass) system Handlebars prompt templates > custom-system-prompt renders project section for context and git combinations [52.73ms]
@aryee337/aery test: 
@aryee337/aery test: test/memories-runtime.test.ts:
@aryee337/aery test: (pass) memories runtime > runs phase1 to phase2 and writes consolidated outputs [111.77ms]
@aryee337/aery test: 
@aryee337/aery test: test/system-prompt-templates.test.ts:
@aryee337/aery test: (pass) system Handlebars prompt templates > subagent system owns shared context while user prompt only owns assignment [11.99ms]
@aryee337/aery test: 
@aryee337/aery test: test/memories-runtime.test.ts:
@aryee337/aery test: (pass) memories runtime > clamps stage1 and phase2 reasoning effort against the model's supported range [31.34ms]
@aryee337/aery test: 
@aryee337/aery test: test/system-prompt-templates.test.ts:
@aryee337/aery test: (pass) system Handlebars prompt templates > system-prompt renders MCP discovery hint when enabled [37.48ms]
@aryee337/aery test: 
@aryee337/aery test: test/memories-runtime.test.ts:
@aryee337/aery test: (pass) memories runtime > phase2 sync prunes stale summaries and preserves raw memory ordering [65.88ms]
@aryee337/aery test: 
@aryee337/aery test: test/system-prompt-templates.test.ts:
@aryee337/aery test: (pass) system Handlebars prompt templates > buildSystemPrompt gates memory root URL advertisement [94.23ms]
@aryee337/aery test: (pass) system Handlebars prompt templates > buildSystemPrompt keeps system and project as separate ordered blocks with date context in project [6.04ms]
@aryee337/aery test: 
@aryee337/aery test: test/memories-runtime.test.ts:
@aryee337/aery test: (pass) memories runtime > phase2 empty-input cleanup removes consolidated files and skills dir [45.91ms]
@aryee337/aery test: (pass) buildMemoryToolDeveloperInstructions > returns undefined for missing or empty summaries [5.04ms]
@aryee337/aery test: 
@aryee337/aery test: test/system-prompt-templates.test.ts:
@aryee337/aery test: (pass) system Handlebars prompt templates > buildSystemPrompt renders workspace tree after directory context in project prompt [10.27ms]
@aryee337/aery test: 
@aryee337/aery test: test/memories-runtime.test.ts:
@aryee337/aery test: (pass) buildMemoryToolDeveloperInstructions > renders payload with truncation for non-empty summary [5.35ms]
@aryee337/aery test: 
@aryee337/aery test: test/system-prompt-templates.test.ts:
@aryee337/aery test: (pass) system Handlebars prompt templates > buildSystemPrompt deduplicates always-apply rules already present in SYSTEM.md [14.91ms]
@aryee337/aery test: (pass) system Handlebars prompt templates > buildSystemPrompt deduplicates always-apply rules already present in customPrompt [1.92ms]
@aryee337/aery test: (pass) system Handlebars prompt templates > buildSystemPromptToolMetadata captures custom wire names [0.55ms]
@aryee337/aery test: 
@aryee337/aery test: test/discovery/monorepo-skills.test.ts:
@aryee337/aery test: (pass) monorepo skill discovery > finds skills in ancestor .aery/skills/ directories [10.46ms]
@aryee337/aery test: (pass) monorepo skill discovery > closest skill wins when same name exists at multiple levels [6.99ms]
@aryee337/aery test: (pass) monorepo skill discovery > works when no ancestor has skills [1.45ms]
@aryee337/aery test: (pass) monorepo skill discovery > finds skills across multiple ancestor levels [4.58ms]
@aryee337/aery test: 
@aryee337/aery test: test/system-prompt-templates.test.ts:
@aryee337/aery test: (pass) system Handlebars prompt templates > buildSystemPrompt references overridden tool wire names [22.76ms]
@aryee337/aery test: 
@aryee337/aery test: test/discovery/monorepo-skills.test.ts:
@aryee337/aery test: (pass) monorepo skill discovery > walk-up stops at repo root and does not find skills above it [3.62ms]
@aryee337/aery test: 
@aryee337/aery test: test/system-prompt-templates.test.ts:
@aryee337/aery test: (pass) system Handlebars prompt templates > buildSystemPrompt omits CPU info when os.cpus fails [5.97ms]
@aryee337/aery test: 
@aryee337/aery test: test/memories-storage.test.ts:
@aryee337/aery test: (pass) memories/storage > claimStage1Jobs excludes explicitly blocked thread IDs [3.96ms]
@aryee337/aery test: (pass) memories/storage > markGlobalPhase2FailedUnowned recovers lost ownership [2.29ms]
@aryee337/aery test: (pass) memories/storage > enqueueGlobalWatermark force-dirties when watermark does not advance [7.64ms]
@aryee337/aery test: (pass) memories/storage > clearMemoryData removes thread/output/job state [2.31ms]
@aryee337/aery test: 
@aryee337/aery test: test/discovery/pi-config-dir.test.ts:
@aryee337/aery test: (pass) PI_CONFIG_DIR > getUserPath uses PI_CONFIG_DIR for native userAgent [0.28ms]
@aryee337/aery test: (pass) PI_CONFIG_DIR > getConfigDirs respects PI_CONFIG_DIR for user base [0.45ms]
@aryee337/aery test: 
@aryee337/aery test: test/memories/instructions.test.ts:
@aryee337/aery test: (pass) buildMemoryToolDeveloperInstructions > uses memory:// URLs and does not expose raw memory root paths [2.70ms]
@aryee337/aery test: 
@aryee337/aery test: test/memories/isolation.test.ts:
@aryee337/aery test: (pass) memory project isolation > listStage1OutputsForGlobal filters by cwd [9.33ms]
@aryee337/aery test: (pass) memory project isolation > enqueueGlobalWatermark creates separate job rows per project [4.92ms]
@aryee337/aery test: (pass) memory project isolation > tryClaimGlobalPhase2Job claims only the requested project's job [4.76ms]
@aryee337/aery test: 
@aryee337/aery test: test/memory-backend-resolve.test.ts:
@aryee337/aery test: (pass) resolveMemoryBackend > returns the hindsight backend when memory.backend is hindsight, regardless of legacy memories.enabled [0.68ms]
@aryee337/aery test: 
@aryee337/aery test: src/eval/__tests__/agent-bridge.test.ts:
@aryee337/aery test: (pass) runEvalAgent > resolves the default task agent and agentType overrides [42.24ms]
@aryee337/aery test: (pass) runEvalAgent > throws for an unknown agent [0.57ms]
@aryee337/aery test: (pass) runEvalAgent > enforces spawn restrictions and the eval recursion cap [0.61ms]
@aryee337/aery test: (pass) runEvalAgent > throws instead of spawning from plan mode [1.54ms]
@aryee337/aery test: (pass) runEvalAgent > passes the parent execution context and only sets outputSchema when schema is supplied [17.00ms]
@aryee337/aery test: (pass) runEvalAgent > maps successful and failed subagent results [3.54ms]
@aryee337/aery test: 
@aryee337/aery test: test/memory-session-storage.test.ts:
@aryee337/aery test: (pass) MemorySessionStorage chunked mirror (F2) > writeLineSync builds the same content as a single writeTextSync of the join [29.79ms]
@aryee337/aery test: (pass) MemorySessionStorage chunked mirror (F2) > statSync reports UTF-8 byte length, not character count [0.53ms]
@aryee337/aery test: (pass) MemorySessionStorage chunked mirror (F2) > readTextPrefix walks chunks until the byte budget is exhausted [0.92ms]
@aryee337/aery test: (pass) MemorySessionStorage chunked mirror (F2) > subsequent writeLineSync after readTextSync stays O(1) (chunks preserved) [7.22ms]
@aryee337/aery test: (pass) MemorySessionStorage chunked mirror (F2) > writeTextSync resets the chunks and byte counter (overwrite semantics) [0.29ms]
@aryee337/aery test: 
@aryee337/aery test: test/memory-tools.test.ts:
@aryee337/aery test: (pass) Hindsight tool factories > retain/recall/reflect factories return null when memory.backend !== hindsight [0.74ms]
@aryee337/aery test: (pass) Hindsight tool factories > retain/recall/reflect factories return tool instances when memory.backend === hindsight [0.49ms]
@aryee337/aery test: (pass) Mnemopi tool factories > memory tool factories gate on supported backends [0.38ms]
@aryee337/aery test: (pass) Mnemopi tool factories > retain/recall/reflect/edit factories return tool instances when memory.backend === mnemopi [9.51ms]
@aryee337/aery test: (pass) retain.execute > queues the memory and reports success without calling the API [1.70ms]
@aryee337/aery test: (pass) retain.execute > flushes a multi-item tool call as a single retainBatch call with per-item context [8.02ms]
@aryee337/aery test: (pass) retain.execute > emits a UI-only warning notice when the batch flush fails [15.62ms]
@aryee337/aery test: (pass) retain.execute > throws when no per-session state is registered [0.74ms]
@aryee337/aery test: (pass) retain.execute (Mnemopi backend) > writes memories synchronously and returns a stored success message [42.82ms]
@aryee337/aery test: (pass) retain.execute (Mnemopi backend) > stores multiple memories and returns correct count [23.01ms]
@aryee337/aery test: (pass) retain.execute (Mnemopi backend) > isolates memories between projects when scoping is per-project [53.44ms]
@aryee337/aery test: (pass) retain.execute (Mnemopi backend) > throws when no per-session Mnemopi state is registered [0.35ms]
@aryee337/aery test: (pass) Mnemopi backend lifecycle > auto-retain uses the cumulative transcript turn count [16.97ms]
@aryee337/aery test: (pass) Mnemopi backend lifecycle > registers subagent aliases from parent Mnemopi state without Hindsight [22.18ms]
@aryee337/aery test: 
@aryee337/aery test: src/eval/__tests__/agent-bridge.test.ts:
@aryee337/aery test: (pass) agent() through eval runtimes > exposes agent() in JavaScript and parses structured output [736.69ms]
@aryee337/aery test: 
@aryee337/aery test: test/memory-tools.test.ts:
@aryee337/aery test: (pass) Mnemopi backend lifecycle > clears every scoped Mnemopi database for per-project-tagged mode [38.97ms]
@aryee337/aery test: (pass) Mnemopi backend lifecycle > derives valid project banks from the absolute project root [19.16ms]
@aryee337/aery test: (pass) recall.execute > returns the no-results sentinel when recall yields empty [0.75ms]
@aryee337/aery test: (pass) recall.execute > formats non-empty results with count + UTC timestamp header [0.70ms]
@aryee337/aery test: (pass) recall.execute > forwards recall tags + tagsMatch from session state when present [0.54ms]
@aryee337/aery test: (pass) recall.execute > rethrows underlying client errors [1.74ms]
@aryee337/aery test: (pass) recall.execute (Mnemopi backend) > returns the no-results sentinel when empty [23.90ms]
@aryee337/aery test: (pass) recall.execute (Mnemopi backend) > returns a populated text block when a retained memory exists [20.15ms]
@aryee337/aery test: (pass) recall.execute (Mnemopi backend) > shares memories across projects when scoping is global [23.50ms]
@aryee337/aery test: (pass) recall.execute (Mnemopi backend) > merges global and project-local memories on recall when scoping is per-project-tagged [95.62ms]
@aryee337/aery test: (pass) recall.execute (Mnemopi backend) > throws when no per-session Mnemopi state is registered [0.60ms]
@aryee337/aery test: (pass) memory_edit.execute (Mnemopi backend) > updates a working memory by recall id [26.98ms]
@aryee337/aery test: (pass) memory_edit.execute (Mnemopi backend) > forgets a working memory by recall id [24.44ms]
@aryee337/aery test: (pass) memory_edit.execute (Mnemopi backend) > invalidates a working memory by recall id [26.62ms]
@aryee337/aery test: (pass) memory_edit.execute (Mnemopi backend) > reports not_found for unknown ids [19.37ms]
@aryee337/aery test: (pass) memory_edit.execute (Mnemopi backend) > throws when no per-session Mnemopi state is registered [0.32ms]
@aryee337/aery test: (pass) memory_edit.execute (Mnemopi backend) > renders backend stats and diagnostics for scoped banks [33.18ms]
@aryee337/aery test: (pass) reflect.execute > returns the reflect text and forwards context [1.05ms]
@aryee337/aery test: (pass) reflect.execute > falls back to a sentinel when reflect returns blank text [0.31ms]
@aryee337/aery test: (pass) reflect.execute (Mnemopi backend) > returns the no-results sentinel when empty [20.60ms]
@aryee337/aery test: (pass) reflect.execute (Mnemopi backend) > returns a synthesized text block based on recalled memories when data exists [22.90ms]
@aryee337/aery test: (pass) reflect.execute (Mnemopi backend) > includes additional context in the query when provided [20.24ms]
@aryee337/aery test: (pass) reflect.execute (Mnemopi backend) > merges global and project-local memories on reflect when scoping is per-project-tagged [50.11ms]
@aryee337/aery test: (pass) reflect.execute (Mnemopi backend) > throws when no per-session Mnemopi state is registered [0.43ms]
@aryee337/aery test: 
@aryee337/aery test: test/task/autoload-skills.test.ts:
@aryee337/aery test: 3190 | 						? D
@aryee337/aery test: 3191 | 						: never;
@aryee337/aery test: 3192 | 
@aryee337/aery test: 3193 | /** Get the default value for a setting path */
@aryee337/aery test: 3194 | export function getDefault<P extends SettingPath>(path: P): SettingValue<P> {
@aryee337/aery test: 3195 | 	return SETTINGS_SCHEMA[path].default as SettingValue<P>;
@aryee337/aery test:                                ^
@aryee337/aery test: TypeError: undefined is not an object (evaluating 'SETTINGS_SCHEMA[path].default')
@aryee337/aery test:       at getDefault (/home/aryee/aery/ai_agent/aery/packages/coding-agent/src/config/settings-schema.ts:3195:25)
@aryee337/aery test:       at <anonymous> (/home/aryee/aery/ai_agent/aery/packages/coding-agent/src/task/executor.ts:1579:55)
@aryee337/aery test:       at async runSubprocess (/home/aryee/aery/ai_agent/aery/packages/coding-agent/src/task/executor.ts:1608:3)
@aryee337/aery test:       at async <anonymous> (/home/aryee/aery/ai_agent/aery/packages/coding-agent/test/task/autoload-skills.test.ts:139:9)
@aryee337/aery test: (fail) autoloadSkills in executor > calls sendCustomMessage for each autoloaded skill before prompt [58.94ms]
@aryee337/aery test: 3190 | 						? D
@aryee337/aery test: 3191 | 						: never;
@aryee337/aery test: 3192 | 
@aryee337/aery test: 3193 | /** Get the default value for a setting path */
@aryee337/aery test: 3194 | export function getDefault<P extends SettingPath>(path: P): SettingValue<P> {
@aryee337/aery test: 3195 | 	return SETTINGS_SCHEMA[path].default as SettingValue<P>;
@aryee337/aery test:                                ^
@aryee337/aery test: TypeError: undefined is not an object (evaluating 'SETTINGS_SCHEMA[path].default')
@aryee337/aery test:       at getDefault (/home/aryee/aery/ai_agent/aery/packages/coding-agent/src/config/settings-schema.ts:3195:25)
@aryee337/aery test:       at <anonymous> (/home/aryee/aery/ai_agent/aery/packages/coding-agent/src/task/executor.ts:1579:55)
@aryee337/aery test:       at async runSubprocess (/home/aryee/aery/ai_agent/aery/packages/coding-agent/src/task/executor.ts:1608:3)
@aryee337/aery test:       at async <anonymous> (/home/aryee/aery/ai_agent/aery/packages/coding-agent/test/task/autoload-skills.test.ts:189:9)
@aryee337/aery test: (fail) autoloadSkills in executor > does not call sendCustomMessage when autoloadSkills is empty [11.68ms]
@aryee337/aery test: 
@aryee337/aery test: src/eval/__tests__/agent-bridge.test.ts:
@aryee337/aery test: (pass) agent() through eval runtimes > bounds JavaScript parallel() by the task.maxConcurrency setting while preserving order [771.99ms]
@aryee337/aery test: 
@aryee337/aery test: test/task/autoload-skills.test.ts:
@aryee337/aery test: 3190 | 						? D
@aryee337/aery test: 3191 | 						: never;
@aryee337/aery test: 3192 | 
@aryee337/aery test: 3193 | /** Get the default value for a setting path */
@aryee337/aery test: 3194 | export function getDefault<P extends SettingPath>(path: P): SettingValue<P> {
@aryee337/aery test: 3195 | 	return SETTINGS_SCHEMA[path].default as SettingValue<P>;
@aryee337/aery test:                                ^
@aryee337/aery test: TypeError: undefined is not an object (evaluating 'SETTINGS_SCHEMA[path].default')
@aryee337/aery test:       at getDefault (/home/aryee/aery/ai_agent/aery/packages/coding-agent/src/config/settings-schema.ts:3195:25)
@aryee337/aery test:       at <anonymous> (/home/aryee/aery/ai_agent/aery/packages/coding-agent/src/task/executor.ts:1579:55)
@aryee337/aery test:       at async runSubprocess (/home/aryee/aery/ai_agent/aery/packages/coding-agent/src/task/executor.ts:1608:3)
@aryee337/aery test:       at async <anonymous> (/home/aryee/aery/ai_agent/aery/packages/coding-agent/test/task/autoload-skills.test.ts:211:9)
@aryee337/aery test: (fail) autoloadSkills in executor > does not call sendCustomMessage when autoloadSkills is undefined [9.92ms]
@aryee337/aery test: 3190 | 						? D
@aryee337/aery test: 3191 | 						: never;
@aryee337/aery test: 3192 | 
@aryee337/aery test: 3193 | /** Get the default value for a setting path */
@aryee337/aery test: 3194 | export function getDefault<P extends SettingPath>(path: P): SettingValue<P> {
@aryee337/aery test: 3195 | 	return SETTINGS_SCHEMA[path].default as SettingValue<P>;
@aryee337/aery test:                                ^
@aryee337/aery test: TypeError: undefined is not an object (evaluating 'SETTINGS_SCHEMA[path].default')
@aryee337/aery test:       at getDefault (/home/aryee/aery/ai_agent/aery/packages/coding-agent/src/config/settings-schema.ts:3195:25)
@aryee337/aery test:       at <anonymous> (/home/aryee/aery/ai_agent/aery/packages/coding-agent/src/task/executor.ts:1579:55)
@aryee337/aery test:       at async runSubprocess (/home/aryee/aery/ai_agent/aery/packages/coding-agent/src/task/executor.ts:1608:3)
@aryee337/aery test:       at async <anonymous> (/home/aryee/aery/ai_agent/aery/packages/coding-agent/test/task/autoload-skills.test.ts:259:9)
@aryee337/aery test: (fail) autoloadSkills in executor > skill messages are sent before the task prompt [11.11ms]
@aryee337/aery test: 
@aryee337/aery test: src/eval/__tests__/agent-bridge.test.ts:
@aryee337/aery test: (pass) agent() through eval runtimes > propagates JavaScript parallel() rejections [873.79ms]
@aryee337/aery test: 
@aryee337/aery test: test/model-registry-create.test.ts:
@aryee337/aery test: (pass) ModelRegistry.create() factory (F6) > produces an instance whose authStorage matches and that exposes bundled models [983.09ms]
@aryee337/aery test: (pass) ModelRegistry.create() factory (F6) > migrates legacy models.json → models.yml ahead of the sync constructor [136.08ms]
@aryee337/aery test: (pass) ModelRegistry.create() factory (F6) > ConfigFile migration is idempotent — second load is a no-op [1.09ms]
@aryee337/aery test: 
@aryee337/aery test: test/task/executor-subagent-reminders.test.ts:
@aryee337/aery test: 3190 | 						? D
@aryee337/aery test: 3191 | 						: never;
@aryee337/aery test: 3192 | 
@aryee337/aery test: 3193 | /** Get the default value for a setting path */
@aryee337/aery test: 3194 | export function getDefault<P extends SettingPath>(path: P): SettingValue<P> {
@aryee337/aery test: 3195 | 	return SETTINGS_SCHEMA[path].default as SettingValue<P>;
@aryee337/aery test:                                ^
@aryee337/aery test: TypeError: undefined is not an object (evaluating 'SETTINGS_SCHEMA[path].default')
@aryee337/aery test:       at getDefault (/home/aryee/aery/ai_agent/aery/packages/coding-agent/src/config/settings-schema.ts:3195:25)
@aryee337/aery test:       at <anonymous> (/home/aryee/aery/ai_agent/aery/packages/coding-agent/src/task/executor.ts:1579:55)
@aryee337/aery test:       at async runSubprocess (/home/aryee/aery/ai_agent/aery/packages/coding-agent/src/task/executor.ts:1608:3)
@aryee337/aery test:       at async <anonymous> (/home/aryee/aery/ai_agent/aery/packages/coding-agent/test/task/executor-subagent-reminders.test.ts:163:24)
@aryee337/aery test: (fail) runSubprocess yield reminders > waits for session_start extension user messages before prompting the subagent [38.45ms]
@aryee337/aery test: 3190 | 						? D
@aryee337/aery test: 3191 | 						: never;
@aryee337/aery test: 3192 | 
@aryee337/aery test: 3193 | /** Get the default value for a setting path */
@aryee337/aery test: 3194 | export function getDefault<P extends SettingPath>(path: P): SettingValue<P> {
@aryee337/aery test: 3195 | 	return SETTINGS_SCHEMA[path].default as SettingValue<P>;
@aryee337/aery test:                                ^
@aryee337/aery test: TypeError: undefined is not an object (evaluating 'SETTINGS_SCHEMA[path].default')
@aryee337/aery test:       at getDefault (/home/aryee/aery/ai_agent/aery/packages/coding-agent/src/config/settings-schema.ts:3195:25)
@aryee337/aery test:       at <anonymous> (/home/aryee/aery/ai_agent/aery/packages/coding-agent/src/task/executor.ts:1579:55)
@aryee337/aery test:       at async runSubprocess (/home/aryee/aery/ai_agent/aery/packages/coding-agent/src/task/executor.ts:1608:3)
@aryee337/aery test:       at async <anonymous> (/home/aryee/aery/ai_agent/aery/packages/coding-agent/test/task/executor-subagent-reminders.test.ts:192:9)
@aryee337/aery test: (fail) runSubprocess yield reminders > skips modelRegistry.refresh when reusing the parent registry [8.76ms]
@aryee337/aery test: 3190 | 						? D
@aryee337/aery test: 3191 | 						: never;
@aryee337/aery test: 3192 | 
@aryee337/aery test: 3193 | /** Get the default value for a setting path */
@aryee337/aery test: 3194 | export function getDefault<P extends SettingPath>(path: P): SettingValue<P> {
@aryee337/aery test: 3195 | 	return SETTINGS_SCHEMA[path].default as SettingValue<P>;
@aryee337/aery test:                                ^
@aryee337/aery test: TypeError: undefined is not an object (evaluating 'SETTINGS_SCHEMA[path].default')
@aryee337/aery test:       at getDefault (/home/aryee/aery/ai_agent/aery/packages/coding-agent/src/config/settings-schema.ts:3195:25)
@aryee337/aery test:       at <anonymous> (/home/aryee/aery/ai_agent/aery/packages/coding-agent/src/task/executor.ts:1579:55)
@aryee337/aery test:       at async runSubprocess (/home/aryee/aery/ai_agent/aery/packages/coding-agent/src/task/executor.ts:1608:3)
@aryee337/aery test:       at async <anonymous> (/home/aryee/aery/ai_agent/aery/packages/coding-agent/test/task/executor-subagent-reminders.test.ts:215:9)
@aryee337/aery test: (fail) runSubprocess yield reminders > renders shared task context in subagent system prompt before now [11.28ms]
@aryee337/aery test: 3190 | 						? D
@aryee337/aery test: 3191 | 						: never;
@aryee337/aery test: 3192 | 
@aryee337/aery test: 3193 | /** Get the default value for a setting path */
@aryee337/aery test: 3194 | export function getDefault<P extends SettingPath>(path: P): SettingValue<P> {
@aryee337/aery test: 3195 | 	return SETTINGS_SCHEMA[path].default as SettingValue<P>;
@aryee337/aery test:                                ^
@aryee337/aery test: TypeError: undefined is not an object (evaluating 'SETTINGS_SCHEMA[path].default')
@aryee337/aery test:       at getDefault (/home/aryee/aery/ai_agent/aery/packages/coding-agent/src/config/settings-schema.ts:3195:25)
@aryee337/aery test:       at <anonymous> (/home/aryee/aery/ai_agent/aery/packages/coding-agent/src/task/executor.ts:1579:55)
@aryee337/aery test:       at async runSubprocess (/home/aryee/aery/ai_agent/aery/packages/coding-agent/src/task/executor.ts:1608:3)
@aryee337/aery test:       at async <anonymous> (/home/aryee/aery/ai_agent/aery/packages/coding-agent/test/task/executor-subagent-reminders.test.ts:263:24)
@aryee337/aery test: (fail) runSubprocess yield reminders > sends reminder prompt when subagent stops without yield [23.92ms]
@aryee337/aery test: 3190 | 						? D
@aryee337/aery test: 3191 | 						: never;
@aryee337/aery test: 3192 | 
@aryee337/aery test: 3193 | /** Get the default value for a setting path */
@aryee337/aery test: 3194 | export function getDefault<P extends SettingPath>(path: P): SettingValue<P> {
@aryee337/aery test: 3195 | 	return SETTINGS_SCHEMA[path].default as SettingValue<P>;
@aryee337/aery test:                                ^
@aryee337/aery test: TypeError: undefined is not an object (evaluating 'SETTINGS_SCHEMA[path].default')
@aryee337/aery test:       at getDefault (/home/aryee/aery/ai_agent/aery/packages/coding-agent/src/config/settings-schema.ts:3195:25)
@aryee337/aery test:       at <anonymous> (/home/aryee/aery/ai_agent/aery/packages/coding-agent/src/task/executor.ts:1579:55)
@aryee337/aery test:       at async runSubprocess (/home/aryee/aery/ai_agent/aery/packages/coding-agent/src/task/executor.ts:1608:3)
@aryee337/aery test:       at async <anonymous> (/home/aryee/aery/ai_agent/aery/packages/coding-agent/test/task/executor-subagent-reminders.test.ts:295:24)
@aryee337/aery test: (fail) runSubprocess yield reminders > keeps null yield warning when subagent submits success without data [10.52ms]
@aryee337/aery test: 3190 | 						? D
@aryee337/aery test: 3191 | 						: never;
@aryee337/aery test: 3192 | 
@aryee337/aery test: 3193 | /** Get the default value for a setting path */
@aryee337/aery test: 3194 | export function getDefault<P extends SettingPath>(path: P): SettingValue<P> {
@aryee337/aery test: 3195 | 	return SETTINGS_SCHEMA[path].default as SettingValue<P>;
@aryee337/aery test:                                ^
@aryee337/aery test: TypeError: undefined is not an object (evaluating 'SETTINGS_SCHEMA[path].default')
@aryee337/aery test:       at getDefault (/home/aryee/aery/ai_agent/aery/packages/coding-agent/src/config/settings-schema.ts:3195:25)
@aryee337/aery test:       at <anonymous> (/home/aryee/aery/ai_agent/aery/packages/coding-agent/src/task/executor.ts:1579:55)
@aryee337/aery test:       at async runSubprocess (/home/aryee/aery/ai_agent/aery/packages/coding-agent/src/task/executor.ts:1608:3)
@aryee337/aery test:       at async <anonymous> (/home/aryee/aery/ai_agent/aery/packages/coding-agent/test/task/executor-subagent-reminders.test.ts:333:24)
@aryee337/aery test: (fail) runSubprocess yield reminders > retries when yield tool returns an error before succeeding [16.61ms]
@aryee337/aery test: 3190 | 						? D
@aryee337/aery test: 3191 | 						: never;
@aryee337/aery test: 3192 | 
@aryee337/aery test: 3193 | /** Get the default value for a setting path */
@aryee337/aery test: 3194 | export function getDefault<P extends SettingPath>(path: P): SettingValue<P> {
@aryee337/aery test: 3195 | 	return SETTINGS_SCHEMA[path].default as SettingValue<P>;
@aryee337/aery test:                                ^
@aryee337/aery test: TypeError: undefined is not an object (evaluating 'SETTINGS_SCHEMA[path].default')
@aryee337/aery test:       at getDefault (/home/aryee/aery/ai_agent/aery/packages/coding-agent/src/config/settings-schema.ts:3195:25)
@aryee337/aery test:       at <anonymous> (/home/aryee/aery/ai_agent/aery/packages/coding-agent/src/task/executor.ts:1579:55)
@aryee337/aery test:       at async runSubprocess (/home/aryee/aery/ai_agent/aery/packages/coding-agent/src/task/executor.ts:1608:3)
@aryee337/aery test:       at async <anonymous> (/home/aryee/aery/ai_agent/aery/packages/coding-agent/test/task/executor-subagent-reminders.test.ts:360:9)
@aryee337/aery test: (fail) runSubprocess yield reminders > uses provided thinking level when model override has no explicit suffix [13.40ms]
@aryee337/aery test: 3190 | 						? D
@aryee337/aery test: 3191 | 						: never;
@aryee337/aery test: 3192 | 
@aryee337/aery test: 3193 | /** Get the default value for a setting path */
@aryee337/aery test: 3194 | export function getDefault<P extends SettingPath>(path: P): SettingValue<P> {
@aryee337/aery test: 3195 | 	return SETTINGS_SCHEMA[path].default as SettingValue<P>;
@aryee337/aery test:                                ^
@aryee337/aery test: TypeError: undefined is not an object (evaluating 'SETTINGS_SCHEMA[path].default')
@aryee337/aery test:       at getDefault (/home/aryee/aery/ai_agent/aery/packages/coding-agent/src/config/settings-schema.ts:3195:25)
@aryee337/aery test:       at <anonymous> (/home/aryee/aery/ai_agent/aery/packages/coding-agent/src/task/executor.ts:1579:55)
@aryee337/aery test:       at async runSubprocess (/home/aryee/aery/ai_agent/aery/packages/coding-agent/src/task/executor.ts:1608:3)
@aryee337/aery test:       at async <anonymous> (/home/aryee/aery/ai_agent/aery/packages/coding-agent/test/task/executor-subagent-reminders.test.ts:402:10)
@aryee337/aery test: (fail) runSubprocess yield reminders > prefers explicit modelOverride thinking suffix over provided thinking level, including off [11.20ms]
@aryee337/aery test: 3190 | 						? D
@aryee337/aery test: 3191 | 						: never;
@aryee337/aery test: 3192 | 
@aryee337/aery test: 3193 | /** Get the default value for a setting path */
@aryee337/aery test: 3194 | export function getDefault<P extends SettingPath>(path: P): SettingValue<P> {
@aryee337/aery test: 3195 | 	return SETTINGS_SCHEMA[path].default as SettingValue<P>;
@aryee337/aery test:                                ^
@aryee337/aery test: TypeError: undefined is not an object (evaluating 'SETTINGS_SCHEMA[path].default')
@aryee337/aery test:       at getDefault (/home/aryee/aery/ai_agent/aery/packages/coding-agent/src/config/settings-schema.ts:3195:25)
@aryee337/aery test:       at <anonymous> (/home/aryee/aery/ai_agent/aery/packages/coding-agent/src/task/executor.ts:1579:55)
@aryee337/aery test:       at async runSubprocess (/home/aryee/aery/ai_agent/aery/packages/coding-agent/src/task/executor.ts:1608:3)
@aryee337/aery test:       at async <anonymous> (/home/aryee/aery/ai_agent/aery/packages/coding-agent/test/task/executor-subagent-reminders.test.ts:426:24)
@aryee337/aery test: (fail) runSubprocess yield reminders > fails after 3 reminders when yield is never called for a structured task [7.94ms]
@aryee337/aery test: 3190 | 						? D
@aryee337/aery test: 3191 | 						: never;
@aryee337/aery test: 3192 | 
@aryee337/aery test: 3193 | /** Get the default value for a setting path */
@aryee337/aery test: 3194 | export function getDefault<P extends SettingPath>(path: P): SettingValue<P> {
@aryee337/aery test: 3195 | 	return SETTINGS_SCHEMA[path].default as SettingValue<P>;
@aryee337/aery test:                                ^
@aryee337/aery test: TypeError: undefined is not an object (evaluating 'SETTINGS_SCHEMA[path].default')
@aryee337/aery test:       at getDefault (/home/aryee/aery/ai_agent/aery/packages/coding-agent/src/config/settings-schema.ts:3195:25)
@aryee337/aery test:       at <anonymous> (/home/aryee/aery/ai_agent/aery/packages/coding-agent/src/task/executor.ts:1579:55)
@aryee337/aery test:       at async runSubprocess (/home/aryee/aery/ai_agent/aery/packages/coding-agent/src/task/executor.ts:1608:3)
@aryee337/aery test:       at async <anonymous> (/home/aryee/aery/ai_agent/aery/packages/coding-agent/test/task/executor-subagent-reminders.test.ts:459:24)
@aryee337/aery test: (fail) runSubprocess yield reminders > surfaces abort reason when yield reports aborted status [9.15ms]
@aryee337/aery test: (pass) runSubprocess yield reminders > marks pre-aborted subprocess with a concrete reason [0.33ms]
@aryee337/aery test: 3190 | 						? D
@aryee337/aery test: 3191 | 						: never;
@aryee337/aery test: 3192 | 
@aryee337/aery test: 3193 | /** Get the default value for a setting path */
@aryee337/aery test: 3194 | export function getDefault<P extends SettingPath>(path: P): SettingValue<P> {
@aryee337/aery test: 3195 | 	return SETTINGS_SCHEMA[path].default as SettingValue<P>;
@aryee337/aery test:                                ^
@aryee337/aery test: TypeError: undefined is not an object (evaluating 'SETTINGS_SCHEMA[path].default')
@aryee337/aery test:       at getDefault (/home/aryee/aery/ai_agent/aery/packages/coding-agent/src/config/settings-schema.ts:3195:25)
@aryee337/aery test:       at <anonymous> (/home/aryee/aery/ai_agent/aery/packages/coding-agent/src/task/executor.ts:1579:55)
@aryee337/aery test:       at async runSubprocess (/home/aryee/aery/ai_agent/aery/packages/coding-agent/src/task/executor.ts:1608:3)
@aryee337/aery test:       at async <anonymous> (/home/aryee/aery/ai_agent/aery/packages/coding-agent/test/task/executor-subagent-reminders.test.ts:498:9)
@aryee337/aery test: (fail) runSubprocess yield reminders > uses modelRegistry.authStorage when only options.modelRegistry is provided [45.06ms]
@aryee337/aery test: (pass) runSubprocess yield reminders > rejects when options.authStorage and options.modelRegistry.authStorage are different instances [3.01ms]
@aryee337/aery test: 3190 | 						? D
@aryee337/aery test: 3191 | 						: never;
@aryee337/aery test: 3192 | 
@aryee337/aery test: 3193 | /** Get the default value for a setting path */
@aryee337/aery test: 3194 | export function getDefault<P extends SettingPath>(path: P): SettingValue<P> {
@aryee337/aery test: 3195 | 	return SETTINGS_SCHEMA[path].default as SettingValue<P>;
@aryee337/aery test:                                ^
@aryee337/aery test: TypeError: undefined is not an object (evaluating 'SETTINGS_SCHEMA[path].default')
@aryee337/aery test:       at getDefault (/home/aryee/aery/ai_agent/aery/packages/coding-agent/src/config/settings-schema.ts:3195:25)
@aryee337/aery test:       at <anonymous> (/home/aryee/aery/ai_agent/aery/packages/coding-agent/src/task/executor.ts:1579:55)
@aryee337/aery test:       at async runSubprocess (/home/aryee/aery/ai_agent/aery/packages/coding-agent/src/task/executor.ts:1608:3)
@aryee337/aery test:       at async <anonymous> (/home/aryee/aery/ai_agent/aery/packages/coding-agent/test/task/executor-subagent-reminders.test.ts:551:24)
@aryee337/aery test: (fail) runSubprocess yield reminders > logs reminder-loop aborts at debug, not error (issue #1623) [3.18ms]
@aryee337/aery test: 3190 | 						? D
@aryee337/aery test: 3191 | 						: never;
@aryee337/aery test: 3192 | 
@aryee337/aery test: 3193 | /** Get the default value for a setting path */
@aryee337/aery test: 3194 | export function getDefault<P extends SettingPath>(path: P): SettingValue<P> {
@aryee337/aery test: 3195 | 	return SETTINGS_SCHEMA[path].default as SettingValue<P>;
@aryee337/aery test:                                ^
@aryee337/aery test: TypeError: undefined is not an object (evaluating 'SETTINGS_SCHEMA[path].default')
@aryee337/aery test:       at getDefault (/home/aryee/aery/ai_agent/aery/packages/coding-agent/src/config/settings-schema.ts:3195:25)
@aryee337/aery test:       at <anonymous> (/home/aryee/aery/ai_agent/aery/packages/coding-agent/src/task/executor.ts:1579:55)
@aryee337/aery test:       at async runSubprocess (/home/aryee/aery/ai_agent/aery/packages/coding-agent/src/task/executor.ts:1608:3)
@aryee337/aery test:       at async <anonymous> (/home/aryee/aery/ai_agent/aery/packages/coding-agent/test/task/executor-subagent-reminders.test.ts:618:9)
@aryee337/aery test: (fail) runSubprocess telemetry propagation > derives subagent telemetry from parent: keeps tracer/hooks, swaps agent identity, clears conversationId [4.89ms]
@aryee337/aery test: 3190 | 						? D
@aryee337/aery test: 3191 | 						: never;
@aryee337/aery test: 3192 | 
@aryee337/aery test: 3193 | /** Get the default value for a setting path */
@aryee337/aery test: 3194 | export function getDefault<P extends SettingPath>(path: P): SettingValue<P> {
@aryee337/aery test: 3195 | 	return SETTINGS_SCHEMA[path].default as SettingValue<P>;
@aryee337/aery test:                                ^
@aryee337/aery test: TypeError: undefined is not an object (evaluating 'SETTINGS_SCHEMA[path].default')
@aryee337/aery test:       at getDefault (/home/aryee/aery/ai_agent/aery/packages/coding-agent/src/config/settings-schema.ts:3195:25)
@aryee337/aery test:       at <anonymous> (/home/aryee/aery/ai_agent/aery/packages/coding-agent/src/task/executor.ts:1579:55)
@aryee337/aery test:       at async runSubprocess (/home/aryee/aery/ai_agent/aery/packages/coding-agent/src/task/executor.ts:1608:3)
@aryee337/aery test:       at async <anonymous> (/home/aryee/aery/ai_agent/aery/packages/coding-agent/test/task/executor-subagent-reminders.test.ts:642:9)
@aryee337/aery test: (fail) runSubprocess telemetry propagation > forwards no telemetry when the parent has none [3.06ms]
@aryee337/aery test: 
@aryee337/aery test: test/edit-auto-generated-regressions.test.ts:
@aryee337/aery test: (pass) auto-generated streaming abort fires even when edit.streamingAbort is disabled [1554.44ms]
@aryee337/aery test: (pass) multi-entry edit on an auto-generated file surfaces isError + error text instead of silently faking success [73.49ms]
@aryee337/aery test: 
@aryee337/aery test: src/eval/__tests__/agent-bridge.test.ts:
@aryee337/aery test: (pass) agent() through eval runtimes > exposes agent() in the Python runtime [1184.63ms]
@aryee337/aery test: 
@aryee337/aery test: test/edit-auto-generated-regressions.test.ts:
@aryee337/aery test: (pass) agent-loop propagates explicit isError from a tool result to the wire [105.67ms]
@aryee337/aery test: 
@aryee337/aery test: test/edit-diff.test.ts:
@aryee337/aery test: (pass) findMatch > exact matching > finds exact match [5.33ms]
@aryee337/aery test: (pass) findMatch > exact matching > reports multiple occurrences [0.43ms]
@aryee337/aery test: (pass) findMatch > exact matching > returns empty for no match [4.48ms]
@aryee337/aery test: (pass) findMatch > tab/space normalization > matches tabs in file with spaces in target [0.18ms]
@aryee337/aery test: (pass) findMatch > tab/space normalization > matches spaces in file with tabs in target [0.11ms]
@aryee337/aery test: (pass) findMatch > tab/space normalization > matches different space counts with same relative structure [0.09ms]
@aryee337/aery test: (pass) findMatch > tab/space normalization > matches single line with different indentation [0.17ms]
@aryee337/aery test: (pass) findMatch > fallback for inconsistent indentation > matches despite one line with wrong indentation in file [3.23ms]
@aryee337/aery test: (pass) findMatch > fallback for inconsistent indentation > matches when target has consistent indent but file varies [0.36ms]
@aryee337/aery test: (pass) findMatch > content matching > collapses internal whitespace [0.19ms]
@aryee337/aery test: (pass) findMatch > content matching > matches with trailing whitespace differences [0.13ms]
@aryee337/aery test: (pass) findMatch > threshold behavior > respects custom similarity threshold [0.84ms]
@aryee337/aery test: (pass) findMatch > threshold behavior > reports fuzzyMatches count when multiple above threshold [0.23ms]
@aryee337/aery test: (pass) findMatch > edge cases > handles empty target [0.07ms]
@aryee337/aery test: (pass) findMatch > edge cases > handles empty lines in content [0.08ms]
@aryee337/aery test: (pass) findMatch > edge cases > handles target longer than content [0.18ms]
@aryee337/aery test: (pass) adjustIndentation > adds indentation when actualText is more indented than oldText [3.17ms]
@aryee337/aery test: (pass) adjustIndentation > removes indentation when actualText is less indented [0.14ms]
@aryee337/aery test: (pass) adjustIndentation > preserves empty lines [0.20ms]
@aryee337/aery test: (pass) adjustIndentation > returns unchanged when indentation matches [0.09ms]
@aryee337/aery test: (pass) adjustIndentation > uses tab from actualText when adding indentation [0.09ms]
@aryee337/aery test: (pass) adjustIndentation > handles mixed content with different indent levels [0.10ms]
@aryee337/aery test: (pass) adjustIndentation > does not go negative on removal [0.07ms]
@aryee337/aery test: (pass) computeHashlineDiff > returns no-op error for unchanged content when move is absent [20.61ms]
@aryee337/aery test: (pass) computeHashlineDiff > accepts hashline input edits [26.72ms]
@aryee337/aery test: (pass) computeHashlineDiff > rejects a tagless head/tail insert in the preview path, matching apply [1.24ms]
@aryee337/aery test: (pass) computeHashlineDiff > returns a handled error when the source path is a local URL [0.73ms]
@aryee337/aery test: (pass) computeEditDiff > returns a handled error when the source path is a local URL [1.42ms]
@aryee337/aery test: 
@aryee337/aery test: test/task/executor-wall-clock.test.ts:
@aryee337/aery test: 3190 | 						? D
@aryee337/aery test: 3191 | 						: never;
@aryee337/aery test: 3192 | 
@aryee337/aery test: 3193 | /** Get the default value for a setting path */
@aryee337/aery test: 3194 | export function getDefault<P extends SettingPath>(path: P): SettingValue<P> {
@aryee337/aery test: 3195 | 	return SETTINGS_SCHEMA[path].default as SettingValue<P>;
@aryee337/aery test:                                ^
@aryee337/aery test: TypeError: undefined is not an object (evaluating 'SETTINGS_SCHEMA[path].default')
@aryee337/aery test:       at getDefault (/home/aryee/aery/ai_agent/aery/packages/coding-agent/src/config/settings-schema.ts:3195:25)
@aryee337/aery test:       at <anonymous> (/home/aryee/aery/ai_agent/aery/packages/coding-agent/src/task/executor.ts:1579:55)
@aryee337/aery test:       at async runSubprocess (/home/aryee/aery/ai_agent/aery/packages/coding-agent/src/task/executor.ts:1608:3)
@aryee337/aery test:       at async <anonymous> (/home/aryee/aery/ai_agent/aery/packages/coding-agent/test/task/executor-wall-clock.test.ts:98:24)
@aryee337/aery test: (fail) runSubprocess wall clock (task.maxRuntimeMs) > aborts a stalled subagent and surfaces a runtime-limit reason [55.91ms]
@aryee337/aery test: 3190 | 						? D
@aryee337/aery test: 3191 | 						: never;
@aryee337/aery test: 3192 | 
@aryee337/aery test: 3193 | /** Get the default value for a setting path */
@aryee337/aery test: 3194 | export function getDefault<P extends SettingPath>(path: P): SettingValue<P> {
@aryee337/aery test: 3195 | 	return SETTINGS_SCHEMA[path].default as SettingValue<P>;
@aryee337/aery test:                                ^
@aryee337/aery test: TypeError: undefined is not an object (evaluating 'SETTINGS_SCHEMA[path].default')
@aryee337/aery test:       at getDefault (/home/aryee/aery/ai_agent/aery/packages/coding-agent/src/config/settings-schema.ts:3195:25)
@aryee337/aery test:       at <anonymous> (/home/aryee/aery/ai_agent/aery/packages/coding-agent/src/task/executor.ts:1579:55)
@aryee337/aery test:       at async runSubprocess (/home/aryee/aery/ai_agent/aery/packages/coding-agent/src/task/executor.ts:1608:3)
@aryee337/aery test:       at async <anonymous> (/home/aryee/aery/ai_agent/aery/packages/coding-agent/test/task/executor-wall-clock.test.ts:151:24)
@aryee337/aery test: (fail) runSubprocess wall clock (task.maxRuntimeMs) > does not abort early when the runtime budget is unlimited [5.70ms]
@aryee337/aery test: 
@aryee337/aery test: test/model-registry-runtime-cleanup.test.ts:
@aryee337/aery test: (pass) ModelRegistry runtime source cleanup > clearSourceRegistrations removes runtime overlays and fallback auth for that source [1081.16ms]
@aryee337/aery test: 
@aryee337/aery test: test/task/executor-wall-clock.test.ts:
@aryee337/aery test: (pass) runSubprocess wall clock (task.maxRuntimeMs) > aborts before prompting when the timer fires during session setup [58.23ms]
@aryee337/aery test: 3190 | 						? D
@aryee337/aery test: 3191 | 						: never;
@aryee337/aery test: 3192 | 
@aryee337/aery test: 3193 | /** Get the default value for a setting path */
@aryee337/aery test: 3194 | export function getDefault<P extends SettingPath>(path: P): SettingValue<P> {
@aryee337/aery test: 3195 | 	return SETTINGS_SCHEMA[path].default as SettingValue<P>;
@aryee337/aery test:                                ^
@aryee337/aery test: TypeError: undefined is not an object (evaluating 'SETTINGS_SCHEMA[path].default')
@aryee337/aery test:       at getDefault (/home/aryee/aery/ai_agent/aery/packages/coding-agent/src/config/settings-schema.ts:3195:25)
@aryee337/aery test:       at <anonymous> (/home/aryee/aery/ai_agent/aery/packages/coding-agent/src/task/executor.ts:1579:55)
@aryee337/aery test:       at async runSubprocess (/home/aryee/aery/ai_agent/aery/packages/coding-agent/src/task/executor.ts:1608:3)
@aryee337/aery test:       at async <anonymous> (/home/aryee/aery/ai_agent/aery/packages/coding-agent/test/task/executor-wall-clock.test.ts:246:24)
@aryee337/aery test: (fail) runSubprocess wall clock (task.maxRuntimeMs) > a late successful yield does not flip a timed-out run to success [35.48ms]
@aryee337/aery test: 3190 | 						? D
@aryee337/aery test: 3191 | 						: never;
@aryee337/aery test: 3192 | 
@aryee337/aery test: 3193 | /** Get the default value for a setting path */
@aryee337/aery test: 3194 | export function getDefault<P extends SettingPath>(path: P): SettingValue<P> {
@aryee337/aery test: 3195 | 	return SETTINGS_SCHEMA[path].default as SettingValue<P>;
@aryee337/aery test:                                ^
@aryee337/aery test: TypeError: undefined is not an object (evaluating 'SETTINGS_SCHEMA[path].default')
@aryee337/aery test:       at getDefault (/home/aryee/aery/ai_agent/aery/packages/coding-agent/src/config/settings-schema.ts:3195:25)
@aryee337/aery test:       at <anonymous> (/home/aryee/aery/ai_agent/aery/packages/coding-agent/src/task/executor.ts:1579:55)
@aryee337/aery test:       at async runSubprocess (/home/aryee/aery/ai_agent/aery/packages/coding-agent/src/task/executor.ts:1608:3)
@aryee337/aery test:       at async <anonymous> (/home/aryee/aery/ai_agent/aery/packages/coding-agent/test/task/executor-wall-clock.test.ts:305:24)
@aryee337/aery test: (fail) runSubprocess wall clock (task.maxRuntimeMs) > propagates per-turn context tokens onto the SingleResult [11.01ms]
@aryee337/aery test: 
@aryee337/aery test: src/eval/__tests__/agent-bridge.test.ts:
@aryee337/aery test: (pass) agent() through eval runtimes > bounds Python parallel() by the task.maxConcurrency setting while preserving order [902.24ms]
@aryee337/aery test: 
@aryee337/aery test: test/edit-patch-unchanged-error.test.ts:
@aryee337/aery test: (pass) executePatchSingle — post-write verification error path > error message contains the caller-supplied relative path and not the absolute resolvedPath [59.72ms]
@aryee337/aery test: (pass) executePatchSingle — post-write verification error path > ToolError still carries the absolute resolvedPath in its structured context for log correlation [52.06ms]
@aryee337/aery test: 
@aryee337/aery test: test/edit-per-file-diff-content.test.ts:
@aryee337/aery test: (pass) executePatchSingle — oldText/newText propagation > update: oldText is pre-edit content, newText is post-edit content [28.67ms]
@aryee337/aery test: (pass) executePatchSingle — oldText/newText propagation > create: oldText is undefined, newText is the created content [4.49ms]
@aryee337/aery test: (pass) executePatchSingle — oldText/newText propagation > delete: oldText is prior content, newText is undefined [43.15ms]
@aryee337/aery test: (pass) EditTool patch aggregation — oldText/newText propagation > create followed by update preserves create-shaped oldText [38.63ms]
@aryee337/aery test: (pass) EditTool patch aggregation — oldText/newText propagation > update followed by delete preserves delete-shaped newText [13.77ms]
@aryee337/aery test: (pass) executeReplaceSingle — oldText/newText propagation > replace: oldText is full file before, newText is full file after [4.16ms]
@aryee337/aery test: 
@aryee337/aery test: test/task/executor-warnings.test.ts:
@aryee337/aery test: (pass) subagent warning injection > injects null-data warning when yield is success without data [0.18ms]
@aryee337/aery test: (pass) subagent warning injection > injects missing-submit warning when subagent exits cleanly without yield [0.27ms]
@aryee337/aery test: (pass) subagent warning injection > does not inject missing-submit warning when fallback completion is recoverable [13.38ms]
@aryee337/aery test: (pass) subagent warning injection > prefixes missing-submit warning on stop outputs [0.24ms]
@aryee337/aery test: (pass) subagent warning injection > does not inject missing-submit warning when execution exits non-zero [0.12ms]
@aryee337/aery test: (pass) subagent warning injection > normalizes explicit aborted yield into aborted payload [0.13ms]
@aryee337/aery test: (pass) subagent warning injection > accepts successful yield data without warning [0.13ms]
@aryee337/aery test: (pass) subagent warning injection > does not inject missing-submit warning when no schema and raw text exists [1.14ms]
@aryee337/aery test: 
@aryee337/aery test: src/eval/__tests__/agent-bridge.test.ts:
@aryee337/aery test: (pass) agent() through eval runtimes > streams enriched agent progress through onStatus before the cell finishes [1095.27ms]
@aryee337/aery test: 
@aryee337/aery test: test/task/output-manager.test.ts:
@aryee337/aery test: (pass) AgentOutputManager > uses the requested name verbatim and suffixes only on repeat [1.68ms]
@aryee337/aery test: (pass) AgentOutputManager > de-duplicates within a batch while preserving order [0.61ms]
@aryee337/aery test: (pass) AgentOutputManager > nests ids under a parent prefix and still suffixes repeats [0.25ms]
@aryee337/aery test: (pass) AgentOutputManager > scans existing output files so a resume never clobbers prior outputs [1.42ms]
@aryee337/aery test: (pass) AgentOutputManager > only counts files within its own prefix scope on resume [0.71ms]
@aryee337/aery test: 
@aryee337/aery test: test/model-registry-runtime-provider.test.ts:
@aryee337/aery test: (pass) ModelRegistry runtime provider registration > validates provider config before mutating custom API state [1017.17ms]
@aryee337/aery test: 
@aryee337/aery test: src/eval/__tests__/agent-bridge.test.ts:
@aryee337/aery test: (pass) agent() through eval runtimes > keeps the idle watchdog armed while a quiet agent() runs past the budget [211.68ms]
@aryee337/aery test: 
@aryee337/aery test: test/model-registry-runtime-provider.test.ts:
@aryee337/aery test: (pass) ModelRegistry runtime provider registration > registerProvider applies headers-only overrides to existing provider models across refresh [137.91ms]
@aryee337/aery test: 
@aryee337/aery test: test/edit-streaming-preview.test.ts:
@aryee337/aery test: (pass) dropIncompleteLastEdit > keeps all entries when partialJson is undefined [0.26ms]
@aryee337/aery test: (pass) dropIncompleteLastEdit > keeps all entries when the trailing object is closed [0.11ms]
@aryee337/aery test: (pass) dropIncompleteLastEdit > drops the last entry when its closing } has not arrived [0.07ms]
@aryee337/aery test: (pass) dropIncompleteLastEdit > drops the last entry when a new {} has opened after the last close [0.07ms]
@aryee337/aery test: (pass) dropIncompleteLastEdit > leaves empty edits alone [1.16ms]
@aryee337/aery test: (pass) hashline streaming preview (multi-section) > keeps section A's preview when section B's header just arrived [13.01ms]
@aryee337/aery test: (pass) hashline streaming preview (multi-section) > ignores parse errors from the trailing in-progress section [7.59ms]
@aryee337/aery test: (pass) hashline streaming preview (multi-section) > renders both sections once each has at least one valid op [67.20ms]
@aryee337/aery test: (pass) hashline streaming preview (single-op trailing payload) > renders a live diff while the sole payload line is still being typed [19.19ms]
@aryee337/aery test: 
@aryee337/aery test: test/model-registry-runtime-provider.test.ts:
@aryee337/aery test: (pass) ModelRegistry runtime provider registration > registerProvider applies authHeader overrides to existing provider models across refresh [150.56ms]
@aryee337/aery test: 
@aryee337/aery test: test/edit-streaming-preview.test.ts:
@aryee337/aery test: (pass) hashline streaming preview (single-op trailing payload) > does not surface stale hash errors while streaming [31.36ms]
@aryee337/aery test: (pass) hashline streaming preview (single-op trailing payload) > final preview accepts a live content hash even when the snapshot store has no history [2.59ms]
@aryee337/aery test: 
@aryee337/aery test: test/model-registry-runtime-provider.test.ts:
@aryee337/aery test: (pass) ModelRegistry runtime provider registration > registerProvider preserves explicit thinking on runtime models [36.38ms]
@aryee337/aery test: 
@aryee337/aery test: test/edit-streaming-preview.test.ts:
@aryee337/aery test: (pass) hashline streaming preview (single-op trailing payload) > final preview recovers a stale tag from snapshot history [22.04ms]
@aryee337/aery test: (pass) hashline streaming preview (single-op trailing payload) > surfaces stale hash errors once streaming is complete [10.34ms]
@aryee337/aery test: (pass) hashline streaming preview (single-op trailing payload) > yields no preview (not an error) before the first payload byte arrives [1.06ms]
@aryee337/aery test: (pass) apply_patch streaming preview (trailing partial line) > ignores a half-typed trailing line while streaming [6.20ms]
@aryee337/aery test: (pass) apply_patch streaming preview (trailing partial line) > preserves model's typing order so existing `+added` lines don't reshuffle [10.17ms]
@aryee337/aery test: 
@aryee337/aery test: test/emoji-autocomplete.test.ts:
@aryee337/aery test: (pass) emoji autocomplete > getEmojiSuggestions > returns null for empty query (bare colon) [6.96ms]
@aryee337/aery test: (pass) emoji autocomplete > getEmojiSuggestions > returns prefix matches at line start [0.33ms]
@aryee337/aery test: 
@aryee337/aery test: test/task/render-call.test.ts:
@aryee337/aery test: (pass) task renderer: streaming call preview > lists each task's id and description instead of only a count [3.14ms]
@aryee337/aery test: 
@aryee337/aery test: test/emoji-autocomplete.test.ts:
@aryee337/aery test: (pass) emoji autocomplete > getEmojiSuggestions > returns prefix matches after whitespace [0.15ms]
@aryee337/aery test: (pass) emoji autocomplete > getEmojiSuggestions > does not trigger when colon is mid-token [0.04ms]
@aryee337/aery test: (pass) emoji autocomplete > getEmojiSuggestions > returns null for unknown prefix [0.06ms]
@aryee337/aery test: 
@aryee337/aery test: test/task/render-call.test.ts:
@aryee337/aery test: (pass) task renderer: streaming call preview > renders a partially-streamed entry without a description and missing trailing entry [0.34ms]
@aryee337/aery test: 
@aryee337/aery test: test/emoji-autocomplete.test.ts:
@aryee337/aery test: (pass) emoji autocomplete > getEmojiSuggestions > excludes regional-indicator flag sequences [0.13ms]
@aryee337/aery test: (pass) emoji autocomplete > getEmojiSuggestions > caps the suggestion count [0.09ms]
@aryee337/aery test: (pass) emoji autocomplete > tryEmojiInlineReplace > returns null without trailing colon [0.37ms]
@aryee337/aery test: (pass) emoji autocomplete > tryEmojiInlineReplace > returns replacement for valid closing form [0.16ms]
@aryee337/aery test: (pass) emoji autocomplete > tryEmojiInlineReplace > returns replacement when preceded by whitespace [0.11ms]
@aryee337/aery test: (pass) emoji autocomplete > tryEmojiInlineReplace > returns null for unknown name [0.06ms]
@aryee337/aery test: (pass) emoji autocomplete > tryEmojiInlineReplace > returns null when colon is mid-word [0.26ms]
@aryee337/aery test: (pass) emoji autocomplete > tryEmojiInlineReplace > returns null for filtered flag shortcodes [0.06ms]
@aryee337/aery test: (pass) emoji autocomplete > applyEmojiCompletion > replaces the prefix with the emoji character [0.35ms]
@aryee337/aery test: 
@aryee337/aery test: test/task/render-call.test.ts:
@aryee337/aery test: (pass) task renderer: streaming call preview > caps the collapsed list and reports the overflow as agents [2.93ms]
@aryee337/aery test: (pass) task renderer: streaming call preview > keeps the isolation flag as the final child after the task list [1.23ms]
@aryee337/aery test: (pass) task renderer: streaming call preview > suppresses the per-task preview list once a result snapshot exists [0.48ms]
@aryee337/aery test: 
@aryee337/aery test: test/model-registry-runtime-provider.test.ts:
@aryee337/aery test: (pass) ModelRegistry runtime provider registration > extension-registered models survive refresh('offline') cycle [64.58ms]
@aryee337/aery test: (pass) ModelRegistry runtime provider registration > extension-registered models survive refresh('online') cycle [77.87ms]
@aryee337/aery test: 
@aryee337/aery test: src/eval/__tests__/agent-bridge.test.ts:
@aryee337/aery test: (pass) agent() through eval runtimes > does not let agent() progress snapshots re-arm the watchdog without a heartbeat [462.62ms]
@aryee337/aery test: 
@aryee337/aery test: src/eval/__tests__/budget-bridge.test.ts:
@aryee337/aery test: (pass) runEvalBudget > prefers an active +Nk turn directive over Goal Mode [6.37ms]
@aryee337/aery test: (pass) runEvalBudget > reports an advisory turn budget as hard:false [0.22ms]
@aryee337/aery test: (pass) runEvalBudget > falls through to Goal Mode when no turn directive set a ceiling [0.20ms]
@aryee337/aery test: (pass) runEvalBudget > treats a Goal Mode budget as hard, and a budgetless goal as no ceiling [0.22ms]
@aryee337/aery test: (pass) runEvalBudget > reports no ceiling but still surfaces spend [3.33ms]
@aryee337/aery test: 
@aryee337/aery test: test/model-registry-runtime-provider.test.ts:
@aryee337/aery test: (pass) ModelRegistry runtime provider registration > headers-only runtime override preserves existing baseUrl across refresh [157.14ms]
@aryee337/aery test: (pass) ModelRegistry runtime provider registration > runtime headers override modelOverrides headers across refresh cycles [135.74ms]
@aryee337/aery test: 
@aryee337/aery test: src/eval/__tests__/heartbeat.test.ts:
@aryee337/aery test: (pass) withBridgeHeartbeat > pumps heartbeat events on cadence while the operation is pending, then stops [225.23ms]
@aryee337/aery test: 
@aryee337/aery test: test/task/render-nested-live.test.ts:
@aryee337/aery test: (pass) task renderer: nested live rendering > renders completed nested task results stored in extractedToolData.task while parent is in-progress [30.84ms]
@aryee337/aery test: (pass) task renderer: nested live rendering > renders the in-flight nested task snapshot (progress[]) before the call ends [1.43ms]
@aryee337/aery test: (pass) task renderer: nested live rendering > combines completed and in-flight nested snapshots in one tree [1.18ms]
@aryee337/aery test: (pass) task renderer: nested live rendering > formats running progress stats with tool icon, context window, and cost [2.22ms]
@aryee337/aery test: 
@aryee337/aery test: src/eval/__tests__/heartbeat.test.ts:
@aryee337/aery test: (pass) withBridgeHeartbeat > emits a heartbeat immediately so a bridge call extends the budget at once [34.93ms]
@aryee337/aery test: 
@aryee337/aery test: test/model-registry-runtime-provider.test.ts:
@aryee337/aery test: (pass) ModelRegistry runtime provider registration > extension-registered API keys survive refresh cycle for auth resolution [83.46ms]
@aryee337/aery test: 
@aryee337/aery test: src/eval/__tests__/heartbeat.test.ts:
@aryee337/aery test: (pass) withBridgeHeartbeat > runs the operation without emitting when no status sink is wired [46.27ms]
@aryee337/aery test: 
@aryee337/aery test: test/model-registry-runtime-provider.test.ts:
@aryee337/aery test: (pass) ModelRegistry runtime provider registration > extension-registered custom API handler survives model refresh [58.45ms]
@aryee337/aery test: 
@aryee337/aery test: src/eval/__tests__/heartbeat.test.ts:
@aryee337/aery test: (pass) withBridgeHeartbeat > clears the heartbeat even when the operation throws [123.54ms]
@aryee337/aery test: 
@aryee337/aery test: test/model-registry-runtime-provider.test.ts:
@aryee337/aery test: (pass) ModelRegistry runtime provider registration > re-registering a provider replaces overlays and keeps transport overrides stable [109.50ms]
@aryee337/aery test: 
@aryee337/aery test: src/eval/__tests__/idle-timeout.test.ts:
@aryee337/aery test: (pass) IdleTimeout > aborts with a TimeoutError reason once the idle window elapses with no activity [41.51ms]
@aryee337/aery test: 
@aryee337/aery test: test/model-registry-runtime-provider.test.ts:
@aryee337/aery test: (pass) ModelRegistry runtime provider registration > provider source handoff does not retain previous source transport overrides [163.79ms]
@aryee337/aery test: 
@aryee337/aery test: test/eval/agent-bridge.test.ts:
@aryee337/aery test: (pass) runEvalAgent > forwards session-scoped MCP and local protocol options [15.38ms]
@aryee337/aery test: 
@aryee337/aery test: test/model-registry-runtime-provider.test.ts:
@aryee337/aery test: (pass) ModelRegistry runtime provider registration > transport-only source handoff clears previous source headers immediately [131.45ms]
@aryee337/aery test: 
@aryee337/aery test: test/eval/console-table.test.ts:
@aryee337/aery test: (pass) console.table bridge > renders an array of objects as an ASCII table on text output [43.67ms]
@aryee337/aery test: (pass) console.table bridge > honors the optional columns filter [4.22ms]
@aryee337/aery test: 
@aryee337/aery test: test/model-registry-runtime-provider.test.ts:
@aryee337/aery test: (pass) ModelRegistry runtime provider registration > multiple extension providers survive refresh independently [141.66ms]
@aryee337/aery test: 
@aryee337/aery test: src/eval/__tests__/idle-timeout.test.ts:
@aryee337/aery test: (pass) IdleTimeout > re-arms on every bump and only fires after activity stops [426.89ms]
@aryee337/aery test: (pass) IdleTimeout > never fires after dispose() [150.68ms]
@aryee337/aery test: 
@aryee337/aery test: test/model-registry-runtime-provider.test.ts:
@aryee337/aery test: (pass) ModelRegistry runtime provider registration > clearSourceRegistrations and syncExtensionSources remove source-scoped API and OAuth providers [176.62ms]
@aryee337/aery test: 
@aryee337/aery test: src/eval/__tests__/idle-timeout.test.ts:
@aryee337/aery test: (pass) IdleTimeout > ignores bump() after the watchdog has already fired [30.90ms]
@aryee337/aery test: 
@aryee337/aery test: test/task/subagent-lsp.test.ts:
@aryee337/aery test: 180 | 		const { getOptions } = mockCreateAgentSession();
@aryee337/aery test: 181 | 
@aryee337/aery test: 182 | 		const tool = await TaskTool.create(createSession());
@aryee337/aery test: 183 | 		await tool.execute("tool-call", TEST_TASK);
@aryee337/aery test: 184 | 
@aryee337/aery test: 185 | 		expect(getOptions()?.enableLsp).toBe(false);
@aryee337/aery test:                                         ^
@aryee337/aery test: error: expect(received).toBe(expected)
@aryee337/aery test: 
@aryee337/aery test: Expected: false
@aryee337/aery test: Received: undefined
@aryee337/aery test: 
@aryee337/aery test:       at <anonymous> (/home/aryee/aery/ai_agent/aery/packages/coding-agent/test/task/subagent-lsp.test.ts:185:35)
@aryee337/aery test: (fail) subagent LSP availability > disables LSP for subagents by default [12.84ms]
@aryee337/aery test: 196 | 		const { getOptions } = mockCreateAgentSession();
@aryee337/aery test: 197 | 
@aryee337/aery test: 198 | 		const tool = await TaskTool.create(createSession({ taskEnableLsp: true }));
@aryee337/aery test: 199 | 		await tool.execute("tool-call", TEST_TASK);
@aryee337/aery test: 200 | 
@aryee337/aery test: 201 | 		expect(getOptions()?.enableLsp).toBe(true);
@aryee337/aery test:                                         ^
@aryee337/aery test: error: expect(received).toBe(expected)
@aryee337/aery test: 
@aryee337/aery test: Expected: true
@aryee337/aery test: Received: undefined
@aryee337/aery test: 
@aryee337/aery test:       at <anonymous> (/home/aryee/aery/ai_agent/aery/packages/coding-agent/test/task/subagent-lsp.test.ts:201:35)
@aryee337/aery test: (fail) subagent LSP availability > enables subagent LSP when task.enableLsp is set [9.88ms]
@aryee337/aery test: 213 | 		const { getOptions } = mockCreateAgentSession();
@aryee337/aery test: 214 | 
@aryee337/aery test: 215 | 		const tool = await TaskTool.create(createSession({ parentEnableLsp: false, taskEnableLsp: true }));
@aryee337/aery test: 216 | 		await tool.execute("tool-call", TEST_TASK);
@aryee337/aery test: 217 | 
@aryee337/aery test: 218 | 		expect(getOptions()?.enableLsp).toBe(false);
@aryee337/aery test:                                         ^
@aryee337/aery test: error: expect(received).toBe(expected)
@aryee337/aery test: 
@aryee337/aery test: Expected: false
@aryee337/aery test: Received: undefined
@aryee337/aery test: 
@aryee337/aery test:       at <anonymous> (/home/aryee/aery/ai_agent/aery/packages/coding-agent/test/task/subagent-lsp.test.ts:218:35)
@aryee337/aery test: (fail) subagent LSP availability > keeps subagent LSP disabled when the parent session disables LSP [0.50ms]
@aryee337/aery test: 230 | 		const { getOptions } = mockCreateAgentSession();
@aryee337/aery test: 231 | 
@aryee337/aery test: 232 | 		const tool = await TaskTool.create(createSession({ isolationMode: "auto" }));
@aryee337/aery test: 233 | 		await tool.execute("tool-call", { ...TEST_TASK, isolated: true });
@aryee337/aery test: 234 | 
@aryee337/aery test: 235 | 		expect(getOptions()?.cwd).toBe("/tmp/isolated-subagent");
@aryee337/aery test:                                   ^
@aryee337/aery test: error: expect(received).toBe(expected)
@aryee337/aery test: 
@aryee337/aery test: Expected: "/tmp/isolated-subagent"
@aryee337/aery test: Received: undefined
@aryee337/aery test: 
@aryee337/aery test:       at <anonymous> (/home/aryee/aery/ai_agent/aery/packages/coding-agent/test/task/subagent-lsp.test.ts:235:29)
@aryee337/aery test: (fail) subagent LSP availability > disables LSP for isolated subagents by default [0.67ms]
@aryee337/aery test: 248 | 		const planMode = { enabled: true, planFilePath: "local://PLAN.md" };
@aryee337/aery test: 249 | 
@aryee337/aery test: 250 | 		const tool = await TaskTool.create(createSession({ planMode, taskEnableLsp: true }));
@aryee337/aery test: 251 | 		await tool.execute("tool-call", TEST_TASK);
@aryee337/aery test: 252 | 
@aryee337/aery test: 253 | 		expect(getOptions()?.enableLsp).toBe(true);
@aryee337/aery test:                                         ^
@aryee337/aery test: error: expect(received).toBe(expected)
@aryee337/aery test: 
@aryee337/aery test: Expected: true
@aryee337/aery test: Received: undefined
@aryee337/aery test: 
@aryee337/aery test:       at <anonymous> (/home/aryee/aery/ai_agent/aery/packages/coding-agent/test/task/subagent-lsp.test.ts:253:35)
@aryee337/aery test: (fail) subagent LSP availability > applies plan-mode subagent tools and honors task.enableLsp [0.45ms]
@aryee337/aery test: 
@aryee337/aery test: test/eval/display-image-coerce.test.ts:
@aryee337/aery test: (pass) JsRuntime.displayValue image coercion > passes through strict base64 strings verbatim [16.30ms]
@aryee337/aery test: (pass) JsRuntime.displayValue image coercion > base64-encodes Uint8Array data [0.30ms]
@aryee337/aery test: (pass) JsRuntime.displayValue image coercion > base64-encodes Buffer data [0.24ms]
@aryee337/aery test: (pass) JsRuntime.displayValue image coercion > base64-encodes ArrayBuffer data [0.39ms]
@aryee337/aery test: (pass) JsRuntime.displayValue image coercion > recovers decimal CSV produced by Uint8Array.prototype.toString [0.48ms]
@aryee337/aery test: (pass) JsRuntime.displayValue image coercion > recovers JSON-serialized Buffer shape ({ type: 'Buffer', data: [...] }) [0.52ms]
@aryee337/aery test: (pass) JsRuntime.displayValue image coercion > drops images whose data is unrecognized and surfaces a diagnostic in text [5.69ms]
@aryee337/aery test: (pass) JsRuntime.displayValue image coercion > rejects strings that look base64-ish but aren't strictly valid [0.87ms]
@aryee337/aery test: 
@aryee337/aery test: test/task/worktree.test.ts:
@aryee337/aery test: (pass) worktree isolation helpers > returns platform-specific null path for git --no-index diffs [0.28ms]
@aryee337/aery test: (pass) worktree isolation helpers > maps every isolation mode to the native backend contract [0.23ms]
@aryee337/aery test: (pass) worktree isolation helpers > retries isoResolve candidates when a backend is path-unavailable [101.99ms]
@aryee337/aery test: (pass) worktree isolation helpers > does not pop an unrelated pre-existing stash when the working tree is clean [198.95ms]
@aryee337/aery test: 
@aryee337/aery test: src/eval/__tests__/llm-bridge.test.ts:
@aryee337/aery test: (pass) runEvalLlm > resolves each tier to its expected model [60.44ms]
@aryee337/aery test: (pass) runEvalLlm > prefers the session active model for the default tier, falling back to aery/default [0.82ms]
@aryee337/aery test: (pass) runEvalLlm > returns the completion text in plain mode [0.72ms]
@aryee337/aery test: (pass) runEvalLlm > forces a respond tool call and returns its arguments in structured mode [5.00ms]
@aryee337/aery test: (pass) runEvalLlm > falls back to JSON embedded in text when the model skips the respond tool [0.80ms]
@aryee337/aery test: (pass) runEvalLlm > requests reasoning only for the slow tier on a reasoning-capable model [0.97ms]
@aryee337/aery test: (pass) runEvalLlm > does not request reasoning for the slow tier on a non-reasoning model [2.52ms]
@aryee337/aery test: (pass) runEvalLlm > throws ToolError on invalid arguments [4.65ms]
@aryee337/aery test: (pass) runEvalLlm > throws ToolError when no model resolves for the tier [10.51ms]
@aryee337/aery test: (pass) runEvalLlm > throws ToolError when the resolved model has no API key [0.60ms]
@aryee337/aery test: (pass) runEvalLlm > maps error and aborted stop reasons to ToolError [3.26ms]
@aryee337/aery test: (pass) runEvalLlm > throws ToolError when plain mode produces no text [5.54ms]
@aryee337/aery test: 
@aryee337/aery test: test/event-controller-abort-render.test.ts:
@aryee337/aery test: (pass) EventController #handleMessageEnd abort labeling > C1: SILENT_ABORT_MARKER + aborted -> updateContent stopReason='stop', errorMessage NOT overwritten [5.90ms]
@aryee337/aery test: (pass) EventController #handleMessageEnd abort labeling > C2: errorMessage undefined + aborted + no TTSR -> errorMessage='Operation aborted', updateContent receives original ref [0.40ms]
@aryee337/aery test: (pass) EventController #handleMessageEnd abort labeling > C3: isTtsrAbortPending=true + aborted -> updateContent stopReason='stop', errorMessage NOT set [0.32ms]
@aryee337/aery test: 
@aryee337/aery test: test/export/html-template-developer.test.ts:
@aryee337/aery test: (pass) HTML export template developer message support > renders developer-role messages in the main feed [0.25ms]
@aryee337/aery test: (pass) HTML export template developer message support > labels developer entries in the sidebar tree [0.17ms]
@aryee337/aery test: (pass) HTML export template developer message support > counts developer messages in header stats [0.14ms]
@aryee337/aery test: 
@aryee337/aery test: test/export/html-template-script-substitution.test.ts:
@aryee337/aery test: (pass) HTML export template script inlining > preserves the literal `$'` regex anchor inside the inlined script [0.89ms]
@aryee337/aery test: (pass) HTML export template script inlining > does not splice closing HTML tags into the inlined script [2.77ms]
@aryee337/aery test: (pass) HTML export template script inlining > produces a syntactically valid inlined script [10.06ms]
@aryee337/aery test: 
@aryee337/aery test: test/task/worktree.test.ts:
@aryee337/aery test: (pass) worktree isolation helpers > restores staged changes with index preservation after merging task branches [755.87ms]
@aryee337/aery test: 
@aryee337/aery test: src/eval/__tests__/llm-bridge.test.ts:
@aryee337/aery test: (pass) runEvalLlm > keeps the idle watchdog armed while a slow llm() request is in flight [203.56ms]
@aryee337/aery test: 
@aryee337/aery test: test/model-registry.test.ts:
@aryee337/aery test: (pass) ModelRegistry > canonical equivalence > groups dotted provider variants under the bundled canonical id [1142.32ms]
@aryee337/aery test: (pass) ModelRegistry > canonical equivalence > collapses wrapped, dated, and tuned anthropic variants under the base canonical id [31.49ms]
@aryee337/aery test: (pass) ModelRegistry > canonical equivalence > collapses gitlab duo chat wrapper ids into the upstream canonical id [45.67ms]
@aryee337/aery test: (pass) ModelRegistry > canonical equivalence > collapses synthetic and vendor-prefixed glm wrappers into the upstream canonical id [51.59ms]
@aryee337/aery test: (pass) ModelRegistry > canonical equivalence > collapses compact and reordered claude aliases into the upstream canonical id [57.64ms]
@aryee337/aery test: 
@aryee337/aery test: src/eval/__tests__/llm-bridge.test.ts:
@aryee337/aery test: (pass) llm() through eval runtimes > exposes llm() in the JavaScript runtime [754.10ms]
@aryee337/aery test: 
@aryee337/aery test: test/task/worktree.test.ts:
@aryee337/aery test: (pass) worktree isolation helpers > subtracts baseline dirty state even when the task commits it [855.03ms]
@aryee337/aery test: 
@aryee337/aery test: test/model-registry.test.ts:
@aryee337/aery test: (pass) ModelRegistry > canonical equivalence > collapses nitro-suffixed OpenRouter variants under the upstream canonical id [192.05ms]
@aryee337/aery test: (pass) ModelRegistry > canonical equivalence > keeps Perplexity search canonical distinct from non-search Sonar Pro ids [60.58ms]
@aryee337/aery test: (pass) ModelRegistry > canonical equivalence > uses bundled metadata for Ollama cloud aliases in custom local-proxy configs [63.29ms]
@aryee337/aery test: (pass) ModelRegistry > canonical equivalence > collapses anthropic latest aliases into the best upstream claude family id [59.80ms]
@aryee337/aery test: 
@aryee337/aery test: test/theme-auto-detection.test.ts:
@aryee337/aery test: (pass) theme auto-detection > prefers COLORFGBG before macOS fallback inside Zellij [3.48ms]
@aryee337/aery test: (pass) theme auto-detection > keeps honoring terminal-reported appearance outside fallback mode [2.02ms]
@aryee337/aery test: (pass) theme auto-detection > updates auto theme from the native fallback observer in Zellij [2.66ms]
@aryee337/aery test: 
@aryee337/aery test: test/model-registry.test.ts:
@aryee337/aery test: (pass) ModelRegistry > canonical equivalence > collapses wrapped gemini tool and tuning variants under the base preview id [70.31ms]
@aryee337/aery test: 
@aryee337/aery test: test/theme-auto-detection.test.ts:
@aryee337/aery test: (pass) theme auto-detection > Zellij fallback stays macOS-only (Linux + Zellij = honor terminal) [20.77ms]
@aryee337/aery test: (pass) theme auto-detection > terminal-reported appearance wins over conflicting COLORFGBG [1.03ms]
@aryee337/aery test: 
@aryee337/aery test: test/model-registry.test.ts:
@aryee337/aery test: (pass) ModelRegistry > canonical equivalence > collapses compact version aliases and hardware suffixes into clean canonical ids [42.13ms]
@aryee337/aery test: 
@aryee337/aery test: test/extensibility/custom-commands/ci-green.test.ts:
@aryee337/aery test: (pass) GreenCommand > includes tag instructions when HEAD has a tag [14.47ms]
@aryee337/aery test: (pass) GreenCommand > omits tag instructions when HEAD is not tagged [0.61ms]
@aryee337/aery test: 
@aryee337/aery test: test/model-registry.test.ts:
@aryee337/aery test: (pass) ModelRegistry > canonical equivalence > prefers clean canonical ids over bundled wrapper ids when available [45.01ms]
@aryee337/aery test: 
@aryee337/aery test: src/eval/__tests__/llm-bridge.test.ts:
@aryee337/aery test: (pass) llm() through eval runtimes > parses structured llm() output in the JavaScript runtime [617.07ms]
@aryee337/aery test: 
@aryee337/aery test: test/theme-spinner-frames.test.ts:
@aryee337/aery test: (pass) theme symbols.spinnerFrames > flat-array override applies to both status and activity spinners [93.67ms]
@aryee337/aery test: 
@aryee337/aery test: test/extensibility/custom-commands/review.test.ts:
@aryee337/aery test: (pass) ReviewCommand > uses prompt-style input for custom review instructions [66.64ms]
@aryee337/aery test: 
@aryee337/aery test: test/theme-spinner-frames.test.ts:
@aryee337/aery test: (pass) theme symbols.spinnerFrames > object override sets each spinner type independently and falls back to preset [52.80ms]
@aryee337/aery test: (pass) theme symbols.spinnerFrames > rejects empty arrays and empty objects at validation time [5.12ms]
@aryee337/aery test: (pass) theme symbols.spinnerFrames > falls through to preset frames when `spinnerFrames` is absent [2.11ms]
@aryee337/aery test: 
@aryee337/aery test: test/extensibility/custom-commands/review.test.ts:
@aryee337/aery test: (pass) ReviewCommand > renders custom review instructions through the reviewer task prompt when no diff is available [94.58ms]
@aryee337/aery test: (pass) ReviewCommand > does not submit empty custom review instructions [58.27ms]
@aryee337/aery test: 
@aryee337/aery test: test/tiny-device.test.ts:
@aryee337/aery test: (pass) tiny model device selection > defaults to CPU-only inference on every platform [3.57ms]
@aryee337/aery test: (pass) tiny model device selection > accepts metal as a WebGPU alias without enabling unsafe macOS worker teardown [0.16ms]
@aryee337/aery test: (pass) tiny model device selection > keeps explicit CPU runs CPU-only [0.07ms]
@aryee337/aery test: (pass) tiny model device selection > rejects unknown ONNX execution providers [0.11ms]
@aryee337/aery test: (pass) tiny model device setting → PI_TINY_DEVICE mapping > returns undefined for the default sentinel so the worker keeps its CPU default [0.10ms]
@aryee337/aery test: (pass) tiny model device setting → PI_TINY_DEVICE mapping > forwards a concrete device value verbatim for the worker to validate [0.04ms]
@aryee337/aery test: (pass) tiny model device setting → PI_TINY_DEVICE mapping > keeps every non-default setting value resolvable by the worker [0.23ms]
@aryee337/aery test: (pass) tiny model device setting → PI_TINY_DEVICE mapping > keeps submenu options aligned with the accepted values [0.11ms]
@aryee337/aery test: 
@aryee337/aery test: test/extensibility/custom-commands/review.test.ts:
@aryee337/aery test: (pass) ReviewCommand > includes reviewer task orchestration for single-agent diff reviews [143.59ms]
@aryee337/aery test: (pass) ReviewCommand > renders headless review requests through the reviewer task prompt [32.80ms]
@aryee337/aery test: 
@aryee337/aery test: src/eval/__tests__/llm-bridge.test.ts:
@aryee337/aery test: (pass) llm() through eval runtimes > exposes llm() in the Python runtime [374.75ms]
@aryee337/aery test: 
@aryee337/aery test: test/tiny-dtype.test.ts:
@aryee337/aery test: (pass) tiny model dtype selection > returns undefined when unset so callers keep the per-model spec dtype [6.02ms]
@aryee337/aery test: (pass) tiny model dtype selection > canonicalizes a valid precision regardless of case/whitespace [22.34ms]
@aryee337/aery test: (pass) tiny model dtype selection > rejects an unsupported precision [0.26ms]
@aryee337/aery test: (pass) tiny model dtype setting → PI_TINY_DTYPE mapping > returns undefined for the default sentinel so the worker keeps each model's spec dtype [0.12ms]
@aryee337/aery test: (pass) tiny model dtype setting → PI_TINY_DTYPE mapping > forwards a concrete precision verbatim for the worker to validate [0.06ms]
@aryee337/aery test: (pass) tiny model dtype setting → PI_TINY_DTYPE mapping > keeps every non-default setting value resolvable by the worker [0.13ms]
@aryee337/aery test: (pass) tiny model dtype setting → PI_TINY_DTYPE mapping > keeps submenu options aligned with the accepted values [0.17ms]
@aryee337/aery test: 
@aryee337/aery test: test/tiny-text.test.ts:
@aryee337/aery test: (pass) stripCodeBlocks > drops fenced code blocks but keeps the surrounding prose [17.29ms]
@aryee337/aery test: (pass) stripCodeBlocks > removes literal noise inside a pasted mockup (the reported regression) [0.15ms]
@aryee337/aery test: (pass) stripCodeBlocks > handles an unterminated fence by stripping to end of message [0.05ms]
@aryee337/aery test: (pass) stripCodeBlocks > keeps inline code (single backticks) as high-signal context [0.05ms]
@aryee337/aery test: (pass) stripCodeBlocks > falls back to the original when the message is essentially only a code block [0.05ms]
@aryee337/aery test: (pass) stripCodeBlocks > returns prose unchanged when there is no code block [0.03ms]
@aryee337/aery test: (pass) prepareTitleInput > strips code blocks before bounding length [0.28ms]
@aryee337/aery test: (pass) formatTitleUserMessage > wraps stripped content in user-message tags [0.11ms]
@aryee337/aery test: 
@aryee337/aery test: test/extensibility/typebox-remap.test.ts:
@aryee337/aery test: (pass) upstream-compat @sinclair/typebox remap > redirects bare @sinclair/typebox imports inside legacy extensions to the in-repo shim [12.89ms]
@aryee337/aery test: 
@aryee337/aery test: test/model-registry.test.ts:
@aryee337/aery test: (pass) ModelRegistry > canonical equivalence > applies explicit equivalence overrides from config [769.43ms]
@aryee337/aery test: 
@aryee337/aery test: src/eval/__tests__/llm-bridge.test.ts:
@aryee337/aery test: (pass) llm() through eval runtimes > parses structured llm() output in the Python runtime [345.74ms]
@aryee337/aery test: 
@aryee337/aery test: test/extensibility/typebox-shim.test.ts:
@aryee337/aery test: (pass) aery.typebox compatibility shim > rejects extra properties when additionalProperties is false [59.13ms]
@aryee337/aery test: (pass) aery.typebox compatibility shim > preserves numeric enum values from TypeScript enum objects [6.99ms]
@aryee337/aery test: (pass) aery.typebox compatibility shim > enforces and emits uniqueItems for arrays [4.10ms]
@aryee337/aery test: (pass) aery.typebox compatibility shim > respects record key schemas [2.02ms]
@aryee337/aery test: (pass) aery.typebox compatibility shim > merges every object passed to Composite [2.87ms]
@aryee337/aery test: (pass) aery.typebox compatibility shim > applies minLength on top of a string format [2.33ms]
@aryee337/aery test: (pass) aery.typebox compatibility shim > applies pattern on top of a url format [1.57ms]
@aryee337/aery test: (pass) aery.typebox compatibility shim > preserves unknown properties by default on Type.Object [1.42ms]
@aryee337/aery test: (pass) aery.typebox compatibility shim > JSON.stringify produces valid JSON Schema (TypeBox contract) > emits clean JSON Schema for a complex object [7.84ms]
@aryee337/aery test: (pass) aery.typebox compatibility shim > JSON.stringify produces valid JSON Schema (TypeBox contract) > emits valid JSON Schema for composition operators [7.56ms]
@aryee337/aery test: 
@aryee337/aery test: test/tiny-title-generator.test.ts:
@aryee337/aery test: (pass) raceFirstNonNull > resolves with local result without starting fallback [10.49ms]
@aryee337/aery test: (pass) raceFirstNonNull > starts fallback after the hardcoded delay [0.93ms]
@aryee337/aery test: (pass) raceFirstNonNull > starts fallback immediately when local fails [0.41ms]
@aryee337/aery test: (pass) raceFirstNonNull > returns null only after local and fallback return null [0.28ms]
@aryee337/aery test: (pass) raceFirstNonNull > runs the loser-cancel callback when local wins after fallback starts [0.63ms]
@aryee337/aery test: (pass) tiny title generator routing > keeps online-only behavior when Tiny Model is Online [75.40ms]
@aryee337/aery test: (pass) tiny title generator routing > uses the local client for selected local models [0.68ms]
@aryee337/aery test: (pass) tiny title generator routing > starts online fallback immediately when local returns null [1.81ms]
@aryee337/aery test: 
@aryee337/aery test: test/extensibility/upstream-ai-type-remap.test.ts:
@aryee337/aery test: (skip) legacy-aery @(scope)/aery-ai root `Type` remap (issue #1437) > redirects `import { Type } from "legacy scope"` to the TypeBox shim
@aryee337/aery test: (skip) legacy-aery @(scope)/aery-ai root `Type` remap (issue #1437) > redirects `import { Type } from "@aryee337/aery-ai"` for plugins published against the canonical scope
@aryee337/aery test: (skip) legacy-aery @(scope)/aery-ai root `Type` remap (issue #1437) > preserves canonical aery-ai exports alongside the shimmed Type (z is still re-exported)
@aryee337/aery test: (skip) legacy-aery @(scope)/aery-ai root `Type` remap (issue #1437) > does not redirect subpath imports such as @aryee337/aery-ai/utils/schema
@aryee337/aery test: (skip) legacy aery package root remaps (issue #1474) > loads legacy scope root imports when host package resolution is unavailable
@aryee337/aery test: (skip) legacy aery package root remaps (issue #1474) > falls back to legacy-scoped subpath peers for direct plugin imports
@aryee337/aery test: (skip) legacy aery package root remaps (issue #1474) > routes legacy scope through canonical Bun.resolveSync in non-compiled mode
@aryee337/aery test: 
@aryee337/aery test: test/tiny-title-generator.test.ts:
@aryee337/aery test: (pass) tiny title generator routing > aborts the online request when delayed local generation wins [9.80ms]
@aryee337/aery test: (pass) tiny title generator routing > keeps local generation alive when the delayed online fallback wins [2.29ms]
@aryee337/aery test: (pass) providers.tinyModel schema > keeps enum values and UI options in sync with the tiny model registry [0.24ms]
@aryee337/aery test: (pass) tiny model acceleration schema > keeps the device setting in sync with the device module constants [0.13ms]
@aryee337/aery test: (pass) tiny model acceleration schema > keeps the precision setting in sync with the dtype module constants [0.09ms]
@aryee337/aery test: (pass) tiny title download progress UI > renders progress updates and completion state [1.23ms]
@aryee337/aery test: (pass) tiny-models CLI > registers tiny-models as a top-level subcommand [0.18ms]
@aryee337/aery test: 
@aryee337/aery test: test/extensibility/upstream-bunfs-root.test.ts:
@aryee337/aery test: (pass) legacy aery compat bunfs root computation (issue #1514) > appends packages to the Windows-native compiled bunfs root [0.15ms]
@aryee337/aery test: (pass) legacy aery compat bunfs root computation (issue #1514) > appends packages to the POSIX compiled bunfs root on Linux and macOS [0.07ms]
@aryee337/aery test: (pass) legacy aery compat bunfs root computation (issue #1514) > also supports module-specific import.meta.dir values if Bun changes compiled semantics [0.09ms]
@aryee337/aery test: (pass) legacy aery compat bunfs root computation (issue #1514) > uses the current host path implementation for production calls [0.09ms]
@aryee337/aery test: 
@aryee337/aery test: test/extensibility/upstream-inplace-load.test.ts:
@aryee337/aery test: (skip) legacy-aery in-place module loading (issue #1674) > reads __dirname-relative HTML assets from the real extension directory
@aryee337/aery test: (skip) legacy-aery in-place module loading (issue #1674) > resolves a .css sibling of a relatively-imported submodule
@aryee337/aery test: (skip) legacy-aery in-place module loading (issue #1674) > loads the extension's own node_modules deps natively while remapping legacy aery imports
@aryee337/aery test: (skip) legacy-aery in-place module loading (issue #1674) > rewrites legacy imports in ../src modules reached through relative imports
@aryee337/aery test: (skip) legacy-aery in-place module loading (issue #1674) > does not rewrite sibling files outside the loaded extension's import graph
@aryee337/aery test: 
@aryee337/aery test: test/tiny-worker-env.test.ts:
@aryee337/aery test: (pass) tinyWorkerEnvOverlay > maps non-default settings onto the worker env vars when neither is already set [0.14ms]
@aryee337/aery test: (pass) tinyWorkerEnvOverlay > lets a present env var win over the persisted setting [0.12ms]
@aryee337/aery test: (pass) tinyWorkerEnvOverlay > omits a var when its setting is the default sentinel or unset [0.06ms]
@aryee337/aery test: 
@aryee337/aery test: test/model-registry.test.ts:
@aryee337/aery test: (pass) ModelRegistry > canonical equivalence > exclusions keep variants out of canonical grouping [1022.71ms]
@aryee337/aery test: (pass) ModelRegistry > canonical equivalence > resolves canonical models using configured provider order [48.95ms]
@aryee337/aery test: (pass) ModelRegistry > OpenRouter routed suffix fallback > find synthesizes a routed model id from the base OpenRouter metadata [125.08ms]
@aryee337/aery test: (pass) ModelRegistry > baseUrl override (no custom models) > overriding baseUrl keeps all built-in models [30.73ms]
@aryee337/aery test: (pass) ModelRegistry > baseUrl override (no custom models) > overriding baseUrl changes URL on all built-in models [26.34ms]
@aryee337/aery test: 
@aryee337/aery test: test/extension-dashboard-state.test.ts:
@aryee337/aery test: (pass) applyDisabledExtensionsToState > immediately applies item-disabled state to every visible dashboard slice [0.68ms]
@aryee337/aery test: (pass) applyDisabledExtensionsToState > restores a previously item-disabled shadowed extension as shadowed [0.23ms]
@aryee337/aery test: 
@aryee337/aery test: test/model-registry.test.ts:
@aryee337/aery test: (pass) ModelRegistry > baseUrl override (no custom models) > overriding headers merges with model headers [59.49ms]
@aryee337/aery test: (pass) ModelRegistry > baseUrl override (no custom models) > headers-only override applies to built-in models [21.58ms]
@aryee337/aery test: (pass) ModelRegistry > baseUrl override (no custom models) > authHeader override applies bearer auth to built-in models without custom models [84.98ms]
@aryee337/aery test: 
@aryee337/aery test: test/title-generator.test.ts:
@aryee337/aery test: (pass) title generator > returns the title from a forced set_title tool call [19.60ms]
@aryee337/aery test: (pass) title generator > falls back to text content when no set_title tool call is returned [1.27ms]
@aryee337/aery test: 
@aryee337/aery test: test/model-registry.test.ts:
@aryee337/aery test: (pass) ModelRegistry > baseUrl override (no custom models) > apiKey-only override supplies fallback auth for built-in models [92.39ms]
@aryee337/aery test: 
@aryee337/aery test: test/title-generator.test.ts:
@aryee337/aery test: (pass) title generator > uses a reasoning-safe output budget for reasoning models [6.75ms]
@aryee337/aery test: (pass) title generator > strips code blocks from the message sent to the model [1.29ms]
@aryee337/aery test: 
@aryee337/aery test: test/model-registry.test.ts:
@aryee337/aery test: (pass) ModelRegistry > baseUrl override (no custom models) > baseUrl-only override does not affect other providers [32.67ms]
@aryee337/aery test: 
@aryee337/aery test: test/tool-choice-queue.test.ts:
@aryee337/aery test: (pass) ToolChoiceQueue > resolve callback > fires onResolved with the served choice [0.55ms]
@aryee337/aery test: (pass) ToolChoiceQueue > reject callback > onRejected returning 'requeue' replays the lost yield [0.40ms]
@aryee337/aery test: (pass) ToolChoiceQueue > reject callback > onRejected returning 'drop' discards the yield [0.17ms]
@aryee337/aery test: (pass) ToolChoiceQueue > reject callback > requeued directive preserves onRejected so it can re-requeue across aborts [0.16ms]
@aryee337/aery test: (pass) ToolChoiceQueue > removeByLabel > removes targeted directives without affecting others [0.22ms]
@aryee337/aery test: (pass) ToolChoiceQueue > removeByLabel > rejects in-flight if its label matches [0.18ms]
@aryee337/aery test: (pass) ToolChoiceQueue > clear > empties queue and rejects in-flight [0.15ms]
@aryee337/aery test: (pass) ToolChoiceQueue > consumeLastServedLabel > returns label once then clears [0.28ms]
@aryee337/aery test: (pass) ToolChoiceQueue > hasInFlight > is false when queue is empty [0.05ms]
@aryee337/aery test: (pass) ToolChoiceQueue > hasInFlight > is true after nextToolChoice, false after resolve [0.07ms]
@aryee337/aery test: (pass) onInvoked / peekInFlightInvoker > exposes the in-flight directive's onInvoked handler via peekInFlightInvoker [0.29ms]
@aryee337/aery test: (pass) onInvoked / peekInFlightInvoker > returns undefined when no directive is in-flight [0.06ms]
@aryee337/aery test: (pass) onInvoked / peekInFlightInvoker > carries onInvoked across requeue so replayed directive still handles invocations [0.26ms]
@aryee337/aery test: 
@aryee337/aery test: test/model-registry.test.ts:
@aryee337/aery test: (pass) ModelRegistry > baseUrl override (no custom models) > can mix baseUrl override and models merge [79.50ms]
@aryee337/aery test: (pass) ModelRegistry > baseUrl override (no custom models) > refresh() picks up baseUrl override changes [102.20ms]
@aryee337/aery test: (pass) ModelRegistry > provider compat overrides > provider-level compat applies to built-in models [84.39ms]
@aryee337/aery test: (pass) ModelRegistry > provider compat overrides > provider-level compat applies to custom models [44.29ms]
@aryee337/aery test: (pass) ModelRegistry > provider compat overrides > model-level compat overrides provider-level compat for custom models [46.80ms]
@aryee337/aery test: (pass) ModelRegistry > custom models merge behavior > custom provider with same name as built-in merges with built-in models [62.84ms]
@aryee337/aery test: (pass) ModelRegistry > custom models merge behavior > custom model with same id replaces built-in model by id [76.01ms]
@aryee337/aery test: 
@aryee337/aery test: src/eval/__tests__/shared-executors.test.ts:
@aryee337/aery test: (pass) shared eval executors > shares JavaScript state across executeJs calls with one session id [782.60ms]
@aryee337/aery test: 
@aryee337/aery test: test/model-registry.test.ts:
@aryee337/aery test: (pass) ModelRegistry > custom models merge behavior > custom same-id replacement does not keep bundled headers [129.65ms]
@aryee337/aery test: (pass) ModelRegistry > custom models merge behavior > custom provider with same name as built-in does not affect other built-in providers [41.54ms]
@aryee337/aery test: (pass) ModelRegistry > custom models merge behavior > provider-level baseUrl applies to both built-in and custom models [23.95ms]
@aryee337/aery test: (pass) ModelRegistry > custom models merge behavior > model-level baseUrl overrides provider-level baseUrl for custom models [28.44ms]
@aryee337/aery test: (pass) ModelRegistry > custom models merge behavior > modelOverrides still apply when provider also defines models [180.69ms]
@aryee337/aery test: (pass) ModelRegistry > custom models merge behavior > refresh() reloads merged custom models from disk [97.28ms]
@aryee337/aery test: (pass) ModelRegistry > custom models merge behavior > built-in gpt-5.4 applies the hardcoded context window policy [28.58ms]
@aryee337/aery test: (pass) ModelRegistry > custom models merge behavior > custom gpt-5.4 replacement keeps the hardcoded context window when contextWindow is omitted [44.07ms]
@aryee337/aery test: 
@aryee337/aery test: test/extension-flag-initial-message.test.ts:
@aryee337/aery test: (pass) extension flags vs initial message > consumes a string extension flag's value instead of leaking it into messages [1.02ms]
@aryee337/aery test: (pass) extension flags vs initial message > consumes a boolean extension flag without eating the following message [0.12ms]
@aryee337/aery test: (pass) extension flags vs initial message > drops a boolean extension flag's value in equals form (no leak into messages) [0.10ms]
@aryee337/aery test: (pass) extension flags vs initial message > drops a built-in boolean flag's value in equals form too [0.12ms]
@aryee337/aery test: (pass) extension flags vs initial message > does not consume a flag-looking string value in space form, keeping command shape (P1#2) [0.12ms]
@aryee337/aery test: (pass) extension flags vs initial message > consumes a flag-looking string value in equals form [0.11ms]
@aryee337/aery test: (pass) extension flags vs initial message > treats an @-prefixed string value as the flag's value, not a file arg (P1#1) [0.10ms]
@aryee337/aery test: (pass) extension flags vs initial message > documents the P1#1 startup-parse leak: without flags, an @-value is misread as a file arg [0.06ms]
@aryee337/aery test: (pass) extension flags vs initial message > lets a registered flag shadow a same-named built-in instead of consuming the next token (bot P2) [0.10ms]
@aryee337/aery test: (pass) extension flags vs initial message > builds the initial prompt from the real message, not the flag value, when flags are known [0.23ms]
@aryee337/aery test: (pass) extension flags vs initial message > documents the pre-fix leak: without the flag map the value becomes the first prompt [0.12ms]
@aryee337/aery test: (pass) extension flags vs initial message > does not mutate the input argv, so the same array survives the two-pass parse (PR #1503 review) [0.14ms]
@aryee337/aery test: (pass) applyExtensionFlags (single-parser flag resolution) > returns null when there is no runner [0.19ms]
@aryee337/aery test: (pass) applyExtensionFlags (single-parser flag resolution) > returns null when the runner registered no flags [0.20ms]
@aryee337/aery test: (pass) applyExtensionFlags (single-parser flag resolution) > applies and strips a string flag in space form [0.23ms]
@aryee337/aery test: (pass) applyExtensionFlags (single-parser flag resolution) > applies and strips a string flag in equals form (regression for r3323133381) [0.16ms]
@aryee337/aery test: (pass) applyExtensionFlags (single-parser flag resolution) > applies a boolean flag without consuming the following message [0.12ms]
@aryee337/aery test: (pass) applyExtensionFlags (single-parser flag resolution) > drops a boolean flag's value in equals form (regression for r3323200058) [0.28ms]
@aryee337/aery test: (pass) applyExtensionFlags (single-parser flag resolution) > re-parses whenever flags are registered, even if none were passed (gate = registered presence) [0.15ms]
@aryee337/aery test: (pass) applyExtensionFlags (single-parser flag resolution) > preserves the message and built-in field for a built-in-colliding boolean flag (plan-mode --plan) [0.13ms]
@aryee337/aery test: (pass) applyExtensionFlags (single-parser flag resolution) > does not deliver a colliding flag that was not passed [0.10ms]
@aryee337/aery test: (pass) applyExtensionFlags (single-parser flag resolution) > shadows a colliding string built-in flag, delivering its value and keeping the message (--model) [0.11ms]
@aryee337/aery test: (pass) applyExtensionFlags (single-parser flag resolution) > does not consume a non-colliding flag-looking value in space form (mirrors parseArgs P1#2) [0.12ms]
@aryee337/aery test: (pass) registerFlag with built-in-named flags (r3323473227) > loads an extension that registers a built-in-named flag without throwing [0.77ms]
@aryee337/aery test: (pass) registerFlag with built-in-named flags (r3323473227) > loads a non-colliding extension flag [0.20ms]
@aryee337/aery test: (pass) registerFlag with built-in-named flags (r3323473227) > resolves extension flags from a pre-session load (main.ts @file-before-session pattern) [0.63ms]
@aryee337/aery test: 
@aryee337/aery test: test/model-registry.test.ts:
@aryee337/aery test: (pass) ModelRegistry > custom models merge behavior > custom-only gpt-5.4 provider keeps the hardcoded context window when contextWindow is omitted [52.53ms]
@aryee337/aery test: (pass) ModelRegistry > custom models merge behavior > custom gpt-5.4 replacement preserves its explicit context window [95.53ms]
@aryee337/aery test: 
@aryee337/aery test: test/tool-discovery/initial-tools.test.ts:
@aryee337/aery test: (pass) BUILTIN_TOOLS public factory map > sets loading fields on tool definitions without wrapping factories [78.58ms]
@aryee337/aery test: 
@aryee337/aery test: test/model-registry.test.ts:
@aryee337/aery test: (pass) ModelRegistry > custom models merge behavior > modelOverrides can still patch a custom gpt-5.4 replacement [91.21ms]
@aryee337/aery test: 
@aryee337/aery test: test/tool-discovery/initial-tools.test.ts:
@aryee337/aery test: (pass) built-in tool loadMode annotations > provides a summary for every discoverable tool [81.74ms]
@aryee337/aery test: (pass) computeEssentialBuiltinNames > returns DEFAULT_ESSENTIAL_TOOL_NAMES when override is empty [0.47ms]
@aryee337/aery test: (pass) computeEssentialBuiltinNames > respects tools.essentialOverride when provided [0.26ms]
@aryee337/aery test: (pass) computeEssentialBuiltinNames > filters override entries that are not known built-in tools [0.11ms]
@aryee337/aery test: (pass) computeEssentialBuiltinNames > trims whitespace and drops empty entries from the override [4.46ms]
@aryee337/aery test: (pass) computeEssentialBuiltinNames > falls back to defaults when override is non-empty but contains only invalid names [0.17ms]
@aryee337/aery test: (pass) tools.discoveryMode settings schema > back-compat: mcp.discoveryMode still accepted [0.15ms]
@aryee337/aery test: 
@aryee337/aery test: test/model-registry.test.ts:
@aryee337/aery test: (pass) ModelRegistry > custom models merge behavior > discoverable bundled replacement survives refresh [79.46ms]
@aryee337/aery test: 
@aryee337/aery test: test/tool-discovery/persistence.test.ts:
@aryee337/aery test: (pass) generic index: DiscoverableTool round-trip > builds and searches without loss [2.36ms]
@aryee337/aery test: (pass) generic index: DiscoverableTool round-trip > preserves source field in search results [0.48ms]
@aryee337/aery test: 
@aryee337/aery test: src/eval/__tests__/shared-executors.test.ts:
@aryee337/aery test: (pass) shared eval executors > treats idleTimeoutMs as an inactivity budget, not a fixed timer [826.61ms]
@aryee337/aery test: 
@aryee337/aery test: test/model-registry.test.ts:
@aryee337/aery test: (pass) ModelRegistry > custom models merge behavior > discoverable custom-only gpt-5.4 survives refresh [93.08ms]
@aryee337/aery test: (pass) ModelRegistry > custom models merge behavior > discoverable custom compat survives refresh [71.81ms]
@aryee337/aery test: (pass) ModelRegistry > custom models merge behavior > modelOverrides still apply after discoverable refresh [49.71ms]
@aryee337/aery test: (pass) ModelRegistry > custom models merge behavior > newly discovered ids inherit provider fields, not another model's custom fields [48.67ms]
@aryee337/aery test: (pass) ModelRegistry > custom models merge behavior > same-id replacement uses configured compat without bundled compat leak [33.74ms]
@aryee337/aery test: 
@aryee337/aery test: src/eval/__tests__/shared-executors.test.ts:
@aryee337/aery test: (pass) shared eval executors > shares Python state across executePython calls with one session id [342.57ms]
@aryee337/aery test: 
@aryee337/aery test: test/model-registry.test.ts:
@aryee337/aery test: (pass) ModelRegistry > custom models merge behavior > removing custom models from models.json keeps built-in provider models [92.22ms]
@aryee337/aery test: (pass) ModelRegistry > thinking metadata normalization > custom models preserve explicit thinking [27.82ms]
@aryee337/aery test: 
@aryee337/aery test: test/tool-discovery/subagent.test.ts:
@aryee337/aery test: (pass) effective discovery mode resolution > tools.discoveryMode=all beats mcp.discoveryMode=false [0.62ms]
@aryee337/aery test: (pass) effective discovery mode resolution > tools.discoveryMode=mcp-only beats mcp.discoveryMode=false [0.25ms]
@aryee337/aery test: (pass) effective discovery mode resolution > tools.discoveryMode=off + mcp.discoveryMode=true → mcp-only (back-compat alias) [0.10ms]
@aryee337/aery test: (pass) effective discovery mode resolution > tools.discoveryMode=off + mcp.discoveryMode=false → off [0.10ms]
@aryee337/aery test: (pass) effective discovery mode resolution > default settings → off [0.13ms]
@aryee337/aery test: 
@aryee337/aery test: test/model-registry.test.ts:
@aryee337/aery test: (pass) ModelRegistry > thinking metadata normalization > model overrides can replace canonical thinking metadata [28.45ms]
@aryee337/aery test: 
@aryee337/aery test: test/tool-discovery/tool-index.test.ts:
@aryee337/aery test: (pass) isMCPToolName > returns true for mcp__ prefixed names [0.11ms]
@aryee337/aery test: (pass) isMCPToolName > returns false for non-mcp names [0.06ms]
@aryee337/aery test: (pass) getDiscoverableTool > infers source=mcp from mcp__ prefix [0.49ms]
@aryee337/aery test: (pass) getDiscoverableTool > infers source=builtin for non-mcp names [0.09ms]
@aryee337/aery test: (pass) getDiscoverableTool > respects source override [0.06ms]
@aryee337/aery test: (pass) getDiscoverableTool > falls back to description (first 200 chars) as summary when no summary override [0.07ms]
@aryee337/aery test: (pass) getDiscoverableTool > uses summary override when provided [0.05ms]
@aryee337/aery test: (pass) getDiscoverableTool > extracts schema keys from parameters.properties [0.10ms]
@aryee337/aery test: (pass) collectDiscoverableTools > collects all tools from an iterable [0.20ms]
@aryee337/aery test: (pass) collectDiscoverableTools > overrides source when specified [0.07ms]
@aryee337/aery test: (pass) collectDiscoverableTools > uses summaryMap when provided [11.77ms]
@aryee337/aery test: (pass) filterBySource > filters by builtin [0.20ms]
@aryee337/aery test: (pass) filterBySource > filters by mcp [0.09ms]
@aryee337/aery test: (pass) filterBySource > filters by extension [0.06ms]
@aryee337/aery test: (pass) summarizeDiscoverableTools > groups tools by server and counts them [1.03ms]
@aryee337/aery test: (pass) summarizeDiscoverableTools > returns empty servers for tools without serverName [0.11ms]
@aryee337/aery test: (pass) formatDiscoverableToolServerSummary > formats singular [0.12ms]
@aryee337/aery test: (pass) formatDiscoverableToolServerSummary > formats plural [0.04ms]
@aryee337/aery test: (pass) selectDiscoverableToolNamesByServer > returns names for tools in the specified servers [0.20ms]
@aryee337/aery test: (pass) selectDiscoverableToolNamesByServer > returns empty array when serverNames is empty [0.04ms]
@aryee337/aery test: (pass) BM25 search > builds an index with the correct document count [0.04ms]
@aryee337/aery test: 
@aryee337/aery test: test/model-registry.test.ts:
@aryee337/aery test: (pass) ModelRegistry > modelOverrides (per-model customization) > model override applies to a single built-in model [28.91ms]
@aryee337/aery test: 
@aryee337/aery test: test/tool-discovery/tool-index.test.ts:
@aryee337/aery test: (pass) BM25 search > returns ranked matches for a query [27.85ms]
@aryee337/aery test: (pass) BM25 search > finds built-in tools too [0.22ms]
@aryee337/aery test: (pass) BM25 search > respects the limit [0.09ms]
@aryee337/aery test: (pass) BM25 search > returns empty array for query matching nothing [0.08ms]
@aryee337/aery test: (pass) BM25 search > throws for empty query [0.10ms]
@aryee337/aery test: (pass) BM25 search > returns empty array when index has no documents [0.10ms]
@aryee337/aery test: 
@aryee337/aery test: test/model-registry.test.ts:
@aryee337/aery test: (pass) ModelRegistry > modelOverrides (per-model customization) > model override with compat.openRouterRouting [29.19ms]
@aryee337/aery test: (pass) ModelRegistry > modelOverrides (per-model customization) > model override deep merges compat settings [75.72ms]
@aryee337/aery test: (pass) ModelRegistry > modelOverrides (per-model customization) > model override merges compat.extraBody across provider+model [153.40ms]
@aryee337/aery test: (pass) ModelRegistry > modelOverrides (per-model customization) > multiple model overrides on same provider [105.72ms]
@aryee337/aery test: 
@aryee337/aery test: test/extensions-discovery.test.ts:
@aryee337/aery test: (pass) extensions discovery > discovers direct .ts files in extensions/ [139.31ms]
@aryee337/aery test: (pass) extensions discovery > discovers direct .js files in extensions/ [32.04ms]
@aryee337/aery test: (pass) extensions discovery > discovers subdirectory with index.ts [36.06ms]
@aryee337/aery test: (pass) extensions discovery > discovers subdirectory with index.js [21.94ms]
@aryee337/aery test: (pass) extensions discovery > prefers index.ts over index.js [27.51ms]
@aryee337/aery test: (pass) extensions discovery > discovers subdirectory with package.json aery field [32.03ms]
@aryee337/aery test: 
@aryee337/aery test: test/model-registry.test.ts:
@aryee337/aery test: (pass) ModelRegistry > modelOverrides (per-model customization) > model override combined with baseUrl override [217.94ms]
@aryee337/aery test: 
@aryee337/aery test: test/extensions-discovery.test.ts:
@aryee337/aery test: (pass) extensions discovery > package.json can declare multiple extensions [65.47ms]
@aryee337/aery test: 
@aryee337/aery test: test/model-registry.test.ts:
@aryee337/aery test: (pass) ModelRegistry > modelOverrides (per-model customization) > model override for non-existent model ID is ignored [44.86ms]
@aryee337/aery test: (pass) ModelRegistry > modelOverrides (per-model customization) > model override can change cost fields partially [35.36ms]
@aryee337/aery test: 
@aryee337/aery test: test/extensions-discovery.test.ts:
@aryee337/aery test: (pass) extensions discovery > package.json with aery field takes precedence over index.ts [67.85ms]
@aryee337/aery test: (pass) extensions discovery > ignores package.json without aery field, falls back to index.ts [25.59ms]
@aryee337/aery test: (pass) extensions discovery > ignores subdirectory without index or package.json [15.53ms]
@aryee337/aery test: (pass) extensions discovery > does not recurse beyond one level [16.95ms]
@aryee337/aery test: 
@aryee337/aery test: test/model-registry.test.ts:
@aryee337/aery test: (pass) ModelRegistry > modelOverrides (per-model customization) > model override can add headers [86.72ms]
@aryee337/aery test: 
@aryee337/aery test: test/extensions-discovery.test.ts:
@aryee337/aery test: (pass) extensions discovery > handles mixed direct files and subdirectories [34.97ms]
@aryee337/aery test: 
@aryee337/aery test: src/eval/__tests__/shared-executors.test.ts:
@aryee337/aery test: (pass) shared eval executors > deduplicates concurrent first JavaScript session acquisition [889.20ms]
@aryee337/aery test: 
@aryee337/aery test: test/extensions-discovery.test.ts:
@aryee337/aery test: (pass) extensions discovery > skips non-existent paths declared in package.json [25.16ms]
@aryee337/aery test: (pass) extensions discovery > loads extensions and registers commands [19.85ms]
@aryee337/aery test: (pass) extensions discovery > loads extensions and registers tools [19.76ms]
@aryee337/aery test: (pass) extensions discovery > reports errors for invalid extension code [38.30ms]
@aryee337/aery test: 
@aryee337/aery test: test/model-registry.test.ts:
@aryee337/aery test: (pass) ModelRegistry > modelOverrides (per-model customization) > refresh() picks up model override changes [209.09ms]
@aryee337/aery test: (pass) ModelRegistry > modelOverrides (per-model customization) > removing model override restores built-in values [114.92ms]
@aryee337/aery test: (pass) ModelRegistry > github-copilot oauth endpoint alignment > getApiKey does not mutate bundled github-copilot baseUrl [83.01ms]
@aryee337/aery test: (pass) ModelRegistry > github-copilot oauth endpoint alignment > refreshProvider uses enterprise Copilot discovery host for peeked credentials [76.60ms]
@aryee337/aery test: (pass) ModelRegistry > disabled provider filtering > getAvailable and getDiscoverableProviders exclude disabled providers from settings [53.61ms]
@aryee337/aery test: 
@aryee337/aery test: src/eval/__tests__/shared-executors.test.ts:
@aryee337/aery test: (pass) shared eval executors > deduplicates concurrent first Python session acquisition [505.42ms]
@aryee337/aery test: 
@aryee337/aery test: test/extensions-discovery.test.ts:
@aryee337/aery test: (pass) extensions discovery > handles explicitly configured paths [437.01ms]
@aryee337/aery test: ✓ chalk-logger extension loaded
@aryee337/aery test: (pass) extensions discovery > resolves 3rd party npm dependencies (chalk) [12.38ms]
@aryee337/aery test: 
@aryee337/aery test: test/tool-execution-args.test.ts:
@aryee337/aery test: (pass) ToolExecutionComponent.updateArgs (F8 — no clone, ref-eq fast path) > does NOT call structuredClone in updateArgs (caller already owns isolation) [162.38ms]
@aryee337/aery test: (pass) ToolExecutionComponent.updateArgs (F8 — no clone, ref-eq fast path) > short-circuits when called with the exact same args reference [3.97ms]
@aryee337/aery test: 
@aryee337/aery test: test/model-registry.test.ts:
@aryee337/aery test: (pass) ModelRegistry > disabled provider filtering > refresh skips discovery probes for disabled local providers [68.19ms]
@aryee337/aery test: (pass) ModelRegistry > runtime discovery > auto-discovers ollama models without provider config [165.80ms]
@aryee337/aery test: 
@aryee337/aery test: test/extensions-discovery.test.ts:
@aryee337/aery test: (pass) extensions discovery > resolves dependencies from extension's own node_modules [400.81ms]
@aryee337/aery test: 
@aryee337/aery test: test/model-registry.test.ts:
@aryee337/aery test: (pass) ModelRegistry > runtime discovery > discovers ollama-cloud through built-in descriptor flow without regressing local implicit ollama [362.83ms]
@aryee337/aery test: (pass) ModelRegistry > runtime discovery > discovers ollama models at runtime and treats auth:none providers as available [103.83ms]
@aryee337/aery test: (pass) ModelRegistry > runtime discovery > normalizes cached ollama completions rows to responses on load [35.85ms]
@aryee337/aery test: 
@aryee337/aery test: test/tools.test.ts:
@aryee337/aery test: (pass) Coding Agent Tools > read tool > should read file contents that fit within limits [66.32ms]
@aryee337/aery test: (pass) Coding Agent Tools > read tool > truncates lines wider than the read column cap, leaving narrow lines untouched [17.95ms]
@aryee337/aery test: (pass) Coding Agent Tools > read tool > returns wide lines verbatim with the :raw selector [7.65ms]
@aryee337/aery test: (pass) Coding Agent Tools > read tool > should read ipynb files as editable cell text [9.04ms]
@aryee337/aery test: 
@aryee337/aery test: test/model-registry.test.ts:
@aryee337/aery test: (pass) ModelRegistry > runtime discovery > discovers ollama thinking capabilities from show metadata [77.31ms]
@aryee337/aery test: 
@aryee337/aery test: test/tools.test.ts:
@aryee337/aery test: (pass) Coding Agent Tools > read tool > should apply edits to the ipynb editable representation [27.52ms]
@aryee337/aery test: 
@aryee337/aery test: test/extensions-discovery.test.ts:
@aryee337/aery test: (pass) extensions discovery > registers message renderers [415.05ms]
@aryee337/aery test: 
@aryee337/aery test: test/tools.test.ts:
@aryee337/aery test: (pass) Coding Agent Tools > read tool > should handle non-existent files [18.19ms]
@aryee337/aery test: 
@aryee337/aery test: test/model-registry.test.ts:
@aryee337/aery test: (pass) ModelRegistry > runtime discovery > discovers ollama context window from show model_info [71.16ms]
@aryee337/aery test: 
@aryee337/aery test: test/tools.test.ts:
@aryee337/aery test: (pass) Coding Agent Tools > read tool > should read local files passed as file:// URLs [35.02ms]
@aryee337/aery test: 
@aryee337/aery test: test/extensions-discovery.test.ts:
@aryee337/aery test: (pass) extensions discovery > reports error when extension throws during initialization [81.18ms]
@aryee337/aery test: 
@aryee337/aery test: test/model-registry.test.ts:
@aryee337/aery test: (pass) ModelRegistry > runtime discovery > discovery failure does not fail model registry refresh [61.58ms]
@aryee337/aery test: 
@aryee337/aery test: test/extensions-discovery.test.ts:
@aryee337/aery test: (pass) extensions discovery > reports error when extension has no default export [98.81ms]
@aryee337/aery test: 
@aryee337/aery test: src/eval/__tests__/shared-executors.test.ts:
@aryee337/aery test: (pass) shared eval executors > splits retained Python kernels by cwd for one shared session id [1048.84ms]
@aryee337/aery test: 
@aryee337/aery test: test/model-registry.test.ts:
@aryee337/aery test: (pass) ModelRegistry > runtime discovery > loads cached local models before live refresh and preserves them on failure [155.41ms]
@aryee337/aery test: 
@aryee337/aery test: test/extensions-discovery.test.ts:
@aryee337/aery test: (pass) extensions discovery > allows multiple extensions to register different tools [140.23ms]
@aryee337/aery test: 
@aryee337/aery test: test/model-registry.test.ts:
@aryee337/aery test: (pass) ModelRegistry > runtime discovery > reports unauthenticated discoverable providers without discarding cached models [92.19ms]
@aryee337/aery test: 
@aryee337/aery test: test/tools.test.ts:
@aryee337/aery test: (pass) Coding Agent Tools > read tool > should truncate files exceeding line limit [327.05ms]
@aryee337/aery test: 
@aryee337/aery test: test/model-registry.test.ts:
@aryee337/aery test: (pass) ModelRegistry > runtime discovery > llama.cpp discovery honors configured API key [48.83ms]
@aryee337/aery test: (pass) ModelRegistry > runtime discovery > llama.cpp discovery without API key is treated as keyless [55.98ms]
@aryee337/aery test: 
@aryee337/aery test: test/extensions-discovery.test.ts:
@aryee337/aery test: (pass) extensions discovery > loads extension with event handlers [142.63ms]
@aryee337/aery test: (pass) extensions discovery > loads extension with shortcuts [11.10ms]
@aryee337/aery test: 
@aryee337/aery test: test/tools.test.ts:
@aryee337/aery test: (pass) Coding Agent Tools > read tool > should truncate when byte limit exceeded [112.44ms]
@aryee337/aery test: (pass) Coding Agent Tools > read tool > should handle offset parameter (with leading context expansion) [4.43ms]
@aryee337/aery test: (pass) Coding Agent Tools > read tool > should handle limit parameter (with trailing context expansion) [2.32ms]
@aryee337/aery test: (pass) Coding Agent Tools > read tool > does not expand on the leading side when offset is 1 or unspecified [3.11ms]
@aryee337/aery test: (pass) Coding Agent Tools > read tool > clamps leading context at file start without errors [6.38ms]
@aryee337/aery test: (pass) Coding Agent Tools > read tool > should handle offset + limit together (1 leading + 3 trailing) [2.29ms]
@aryee337/aery test: (pass) Coding Agent Tools > read tool > should show error when offset is beyond file length [2.86ms]
@aryee337/aery test: 
@aryee337/aery test: test/model-registry.test.ts:
@aryee337/aery test: (pass) ModelRegistry > runtime discovery > llama.cpp discovery reads context window from props n_ctx [67.22ms]
@aryee337/aery test: (pass) ModelRegistry > bundled Anthropic catalog availability > includes native Opus 4.7 in available models when Anthropic auth exists [115.61ms]
@aryee337/aery test: 
@aryee337/aery test: test/tools.test.ts:
@aryee337/aery test: (pass) Coding Agent Tools > read tool > should include truncation details when truncated [145.08ms]
@aryee337/aery test: (pass) Coding Agent Tools > read tool > should render directories as a two-level tree without capping root entries [11.20ms]
@aryee337/aery test: (pass) Coding Agent Tools > read tool > should treat .tar archives like directories [9.37ms]
@aryee337/aery test: 
@aryee337/aery test: test/extensions-discovery.test.ts:
@aryee337/aery test: (pass) extensions discovery > loads extension with flags [191.02ms]
@aryee337/aery test: (pass) extensions discovery > loadExtensions only loads explicit paths without discovery [1.81ms]
@aryee337/aery test: (pass) extensions discovery > loadExtensions with no paths loads nothing [0.48ms]
@aryee337/aery test: 
@aryee337/aery test: test/tools.test.ts:
@aryee337/aery test: (pass) Coding Agent Tools > read tool > should list archive subdirectories [7.61ms]
@aryee337/aery test: 
@aryee337/aery test: test/model-registry.test.ts:
@aryee337/aery test: (pass) ModelRegistry > disableStrictTools > custom provider with models gets disableStrictTools merged into compat [43.16ms]
@aryee337/aery test: 
@aryee337/aery test: test/tools.test.ts:
@aryee337/aery test: (pass) Coding Agent Tools > read tool > should read .tar subpaths [3.24ms]
@aryee337/aery test: (pass) Coding Agent Tools > read tool > should read .tar.gz subpaths [12.17ms]
@aryee337/aery test: (pass) Coding Agent Tools > read tool > should read .tgz subpaths [40.36ms]
@aryee337/aery test: (pass) Coding Agent Tools > read tool > should read .zip subpaths [3.48ms]
@aryee337/aery test: 
@aryee337/aery test: test/model-registry.test.ts:
@aryee337/aery test: (pass) ModelRegistry > disableStrictTools > disableStrictTools on override-only provider applies to built-in models [64.01ms]
@aryee337/aery test: (pass) ModelRegistry > disableStrictTools > disableStrictTools is absent on built-in models without override [58.79ms]
@aryee337/aery test: 
@aryee337/aery test: test/tools.test.ts:
@aryee337/aery test: (pass) Coding Agent Tools > read tool > should detect image MIME type from file magic (not extension) [68.19ms]
@aryee337/aery test: (pass) Coding Agent Tools > read tool > returns metadata guidance (no image blocks) when inspect_image is enabled [3.45ms]
@aryee337/aery test: (pass) Coding Agent Tools > read tool > omits inspect_image from the description when the tool is disabled [1.34ms]
@aryee337/aery test: (pass) Coding Agent Tools > read tool > should treat files with image extension but non-image content as text [3.29ms]
@aryee337/aery test: (pass) Coding Agent Tools > write tool > should write file contents [10.29ms]
@aryee337/aery test: (pass) Coding Agent Tools > write tool > should create parent directories [3.45ms]
@aryee337/aery test: 
@aryee337/aery test: test/model-registry.test.ts:
@aryee337/aery test: (pass) ModelRegistry > disableStrictTools > disableStrictTools is merged with explicit compat on custom provider [26.20ms]
@aryee337/aery test: 
@aryee337/aery test: test/tools.test.ts:
@aryee337/aery test: (pass) Coding Agent Tools > write tool > should write to a new local:// path under the session local root [6.73ms]
@aryee337/aery test: (pass) Coding Agent Tools > write tool > should write to an existing archive entry [40.74ms]
@aryee337/aery test: 
@aryee337/aery test: test/model-registry.test.ts:
@aryee337/aery test: (pass) ModelRegistry > provider auth: oauth > models from a provider with auth: oauth are marked isOAuth=true [50.64ms]
@aryee337/aery test: 
@aryee337/aery test: src/eval/__tests__/shared-executors.test.ts:
@aryee337/aery test: (pass) shared eval executors > interrupts timed out synchronous Python cells before they mutate shared state [697.06ms]
@aryee337/aery test: 
@aryee337/aery test: test/model-registry.test.ts:
@aryee337/aery test: (pass) ModelRegistry > provider auth: oauth > anthropic-messages providers default to isOAuth=true even without explicit auth [56.03ms]
@aryee337/aery test: 
@aryee337/aery test: test/tools.test.ts:
@aryee337/aery test: (pass) Coding Agent Tools > write tool > should create a new archive when writing to an archive subpath [114.07ms]
@aryee337/aery test: (pass) Coding Agent Tools > write tool > should treat a plain archive filename as a regular file write [3.87ms]
@aryee337/aery test: (pass) Coding Agent Tools > edit tool > should replace text in file [2.14ms]
@aryee337/aery test: (pass) Coding Agent Tools > edit tool > should fail if text not found [3.94ms]
@aryee337/aery test: (pass) Coding Agent Tools > edit tool > should fail if text appears multiple times [1.97ms]
@aryee337/aery test: (pass) Coding Agent Tools > edit tool > should replace all occurrences with all: true [3.43ms]
@aryee337/aery test: (pass) Coding Agent Tools > edit tool > should reject all: true when multiple fuzzy matches are ambiguous [2.72ms]
@aryee337/aery test: (pass) Coding Agent Tools > edit tool > should fail with all: true if no matches found [4.36ms]
@aryee337/aery test: (pass) Coding Agent Tools > edit tool > should replace multiline text with all: true [1.93ms]
@aryee337/aery test: 
@aryee337/aery test: test/model-registry.test.ts:
@aryee337/aery test: (pass) ModelRegistry > provider auth: oauth > auth: apiKey opts out of the anthropic-messages default [88.99ms]
@aryee337/aery test: 
@aryee337/aery test: test/tools.test.ts:
@aryee337/aery test: (pass) Coding Agent Tools > edit tool > should work with all: true when only one occurrence exists [55.09ms]
@aryee337/aery test: 
@aryee337/aery test: test/model-registry.test.ts:
@aryee337/aery test: (pass) ModelRegistry > provider auth: oauth > non-anthropic apis do not get the OAuth default [68.41ms]
@aryee337/aery test: (pass) ModelRegistry > cached discovery with UNK contextWindow preserves bundled value [34.70ms]
@aryee337/aery test: (pass) ModelRegistry > loads cached standard provider discovery models on startup [35.30ms]
@aryee337/aery test: 
@aryee337/aery test: src/eval/__tests__/shared-executors.test.ts:
@aryee337/aery test: (pass) shared eval executors > settles Python cells that raise SystemExit [296.19ms]
@aryee337/aery test: 
@aryee337/aery test: test/tools.test.ts:
@aryee337/aery test: (pass) Coding Agent Tools > bash tool > should execute simple commands [147.26ms]
@aryee337/aery test: 
@aryee337/aery test: test/model-registry.test.ts:
@aryee337/aery test: (pass) ModelRegistry > loads cached special provider discovery models on startup [60.03ms]
@aryee337/aery test: (pass) ModelRegistry > replaces bundled google-vertex models with authoritative Vertex project discovery [35.39ms]
@aryee337/aery test: (pass) ModelRegistry > does not re-add bundled synthetic models after authoritative cache load [28.62ms]
@aryee337/aery test: (pass) ModelRegistry > does not re-add bundled synthetic models after authoritative refresh [69.80ms]
@aryee337/aery test: (pass) ModelRegistry > keeps bundled google-vertex fallback when cached project catalog is non-authoritative [24.36ms]
@aryee337/aery test: 
@aryee337/aery test: test/tools.test.ts:
@aryee337/aery test: (pass) Coding Agent Tools > bash tool > should record wall time in text content and details [171.31ms]
@aryee337/aery test: (pass) Coding Agent Tools > bash tool > should expose built-in interceptor defaults truthfully [1.92ms]
@aryee337/aery test: (pass) Coding Agent Tools > bash tool > should block built-in interceptor commands when enabled with default patterns [3.90ms]
@aryee337/aery test: 
@aryee337/aery test: test/model-registry.test.ts:
@aryee337/aery test: (pass) ModelRegistry > keeps bundled google-vertex fallback when cached project catalog is stale [20.80ms]
@aryee337/aery test: 
@aryee337/aery test: test/tools.test.ts:
@aryee337/aery test: (pass) Coding Agent Tools > bash tool > should allow an explicit empty interceptor pattern list [277.86ms]
@aryee337/aery test: (pass) Coding Agent Tools > bash tool > should honor custom bash interceptor patterns [2.68ms]
@aryee337/aery test: (pass) Coding Agent Tools > bash tool > should expose env values without shell re-parsing [6.54ms]
@aryee337/aery test: 
@aryee337/aery test: test/model-resolver.test.ts:
@aryee337/aery test: (pass) parseModelPattern > simple patterns without colons > exact match returns model with undefined thinking level [1.01ms]
@aryee337/aery test: (pass) parseModelPattern > simple patterns without colons > partial match returns best model with undefined thinking level [0.32ms]
@aryee337/aery test: (pass) parseModelPattern > simple patterns without colons > no match returns undefined model and thinking level [0.13ms]
@aryee337/aery test: (pass) parseModelPattern > patterns with valid thinking levels > sonnet:high returns sonnet with high thinking level [1.52ms]
@aryee337/aery test: (pass) parseModelPattern > patterns with valid thinking levels > gpt-4o:medium returns gpt-4o with medium thinking level [0.17ms]
@aryee337/aery test: (pass) parseModelPattern > patterns with valid thinking levels > all valid thinking levels work [0.67ms]
@aryee337/aery test: (pass) parseModelPattern > patterns with invalid thinking levels > sonnet:random returns sonnet with undefined thinking level and warning [0.19ms]
@aryee337/aery test: (pass) parseModelPattern > patterns with invalid thinking levels > gpt-4o:invalid returns gpt-4o with undefined thinking level and warning [0.14ms]
@aryee337/aery test: (pass) parseModelPattern > OpenRouter models with colons in IDs > qwen3-coder:exacto matches the model with undefined thinking level [0.28ms]
@aryee337/aery test: (pass) parseModelPattern > OpenRouter models with colons in IDs > openrouter/qwen/qwen3-coder:exacto matches with provider prefix [0.16ms]
@aryee337/aery test: (pass) parseModelPattern > OpenRouter models with colons in IDs > qwen3-coder:exacto:high matches model with high thinking level [0.20ms]
@aryee337/aery test: (pass) parseModelPattern > OpenRouter models with colons in IDs > openrouter/qwen/qwen3-coder:exacto:high matches with provider and thinking level [1.09ms]
@aryee337/aery test: (pass) parseModelPattern > OpenRouter models with colons in IDs > gpt-4o:extended matches the extended model with undefined thinking level [0.11ms]
@aryee337/aery test: (pass) parseModelPattern > OpenRouter models with colons in IDs > supports OpenRouter route suffixes that are not present in the catalog [0.22ms]
@aryee337/aery test: (pass) parseModelPattern > OpenRouter models with colons in IDs > supports OpenRouter route suffixes with an appended thinking level [0.32ms]
@aryee337/aery test: (pass) parseModelPattern > invalid thinking levels with OpenRouter models > qwen3-coder:exacto:random returns model with undefined thinking level and warning [2.88ms]
@aryee337/aery test: (pass) parseModelPattern > invalid thinking levels with OpenRouter models > qwen3-coder:exacto:high:random returns model with undefined thinking level and warning [0.44ms]
@aryee337/aery test: (pass) parseModelPattern > edge cases > empty pattern matches via partial matching [0.39ms]
@aryee337/aery test: (pass) parseModelPattern > edge cases > pattern ending with colon treats empty suffix as invalid [0.21ms]
@aryee337/aery test: (pass) parseModelPattern > preference logic > prefers most recently used model when multiple providers match [0.25ms]
@aryee337/aery test: (pass) parseModelPattern > preference logic > falls back to deprioritizing openrouter when no usage data [0.11ms]
@aryee337/aery test: (pass) parseModelPattern > preference logic > respects most recently used provider even if openrouter [0.13ms]
@aryee337/aery test: (pass) parseModelPattern > canonical ids > resolves an exact canonical id through the registry before bare-id matching [0.23ms]
@aryee337/aery test: (pass) resolveModelRoleValue > resolves aery/<role>:<thinking> by expanding role alias before parsing thinking [4.18ms]
@aryee337/aery test: (pass) resolveModelRoleValue > resolves aery/default through configured default role alias [0.22ms]
@aryee337/aery test: (pass) resolveModelRoleValue > does not resolve exact codex role values to codex-spark via substring matching [0.35ms]
@aryee337/aery test: (pass) resolveModelRoleValue > clamps explicit thinking selectors from model metadata [0.17ms]
@aryee337/aery test: (pass) resolveAgentModelPatterns > falls back to the active session model when aery/task is unset [0.57ms]
@aryee337/aery test: (pass) resolveAgentModelPatterns > uses the configured task role before falling back to the session model [0.21ms]
@aryee337/aery test: (pass) resolveAgentModelPatterns > expands aery/designer to priority defaults [0.12ms]
@aryee337/aery test: (pass) resolveAgentModelPatterns > prefers configured designer role override over priority defaults [0.12ms]
@aryee337/aery test: (pass) resolveModelFromString > falls back to pattern parsing for provider/model:thinking when strict provider+id miss [0.19ms]
@aryee337/aery test: (pass) resolveModelFromString > treats colon-containing model IDs without thinking suffix as exact IDs [0.07ms]
@aryee337/aery test: (pass) resolveModelOverride > preserves explicit off and explicit-thinking metadata [0.34ms]
@aryee337/aery test: (pass) resolveModelOverride > resolves colon-containing model IDs with appended thinking suffix [0.27ms]
@aryee337/aery test: (pass) resolveCliModel > resolves exact canonical ids to the preferred concrete provider [0.61ms]
@aryee337/aery test: (pass) resolveCliModel > resolves --model provider/id without --provider [0.14ms]
@aryee337/aery test: (pass) resolveCliModel > resolves fuzzy patterns within an explicit provider [0.23ms]
@aryee337/aery test: (pass) resolveCliModel > supports --model <pattern>:<thinking> (without explicit --thinking) [0.20ms]
@aryee337/aery test: (pass) resolveCliModel > prefers exact model id match over provider inference (OpenRouter-style ids) [0.11ms]
@aryee337/aery test: (pass) resolveCliModel > does not strip invalid :suffix as thinking level in --model (fail fast) [0.17ms]
@aryee337/aery test: (pass) resolveCliModel > supports provider-prefixed OpenRouter route suffixes even when the base model is cataloged without them [0.15ms]
@aryee337/aery test: (pass) resolveCliModel > supports explicit OpenRouter provider with route suffixes that are not in the catalog [0.13ms]
@aryee337/aery test: (pass) resolveCliModel > returns a clear error when there are no models [0.09ms]
@aryee337/aery test: (pass) resolveCliModel > resolves provider-prefixed fuzzy patterns (openrouter/qwen -> openrouter model) [0.17ms]
@aryee337/aery test: (pass) resolveCliModel > prefers decomposed provider+id over flat id match when ambiguous [0.26ms]
@aryee337/aery test: (pass) resolveModelScope > expands exact canonical ids into all concrete variants [1.19ms]
@aryee337/aery test: (pass) parseModelString > parses standard provider/id format [0.09ms]
@aryee337/aery test: (pass) parseModelString > returns undefined for strings without a slash [0.05ms]
@aryee337/aery test: (pass) parseModelString > returns undefined for strings starting with slash [0.04ms]
@aryee337/aery test: (pass) parseModelString > thinking level suffix extraction > extracts valid thinking level from provider/id:level [0.09ms]
@aryee337/aery test: (pass) parseModelString > thinking level suffix extraction > extracts all valid thinking levels [0.16ms]
@aryee337/aery test: (pass) parseModelString > thinking level suffix extraction > does NOT strip invalid suffix — treats it as part of model ID [0.06ms]
@aryee337/aery test: (pass) parseModelString > thinking level suffix extraction > handles model ID with colon followed by valid thinking level [0.05ms]
@aryee337/aery test: (pass) parseModelString > thinking level suffix extraction > does not extract thinking level from model ID with invalid suffix [0.04ms]
@aryee337/aery test: (pass) parseModelString > thinking level suffix extraction > handles empty suffix after colon [0.04ms]
@aryee337/aery test: (pass) expandRoleAlias > expands aery/vision to configured vision role [0.79ms]
@aryee337/aery test: (pass) expandRoleAlias > keeps aery/vision alias when vision role is unset [0.20ms]
@aryee337/aery test: 
@aryee337/aery test: test/tools.test.ts:
@aryee337/aery test: (pass) Coding Agent Tools > bash tool > should resolve local:// destination paths for mv commands [262.79ms]
@aryee337/aery test: 
@aryee337/aery test: src/eval/__tests__/shared-executors.test.ts:
@aryee337/aery test: 376 | 		});
@aryee337/aery test: 377 | 
@aryee337/aery test: 378 | 		const tool = await TaskTool.create(parentSession);
@aryee337/aery test: 379 | 		await tool.execute("tool-call", taskParams);
@aryee337/aery test: 380 | 
@aryee337/aery test: 381 | 		expect(capturedOptions?.parentEvalSessionId).toBe(evalSessionId);
@aryee337/aery test:                                                      ^
@aryee337/aery test: error: expect(received).toBe(expected)
@aryee337/aery test: 
@aryee337/aery test: Expected: "session:/tmp/aery-eval-subagent-v6b8yl/session.jsonl:cwd:/tmp/aery-eval-subagent-v6b8yl"
@aryee337/aery test: Received: undefined
@aryee337/aery test: 
@aryee337/aery test:       at <anonymous> (/home/aryee/aery/ai_agent/aery/packages/coding-agent/src/eval/__tests__/shared-executors.test.ts:381:48)
@aryee337/aery test: (fail) shared eval executors > lets a subagent inherit parent JavaScript and Python eval state [975.84ms]
@aryee337/aery test: 
@aryee337/aery test: test/model-selector-role-badge-thinking.test.ts:
@aryee337/aery test: (pass) ModelSelector role badge thinking display > shows custom roles from cycleOrder/modelRoles and honors built-in metadata overrides [13.34ms]
@aryee337/aery test: 
@aryee337/aery test: test/tools.test.ts:
@aryee337/aery test: (pass) Coding Agent Tools > bash tool > should stream output updates [617.27ms]
@aryee337/aery test: (pass) Coding Agent Tools > bash tool > should persist environment variables between commands [1.59ms]
@aryee337/aery test: 
@aryee337/aery test: test/model-selector-role-badge-thinking.test.ts:
@aryee337/aery test: (pass) ModelSelector role badge thinking display > refreshes Ollama Cloud using provider id instead of tab label [133.88ms]
@aryee337/aery test: (pass) ModelSelector role badge thinking display > switches provider tabs immediately and refreshes in background with spinner animation [285.87ms]
@aryee337/aery test: 
@aryee337/aery test: src/eval/__tests__/shared-executors.test.ts:
@aryee337/aery test: (pass) shared eval executors > routes interleaved JavaScript display output to the matching run [815.73ms]
@aryee337/aery test: 
@aryee337/aery test: test/extensions-runner.test.ts:
@aryee337/aery test: (pass) ExtensionRunner > shortcut conflicts > warns when extension shortcut conflicts with built-in [1297.05ms]
@aryee337/aery test: 
@aryee337/aery test: test/tools.test.ts:
@aryee337/aery test: (pass) Coding Agent Tools > bash tool > should write truncated output to artifacts [531.40ms]
@aryee337/aery test: (pass) Coding Agent Tools > bash tool > should surface non-zero exits as an error result [225.15ms]
@aryee337/aery test: 
@aryee337/aery test: test/extensions-runner.test.ts:
@aryee337/aery test: (pass) ExtensionRunner > shortcut conflicts > warns when two extensions register same shortcut [315.72ms]
@aryee337/aery test: 
@aryee337/aery test: src/eval/__tests__/shared-executors.test.ts:
@aryee337/aery test: (pass) shared eval executors > routes interleaved Python display output to the matching run [380.64ms]
@aryee337/aery test: 
@aryee337/aery test: test/modes/components/assistant-message-mermaid.test.ts:
@aryee337/aery test: (pass) AssistantMessageComponent mermaid markdown > renders fenced Mermaid ASCII without terminal image protocol [64.11ms]
@aryee337/aery test: (pass) AssistantMessageComponent mermaid markdown > falls back to the fenced code block when Mermaid rendering fails [4.86ms]
@aryee337/aery test: (pass) AssistantMessageComponent thinking renderers > renders all extension outputs below visible thinking blocks in registration order [14.60ms]
@aryee337/aery test: (pass) AssistantMessageComponent thinking renderers > keeps original thinking visible when an extension renderer throws [2.16ms]
@aryee337/aery test: (pass) AssistantMessageComponent thinking renderers > keeps async renderer components mounted when they request a render [2.26ms]
@aryee337/aery test: (pass) AssistantMessageComponent thinking renderers > does not invoke extension renderers when thinking is hidden [1.63ms]
@aryee337/aery test: 
@aryee337/aery test: test/tools.test.ts:
@aryee337/aery test: (pass) Coding Agent Tools > bash tool > should keep short commands inline when auto-background is enabled [200.90ms]
@aryee337/aery test: (pass) Coding Agent Tools > bash tool > should auto-background long-running commands when enabled [111.29ms]
@aryee337/aery test: 
@aryee337/aery test: test/modes/components/assistant-message-mermaid.test.ts:
@aryee337/aery test: (pass) AssistantMessageComponent tool images > converts WebP tool images for Kitty terminal rendering [257.24ms]
@aryee337/aery test: 
@aryee337/aery test: test/extensions-runner.test.ts:
@aryee337/aery test: (pass) ExtensionRunner > tool collection > collects tools from multiple extensions [513.05ms]
@aryee337/aery test: 
@aryee337/aery test: test/modes/components/hook-selector-slider.test.ts:
@aryee337/aery test: (pass) HookSelectorComponent model slider > renders every tier label plus the active tier's resolved model name [18.80ms]
@aryee337/aery test: (pass) HookSelectorComponent model slider > advances on right arrow, updating selection and the displayed model name [4.80ms]
@aryee337/aery test: (pass) HookSelectorComponent model slider > moves left and right from any list position without selecting an option [2.95ms]
@aryee337/aery test: (pass) HookSelectorComponent model slider > clamps at both edges and only fires onChange on real movement [1.88ms]
@aryee337/aery test: (pass) HookSelectorComponent model slider > clamps a constructor index beyond the segment range [1.09ms]
@aryee337/aery test: (pass) HookSelectorComponent model slider > falls back to onLeft/onRight navigation when no slider is configured [1.79ms]
@aryee337/aery test: (pass) HookSelectorComponent model slider > fuzzy-filters overflowing option lists from typed input [5.24ms]
@aryee337/aery test: 
@aryee337/aery test: src/eval/__tests__/shared-executors.test.ts:
@aryee337/aery test: (pass) shared eval executors > preserves module-level singleton state across re-imports of an unchanged file [615.89ms]
@aryee337/aery test: 
@aryee337/aery test: test/extensions-runner.test.ts:
@aryee337/aery test: (pass) ExtensionRunner > command collection > collects commands from multiple extensions [230.54ms]
@aryee337/aery test: 
@aryee337/aery test: test/modes/components/oauth-selector.test.ts:
@aryee337/aery test: (pass) OAuthSelectorComponent > fuzzy-filters overflowing provider lists from typed input [47.02ms]
@aryee337/aery test: (pass) OAuthSelectorComponent > does not offer env-only providers as logout targets [0.74ms]
@aryee337/aery test: (pass) OAuthSelectorComponent > offers stored providers as logout targets [1.01ms]
@aryee337/aery test: 
@aryee337/aery test: test/modes/components/segment-track.test.ts:
@aryee337/aery test: (pass) renderSegmentTrack > renders every segment in its own color [0.42ms]
@aryee337/aery test: (pass) renderSegmentTrack > fills exactly the active segment as a bold chip with a background [0.18ms]
@aryee337/aery test: (pass) renderSegmentTrack > moves the filled chip with the active index [0.13ms]
@aryee337/aery test: (pass) theme.getContrastFgAnsi > returns a high-contrast near-black/near-white over any fill [0.40ms]
@aryee337/aery test: 
@aryee337/aery test: test/extensions-runner.test.ts:
@aryee337/aery test: (pass) ExtensionRunner > command collection > gets command by name [399.08ms]
@aryee337/aery test: 
@aryee337/aery test: src/eval/__tests__/shared-executors.test.ts:
@aryee337/aery test: (pass) shared eval executors > reloads a local re-export when a transitive dependency changes [650.67ms]
@aryee337/aery test: 
@aryee337/aery test: test/tools.test.ts:
@aryee337/aery test: (pass) Coding Agent Tools > bash tool > should background instead of timing out when auto-background wait exceeds the effective timeout [1070.64ms]
@aryee337/aery test: (pass) Coding Agent Tools > bash tool > should surface clamped timeout in results [14.04ms]
@aryee337/aery test: 
@aryee337/aery test: test/modes/components/session-selector-scope.test.ts:
@aryee337/aery test: (pass) SessionSelectorComponent scope toggle > loads the all-projects list on Tab and surfaces each session's directory [21.11ms]
@aryee337/aery test: (pass) SessionSelectorComponent scope toggle > returns the full selected session, including its cwd [0.76ms]
@aryee337/aery test: (pass) SessionSelectorComponent scope toggle > opens directly in all-projects scope when started there with a preloaded list [0.48ms]
@aryee337/aery test: 
@aryee337/aery test: test/extensions-runner.test.ts:
@aryee337/aery test: (pass) ExtensionRunner > command collection > prefers later-loaded explicit extensions for conflicting commands [344.10ms]
@aryee337/aery test: 
@aryee337/aery test: test/modes/components/settings-selector-memory-refresh.test.ts:
@aryee337/aery test: (pass) SettingsSelectorComponent memory tab > reveals condition-gated Hindsight rows the moment memory.backend changes via the submenu [21.15ms]
@aryee337/aery test: (pass) SettingsSelectorComponent memory tab > hides Hindsight rows again when the backend is switched back to off without leaving the tab [4.83ms]
@aryee337/aery test: 
@aryee337/aery test: test/extensions-runner.test.ts:
@aryee337/aery test: (pass) ExtensionRunner > error handling > calls error listeners when handler throws [358.52ms]
@aryee337/aery test: 
@aryee337/aery test: src/eval/__tests__/shared-executors.test.ts:
@aryee337/aery test: (pass) shared eval executors > links a cyclic local module graph without crashing [639.05ms]
@aryee337/aery test: 
@aryee337/aery test: test/extensions-runner.test.ts:
@aryee337/aery test: (pass) ExtensionRunner > message renderers > gets message renderer by type [460.61ms]
@aryee337/aery test: 
@aryee337/aery test: test/modes/components/tree-selector-developer.test.ts:
@aryee337/aery test: (pass) TreeSelectorComponent developer message rendering > renders developer messages with their content, not just [developer] [7.60ms]
@aryee337/aery test: (pass) TreeSelectorComponent developer message rendering > matches developer messages in search (content is searchable) [3.83ms]
@aryee337/aery test: 
@aryee337/aery test: test/tools.test.ts:
@aryee337/aery test: (pass) Coding Agent Tools > bash tool > should respect timeout [1007.66ms]
@aryee337/aery test: 
@aryee337/aery test: src/eval/__tests__/shared-executors.test.ts:
@aryee337/aery test: (pass) shared eval executors > loads TypeScript type-only imports in cells and local modules [585.77ms]
@aryee337/aery test: 
@aryee337/aery test: test/tools.test.ts:
@aryee337/aery test: (pass) Coding Agent Tools > bash tool > should abort and recover for subsequent commands [148.73ms]
@aryee337/aery test: (pass) Coding Agent Tools > bash tool > should throw error when cwd does not exist [1.89ms]
@aryee337/aery test: (pass) Coding Agent Tools > bash tool > should not pull cwd from a later-line `&&` when the command is multiline [4.73ms]
@aryee337/aery test: (pass) Coding Agent Tools > bash tool > should expose background-job tools when bash auto-background is enabled [33.97ms]
@aryee337/aery test: (pass) Coding Agent Tools > JobTool > should wait for jobs and acknowledge deliveries to prevent race conditions [6.19ms]
@aryee337/aery test: 
@aryee337/aery test: test/extensions-runner.test.ts:
@aryee337/aery test: (pass) ExtensionRunner > message renderers > collects assistant thinking renderers [271.00ms]
@aryee337/aery test: 
@aryee337/aery test: test/tools.test.ts:
@aryee337/aery test: (pass) Coding Agent Tools > search tool > should include filename when searching a single file [50.41ms]
@aryee337/aery test: (pass) Coding Agent Tools > search tool > should accept wildcard patterns in paths [113.26ms]
@aryee337/aery test: (pass) Coding Agent Tools > search tool > should accept nested wildcard filters in paths [6.42ms]
@aryee337/aery test: (pass) Coding Agent Tools > search tool > should include configured context lines [5.70ms]
@aryee337/aery test: (pass) Coding Agent Tools > search tool > inserts a gap separator between non-contiguous match blocks [4.65ms]
@aryee337/aery test: 
@aryee337/aery test: test/modes/components/tree-selector-overflow.test.ts:
@aryee337/aery test: (pass) TreeSelectorComponent deep branching overflow > keeps the selected entry text visible when branching exceeds the viewport width [54.14ms]
@aryee337/aery test: 
@aryee337/aery test: src/eval/__tests__/shared-executors.test.ts:
@aryee337/aery test: (pass) shared eval executors > refreshes the Python tool proxy when bridge env appears after kernel warm-up [368.07ms]
@aryee337/aery test: 
@aryee337/aery test: test/modes/components/tree-selector-overflow.test.ts:
@aryee337/aery test: (pass) TreeSelectorComponent deep branching overflow > preserves prefix budget so the selected entry text remains legible at narrow width [7.77ms]
@aryee337/aery test: 
@aryee337/aery test: test/tools.test.ts:
@aryee337/aery test: (pass) Coding Agent Tools > search tool > should paginate files via the skip parameter [248.23ms]
@aryee337/aery test: (pass) Coding Agent Tools > search tool > should group multi-file matches [37.34ms]
@aryee337/aery test: (pass) Coding Agent Tools > search tool > should not repeat file headings for multiple matches per file [57.65ms]
@aryee337/aery test: (pass) Coding Agent Tools > search tool > should group files under directory headings [35.74ms]
@aryee337/aery test: 
@aryee337/aery test: test/extensions-runner.test.ts:
@aryee337/aery test: (pass) ExtensionRunner > flags > collects flags from extensions [630.20ms]
@aryee337/aery test: 
@aryee337/aery test: test/tools.test.ts:
@aryee337/aery test: (pass) Coding Agent Tools > search tool > should respect .gitignore by default [135.02ms]
@aryee337/aery test: 
@aryee337/aery test: src/extensibility/extensions/guards-extension.test.ts:
@aryee337/aery test: (pass) guards-extension > loop guard: warns on 3 consecutive identical tool calls [12.12ms]
@aryee337/aery test: (pass) guards-extension > loop guard: resets on different tool [0.30ms]
@aryee337/aery test: (pass) guards-extension > exploration guard: warns at hypothesis threshold [0.63ms]
@aryee337/aery test: (pass) guards-extension > exploration guard: resets on write tool [0.24ms]
@aryee337/aery test: (pass) guards-extension > resets all guards on session_start [0.40ms]
@aryee337/aery test: (pass) guards-extension > budget retry guard: records exhaustion on task tool error [0.32ms]
@aryee337/aery test: 
@aryee337/aery test: test/modes/components/user-message-keywords.test.ts:
@aryee337/aery test: (pass) UserMessageComponent magic-keyword highlighting > gradient-paints a magic keyword in the rendered (sent) message bubble [7.37ms]
@aryee337/aery test: (pass) UserMessageComponent magic-keyword highlighting > does not paint a keyword inside an inline code span [1.65ms]
@aryee337/aery test: (pass) UserMessageComponent magic-keyword highlighting > does not paint a keyword inside a fenced code block [0.94ms]
@aryee337/aery test: 
@aryee337/aery test: src/extensions/bash-collapse.test.ts:
@aryee337/aery test: (pass) collapseCommand > returns empty string for undefined [8.98ms]
@aryee337/aery test: (pass) collapseCommand > returns empty string for empty string [0.18ms]
@aryee337/aery test: (pass) collapseCommand > returns single-line command unchanged [0.07ms]
@aryee337/aery test: (pass) collapseCommand > collapses newlines into visual separator [0.51ms]
@aryee337/aery test: (pass) collapseCommand > collapses multiple consecutive newlines into one separator [0.18ms]
@aryee337/aery test: (pass) collapseCommand > handles command with leading/trailing whitespace [0.11ms]
@aryee337/aery test: 
@aryee337/aery test: src/extensions/hide-thinking-text.test.ts:
@aryee337/aery test: (pass) containsThinkTags > returns false for plain text [0.11ms]
@aryee337/aery test: (pass) containsThinkTags > returns true for text with think tags [0.08ms]
@aryee337/aery test: (pass) containsThinkTags > returns true for unclosed think tag [0.05ms]
@aryee337/aery test: (pass) containsThinkTags > returns false for empty string [0.06ms]
@aryee337/aery test: (pass) filterTaggableText > returns plain text unchanged [0.14ms]
@aryee337/aery test: (pass) filterTaggableText > returns empty string unchanged [0.05ms]
@aryee337/aery test: (pass) filterTaggableText > hideThinking = false (default) > strips tags but keeps content visible [0.14ms]
@aryee337/aery test: (pass) filterTaggableText > hideThinking = false (default) > handles multiple think blocks [0.13ms]
@aryee337/aery test: (pass) filterTaggableText > hideThinking = true > strips entire think block [0.19ms]
@aryee337/aery test: (pass) filterTaggableText > hideThinking = true > removes multiple think blocks entirely [0.11ms]
@aryee337/aery test: 
@aryee337/aery test: src/extensions/rtk.test.ts:
@aryee337/aery test: (pass) isRtkPassthrough > returns true for pnpm run lint [0.16ms]
@aryee337/aery test: (pass) isRtkPassthrough > returns true for npm run lint [0.02ms]
@aryee337/aery test: (pass) isRtkPassthrough > returns true for yarn run build [0.01ms]
@aryee337/aery test: (pass) isRtkPassthrough > returns true for bun run test
@aryee337/aery test: (pass) isRtkPassthrough > returns true for pnpm run lint --fix
@aryee337/aery test: (pass) isRtkPassthrough > returns true for npm run lint:fix
@aryee337/aery test: (pass) isRtkPassthrough > returns true for npx eslint .
@aryee337/aery test: (pass) isRtkPassthrough > returns true for pnpm exec eslint .
@aryee337/aery test: (pass) isRtkPassthrough > returns true for bunx tsx script.ts
@aryee337/aery test: (pass) isRtkPassthrough > returns true for   pnpm run lint
@aryee337/aery test: (pass) isRtkPassthrough > returns false for git status [0.07ms]
@aryee337/aery test: (pass) isRtkPassthrough > returns false for cargo test [0.02ms]
@aryee337/aery test: (pass) isRtkPassthrough > returns false for pnpm install
@aryee337/aery test: (pass) isRtkPassthrough > returns false for npm install
@aryee337/aery test: (pass) isRtkPassthrough > returns false for pnpm add react
@aryee337/aery test: (pass) isRtkPassthrough > returns false for echo pnpm run lint
@aryee337/aery test: (pass) rewriteWithRtk > passes through package manager scripts [0.21ms]
@aryee337/aery test: (pass) rewriteWithRtk > passes through npx/bunx [0.09ms]
@aryee337/aery test: 
@aryee337/aery test: test/tools.test.ts:
@aryee337/aery test: (pass) Coding Agent Tools > search tool > should include ignored files when gitignore is false [92.64ms]
@aryee337/aery test: (pass) Coding Agent Tools > search tool > should ignore FIFOs when searching a directory with gitignore disabled [10.21ms]
@aryee337/aery test: (pass) Coding Agent Tools > search tool > should cap distinct files and surface pagination [10.02ms]
@aryee337/aery test: (pass) Coding Agent Tools > search tool > should cap matches per file in multi-file scopes [5.10ms]
@aryee337/aery test: (pass) Coding Agent Tools > search tool > should let a single-file scope exceed the multi-file per-file cap [2.96ms]
@aryee337/aery test: (pass) Coding Agent Tools > find tool > should return a single file when given a file path [7.59ms]
@aryee337/aery test: (pass) Coding Agent Tools > find tool > should include hidden files that are not gitignored [6.19ms]
@aryee337/aery test: 
@aryee337/aery test: src/extensions/rtk.test.ts:
@aryee337/aery test: (pass) rewriteWithRtk > returns original when rtk not available [119.79ms]
@aryee337/aery test: (pass) getBashCommandForDisplay > returns undefined for undefined [0.12ms]
@aryee337/aery test: (pass) getBashCommandForDisplay > returns original when not cached [0.03ms]
@aryee337/aery test: 
@aryee337/aery test: src/extensions/thinking-steps.test.ts:
@aryee337/aery test: (pass) thinking-steps parsing > splits heading-based thinking into steps [1.36ms]
@aryee337/aery test: (pass) thinking-steps parsing > splits list-based thinking into steps [0.18ms]
@aryee337/aery test: (pass) thinking-steps parsing > returns empty array for empty input [0.09ms]
@aryee337/aery test: (pass) thinking-steps parsing > handles single paragraph as one step [0.12ms]
@aryee337/aery test: (pass) thinking-steps parsing > handles double-newline paragraph boundaries [0.13ms]
@aryee337/aery test: (pass) thinking-steps parsing > derives summary from first line when no heading [0.12ms]
@aryee337/aery test: (pass) thinking-steps role inference > detects inspect role [0.06ms]
@aryee337/aery test: (pass) thinking-steps role inference > detects plan role [0.06ms]
@aryee337/aery test: (pass) thinking-steps role inference > detects write role [0.05ms]
@aryee337/aery test: (pass) thinking-steps role inference > detects verify role [0.05ms]
@aryee337/aery test: (pass) thinking-steps role inference > detects error role [0.17ms]
@aryee337/aery test: (pass) thinking-steps role inference > returns default for neutral text [0.06ms]
@aryee337/aery test: (pass) thinking-steps role inference > returns correct icon for each role [0.12ms]
@aryee337/aery test: 
@aryee337/aery test: test/tools.test.ts:
@aryee337/aery test: (pass) Coding Agent Tools > find tool > should respect .gitignore [97.41ms]
@aryee337/aery test: 
@aryee337/aery test: src/guards/budget-retry-guard.test.ts:
@aryee337/aery test: (pass) BudgetRetryGuard > blocks a higher-budget retry of the same failed call [0.29ms]
@aryee337/aery test: (pass) BudgetRetryGuard > allows a different agent type [0.89ms]
@aryee337/aery test: (pass) BudgetRetryGuard > allows same budget [9.85ms]
@aryee337/aery test: (pass) BudgetRetryGuard > allows lower budget [0.39ms]
@aryee337/aery test: (pass) BudgetRetryGuard > allows a different task for the same agent type [0.35ms]
@aryee337/aery test: (pass) BudgetRetryGuard > does not block with no block [0.16ms]
@aryee337/aery test: (pass) BudgetRetryGuard > does not block with no token budget [0.09ms]
@aryee337/aery test: (pass) BudgetRetryGuard > creates block from token_budget abort completion [0.11ms]
@aryee337/aery test: (pass) BudgetRetryGuard > does not create block for non-budget completions [0.11ms]
@aryee337/aery test: (pass) BudgetRetryGuard > blocks when only description matches (ignoring prompt) [0.18ms]
@aryee337/aery test: (pass) BudgetRetryGuard > normalizes whitespace and case [0.13ms]
@aryee337/aery test: 
@aryee337/aery test: src/guards/exploration-guard.test.ts:
@aryee337/aery test: (pass) ExplorationGuard > increments streak on all-read-only turns [0.20ms]
@aryee337/aery test: (pass) ExplorationGuard > resets streak on write tool [0.17ms]
@aryee337/aery test: (pass) ExplorationGuard > resets streak on turn with no tools [0.12ms]
@aryee337/aery test: (pass) ExplorationGuard > resets streak on neutral-only turn [0.13ms]
@aryee337/aery test: (pass) ExplorationGuard > sends hypothesis reminder at threshold [0.52ms]
@aryee337/aery test: (pass) ExplorationGuard > sends mandatory steer at steerThreshold and resets [0.20ms]
@aryee337/aery test: (pass) ExplorationGuard > identifies read-only vs write tools [0.20ms]
@aryee337/aery test: (pass) ExplorationGuard > resets on user input [0.15ms]
@aryee337/aery test: (pass) ExplorationGuard > can be disabled via isEnabled [0.16ms]
@aryee337/aery test: (pass) ExplorationGuard > custom read/write tool sets [0.10ms]
@aryee337/aery test: 
@aryee337/aery test: test/modes/components/user-message-selector.test.ts:
@aryee337/aery test: (pass) UserMessageSelectorComponent > fuzzy-filters overflowing message lists from typed input [11.76ms]
@aryee337/aery test: 
@aryee337/aery test: test/tools.test.ts:
@aryee337/aery test: (pass) Coding Agent Tools > find tool > should sort exact recursive filename matches by mtime [61.27ms]
@aryee337/aery test: 
@aryee337/aery test: src/guards/loop-guard.test.ts:
@aryee337/aery test: (pass) LoopGuard > detects 3 consecutive identical tool calls [2.64ms]
@aryee337/aery test: (pass) LoopGuard > terminates on repeated warn [0.26ms]
@aryee337/aery test: (pass) LoopGuard > does not trigger on varied tools [11.30ms]
@aryee337/aery test: (pass) LoopGuard > resets streak when pattern breaks [0.57ms]
@aryee337/aery test: (pass) LoopGuard > reports readable pattern [0.19ms]
@aryee337/aery test: (pass) LoopGuard > detects 2-gram repeat (exact) [0.96ms]
@aryee337/aery test: (pass) LoopGuard > reset() clears all state [0.57ms]
@aryee337/aery test: (pass) LoopGuard > errors count toward loop detection [0.38ms]
@aryee337/aery test: 
@aryee337/aery test: test/tools.test.ts:
@aryee337/aery test: (pass) Coding Agent Tools > find tool > should render nested glob results relative to the session cwd [36.35ms]
@aryee337/aery test: 
@aryee337/aery test: test/extensions-runner.test.ts:
@aryee337/aery test: (pass) ExtensionRunner > flags > can set flag values [379.68ms]
@aryee337/aery test: 
@aryee337/aery test: test/tools.test.ts:
@aryee337/aery test: (pass) Coding Agent Tools > find tool > should not double-prefix multi-pattern results under a shared base [68.50ms]
@aryee337/aery test: 
@aryee337/aery test: src/tools/graph.test.ts:
@aryee337/aery test: (pass) GraphTool parses dependencies correctly [42.95ms]
@aryee337/aery test: 
@aryee337/aery test: test/tools.test.ts:
@aryee337/aery test: (pass) Coding Agent Tools > find tool > should not disable gitignore after an ignored broad hidden-file search finds no matches [114.28ms]
@aryee337/aery test: (pass) Coding Agent Tools > find tool > should return directories alongside files with a trailing slash [90.73ms]
@aryee337/aery test: 
@aryee337/aery test: test/extensions-runner.test.ts:
@aryee337/aery test: (pass) ExtensionRunner > before_provider_request chaining > chains payload replacements across handlers in load order [343.71ms]
@aryee337/aery test: 
@aryee337/aery test: test/modes/controllers/btw-controller.test.ts:
@aryee337/aery test: (pass) BtwController > dispatches the question to runEphemeralTurn with the btw prompt wrapper and a fresh signal [4.49ms]
@aryee337/aery test: (pass) BtwController > replaces a previous request by aborting it before issuing the next runEphemeralTurn [1.71ms]
@aryee337/aery test: (pass) BtwController > clears the panel when the active request is dismissed via Escape [0.66ms]
@aryee337/aery test: (pass) BtwController > rejects empty questions before issuing the side-channel call [0.21ms]
@aryee337/aery test: (pass) BtwController > shows an error message when no model is configured [0.22ms]
@aryee337/aery test: 
@aryee337/aery test: test/modes/controllers/command-controller-hotkeys.test.ts:
@aryee337/aery test: (pass) buildHotkeysMarkdown > emits flush-left markdown and uses the configured temporary selector hint [0.69ms]
@aryee337/aery test: (pass) buildHotkeysMarkdown > renders the temporary selector row as disabled when no display string is configured [0.94ms]
@aryee337/aery test: 
@aryee337/aery test: test/tools.test.ts:
@aryee337/aery test: (pass) Coding Agent Tools > find tool > should match a directory by glob and emit it with trailing slash [137.77ms]
@aryee337/aery test: (pass) edit tool CRLF handling > should match LF old_text against CRLF file content [33.74ms]
@aryee337/aery test: (pass) edit tool CRLF handling > should preserve CRLF line endings after edit [1.33ms]
@aryee337/aery test: (pass) edit tool CRLF handling > should preserve LF line endings for LF files [1.22ms]
@aryee337/aery test: (pass) edit tool CRLF handling > should detect duplicates across CRLF/LF variants [1.01ms]
@aryee337/aery test: (skip) edit tool CRLF handling > should preserve UTF-8 BOM after edit
@aryee337/aery test: 
@aryee337/aery test: test/extensions-runner.test.ts:
@aryee337/aery test: (pass) ExtensionRunner > before_provider_request chaining > keeps chaining after handler errors [242.49ms]
@aryee337/aery test: 
@aryee337/aery test: test/modes/controllers/copy-command.test.ts:
@aryee337/aery test: (pass) /copy command > falls back to the fresh handoff context when no assistant message exists [7.44ms]
@aryee337/aery test: (pass) /copy command > does not fall back to stale handoff context after a textless assistant response [0.22ms]
@aryee337/aery test: 
@aryee337/aery test: test/extensions-runner.test.ts:
@aryee337/aery test: (pass) ExtensionRunner > after_provider_response > calls handlers with response metadata and reports handler errors without throwing [280.93ms]
@aryee337/aery test: 
@aryee337/aery test: test/acp-agent.test.ts:
@aryee337/aery test: (pass) ACP agent > supports multiple live ACP sessions with model and lifecycle handlers [184.77ms]
@aryee337/aery test: (pass) ACP agent > advertises plan mode and emits schema-valid mode updates [109.91ms]
@aryee337/aery test: 
@aryee337/aery test: test/tools/apply-patch-renderer.test.ts:
@aryee337/aery test: (pass) apply_patch rendering > registers apply_patch to use the edit renderer [15.36ms]
@aryee337/aery test: 
@aryee337/aery test: test/extensions-runner.test.ts:
@aryee337/aery test: (pass) ExtensionRunner > tool_result chaining > chains content modifications across handlers [782.30ms]
@aryee337/aery test: 
@aryee337/aery test: test/acp-agent.test.ts:
@aryee337/aery test: (pass) ACP agent > pushes config_option_update when thinking level changes internally [119.83ms]
@aryee337/aery test: 
@aryee337/aery test: test/tools/apply-patch-renderer.test.ts:
@aryee337/aery test: (pass) apply_patch rendering > renders apply_patch results through edit UI instead of generic fallback [62.66ms]
@aryee337/aery test: (pass) apply_patch rendering > derives call path, operation, and file-count hints from apply_patch input [5.18ms]
@aryee337/aery test: (pass) apply_patch rendering > does not show missing end-marker errors while apply_patch input is streaming [61.02ms]
@aryee337/aery test: (pass) apply_patch rendering > shows an apply_patch parse error preview for malformed input [2.73ms]
@aryee337/aery test: 
@aryee337/aery test: test/acp-agent.test.ts:
@aryee337/aery test: (pass) ACP agent > suppresses lifetime config_option_update during the bootstrap window [117.12ms]
@aryee337/aery test: 
@aryee337/aery test: test/extensions-runner.test.ts:
@aryee337/aery test: (pass) ExtensionRunner > tool_result chaining > preserves previous modifications when later handlers return partial patches [201.74ms]
@aryee337/aery test: 
@aryee337/aery test: test/acp-agent.test.ts:
@aryee337/aery test: (pass) ACP agent > emits a single config_option_update per setSessionConfigOption(thinking) call [96.18ms]
@aryee337/aery test: 
@aryee337/aery test: test/tools/apply-patch-renderer.test.ts:
@aryee337/aery test: (pass) apply_patch rendering > shows apply_patch preview diffs after args complete [144.14ms]
@aryee337/aery test: 
@aryee337/aery test: test/acp-agent.test.ts:
@aryee337/aery test: (pass) ACP agent > accepts only ACP underscore-prefixed extension methods [20.29ms]
@aryee337/aery test: 
@aryee337/aery test: test/tools/apply-patch-renderer.test.ts:
@aryee337/aery test: (pass) apply_patch rendering > refreshes streaming preview immediately on arg updates without scheduling a debounce [36.67ms]
@aryee337/aery test: 
@aryee337/aery test: test/acp-agent.test.ts:
@aryee337/aery test: (pass) ACP agent > replays messageIds and returns turn usage for prompts [83.34ms]
@aryee337/aery test: (pass) ACP agent > replays assistant tool calls and matching results without duplicating the start [35.79ms]
@aryee337/aery test: 
@aryee337/aery test: test/tools/apply-patch-renderer.test.ts:
@aryee337/aery test: (pass) apply_patch rendering > aligns rendered edit diff separators [104.59ms]
@aryee337/aery test: 
@aryee337/aery test: test/acp-agent.test.ts:
@aryee337/aery test: (pass) ACP agent > preserves tool_use input payloads when replaying assistant tool calls [19.55ms]
@aryee337/aery test: (pass) ACP agent > does not replay silent-abort marker as agent_message_chunk to ACP clients [44.90ms]
@aryee337/aery test: (pass) ACP agent > emits ACP plan updates from live todo_write results [10.51ms]
@aryee337/aery test: (pass) ACP agent > replays todo_write tool results as ACP plan updates [31.13ms]
@aryee337/aery test: (pass) ACP agent > advertises ACP-safe builtins and skill commands [80.93ms]
@aryee337/aery test: 
@aryee337/aery test: test/extensions-runner.test.ts:
@aryee337/aery test: (pass) ExtensionRunner > handler timeouts > times out session_start handlers, emits an error, and continues to sibling extensions [357.74ms]
@aryee337/aery test: 
@aryee337/aery test: test/acp-agent.test.ts:
@aryee337/aery test: (pass) ACP agent > executes skill commands through custom skill messages [31.13ms]
@aryee337/aery test: (pass) ACP agent > rejects overlapping prompts while AgentSession is still streaming [20.00ms]
@aryee337/aery test: (pass) ACP agent > waits for AgentSession idle cleanup after agent_end before returning [14.61ms]
@aryee337/aery test: (pass) ACP agent > drains async job deliveries before completing the ACP prompt [14.02ms]
@aryee337/aery test: (pass) ACP agent > keeps async delivery follow-up updates inside the owning ACP prompt [3.80ms]
@aryee337/aery test: (pass) ACP agent > queues next prompt until AgentSession idle cleanup completes [14.01ms]
@aryee337/aery test: (pass) ACP agent > serializes multiple prompts queued during idle cleanup [4.71ms]
@aryee337/aery test: (pass) ACP agent > suppresses late updates after cancel and waits cleanup before the next prompt [36.16ms]
@aryee337/aery test: (pass) ACP agent > closes the ACP session when cancel cleanup times out [49.04ms]
@aryee337/aery test: (pass) ACP agent > rejects a queued prompt when cancel cleanup closes the session [63.12ms]
@aryee337/aery test: (pass) ACP agent > keeps closeSession gated while cancel cleanup is pending [5.08ms]
@aryee337/aery test: 
@aryee337/aery test: test/extensions-runner.test.ts:
@aryee337/aery test: (pass) ExtensionRunner > session name API > lets extensions read and set the session name after initialization [241.97ms]
@aryee337/aery test: 
@aryee337/aery test: test/acp-agent.test.ts:
@aryee337/aery test: (pass) ACP agent > rejects fork while cancel cleanup is pending [9.46ms]
@aryee337/aery test: (pass) ACP agent > executes consumed ACP builtins without prompting the agent [33.71ms]
@aryee337/aery test: (pass) ACP agent > executes force builtins and forwards remaining prompt text [3.09ms]
@aryee337/aery test: (pass) ACP agent > ACP elicitation bridge > translates select to a single-property string-enum elicitation [1.48ms]
@aryee337/aery test: (pass) ACP agent > ACP elicitation bridge > translates confirm to a boolean elicitation and returns the accepted value [0.83ms]
@aryee337/aery test: (pass) ACP agent > ACP elicitation bridge > translates input to a string elicitation and surfaces the placeholder as description [0.64ms]
@aryee337/aery test: (pass) ACP agent > ACP elicitation bridge > returns undefined / false for decline and cancel actions [0.58ms]
@aryee337/aery test: (pass) ACP agent > ACP elicitation bridge > falls back to the stubbed behaviour when the client does not advertise form elicitation [0.30ms]
@aryee337/aery test: (pass) ACP agent > ACP elicitation bridge > treats transport-level elicitation failures as undecided input [1.94ms]
@aryee337/aery test: (pass) ACP agent > ACP elicitation bridge > skips the SDK call entirely when dialogOptions.signal is already aborted [0.58ms]
@aryee337/aery test: (pass) ACP agent > ACP elicitation bridge > resolves to the stub fallback when dialogOptions.signal aborts mid-flight [0.55ms]
@aryee337/aery test: (pass) ACP agent > ACP elicitation bridge > returns the stub fallback when the client sends a wrong-typed accept payload [0.58ms]
@aryee337/aery test: (pass) ACP agent > ACP elicitation bridge > returns the stub fallback when accept arrives without the expected `value` key [0.43ms]
@aryee337/aery test: (pass) ACP agent > ACP elicitation bridge > returns the stub fallback when accept arrives with no content at all [0.36ms]
@aryee337/aery test: (pass) ACP agent > ACP elicitation bridge > fires onTimeout and resolves to the stub fallback when dialogOptions.timeout expires [12.48ms]
@aryee337/aery test: (pass) ACP agent > ACP elicitation bridge > treats whitespace-only placeholder as absent on `input` [0.48ms]
@aryee337/aery test: (pass) ACP agent > ACP elicitation bridge > sends `message === title` on `confirm` when the message is empty (no join) [0.41ms]
@aryee337/aery test: (pass) ACP agent > ACP elicitation bridge > still resolves to the stub fallback when dialogOptions.onTimeout throws [2.06ms]
@aryee337/aery test: (pass) ACP agent > ACP elicitation bridge > reads the sessionId getter on every elicitation so mid-flight session changes are reflected [0.70ms]
@aryee337/aery test: 
@aryee337/aery test: test/extensions-runner.test.ts:
@aryee337/aery test: (pass) ExtensionRunner > session name API > keeps session naming unavailable during extension load [130.75ms]
@aryee337/aery test: (pass) ExtensionRunner > hasHandlers > returns true when handlers exist for event type [277.02ms]
@aryee337/aery test: 
@aryee337/aery test: test/acp-builtins.test.ts:
@aryee337/aery test: (pass) ACP builtin slash commands > consumes fast status without returning prompt text [1.38ms]
@aryee337/aery test: (pass) ACP builtin slash commands > forces a tool and returns remaining prompt text [0.73ms]
@aryee337/aery test: (pass) ACP builtin slash commands > renders provider usage reports when the session can fetch them [16.33ms]
@aryee337/aery test: (pass) ACP builtin slash commands > returns false for unknown commands [0.26ms]
@aryee337/aery test: (pass) ACP builtin slash commands > jobs: shows informative message when snapshot is null [6.50ms]
@aryee337/aery test: (pass) ACP builtin slash commands > jobs: lists running and recent jobs from snapshot [21.17ms]
@aryee337/aery test: (pass) ACP builtin slash commands > dump: outputs transcript when present [0.55ms]
@aryee337/aery test: (pass) ACP builtin slash commands > dump: outputs empty-state message when no messages [0.31ms]
@aryee337/aery test: (pass) ACP builtin slash commands > model: returns current model when set [0.72ms]
@aryee337/aery test: (pass) ACP builtin slash commands > model: returns no-selection message when undefined [0.34ms]
@aryee337/aery test: (pass) ACP builtin slash commands > model: returns ACP usage message when args provided [0.50ms]
@aryee337/aery test: (pass) ACP builtin slash commands > model: applies known id and emits both title + config change notifications [0.68ms]
@aryee337/aery test: (pass) ACP builtin slash commands > model: does not emit config change when id is unknown [0.34ms]
@aryee337/aery test: (pass) ACP builtin slash commands > removed commands return false (fall through to model) [0.92ms]
@aryee337/aery test: (pass) session lifecycle commands > /session delete: returns in-memory usage when no sessionFile [0.76ms]
@aryee337/aery test: (pass) session lifecycle commands > /session delete: refuses while streaming [0.37ms]
@aryee337/aery test: (pass) session lifecycle commands > /rename: renames and calls notifyTitleChanged on success [0.81ms]
@aryee337/aery test: (pass) session lifecycle commands > /rename: outputs precedence message when setSessionName returns false [0.45ms]
@aryee337/aery test: (pass) session lifecycle commands > /move: reports moved path via sessionManager.getCwd() and calls notifyTitleChanged [1.31ms]
@aryee337/aery test: (pass) session lifecycle commands > /move: refuses while streaming [0.44ms]
@aryee337/aery test: (pass) wave 3 commands > /export: calls exportToHtml with the given arg and outputs the path [0.92ms]
@aryee337/aery test: (pass) wave 3 commands > /export: uses default path when no arg given [0.33ms]
@aryee337/aery test: (pass) wave 3 commands > /export: returns usage on exportToHtml failure [0.58ms]
@aryee337/aery test: (pass) wave 3 commands > /todo no-args: outputs empty state message when no todos [1.09ms]
@aryee337/aery test: (pass) wave 3 commands > /todo append: stores phases and records custom entry [1.48ms]
@aryee337/aery test: (pass) wave 3 commands > /todo edit: returns TUI-only usage message [0.33ms]
@aryee337/aery test: (pass) wave 3 commands > /todo unknown: returns usage message [0.43ms]
@aryee337/aery test: (pass) wave 3 commands > /move: returns usage when no arg [0.26ms]
@aryee337/aery test: (pass) wave 3 commands > /move: returns usage when path does not exist [1.68ms]
@aryee337/aery test: (pass) wave 3 commands > /memory unknown: returns usage message [1.32ms]
@aryee337/aery test: (pass) wave 3 commands > /memory view: outputs memory payload (or empty message) [12.67ms]
@aryee337/aery test: (pass) wave 3 commands > /memory (no args): defaults to view [0.42ms]
@aryee337/aery test: (pass) wave 3 commands > /todo start: finds pending task by substring and starts it [2.04ms]
@aryee337/aery test: (pass) wave 3 commands > /browser visible: sets headless=false; second call is idempotent [1.26ms]
@aryee337/aery test: (pass) wave 3 commands > /browser no-arg after /browser visible toggles to headless [0.48ms]
@aryee337/aery test: (pass) wave 3 commands > /compact: reports Compaction complete. after session.compact resolves [0.70ms]
@aryee337/aery test: (pass) wave 4 commands > /mcp (no args): outputs help text containing list, enable, disable, remove, reload [0.74ms]
@aryee337/aery test: (pass) wave 4 commands > /mcp help: outputs help text containing list, enable, disable, remove, reload [0.26ms]
@aryee337/aery test: (pass) wave 4 commands > /mcp add (no args): returns usage string [0.53ms]
@aryee337/aery test: (pass) wave 4 commands > /mcp reload: calls refreshCommands and outputs confirmation [0.28ms]
@aryee337/aery test: (pass) wave 4 commands > /mcp resources: outputs server list or no-server message [2.06ms]
@aryee337/aery test: (pass) wave 4 commands > /mcp unknown-verb: returns usage pointing to help [0.43ms]
@aryee337/aery test: (pass) wave 4 commands > /ssh (no args): outputs help text containing list and remove [0.56ms]
@aryee337/aery test: (pass) wave 4 commands > /ssh help: outputs help text containing list and remove [0.27ms]
@aryee337/aery test: (pass) wave 4 commands > /ssh add (no args): returns usage [0.68ms]
@aryee337/aery test: (pass) wave 4 commands > /ssh unknown-verb: returns unknown subcommand message [0.27ms]
@aryee337/aery test: (pass) wave 4 commands > /marketplace help: outputs help text [0.96ms]
@aryee337/aery test: (pass) wave 4 commands > /marketplace install (no args): returns interactive picker usage [0.31ms]
@aryee337/aery test: (pass) wave 4 commands > /marketplace uninstall (no args): returns interactive picker usage [0.31ms]
@aryee337/aery test: 
@aryee337/aery test: test/extensions-runner.test.ts:
@aryee337/aery test: (pass) ExtensionRunner > credential_disabled > delivers credential_disabled events to subscribed extensions with the typed payload [275.08ms]
@aryee337/aery test: 
@aryee337/aery test: test/acp-builtins.test.ts:
@aryee337/aery test: (pass) wave 4 commands > /plugins list: outputs without throwing when registries are empty [18.21ms]
@aryee337/aery test: (pass) wave 4 commands > /plugins (no args): defaults to list [15.53ms]
@aryee337/aery test: (pass) wave 4 commands > /todo start: resolves ambiguous matches by preferring active tasks [1.25ms]
@aryee337/aery test: (pass) wave 5 — adapters and polish > /mcp help: lists resources, prompts, test, add, smithery-search [0.60ms]
@aryee337/aery test: (pass) wave 5 — adapters and polish > /mcp add foo --url https://example.com --token X --scope project: outputs success or propagates write error [2.82ms]
@aryee337/aery test: (pass) wave 5 — adapters and polish > /mcp test bogus: returns error when server not found in config [1.19ms]
@aryee337/aery test: (pass) wave 5 — adapters and polish > /ssh add foo --host x --user y --scope user: calls addSSHHost [1.26ms]
@aryee337/aery test: (pass) wave 5 — adapters and polish > /model gpt-fake-9000: returns unknown-model message [0.28ms]
@aryee337/aery test: (pass) wave 5 — adapters and polish > /model known-id: reports model set and triggers notifyTitleChanged [0.35ms]
@aryee337/aery test: (pass) wave 5 — adapters and polish > /usage: includes bar character when usedFraction is 0.5 [0.65ms]
@aryee337/aery test: 
@aryee337/aery test: test/extensions-runner.test.ts:
@aryee337/aery test: (pass) ExtensionRunner > credential_disabled > isolates subscriber failures so other handlers still receive the event [277.09ms]
@aryee337/aery test: 
@aryee337/aery test: test/acp-builtins.test.ts:
@aryee337/aery test: (pass) wave 5 — adapters and polish > /context: lists more than one breakdown line for session with messages [454.13ms]
@aryee337/aery test: (pass) wave 5 — adapters and polish > /jobs: empty-state output mentions background jobs definition [0.54ms]
@aryee337/aery test: (pass) wave 5 — adapters and polish > /marketplace discover: output is bulleted with '  - ' token [23.14ms]
@aryee337/aery test: 
@aryee337/aery test: test/acp-client-bridge.test.ts:
@aryee337/aery test: (pass) ACP client bridge permission requests > forwards pending tool-call status to session/request_permission [5.39ms]
@aryee337/aery test: 
@aryee337/aery test: test/extensions-runner.test.ts:
@aryee337/aery test: (pass) ExtensionRunner > credential_disabled > is a no-op when no extension subscribes [388.56ms]
@aryee337/aery test: 
@aryee337/aery test: test/modes/controllers/event-controller-abort-guard.test.ts:
@aryee337/aery test: (pass) EventController.sendCompletionNotification — abort guard > skips notification when the last assistant message stopReason === 'aborted' [26.43ms]
@aryee337/aery test: (pass) EventController.sendCompletionNotification — abort guard > skips notification when the last assistant message stopReason === 'error' [2.90ms]
@aryee337/aery test: (pass) EventController.sendCompletionNotification — abort guard > fires notification when stopReason === 'stop' (normal completion) [6.94ms]
@aryee337/aery test: (pass) EventController.sendCompletionNotification — abort guard > fires notification when getLastAssistantMessage is absent (e.g. brand-new session) [9.74ms]
@aryee337/aery test: (pass) EventController.sendCompletionNotification — abort guard > honors the existing isBackgrounded gate (no notification when foreground) [4.54ms]
@aryee337/aery test: (pass) EventController.sendCompletionNotification — abort guard > honors the existing completion.notify=off gate [3.52ms]
@aryee337/aery test: 
@aryee337/aery test: test/extensions-runner.test.ts:
@aryee337/aery test: (pass) ExtensionRunner > credential_disabled > caps the pre-initialize buffer and drops oldest events under pressure [180.30ms]
@aryee337/aery test: 
@aryee337/aery test: test/ferment/engine.test.ts:
@aryee337/aery test: (pass) whatNext > draft ferment → scope [1.25ms]
@aryee337/aery test: (pass) whatNext > draft ferment with no goal → scope with missing fields [0.11ms]
@aryee337/aery test: (pass) whatNext > planned ferment with phases → activate_phase (first planned) [0.40ms]
@aryee337/aery test: (pass) whatNext > running with no active phase → paused (recovered state) [0.14ms]
@aryee337/aery test: (pass) whatNext > active phase with no steps → refine [0.23ms]
@aryee337/aery test: (pass) whatNext > active phase with pending step → start_step [0.30ms]
@aryee337/aery test: (pass) whatNext > running step with verification → verify [0.17ms]
@aryee337/aery test: (pass) whatNext > running step without verification → complete_step [0.10ms]
@aryee337/aery test: (pass) whatNext > all steps terminal → complete_phase [0.47ms]
@aryee337/aery test: (pass) whatNext > all phases terminal → complete_ferment [0.14ms]
@aryee337/aery test: (pass) whatNext > paused ferment → paused [0.08ms]
@aryee337/aery test: (pass) whatNext > complete ferment → undefined [0.07ms]
@aryee337/aery test: (pass) whatNext > abandoned ferment → undefined [0.08ms]
@aryee337/aery test: (pass) whatNext > failed step → recover_step [0.12ms]
@aryee337/aery test: (pass) whatNext > failed phase → recover_phase [0.13ms]
@aryee337/aery test: 
@aryee337/aery test: test/ferment/extension/commands.test.ts:
@aryee337/aery test: (pass) registerFermentCommands > registers the ferment command [0.87ms]
@aryee337/aery test: (pass) registerFermentCommands > registers the F6 shortcut [0.12ms]
@aryee337/aery test: (pass) /ferment pause > notifies when no active ferment [2.69ms]
@aryee337/aery test: (pass) /ferment pause > notifies when already paused [0.61ms]
@aryee337/aery test: (pass) /ferment resume > notifies when no active ferment [0.33ms]
@aryee337/aery test: (pass) /ferment resume > notifies when not paused [0.31ms]
@aryee337/aery test: (pass) /ferment resume > sends nudge message when resuming [5.23ms]
@aryee337/aery test: (pass) /ferment progress > notifies when no active ferment [0.74ms]
@aryee337/aery test: (pass) /ferment progress > shows active ferment status via progress overlay [0.75ms]
@aryee337/aery test: (pass) /ferment policy > toggles from manual to automated [0.32ms]
@aryee337/aery test: (pass) /ferment policy > toggles from automated to manual [0.32ms]
@aryee337/aery test: (pass) F6 shortcut > toggles continuation policy [0.30ms]
@aryee337/aery test: (pass) /ferment one-shot > creates minimal ferment and sets policy to automated [3.73ms]
@aryee337/aery test: (pass) /ferment one-shot > notifies usage when goal is empty [0.45ms]
@aryee337/aery test: (pass) /ferment one-shot > sets step status to running and includes goal in description [1.73ms]
@aryee337/aery test: (pass) /ferment one-shot > creates ferment with expected phase structure [1.79ms]
@aryee337/aery test: (pass) /ferment list > notifies when empty [0.50ms]
@aryee337/aery test: (pass) /ferment list > shows select when ferments exist [0.72ms]
@aryee337/aery test: (pass) /ferment switch > warns when not found [0.48ms]
@aryee337/aery test: (pass) /ferment switch > switches by id prefix [0.57ms]
@aryee337/aery test: (pass) /ferment switch > switches by name match [0.53ms]
@aryee337/aery test: (pass) /ferment delete > warns when not found [0.41ms]
@aryee337/aery test: (pass) /ferment delete > confirms and deletes [0.59ms]
@aryee337/aery test: 
@aryee337/aery test: test/ferment/extension/footer-status.test.ts:
@aryee337/aery test: (pass) formatFermentFooter > no active ferment → visible: false [0.22ms]
@aryee337/aery test: (pass) formatFermentFooter > active ferment with no phases → correct text [0.29ms]
@aryee337/aery test: (pass) formatFermentFooter > active ferment with phases and steps → correct text [0.26ms]
@aryee337/aery test: (pass) formatFermentFooter > all steps done → footer shows running with manual policy [0.14ms]
@aryee337/aery test: (pass) formatFermentFooter > multiple phases → footer shows running status [0.11ms]
@aryee337/aery test: (pass) formatFermentFooter > complete ferment → not visible [0.06ms]
@aryee337/aery test: (pass) formatFermentFooter > paused ferment → shows Paused status [0.08ms]
@aryee337/aery test: 
@aryee337/aery test: test/acp-event-mapper.test.ts:
@aryee337/aery test: (pass) ACP event mapper > attaches a stable messageId to live assistant chunks [4.32ms]
@aryee337/aery test: (pass) ACP event mapper > emits final assistant text when no text deltas were observed [0.80ms]
@aryee337/aery test: (pass) ACP event mapper > does not duplicate final assistant text after streaming deltas [0.50ms]
@aryee337/aery test: (pass) ACP event mapper > preserves command text when a new command tool is started [2.95ms]
@aryee337/aery test: (pass) ACP event mapper > uses command text for a new command tool even when intent is generic [0.96ms]
@aryee337/aery test: (pass) ACP event mapper > preserves eval source when a new eval tool is started [1.29ms]
@aryee337/aery test: (pass) ACP event mapper > builds eval source content from valid cells only [0.86ms]
@aryee337/aery test: (pass) ACP event mapper > limits eval source before emitting visible tool-call text [0.94ms]
@aryee337/aery test: (pass) ACP event mapper > emits a diff ToolCallContent for each per-file edit result [15.54ms]
@aryee337/aery test: (pass) ACP event mapper > emits a diff ToolCallContent for single-file edit details [6.79ms]
@aryee337/aery test: (pass) ACP event mapper > emits locations on tool_execution_update from args [1.06ms]
@aryee337/aery test: (pass) ACP event mapper > preserves command text when a command tool update replaces content [10.66ms]
@aryee337/aery test: (pass) ACP event mapper > preserves command text when tool update details accompany empty content [4.49ms]
@aryee337/aery test: (pass) ACP event mapper > keeps terminal content alongside readable text [1.30ms]
@aryee337/aery test: (pass) ACP event mapper > keeps terminal content alongside readable end text [1.04ms]
@aryee337/aery test: (pass) ACP event mapper > preserves command text when a command tool final update replaces content [3.76ms]
@aryee337/aery test: (pass) ACP event mapper > keeps terminal content alongside readable error and message fields [5.13ms]
@aryee337/aery test: (pass) ACP event mapper > keeps plain command output visible without terminal details [0.63ms]
@aryee337/aery test: (pass) ACP event mapper > embeds only terminal content from direct terminalId [0.68ms]
@aryee337/aery test: (pass) ACP event mapper > does not duplicate existing terminal content [0.87ms]
@aryee337/aery test: (pass) ACP event mapper > shows bash commands in visible tool call content [1.89ms]
@aryee337/aery test: (pass) ACP event mapper > maps shell and exec tool starts as execute [1.14ms]
@aryee337/aery test: 
@aryee337/aery test: test/ferment/extension/integration.test.ts:
@aryee337/aery test: (pass) Ferment Extension Integration > factory loads without error [279.07ms]
@aryee337/aery test: 
@aryee337/aery test: test/acp-event-mapper.test.ts:
@aryee337/aery test: (pass) ACP event mapper > replays assistant tool_use input through the ACP dispatcher without wrapping [93.25ms]
@aryee337/aery test: (pass) ACP event mapper > builds replayed bash tool calls from JSON string arguments [0.61ms]
@aryee337/aery test: 
@aryee337/aery test: test/modes/controllers/event-controller-idle-compaction.test.ts:
@aryee337/aery test: (pass) EventController idle compaction teardown > cancels scheduled idle compaction when disposed [15.50ms]
@aryee337/aery test: 
@aryee337/aery test: test/acp-event-mapper.test.ts:
@aryee337/aery test: (pass) ACP event mapper > builds replayed read tool-call locations against the replay cwd [2.41ms]
@aryee337/aery test: (pass) ACP event mapper > keeps malformed replay arguments as raw input without command content [0.56ms]
@aryee337/aery test: (pass) ACP event mapper > keeps object replay arguments unchanged and builds command content [0.47ms]
@aryee337/aery test: (pass) ACP event mapper > does not add command text content to non-command tool starts [0.44ms]
@aryee337/aery test: (pass) ACP event mapper > resolves tool_execution_start locations against mapper cwd [7.63ms]
@aryee337/aery test: (pass) ACP event mapper > emits distinct locations for move-style path arguments [0.38ms]
@aryee337/aery test: (pass) ACP event mapper > rejects mutated ACP notification discriminators [11.82ms]
@aryee337/aery test: 
@aryee337/aery test: test/ferment/extension/integration.test.ts:
@aryee337/aery test: (pass) Ferment Extension Integration > full lifecycle: scope → activate → start → complete → complete phase → complete ferment [67.90ms]
@aryee337/aery test: (pass) Ferment Extension Integration > automated continuation sends nudge on turn_end [17.35ms]
@aryee337/aery test: 
@aryee337/aery test: test/ferment/extension/progress-overlay.test.ts:
@aryee337/aery test: (pass) showProgressOverlay > notifies when no active ferment [0.65ms]
@aryee337/aery test: (pass) showProgressOverlay > shows select with phases and steps [1.72ms]
@aryee337/aery test: (pass) showProgressOverlay > does nothing when selection is cancelled [0.37ms]
@aryee337/aery test: (pass) setProgressWidget > renders widget with ferment name and status [0.21ms]
@aryee337/aery test: (pass) setProgressWidget > returns silently when no active ferment [0.06ms]
@aryee337/aery test: (pass) clearProgressWidget > clears the ferment-progress widget [0.10ms]
@aryee337/aery test: 
@aryee337/aery test: test/ferment/extension/prompt-block.test.ts:
@aryee337/aery test: (pass) buildFermentPromptBlock > returns idle hint when no active ferment [0.41ms]
@aryee337/aery test: (pass) buildFermentPromptBlock > returns planning supplement for draft ferment without context line [0.35ms]
@aryee337/aery test: (pass) buildFermentPromptBlock > returns planning supplement for planned ferment without context line [0.09ms]
@aryee337/aery test: (pass) buildFermentPromptBlock > returns paused warning without context line [0.10ms]
@aryee337/aery test: (pass) buildFermentPromptBlock > returns empty string for complete ferment [0.08ms]
@aryee337/aery test: (pass) buildFermentPromptBlock > returns empty string for abandoned ferment [0.05ms]
@aryee337/aery test: (pass) context budget line — running ferment > includes context line when ferment is running [1.37ms]
@aryee337/aery test: (pass) context budget line — running ferment > shows normal text for < 30 turns [0.31ms]
@aryee337/aery test: (pass) context budget line — running ferment > shows growing warning for 30-49 turns [0.31ms]
@aryee337/aery test: (pass) context budget line — running ferment > shows growing warning at exactly 30 turns (boundary) [0.34ms]
@aryee337/aery test: (pass) context budget line — running ferment > shows growing warning at exactly 49 turns (boundary) [0.22ms]
@aryee337/aery test: (pass) context budget line — running ferment > shows alert with warning emoji for 50+ turns [0.16ms]
@aryee337/aery test: (pass) context budget line — running ferment > shows alert at exactly 50 turns (boundary) [0.27ms]
@aryee337/aery test: (pass) context budget line — running ferment > shows normal text for 0 turns [0.19ms]
@aryee337/aery test: (pass) context budget line — running ferment > context line appears after status header and before planner role [0.20ms]
@aryee337/aery test: 
@aryee337/aery test: test/ferment/extension/tools-knowledge.test.ts:
@aryee337/aery test: (pass) registerKnowledgeTools registers without throwing [187.11ms]
@aryee337/aery test: (pass) ferment_add_decision records a decision with auto ID D001 [10.46ms]
@aryee337/aery test: (pass) ferment_add_decision returns error when no active ferment [2.46ms]
@aryee337/aery test: (pass) ferment_add_memory records a memory with auto ID M001 [14.60ms]
@aryee337/aery test: (pass) ferment_add_memory validates category enum (reject invalid) [10.52ms]
@aryee337/aery test: (pass) ferment_add_memory returns error when no active ferment [1.25ms]
@aryee337/aery test: (pass) multiple decisions/memories auto-increment IDs [35.76ms]
@aryee337/aery test: 
@aryee337/aery test: test/tools/approval-mode.test.ts:
@aryee337/aery test: (pass) tools.approvalMode setting > yolo mode (default) bypasses approval for non-overriding tool calls [2384.21ms]
@aryee337/aery test: 
@aryee337/aery test: test/ferment/extension/tools.test.ts:
@aryee337/aery test: (pass) registerLifecycleTools registers without throwing [291.16ms]
@aryee337/aery test: (pass) ferment_scope returns error when no active ferment (guard path) [11.67ms]
@aryee337/aery test: (pass) ferment_pause returns error when no active ferment [4.32ms]
@aryee337/aery test: (pass) ferment_resume returns error when no active ferment [4.50ms]
@aryee337/aery test: (pass) ferment_complete_ferment returns error when no active ferment [4.54ms]
@aryee337/aery test: (pass) ferment_abandon returns error when no active ferment [5.53ms]
@aryee337/aery test: (pass) registerPhaseTools registers without throwing [1.38ms]
@aryee337/aery test: (pass) ferment_activate_phase returns error when no active ferment [1.47ms]
@aryee337/aery test: (pass) ferment_activate_phase returns error for nonexistent phase [3.30ms]
@aryee337/aery test: (pass) ferment_complete_phase returns error when no active ferment [1.14ms]
@aryee337/aery test: (pass) ferment_skip_phase returns error when no active ferment [1.85ms]
@aryee337/aery test: (pass) ferment_fail_phase returns error when no active ferment [1.40ms]
@aryee337/aery test: (pass) registerStepTools registers without throwing [2.25ms]
@aryee337/aery test: (pass) ferment_start_step returns error when no active ferment [2.04ms]
@aryee337/aery test: (pass) ferment_start_step returns error for nonexistent phase [2.59ms]
@aryee337/aery test: (pass) ferment_complete_step returns error when no active ferment [3.28ms]
@aryee337/aery test: (pass) ferment_verify_step returns error when no active ferment [2.56ms]
@aryee337/aery test: (pass) ferment_skip_step returns error when no active ferment [2.50ms]
@aryee337/aery test: (pass) ferment_fail_step returns error when no active ferment [1.94ms]
@aryee337/aery test: 
@aryee337/aery test: test/ferment/runner-mode/engine.test.ts:
@aryee337/aery test: (pass) FasEngine > next() — action mapping > returns activate_phase for a planned ferment with phases [0.62ms]
@aryee337/aery test: (pass) FasEngine > next() — action mapping > returns undefined for a complete ferment [0.09ms]
@aryee337/aery test: (pass) FasEngine > next() — action mapping > returns undefined for an abandoned ferment [0.06ms]
@aryee337/aery test: (pass) FasEngine > next() — action mapping > returns scope for a draft ferment with no phases [0.10ms]
@aryee337/aery test: (pass) FasEngine > next() — action mapping > returns start_step for an active phase with pending steps [0.37ms]
@aryee337/aery test: (pass) FasEngine > next() — action mapping > returns complete_phase when all steps are terminal [4.49ms]
@aryee337/aery test: (pass) FasEngine > hooks > fires beforeEvaluate hook [0.40ms]
@aryee337/aery test: (pass) FasEngine > hooks > afterEvaluate hook can mutate the action [0.23ms]
@aryee337/aery test: (pass) FasEngine > hooks > afterEvaluate returning undefined suppresses the action [0.13ms]
@aryee337/aery test: (pass) FasEngine > hooks > multiple hooks all fire in registration order [0.21ms]
@aryee337/aery test: (pass) FasEngine > hooks > unsubscribe removes hook [0.14ms]
@aryee337/aery test: (pass) FasEngine > setFerment() > uses updated ferment on next call [0.16ms]
@aryee337/aery test: 
@aryee337/aery test: test/modes/controllers/event-controller-message-start.test.ts:
@aryee337/aery test: (pass) EventController message_start (user role) > preserves an in-progress editor draft when delivering a queued submission [1.47ms]
@aryee337/aery test: (pass) EventController message_start (user role) > clears the editor for user messages that did not originate from this session [0.44ms]
@aryee337/aery test: (pass) EventController message_start (user role) > preserves the editor for an optimistic submission and skips the duplicate chat add [0.35ms]
@aryee337/aery test: (pass) EventController IRC expiry > renders IRC messages immediately and removes their components after the TTL [2.00ms]
@aryee337/aery test: (pass) EventController IRC expiry > does not schedule duplicate expiry for duplicate IRC events [0.59ms]
@aryee337/aery test: (pass) EventController IRC expiry > clears pending IRC expiry timers on dispose [0.45ms]
@aryee337/aery test: 
@aryee337/aery test: test/ferment/runner-mode/planner.test.ts:
@aryee337/aery test: (pass) FasPlanner > prompt format > prompt includes the goal [1.49ms]
@aryee337/aery test: (pass) FasPlanner > JSON parsing > parses well-formed JSON response [7.47ms]
@aryee337/aery test: (pass) FasPlanner > JSON parsing > strips markdown code blocks from JSON [2.22ms]
@aryee337/aery test: (pass) FasPlanner > JSON parsing > handles JSON wrapped in text [8.49ms]
@aryee337/aery test: (pass) FasPlanner > error handling > throws on invalid JSON response [44.16ms]
@aryee337/aery test: (pass) FasPlanner > error handling > throws when no JSON found in response [0.37ms]
@aryee337/aery test: (pass) FasPlanner > load > load returns null for non-existent ferment [0.65ms]
@aryee337/aery test: (pass) JSON extraction (standalone) > strips triple-backtick json blocks [0.26ms]
@aryee337/aery test: (pass) JSON extraction (standalone) > strips triple-backtick blocks without language tag [0.14ms]
@aryee337/aery test: (pass) JSON extraction (standalone) > handles bare JSON object [0.17ms]
@aryee337/aery test: 
@aryee337/aery test: test/acp-initialize-conformance.test.ts:
@aryee337/aery test: (pass) ACP initialize conformance > only advertises the agent-managed auth method when the client lacks terminal capability [30.48ms]
@aryee337/aery test: (pass) ACP initialize conformance > appends the terminal setup method when the client opts in via clientCapabilities.auth.terminal [6.91ms]
@aryee337/aery test: (pass) ACP initialize conformance > uses a terminal auth arg that removes ACP mode before launching the interactive setup flow [0.53ms]
@aryee337/aery test: (pass) ACP initialize conformance > declares agentInfo.version that matches the published package version [5.35ms]
@aryee337/aery test: (pass) ACP initialize conformance > preserves the agentCapabilities contract clients depend on [12.96ms]
@aryee337/aery test: 
@aryee337/aery test: test/tools/approval-mode.test.ts:
@aryee337/aery test: (pass) tools.approvalMode setting > always-ask mode rejects exec tools when no UI is available [797.92ms]
@aryee337/aery test: 
@aryee337/aery test: test/ferment/runner-mode/runner.test.ts:
@aryee337/aery test: (pass) FasRunner > run() calls planner.create() when no resumeId is provided [9.99ms]
@aryee337/aery test: (pass) FasRunner > run() uses resumeId to load existing ferment from state [1.10ms]
@aryee337/aery test: (pass) FasRunner > run() throws when resumeId not found in state [0.65ms]
@aryee337/aery test: (pass) FasRunner > run() throws when no planner and no resumeId [11.65ms]
@aryee337/aery test: (pass) FasRunner > run() completes when engine.next() returns undefined (terminal) [8.04ms]
@aryee337/aery test: (pass) FasRunner > run() stops when abort() is called [0.91ms]
@aryee337/aery test: (pass) FasRunner > pause() stops the loop at next iteration [11.59ms]
@aryee337/aery test: (pass) FasRunner > run() throws when applyTransition returns an error [56.48ms]
@aryee337/aery test: (pass) FasRunner > resume() loads a paused ferment and continues [0.79ms]
@aryee337/aery test: (pass) FasRunner > resume() throws when ferment is not paused [0.53ms]
@aryee337/aery test: (pass) FasRunner > run() skips scope action (already handled by planner) [0.50ms]
@aryee337/aery test: (pass) FasRunner > run() treats refine as no-op when steps already exist [1.16ms]
@aryee337/aery test: (pass) FasRunner > run() retries failed step up to maxStepAttempts [2.76ms]
@aryee337/aery test: (pass) FasRunner > run() calls engine.setFerment after initial setup [0.62ms]
@aryee337/aery test: (pass) FasRunner > run() calls state.save after each loop iteration [0.96ms]
@aryee337/aery test: (pass) FasRunner > constructor registers hooks on the engine [0.30ms]
@aryee337/aery test: 
@aryee337/aery test: test/tools/approval-mode.test.ts:
@aryee337/aery test: (pass) tools.approvalMode setting > per-tool allow overrides are honored in every mode [565.10ms]
@aryee337/aery test: 
@aryee337/aery test: test/modes/controllers/event-controller-tool-render-mode.test.ts:
@aryee337/aery test: (pass) EventController tool render mode > enables eager native scrollback rebuild while a foreground tool is pending [8.21ms]
@aryee337/aery test: (pass) EventController tool render mode > enables eager native scrollback rebuild while assistant text is streaming [3.27ms]
@aryee337/aery test: (pass) EventController tool render mode > resets eager native scrollback rebuild when a stream ends without assistant message_end [2.08ms]
@aryee337/aery test: 
@aryee337/aery test: test/ferment/runner-mode/state.test.ts:
@aryee337/aery test: (pass) FasState > save / get round-trip > saves and retrieves a ferment [133.07ms]
@aryee337/aery test: (pass) FasState > save / get round-trip > get returns null for unknown id [7.69ms]
@aryee337/aery test: (pass) FasState > save / get round-trip > subsequent saves overwrite cached value [1.66ms]
@aryee337/aery test: (pass) FasState > onChange listener > fires listener on save [7.26ms]
@aryee337/aery test: (pass) FasState > onChange listener > fires all registered listeners [7.96ms]
@aryee337/aery test: (pass) FasState > onChange listener > unsubscribe stops notifications [1.78ms]
@aryee337/aery test: (pass) FasState > dispose() > clears listeners [7.87ms]
@aryee337/aery test: (pass) FasState > dispose() > clears cache — subsequent get falls back to store [6.44ms]
@aryee337/aery test: (pass) FasState > list() > returns ferments for the current worktree [2.52ms]
@aryee337/aery test: 
@aryee337/aery test: test/ferment/state-machine.test.ts:
@aryee337/aery test: (pass) happy path lifecycle > scope transitions draft → planned [0.45ms]
@aryee337/aery test: (pass) happy path lifecycle > scope sets name, goal, constraints [78.66ms]
@aryee337/aery test: (pass) happy path lifecycle > activate_phase transitions planned → running [0.55ms]
@aryee337/aery test: (pass) happy path lifecycle > start_step transitions pending → running [0.36ms]
@aryee337/aery test: (pass) happy path lifecycle > complete_step marks step done [0.21ms]
@aryee337/aery test: (pass) happy path lifecycle > complete_step with success marks step verified [0.17ms]
@aryee337/aery test: (pass) happy path lifecycle > complete_phase transitions phase → completed, sets next active [0.29ms]
@aryee337/aery test: (pass) happy path lifecycle > complete_ferment when all phases terminal [0.16ms]
@aryee337/aery test: (pass) one-shot lifecycle > oneShot transitions draft → running with a single phase and step [6.04ms]
@aryee337/aery test: (pass) one-shot lifecycle > oneShot with title sets ferment name [0.74ms]
@aryee337/aery test: (pass) one-shot lifecycle > oneShot fails on non-draft ferment [0.40ms]
@aryee337/aery test: (pass) one-shot lifecycle > oneShot ferment can complete the full lifecycle [0.78ms]
@aryee337/aery test: (pass) phase activation > activating a phase deactivates the previous one [0.28ms]
@aryee337/aery test: (pass) phase activation > scope fails on non-draft ferment [0.12ms]
@aryee337/aery test: (pass) phase activation > activate_phase fails on completed phase [0.14ms]
@aryee337/aery test: (pass) phase activation > activate_phase fails on non-existent phase [9.19ms]
@aryee337/aery test: (pass) step lifecycle > skip_step marks skipped [0.48ms]
@aryee337/aery test: (pass) step lifecycle > fail_step marks failed [0.37ms]
@aryee337/aery test: (pass) step lifecycle > refine_phase fails when step is running [0.18ms]
@aryee337/aery test: (pass) parallel groups > two steps with same groupIndex can both be running [0.21ms]
@aryee337/aery test: (pass) parallel groups > non-parallel step blocks start of another step [0.19ms]
@aryee337/aery test: (pass) parallel groups > activate_phase_group activates all phases in group [0.44ms]
@aryee337/aery test: (pass) memory and decisions > add_decision appends a decision [0.29ms]
@aryee337/aery test: (pass) memory and decisions > add_memory appends a memory [0.29ms]
@aryee337/aery test: (pass) memory and decisions > add_memory rejects invalid category [0.12ms]
@aryee337/aery test: (pass) memory and decisions > multiple decisions get incrementing IDs [6.43ms]
@aryee337/aery test: (pass) pause / resume / abandon > pause resets running steps to pending [0.27ms]
@aryee337/aery test: (pass) pause / resume / abandon > pause fails from draft [0.15ms]
@aryee337/aery test: (pass) pause / resume / abandon > resume restores running status [0.16ms]
@aryee337/aery test: (pass) pause / resume / abandon > abandon transitions to abandoned [0.18ms]
@aryee337/aery test: (pass) invalid transitions > complete_ferment fails if phases still active [0.21ms]
@aryee337/aery test: (pass) invalid transitions > complete_ferment fails if already complete [4.64ms]
@aryee337/aery test: (pass) invalid transitions > complete_ferment fails if abandoned [0.21ms]
@aryee337/aery test: (pass) invalid transitions > skip_phase fails on active phase [0.77ms]
@aryee337/aery test: (pass) immutability > original ferment is not mutated [0.16ms]
@aryee337/aery test: (pass) immutability > original phase statuses are not mutated [0.12ms]
@aryee337/aery test: (pass) update_scope_field > updates goal on a draft ferment [0.34ms]
@aryee337/aery test: (pass) update_scope_field > updates criteria on a draft ferment [4.64ms]
@aryee337/aery test: (pass) update_scope_field > updates constraints on a draft ferment [0.28ms]
@aryee337/aery test: (pass) update_scope_field > updates a field on a planned ferment [0.14ms]
@aryee337/aery test: (pass) update_scope_field > rejects update on running ferment [0.12ms]
@aryee337/aery test: (pass) update_scope_field > rejects update on complete ferment [0.08ms]
@aryee337/aery test: (pass) update_scope_field > rejects invalid field name via TypeScript (runtime) [0.06ms]
@aryee337/aery test: (pass) update_scope_field > updates criteria with multi-line value [0.12ms]
@aryee337/aery test: (pass) update_scope_field > does not mutate original ferment [0.07ms]
@aryee337/aery test: (pass) stuck-loop detection > start_step 3 times without completing returns STUCK_LOOP error [0.24ms]
@aryee337/aery test: (pass) stuck-loop detection > completing a step resets the start counter [4.88ms]
@aryee337/aery test: (pass) stuck-loop detection > skipping a step resets the start counter, allowing fresh start [0.33ms]
@aryee337/aery test: 
@aryee337/aery test: test/tools/approval-mode.test.ts:
@aryee337/aery test: (pass) tools.approvalMode setting > per-tool prompt overrides can tighten yolo mode [595.96ms]
@aryee337/aery test: 
@aryee337/aery test: test/ferment/store.test.ts:
@aryee337/aery test: (pass) FermentStore > CRUD round-trip [51.70ms]
@aryee337/aery test: (pass) FermentStore > atomic save with events [2.42ms]
@aryee337/aery test: (pass) FermentStore > listByWorktree filtering [2.33ms]
@aryee337/aery test: (pass) FermentStore > isActive checks cache [2.30ms]
@aryee337/aery test: 
@aryee337/aery test: test/modes/controllers/handoff-command.test.ts:
@aryee337/aery test: (pass) /handoff command > shows a cancellable loader while handoff generation is running [6.69ms]
@aryee337/aery test: 
@aryee337/aery test: test/tools/approval-mode.test.ts:
@aryee337/aery test: (pass) tools.approvalMode setting > write mode still prompts exec-tier tools [528.46ms]
@aryee337/aery test: 
@aryee337/aery test: test/file-lock.test.ts:
@aryee337/aery test: (pass) file-lock token ownership (F1) > releaseLock with the wrong token leaves the lock intact [123.35ms]
@aryee337/aery test: (pass) file-lock token ownership (F1) > isLockStale does NOT declare a freshly-created empty dir stale [1.05ms]
@aryee337/aery test: 
@aryee337/aery test: test/modes/controllers/input-controller-tool-expansion.test.ts:
@aryee337/aery test: (pass) InputController tool output expansion > allows unknown viewport mutation when toggling tool output expansion [8.50ms]
@aryee337/aery test: 
@aryee337/aery test: test/tools/approval-mode.test.ts:
@aryee337/aery test: (pass) tools.approvalMode setting > critical bash patterns do not prompt in yolo mode with bash allowed [716.46ms]
@aryee337/aery test: 
@aryee337/aery test: test/file-lock.test.ts:
@aryee337/aery test: (pass) file-lock token ownership (F1) > withFileLock serializes N concurrent writers without lost updates [712.79ms]
@aryee337/aery test: 
@aryee337/aery test: test/modes/controllers/omfg-controller.test.ts:
@aryee337/aery test: (pass) OmfgController > saves a matching generated rule under project rules and registers it live [24.39ms]
@aryee337/aery test: (pass) OmfgController > reiterates when the first valid rule does not match history [9.14ms]
@aryee337/aery test: (pass) OmfgController > asks before saving when validation never confirms a match [11.68ms]
@aryee337/aery test: (pass) OmfgController > lets the user amend from the save selector before writing the rule [9.74ms]
@aryee337/aery test: (pass) OmfgController > guards empty complaints and missing models before model calls [1.35ms]
@aryee337/aery test: (pass) OmfgController > clears the panel and aborts the inner request on Escape [4.80ms]
@aryee337/aery test: 
@aryee337/aery test: test/acp-lazy-startup.test.ts:
@aryee337/aery test: (pass) ACP lazy startup > keeps ACP background jobs disabled by default and preserves explicit opt-ins [1754.55ms]
@aryee337/aery test: (pass) ACP lazy startup > answers initialize before creating the first AgentSession [65.72ms]
@aryee337/aery test: 
@aryee337/aery test: test/modes/controllers/omfg-rule.test.ts:
@aryee337/aery test: (pass) omfg rule parsing > extracts JSON and assembles markdown with nested fences in the body [16.92ms]
@aryee337/aery test: (pass) omfg rule parsing > accepts a fenced JSON object [1.37ms]
@aryee337/aery test: 
@aryee337/aery test: test/file-mentions.test.ts:
@aryee337/aery test: (pass) generateFileMentionMessages path resolution > prefers exact path over fuzzy candidates [20.91ms]
@aryee337/aery test: 
@aryee337/aery test: test/modes/controllers/omfg-rule.test.ts:
@aryee337/aery test: (pass) omfg rule parsing > reports malformed model output [74.23ms]
@aryee337/aery test: (pass) omfg rule parsing > sanitizes generated names to slugs [0.29ms]
@aryee337/aery test: (pass) ruleMatchesAssistantHistory > matches edit tool arguments under a scoped TypeScript path [2.69ms]
@aryee337/aery test: (pass) ruleMatchesAssistantHistory > matches assistant prose in text scope [2.06ms]
@aryee337/aery test: (pass) ruleMatchesAssistantHistory > returns false when the pattern is absent [1.94ms]
@aryee337/aery test: (pass) ruleMatchesAssistantHistory > returns false when the rule cannot be registered [0.74ms]
@aryee337/aery test: (pass) ruleMatchesAssistantHistory > repairs one layer of double-escaped regex condition while parsing [2.38ms]
@aryee337/aery test: 
@aryee337/aery test: test/tools/approval-mode.test.ts:
@aryee337/aery test: (pass) tools.approvalMode setting > CLI --auto-approve forces yolo mode for non-overriding tool calls [749.41ms]
@aryee337/aery test: 
@aryee337/aery test: test/file-mentions.test.ts:
@aryee337/aery test: (pass) generateFileMentionMessages path resolution > resolves unique prefix match [328.40ms]
@aryee337/aery test: (pass) generateFileMentionMessages path resolution > resolves fuzzy match for segmented names [9.76ms]
@aryee337/aery test: (pass) generateFileMentionMessages path resolution > returns no message for ambiguous or short fuzzy queries [140.67ms]
@aryee337/aery test: 
@aryee337/aery test: test/acp-lazy-startup.test.ts:
@aryee337/aery test: (pass) ACP lazy startup > applies CLI runtime API keys after ACP lazy session creation resolves extension models [959.19ms]
@aryee337/aery test: 
@aryee337/aery test: test/fuzzy.test.ts:
@aryee337/aery test: (pass) fuzzyMatch > empty query matches everything with score 0 [0.09ms]
@aryee337/aery test: (pass) fuzzyMatch > query longer than text does not match [0.35ms]
@aryee337/aery test: (pass) fuzzyMatch > exact match has good score [0.12ms]
@aryee337/aery test: (pass) fuzzyMatch > characters must appear in order [0.11ms]
@aryee337/aery test: (pass) fuzzyMatch > case insensitive matching [0.09ms]
@aryee337/aery test: (pass) fuzzyMatch > consecutive matches score better than scattered matches [0.10ms]
@aryee337/aery test: (pass) fuzzyMatch > word boundary matches score better [0.12ms]
@aryee337/aery test: (pass) fuzzyFilter > empty query returns all items unchanged [44.52ms]
@aryee337/aery test: (pass) fuzzyFilter > filters out non-matching items [0.54ms]
@aryee337/aery test: (pass) fuzzyFilter > sorts results by match quality [0.33ms]
@aryee337/aery test: (pass) fuzzyFilter > works with custom getText function [0.44ms]
@aryee337/aery test: 
@aryee337/aery test: test/git-process-config.test.ts:
@aryee337/aery test: (pass) git subprocess config > disables fsmonitor and untracked cache for read-only commands [2.38ms]
@aryee337/aery test: (pass) git subprocess config > disables fsmonitor and untracked cache for mutating commands [1.12ms]
@aryee337/aery test: 
@aryee337/aery test: test/tools/approval-mode.test.ts:
@aryee337/aery test: (pass) tools.approvalMode setting > CLI --auto-approve also bypasses safety-override patterns [727.32ms]
@aryee337/aery test: 
@aryee337/aery test: test/modes/controllers/selector-controller-session-delete.test.ts:
@aryee337/aery test: (pass) SelectorController session deletion > detaches the active session before selector deletion removes it [7.47ms]
@aryee337/aery test: (pass) SelectorController session deletion > shows inline selector errors when session deletion fails after detach [4.63ms]
@aryee337/aery test: (pass) SelectorController session deletion > creates a fresh session before deleting via slash command and then shows the selector [1.21ms]
@aryee337/aery test: 
@aryee337/aery test: test/git-url.test.ts:
@aryee337/aery test: (pass) parseGitUrl > protocol URLs (accepted without git: prefix) > parses https URL [1.55ms]
@aryee337/aery test: (pass) parseGitUrl > protocol URLs (accepted without git: prefix) > parses ssh URL [0.17ms]
@aryee337/aery test: (pass) parseGitUrl > protocol URLs (accepted without git: prefix) > parses git protocol URL [0.14ms]
@aryee337/aery test: (pass) parseGitUrl > shorthand URLs (accepted only with git: prefix) > parses host/path shorthand with git: prefix [0.15ms]
@aryee337/aery test: (pass) parseGitUrl > shorthand URLs (accepted only with git: prefix) > parses scp-like ssh shorthand with git: prefix [0.16ms]
@aryee337/aery test: (pass) parseGitUrl > local paths and unprefixed shorthand > rejects unprefixed host/path shorthand [0.06ms]
@aryee337/aery test: (pass) parseGitUrl > local paths and unprefixed shorthand > parses unprefixed scp-like SSH shorthand [0.09ms]
@aryee337/aery test: (pass) parseGitUrl > local paths and unprefixed shorthand > parses unprefixed scp-like SSH shorthand with ref [0.08ms]
@aryee337/aery test: (pass) parseGitUrl > local paths and unprefixed shorthand > parses git+https URL [0.32ms]
@aryee337/aery test: (pass) parseGitUrl > local paths and unprefixed shorthand > parses git+ssh URL [0.13ms]
@aryee337/aery test: (pass) parseGitUrl > local paths and unprefixed shorthand > does not misclassify local paths containing dots [0.15ms]
@aryee337/aery test: (pass) parseGitUrl > namespaced shorthand (github:user/repo, gitlab:, …) > parses github: shorthand [0.14ms]
@aryee337/aery test: (pass) parseGitUrl > namespaced shorthand (github:user/repo, gitlab:, …) > captures #ref and marks pinned [0.10ms]
@aryee337/aery test: (pass) parseGitUrl > namespaced shorthand (github:user/repo, gitlab:, …) > strips trailing .git from the path [0.06ms]
@aryee337/aery test: (pass) parseGitUrl > namespaced shorthand (github:user/repo, gitlab:, …) > maps gitlab: to gitlab.com [0.06ms]
@aryee337/aery test: (pass) parseGitUrl > namespaced shorthand (github:user/repo, gitlab:, …) > maps bitbucket: to bitbucket.org [0.05ms]
@aryee337/aery test: (pass) parseGitUrl > namespaced shorthand (github:user/repo, gitlab:, …) > maps codeberg: to codeberg.org [0.05ms]
@aryee337/aery test: (pass) parseGitUrl > namespaced shorthand (github:user/repo, gitlab:, …) > maps sourcehut: and srht: to git.sr.ht [0.08ms]
@aryee337/aery test: (pass) parseGitUrl > namespaced shorthand (github:user/repo, gitlab:, …) > rejects missing repo segment [0.04ms]
@aryee337/aery test: (pass) parseGitUrl > namespaced shorthand (github:user/repo, gitlab:, …) > rejects empty body [0.03ms]
@aryee337/aery test: (pass) parseGitUrl > namespaced shorthand (github:user/repo, gitlab:, …) > rejects unknown shorthand prefix [0.04ms]
@aryee337/aery test: (pass) parseGitUrl > namespaced shorthand (github:user/repo, gitlab:, …) > does not swallow protocol URLs (regression) [0.12ms]
@aryee337/aery test: (pass) isGitSpec > returns true for namespaced shorthand [0.12ms]
@aryee337/aery test: (pass) isGitSpec > returns true for https git URLs [0.12ms]
@aryee337/aery test: (pass) isGitSpec > returns true for unprefixed scp-like SSH (git@host:user/repo) [0.07ms]
@aryee337/aery test: (pass) isGitSpec > returns true for git+https URLs [0.08ms]
@aryee337/aery test: (pass) isGitSpec > returns false for bare npm name [0.04ms]
@aryee337/aery test: (pass) isGitSpec > returns false for scoped npm name [0.04ms]
@aryee337/aery test: (pass) isGitSpec > returns false for scoped npm name with version [0.05ms]
@aryee337/aery test: 
@aryee337/aery test: test/tools/approval-mode.test.ts:
@aryee337/aery test: (pass) tools.approvalMode setting > constructs an extensionRunner unconditionally so the approval gate is always installed [515.10ms]
@aryee337/aery test: 
@aryee337/aery test: test/modes/controllers/session-selector-delete.test.ts:
@aryee337/aery test: (pass) SessionSelectorComponent delete confirmation > keeps the session visible and shows the error when delete fails after confirmation [34.59ms]
@aryee337/aery test: (pass) SessionSelectorComponent delete confirmation > keeps the session visible when delete is canceled upstream [11.20ms]
@aryee337/aery test: (pass) SessionSelectorComponent delete confirmation > removes the session row after a successful delete [2.80ms]
@aryee337/aery test: 
@aryee337/aery test: test/tools/approval.test.ts:
@aryee337/aery test: (pass) resolveApproval tier matrix > always-ask resolves read tier to allow [0.21ms]
@aryee337/aery test: (pass) resolveApproval tier matrix > always-ask resolves write tier to prompt [0.04ms]
@aryee337/aery test: (pass) resolveApproval tier matrix > always-ask resolves exec tier to prompt [0.02ms]
@aryee337/aery test: (pass) resolveApproval tier matrix > write resolves read tier to allow [6.09ms]
@aryee337/aery test: (pass) resolveApproval tier matrix > write resolves write tier to allow [0.08ms]
@aryee337/aery test: (pass) resolveApproval tier matrix > write resolves exec tier to prompt [0.02ms]
@aryee337/aery test: (pass) resolveApproval tier matrix > yolo resolves read tier to allow [0.02ms]
@aryee337/aery test: (pass) resolveApproval tier matrix > yolo resolves write tier to allow [0.01ms]
@aryee337/aery test: (pass) resolveApproval tier matrix > yolo resolves exec tier to allow [0.02ms]
@aryee337/aery test: (pass) resolveApproval tier matrix > defaults unannotated tools to exec tier [0.16ms]
@aryee337/aery test: (pass) resolveApproval override and user policy > ignores override-based prompts in yolo mode [0.09ms]
@aryee337/aery test: (pass) resolveApproval override and user policy > user policy still controls execution in yolo mode [0.23ms]
@aryee337/aery test: (pass) resolveApproval override and user policy > valid user policy overrides mode and tier when no tool override is active [0.14ms]
@aryee337/aery test: (pass) resolveApproval override and user policy > ignores invalid user policy values [0.11ms]
@aryee337/aery test: (pass) MCP fallback and prompt formatting > treats MCP tools without approval declarations as exec tier [0.07ms]
@aryee337/aery test: (pass) MCP fallback and prompt formatting > formats MCP origin, reason, and per-tool details [0.29ms]
@aryee337/aery test: (pass) MCP fallback and prompt formatting > does not add MCP origin for annotated MCP tools [0.07ms]
@aryee337/aery test: (pass) MCP fallback and prompt formatting > truncates prompt details without touching short strings [0.11ms]
@aryee337/aery test: (pass) tool-owned dynamic approval declarations > classifies critical bash patterns through BashTool.approval [18.66ms]
@aryee337/aery test: (pass) tool-owned dynamic approval declarations > does not flag benign bash commands [8.29ms]
@aryee337/aery test: (pass) tool-owned dynamic approval declarations > exports LSP and debug read-only action sets from their owning tools [0.19ms]
@aryee337/aery test: 
@aryee337/aery test: test/modes/internal-url-autocomplete.test.ts:
@aryee337/aery test: (pass) internal-url-autocomplete > extractInternalUrlContext > detects a bare scheme with the full :// typed [2.76ms]
@aryee337/aery test: (pass) internal-url-autocomplete > extractInternalUrlContext > treats a single slash as the same in-progress token (preserving exact text) [0.17ms]
@aryee337/aery test: (pass) internal-url-autocomplete > extractInternalUrlContext > captures the host/path query and the boundary-delimited token [0.14ms]
@aryee337/aery test: (pass) internal-url-autocomplete > extractInternalUrlContext > keeps nested paths in the query [0.15ms]
@aryee337/aery test: (pass) internal-url-autocomplete > extractInternalUrlContext > ignores schemes with no completion handler (http/https) [0.15ms]
@aryee337/aery test: (pass) internal-url-autocomplete > extractInternalUrlContext > does not fire on a bare colon in prose [0.09ms]
@aryee337/aery test: (pass) internal-url-autocomplete > extractInternalUrlContext > requires at least one slash after the colon [0.08ms]
@aryee337/aery test: (pass) internal-url-autocomplete > getInternalUrlSuggestions > lists every skill for a bare skill:// and prefixes the scheme [1.27ms]
@aryee337/aery test: (pass) internal-url-autocomplete > getInternalUrlSuggestions > fuzzy-filters candidates by the typed query [0.67ms]
@aryee337/aery test: (pass) internal-url-autocomplete > getInternalUrlSuggestions > ranks an exact/prefix match ahead of a scattered subsequence [0.27ms]
@aryee337/aery test: (pass) internal-url-autocomplete > getInternalUrlSuggestions > carries the candidate description through [0.39ms]
@aryee337/aery test: (pass) internal-url-autocomplete > getInternalUrlSuggestions > returns null when no candidate matches [0.28ms]
@aryee337/aery test: (pass) internal-url-autocomplete > getInternalUrlSuggestions > returns null for schemes without a completion handler [0.24ms]
@aryee337/aery test: (pass) internal-url-autocomplete > router.complete dispatch > returns candidates for a completion-capable scheme [0.25ms]
@aryee337/aery test: (pass) internal-url-autocomplete > router.complete dispatch > returns null for a known scheme that opted out of completion [0.19ms]
@aryee337/aery test: (pass) internal-url-autocomplete > router.complete dispatch > returns null for an unknown scheme [0.19ms]
@aryee337/aery test: (pass) internal-url-autocomplete > router.complete dispatch > exposes the completion-capable schemes [0.21ms]
@aryee337/aery test: (pass) internal-url-autocomplete > applyInternalUrlCompletion > replaces the token in place and appends a trailing space [0.31ms]
@aryee337/aery test: (pass) internal-url-autocomplete > applyInternalUrlCompletion > preserves text after the cursor [0.17ms]
@aryee337/aery test: (pass) internal-url-autocomplete > isInternalUrlPrefix > recognizes a completion prefix token [0.24ms]
@aryee337/aery test: (pass) internal-url-autocomplete > isInternalUrlPrefix > rejects non-url prefixes [0.13ms]
@aryee337/aery test: (pass) internal-url-autocomplete > PromptActionAutocompleteProvider integration > returns url suggestions before falling back to file/emoji completion [1.08ms]
@aryee337/aery test: (pass) internal-url-autocomplete > PromptActionAutocompleteProvider integration > applies the selected url candidate in place [0.58ms]
@aryee337/aery test: 
@aryee337/aery test: test/tools/ask.test.ts:
@aryee337/aery test: ]99;;Waiting for input\
@aryee337/aery test: (pass) AskTool cancellation > aborts the turn when the user cancels selection [14.24ms]
@aryee337/aery test: ]99;;Waiting for input\]99;;Waiting for input\]99;;Waiting for input\
@aryee337/aery test: (pass) AskTool cancellation > defaults to no timeout when ask.timeout is unset [5.33ms]
@aryee337/aery test: (pass) AskTool cancellation > still aborts when user explicitly cancels with timeout configured [0.74ms]
@aryee337/aery test: (pass) AskTool cancellation > auto-selects the recommended option on ask timeout [7.53ms]
@aryee337/aery test: ]99;;Waiting for input\
@aryee337/aery test: (pass) AskTool cancellation > auto-selects the first option when timeout elapses without a selected option [128.40ms]
@aryee337/aery test: ]99;;Waiting for input\
@aryee337/aery test: (pass) AskTool cancellation > routes custom input through editor with promptStyle after choosing Other [76.79ms]
@aryee337/aery test: ]99;;Waiting for input\
@aryee337/aery test: (pass) AskTool cancellation > does not enter custom input when timeout resolves to Other in multi-select [57.23ms]
@aryee337/aery test: ]99;;Waiting for input\]99;;Waiting for input\
@aryee337/aery test: (pass) AskTool cancellation > aborts multi-question ask when any question is explicitly cancelled [50.64ms]
@aryee337/aery test: (pass) AskTool option descriptions > passes descriptions to the selector while returning selected labels [1.52ms]
@aryee337/aery test: (pass) AskTool option descriptions > renders descriptions under labels in ask call previews [28.12ms]
@aryee337/aery test: ]99;;Waiting for input\]99;;Waiting for input\
@aryee337/aery test: (pass) AskTool option descriptions > forwards descriptions through multi-select and returns bare labels [4.24ms]
@aryee337/aery test: (pass) AskTool custom input > routes custom input through editor and preserves raw multiline strings [0.98ms]
@aryee337/aery test: ]99;;Waiting for input\]99;;Waiting for input\]99;;Waiting for input\
@aryee337/aery test: (pass) AskTool custom input > aborts when editor is cancelled in single-question flow [4.17ms]
@aryee337/aery test: (pass) AskTool custom input > continues multi-question flow when editor is dismissed on a fresh question [1.34ms]
@aryee337/aery test: (pass) AskTool custom input > surfaces external abort during editor mode as ToolAbortError [6.12ms]
@aryee337/aery test: ]99;;Waiting for input\
@aryee337/aery test: (pass) AskTool custom input > treats explicit empty-string custom input as submitted input [4.08ms]
@aryee337/aery test: ]99;;Waiting for input\
@aryee337/aery test: (pass) AskTool custom input > renders checked options together with custom text in multi-select answers [6.65ms]
@aryee337/aery test: (pass) AskTool custom input > preserves prior multi-select answers when custom editor is dismissed [1.19ms]
@aryee337/aery test: ]99;;Waiting for input\]99;;Waiting for input\]99;;Waiting for input\
@aryee337/aery test: (pass) AskTool multiline custom input rendering > renders multiline custom answer as one block, not multiple checked items [5.13ms]
@aryee337/aery test: (pass) AskTool multiline custom input rendering > does not fabricate placeholder text for empty first-line custom input [4.80ms]
@aryee337/aery test: (pass) AskTool multi-question navigation > keeps back unavailable on the first question and supports returning from later questions [1.34ms]
@aryee337/aery test: (pass) AskTool multi-question navigation > allows forward action on the last question [0.82ms]
@aryee337/aery test: ]99;;Waiting for input\]99;;Waiting for input\]99;;Waiting for input\]99;;Waiting for input\
@aryee337/aery test: (pass) AskTool multi-question navigation > persists state when changing an earlier answer and continuing [4.37ms]
@aryee337/aery test: 
@aryee337/aery test: test/modes/magic-keywords.test.ts:
@aryee337/aery test: (pass) highlightMagicKeywords > paints every magic keyword in a single prose pass, preserving visible text [0.82ms]
@aryee337/aery test: (pass) highlightMagicKeywords > never paints keywords inside code spans, fenced blocks, or XML sections [0.89ms]
@aryee337/aery test: (pass) highlightMagicKeywords > paints only the prose occurrence when the keyword also appears in code [0.22ms]
@aryee337/aery test: (pass) highlightMagicKeywords > restores the supplied foreground after each painted keyword [0.17ms]
@aryee337/aery test: 
@aryee337/aery test: test/tools/ask.test.ts:
@aryee337/aery test: (pass) AskTool multi-question navigation > handles timeout with navigation and allows revisiting timed-out questions [44.88ms]
@aryee337/aery test: ]99;;Waiting for input\
@aryee337/aery test: (pass) AskTool multi-question navigation > preserves custom input when navigating back and forward [1.12ms]
@aryee337/aery test: ]99;;Waiting for input\
@aryee337/aery test: (pass) AskTool multi-question navigation > preserves prior single-select answer when custom editor is dismissed during navigation [1.02ms]
@aryee337/aery test: 
@aryee337/aery test: test/acp-mcp-isolation.test.ts:
@aryee337/aery test: (pass) createAcpSessionFactory MCP isolation (issue #1234) > forces enableMCP=false even when baseOptions opts in [1658.70ms]
@aryee337/aery test: 
@aryee337/aery test: test/modes/markdown-prose.test.ts:
@aryee337/aery test: (pass) maskNonProse > preserves length and leaves plain prose untouched [35.56ms]
@aryee337/aery test: (pass) maskNonProse > returns the input unchanged when no code/markup constructs are present [0.16ms]
@aryee337/aery test: (pass) maskNonProse > blanks fenced code blocks while keeping indices aligned [0.24ms]
@aryee337/aery test: (pass) maskNonProse > blanks tilde fences and language-tagged fences [0.15ms]
@aryee337/aery test: (pass) maskNonProse > treats an unterminated fence as code through end of text [0.07ms]
@aryee337/aery test: (pass) keywordInProse > matches a standalone keyword in prose [0.15ms]
@aryee337/aery test: (pass) keywordInProse > ignores keywords inside inline code spans [0.10ms]
@aryee337/aery test: (pass) keywordInProse > treats an unmatched backtick run as literal text [0.06ms]
@aryee337/aery test: (pass) keywordInProse > ignores keywords inside fenced code blocks [0.09ms]
@aryee337/aery test: (pass) keywordInProse > ignores keywords inside XML/HTML sections, including nested and comments [0.23ms]
@aryee337/aery test: (pass) keywordInProse > still matches prose outside of code/markup regions [0.13ms]
@aryee337/aery test: (pass) keywordInProse > does not over-mask on a stray less-than or an unbalanced tag [0.09ms]
@aryee337/aery test: (pass) keywordInProse > respects word boundaries regardless of region [0.05ms]
@aryee337/aery test: 
@aryee337/aery test: test/modes/orchestrate.test.ts:
@aryee337/aery test: (pass) orchestrate keyword detection > matches the lowercase word delimited by whitespace or a string edge [0.31ms]
@aryee337/aery test: (pass) orchestrate keyword detection > ignores casing, inflections, punctuation-adjacent, and path-embedded forms [0.13ms]
@aryee337/aery test: (pass) orchestrate keyword detection > ignores keywords inside code spans, fenced blocks, and XML sections [0.23ms]
@aryee337/aery test: (pass) orchestrate keyword highlighting > decorates the keyword with zero-width escapes, preserving visible text [0.39ms]
@aryee337/aery test: (pass) orchestrate keyword highlighting > leaves text without the standalone keyword untouched [0.17ms]
@aryee337/aery test: (pass) orchestrate keyword highlighting > does not cross-trigger with the ultrathink highlighter [0.14ms]
@aryee337/aery test: (pass) orchestrate notice > is a self-contained system notice carrying the orchestration contract [0.08ms]
@aryee337/aery test: (pass) orchestrate slash command removal > is no longer bundled as a slash command [3.99ms]
@aryee337/aery test: 
@aryee337/aery test: test/goals/goal-mode-integration.test.ts:
@aryee337/aery test: (pass) InteractiveMode goal mode integration > toggles goal tool exposure when goal mode enters and pauses [1549.22ms]
@aryee337/aery test: 
@aryee337/aery test: test/modes/theme/settings-list-theme.test.ts:
@aryee337/aery test: (pass) getSettingsListTheme > keeps modified labels dirty while selected values use the cursor accent [0.21ms]
@aryee337/aery test: 
@aryee337/aery test: test/goals/goal-mode-integration.test.ts:
@aryee337/aery test: (pass) InteractiveMode goal mode integration > replaces the active goal via /goal set [266.49ms]
@aryee337/aery test: 
@aryee337/aery test: test/tools/ast-edit.test.ts:
@aryee337/aery test: (pass) ast_edit tool schema > uses op entries as [{ pat, out }] [77.77ms]
@aryee337/aery test: 
@aryee337/aery test: test/goals/goal-mode-integration.test.ts:
@aryee337/aery test: (pass) InteractiveMode goal mode integration > refuses /goal while plan mode is active [244.79ms]
@aryee337/aery test: 
@aryee337/aery test: test/tools/ast-edit.test.ts:
@aryee337/aery test: (pass) ast_edit tool schema > remains strict-representable after strict adaptation [110.33ms]
@aryee337/aery test: 
@aryee337/aery test: test/modes/theme/shimmer.test.ts:
@aryee337/aery test: (pass) shimmerText > uses a supplied raw ANSI color for the shimmer crest [4.36ms]
@aryee337/aery test: 
@aryee337/aery test: test/goals/goal-mode-integration.test.ts:
@aryee337/aery test: (pass) InteractiveMode goal mode integration > refuses /plan while goal mode is active [252.12ms]
@aryee337/aery test: (pass) InteractiveMode goal mode integration > rejects a new /goal objective while paused [200.29ms]
@aryee337/aery test: 
@aryee337/aery test: test/tools/ast-edit.test.ts:
@aryee337/aery test: (pass) ast_edit tool schema > renders +/- lines with numbered hashline prefixes [393.88ms]
@aryee337/aery test: (pass) ast_edit tool schema > registers a pending action that apply writes changes [9.17ms]
@aryee337/aery test: (pass) ast_edit tool schema > fails stale pending apply when preview no longer matches [5.23ms]
@aryee337/aery test: (pass) ast_edit tool schema > combines globbing from path and glob parameters [74.70ms]
@aryee337/aery test: 
@aryee337/aery test: test/goals/goal-mode-integration.test.ts:
@aryee337/aery test: (pass) InteractiveMode goal mode integration > resumes the paused goal via the bare /goal menu [166.55ms]
@aryee337/aery test: 
@aryee337/aery test: test/tools/ast-edit.test.ts:
@aryee337/aery test: (pass) ast_edit tool schema > infers tlaplus from .tla files for AST edits [224.99ms]
@aryee337/aery test: 
@aryee337/aery test: test/goals/goal-mode-integration.test.ts:
@aryee337/aery test: (pass) InteractiveMode goal mode integration > mutates the goal token budget via /goal budget without resetting accumulated usage [167.27ms]
@aryee337/aery test: (pass) InteractiveMode goal mode integration > refuses /goal budget while only a paused goal exists (fix #5) [193.07ms]
@aryee337/aery test: (pass) InteractiveMode goal mode integration > returns the completion report from the goal tool and exits goal mode before the next turn rebuild [190.51ms]
@aryee337/aery test: 
@aryee337/aery test: test/modes/utils/render-initial-messages-dedupe.test.ts:
@aryee337/aery test: (pass) UiHelpers.renderInitialMessages — isolated > calls sessionManager.buildSessionContext when no prebuilt context is given [0.68ms]
@aryee337/aery test: (pass) UiHelpers.renderInitialMessages — isolated > does NOT call sessionManager.buildSessionContext when a prebuilt context is provided [0.12ms]
@aryee337/aery test: (pass) UiHelpers.renderInitialMessages — isolated > passes the prebuilt context directly to renderSessionContext [0.16ms]
@aryee337/aery test: (pass) UiHelpers.renderInitialMessages — isolated > uses the fallback context from sessionManager when no prebuilt is provided [0.14ms]
@aryee337/aery test: (pass) renderInitialMessages callcount with real SessionManager > total buildSessionContext calls == 1 when context is threaded from navigate to render [13.12ms]
@aryee337/aery test: 
@aryee337/aery test: test/goals/goal-runtime.test.ts:
@aryee337/aery test: (pass) goal runtime > counts cache writes but ignores cache reads in token deltas [0.19ms]
@aryee337/aery test: (pass) goal runtime > clamps token deltas at zero across usage resets [0.13ms]
@aryee337/aery test: (pass) goal runtime > advances wall-clock accounting only by persisted whole seconds [1.91ms]
@aryee337/aery test: (pass) goal runtime > steers only once until a budget mutation resets the cycle [8.75ms]
@aryee337/aery test: (pass) goal runtime > pauses an active goal when an interruption aborts the task [1.85ms]
@aryee337/aery test: (pass) goal runtime > auto-pauses active goals when a thread resumes [0.74ms]
@aryee337/aery test: (pass) goal runtime > escapes XML in goal helpers and rendered prompts [4.92ms]
@aryee337/aery test: (pass) goal runtime > returns the input verbatim when escapeXmlText has nothing to escape [0.19ms]
@aryee337/aery test: (pass) goal runtime > escapeXmlText escapes only the XML-significant trio and leaves other characters untouched [0.11ms]
@aryee337/aery test: (pass) goal runtime > onBudgetMutated downward to below current usage flips active to budget-limited and steers [0.59ms]
@aryee337/aery test: (pass) goal runtime > completeGoalFromTool clears enabled and flips status to complete with mode exiting (fix #1) [0.53ms]
@aryee337/aery test: (pass) goal runtime > dropGoal emits goal_updated with the dropped goal and clears persisted state [4.10ms]
@aryee337/aery test: (pass) goal runtime > rejects op=create on the runtime when a non-dropped goal already exists [0.41ms]
@aryee337/aery test: (pass) goal runtime > replaces an active goal with a fresh active goal [0.55ms]
@aryee337/aery test: (pass) goal runtime > allows creating a new goal after the previous one is complete [0.57ms]
@aryee337/aery test: (pass) goal runtime > completeGoalFromTool succeeds for a paused goal (enabled=false) [0.53ms]
@aryee337/aery test: 
@aryee337/aery test: test/modes/workflow.test.ts:
@aryee337/aery test: (pass) workflow keyword detection > matches the lowercase word (singular or plural) delimited by whitespace [4.21ms]
@aryee337/aery test: (pass) workflow keyword detection > ignores casing, inflections, punctuation-adjacent, and path-embedded forms [0.17ms]
@aryee337/aery test: (pass) workflow keyword highlighting > decorates the keyword with zero-width escapes, preserving visible text [0.37ms]
@aryee337/aery test: (pass) workflow keyword highlighting > leaves text without the standalone keyword untouched [0.19ms]
@aryee337/aery test: (pass) workflow notice > is a non-empty system notice carrying the eval-fan-out contract [0.10ms]
@aryee337/aery test: 
@aryee337/aery test: test/oauth-discovery.test.ts:
@aryee337/aery test: (pass) mcp oauth discovery > extracts Mcp-Auth-Server from transport error headers [1.35ms]
@aryee337/aery test: (pass) mcp oauth discovery > discovers oauth endpoints from auth server metadata [6.62ms]
@aryee337/aery test: (pass) path-prefixed auth servers > discovers endpoints via relative well-known path when server URL has a sub-path [0.73ms]
@aryee337/aery test: (pass) path-prefixed auth servers > discovers endpoints via single-segment path prefix (no trailing endpoint segment) [0.55ms]
@aryee337/aery test: (pass) path-prefixed auth servers > falls back to RFC 8414 path-ful issuer form (/.well-known/oauth-authorization-server/<path>) [0.47ms]
@aryee337/aery test: (pass) path-prefixed auth servers > prefers absolute well-known when it succeeds (origin-root servers still work) [3.18ms]
@aryee337/aery test: (pass) resource_metadata chain > extracts resourceMetadataUrl from error message [0.30ms]
@aryee337/aery test: (pass) resource_metadata chain > follows resource_metadata URL to discover authorization servers [0.78ms]
@aryee337/aery test: (pass) relative Mcp-Auth-Server URL > resolves relative Mcp-Auth-Server against server URL [0.23ms]
@aryee337/aery test: 
@aryee337/aery test: test/goals/goal-tool.test.ts:
@aryee337/aery test: (pass) GoalTool > routes create/get/complete operations and returns completion budget details [11.42ms]
@aryee337/aery test: (pass) GoalTool > rejects create when a goal already exists [1.15ms]
@aryee337/aery test: (pass) GoalTool > rejects complete when no goal is active [13.67ms]
@aryee337/aery test: (pass) GoalTool > rejects op=create when the objective is missing or only whitespace [0.80ms]
@aryee337/aery test: (pass) GoalTool > rejects op=create when the token_budget is zero or negative [0.61ms]
@aryee337/aery test: (pass) GoalTool > flips state to exiting and clears enabled when op=complete succeeds (fix #1) [10.91ms]
@aryee337/aery test: (pass) GoalTool > completes a paused goal (enabled=false) — was broken before fix [0.75ms]
@aryee337/aery test: (pass) GoalTool > allows create after previous goal is complete [0.62ms]
@aryee337/aery test: (pass) GoalTool > op=get returns a paused goal even when enabled=false [6.58ms]
@aryee337/aery test: (pass) GoalTool > op=resume re-activates a paused goal [81.70ms]
@aryee337/aery test: (pass) GoalTool > op=drop clears goal state [0.74ms]
@aryee337/aery test: 
@aryee337/aery test: test/oauth-flow.test.ts:
@aryee337/aery test: (pass) mcp oauth flow > uses Codex client name for dynamic client registration [7.92ms]
@aryee337/aery test: (pass) mcp oauth flow > uses configured callbackPath for the local redirect URI [206.59ms]
@aryee337/aery test: (pass) mcp oauth flow > uses exact redirectUri and clientSecret for provider requests [170.44ms]
@aryee337/aery test: (pass) mcp oauth flow > preserves root redirectUri values without adding a trailing slash [99.12ms]
@aryee337/aery test: 
@aryee337/aery test: test/tools/ast-grep.test.ts:
@aryee337/aery test: (pass) ast_grep parse errors > reports parse errors for the searched file [840.13ms]
@aryee337/aery test: 
@aryee337/aery test: test/hindsight-backend.test.ts:
@aryee337/aery test: (pass) hindsightBackend.start > does nothing when memory.backend is hindsight but apiUrl is empty [6.76ms]
@aryee337/aery test: (pass) hindsightBackend.start > registers per-session state and subscribes to agent events when configured [8.78ms]
@aryee337/aery test: (pass) hindsightBackend.start > rekeys state when the same AgentSession gets a new session id (resume/switch) [1.18ms]
@aryee337/aery test: (pass) hindsightBackend.start > retains every Nth user turn on agent_end and skips intermediate turns [16.37ms]
@aryee337/aery test: (pass) hindsightBackend.start > aliases parent state on subagent runs (taskDepth > 0) so tools share the parent bank [0.93ms]
@aryee337/aery test: (pass) hindsightBackend.start > returns silently for subagent runs when no primary state has been registered [0.52ms]
@aryee337/aery test: (pass) hindsightBackend.preCompactionContext > returns undefined when no apiUrl is configured [0.70ms]
@aryee337/aery test: (pass) hindsightBackend.preCompactionContext > returns a <memories> block when recall yields results [6.42ms]
@aryee337/aery test: (pass) hindsightBackend.preCompactionContext > returns undefined when recall finds nothing [0.84ms]
@aryee337/aery test: (pass) hindsightBackend first-turn injection > returns a tagged block for the current first turn before agent_start [12.36ms]
@aryee337/aery test: (pass) hindsightBackend first-turn injection > keeps the <memories> wrapper in buildDeveloperInstructions [1.06ms]
@aryee337/aery test: (pass) hindsightBackend first-turn injection > places the <mental_models> block above the <memories> recall block in developer instructions [0.93ms]
@aryee337/aery test: 
@aryee337/aery test: test/oauth-flow.test.ts:
@aryee337/aery test: (pass) mcp oauth flow > supports https loopback redirectUri values behind a separate local callback port [217.79ms]
@aryee337/aery test: (pass) mcp oauth flow > rejects https loopback redirectUri values without a separate callback port [0.18ms]
@aryee337/aery test: (pass) mcp oauth flow > listens on the implied port for exact HTTP loopback redirectUri values [0.62ms]
@aryee337/aery test: (pass) mcp oauth flow > listens on the explicit port for exact HTTP loopback redirectUri values [0.39ms]
@aryee337/aery test: (pass) mcp oauth flow > fails instead of falling back to a random port when redirectUri is exact [0.60ms]
@aryee337/aery test: (pass) mcp oauth flow > exposes the dynamically registered client_id and client_secret after generateAuthUrl [0.96ms]
@aryee337/aery test: (pass) mcp oauth flow > returns the configured client_id from resolvedClientId without triggering registration [0.65ms]
@aryee337/aery test: 
@aryee337/aery test: test/hindsight-backend.test.ts:
@aryee337/aery test: (pass) hindsightBackend first-turn injection > reloadMentalModelsForSession refreshes the cached snippet and base prompt [13.38ms]
@aryee337/aery test: (pass) hindsightBackend first-turn injection > reloadMentalModelsForSession returns false on subagent aliases [6.90ms]
@aryee337/aery test: (pass) hindsightBackend.clear > drops every registered session state [1.12ms]
@aryee337/aery test: (pass) hindsightBackend.clear > does not delete server-side mental models on /memory clear (server-side state is sacred) [1.06ms]
@aryee337/aery test: 
@aryee337/aery test: test/tools/ast-grep.test.ts:
@aryee337/aery test: (pass) ast_grep parse errors > caps parseErrors at PARSE_ERRORS_LIMIT and records the original total [203.41ms]
@aryee337/aery test: 
@aryee337/aery test: test/oauth-manual-input.test.ts:
@aryee337/aery test: (pass) OAuthManualInputManager > resolves waitForInput with submitted value [2.48ms]
@aryee337/aery test: (pass) OAuthManualInputManager > returns false when no pending input [0.08ms]
@aryee337/aery test: (pass) OAuthManualInputManager > clears pending input and rejects promise [0.33ms]
@aryee337/aery test: 
@aryee337/aery test: test/tools/ast-grep.test.ts:
@aryee337/aery test: (pass) ast_grep parse errors > combines globbing from path and glob parameters [269.31ms]
@aryee337/aery test: 
@aryee337/aery test: test/hindsight-bank.test.ts:
@aryee337/aery test: (pass) computeBankScope > scoping=global > returns the configured bank id verbatim [4.89ms]
@aryee337/aery test: (pass) computeBankScope > scoping=global > falls back to the default bank name when bankId is unset [0.14ms]
@aryee337/aery test: (pass) computeBankScope > scoping=global > applies the configured prefix [0.13ms]
@aryee337/aery test: (pass) computeBankScope > scoping=global > does not surface tag fields [0.13ms]
@aryee337/aery test: (pass) computeBankScope > scoping=per-project > appends the cwd basename to the base bank id [0.13ms]
@aryee337/aery test: (pass) computeBankScope > scoping=per-project > appends `unknown` for an empty cwd [0.09ms]
@aryee337/aery test: (pass) computeBankScope > scoping=per-project > composes prefix + bankId + project [0.10ms]
@aryee337/aery test: (pass) computeBankScope > scoping=per-project > does not surface tag fields (isolation is at the bank level) [0.09ms]
@aryee337/aery test: (pass) computeBankScope > scoping=per-project-tagged > keeps the base bank id and emits project tags with `any` match [0.11ms]
@aryee337/aery test: (pass) computeBankScope > scoping=per-project-tagged > uses the same project label for retain and recall tags [0.09ms]
@aryee337/aery test: (pass) computeBankScope > scoping=per-project-tagged > falls back to project:unknown when cwd is empty [0.10ms]
@aryee337/aery test: (pass) deriveBankId (legacy wrapper) > returns the bankId field of the resolved scope [0.16ms]
@aryee337/aery test: (pass) ensureBankMission > calls createBank exactly once per bank id [0.75ms]
@aryee337/aery test: (pass) ensureBankMission > is a no-op when no mission is configured [5.48ms]
@aryee337/aery test: 
@aryee337/aery test: test/tools/ast-grep.test.ts:
@aryee337/aery test: (pass) ast_grep parse errors > parses PlusCal content through the tlaplus language aliases [177.80ms]
@aryee337/aery test: 
@aryee337/aery test: test/hindsight-bank.test.ts:
@aryee337/aery test: (pass) ensureBankMission > swallows API failures and does not mark the bank as initialised [73.24ms]
@aryee337/aery test: 
@aryee337/aery test: test/hindsight-content.test.ts:
@aryee337/aery test: (pass) stripMemoryTags > removes both <memories> and legacy memory blocks [0.18ms]
@aryee337/aery test: (pass) stripMemoryTags > strips multiple sequential blocks [0.08ms]
@aryee337/aery test: (pass) stripMemoryTags > is a no-op when no tags are present [0.06ms]
@aryee337/aery test: (pass) stripMemoryTags > strips <mental_models> blocks so curated context cannot leak back into retention [0.11ms]
@aryee337/aery test: (pass) composeRecallQuery > returns the trimmed latest query when context turns is 0 or 1 [0.08ms]
@aryee337/aery test: (pass) composeRecallQuery > prepends prior context for context turns > 1 [0.39ms]
@aryee337/aery test: (pass) composeRecallQuery > strips memory tags from prior context turns [0.14ms]
@aryee337/aery test: (pass) truncateRecallQuery > returns the query untouched when under the budget [0.08ms]
@aryee337/aery test: (pass) truncateRecallQuery > falls back to the latest query alone when no prior context block exists [0.07ms]
@aryee337/aery test: (pass) truncateRecallQuery > drops oldest context lines first [0.16ms]
@aryee337/aery test: (pass) sliceLastTurnsByUserBoundary > returns the last N user-bounded turns [0.11ms]
@aryee337/aery test: (pass) sliceLastTurnsByUserBoundary > returns the full list when N exceeds the number of user turns [0.06ms]
@aryee337/aery test: (pass) sliceLastTurnsByUserBoundary > returns an empty list for empty input or non-positive turns [0.06ms]
@aryee337/aery test: (pass) prepareRetentionTranscript > uses only the last turn when retainFullWindow is false [0.20ms]
@aryee337/aery test: (pass) prepareRetentionTranscript > uses every message when retainFullWindow is true [0.13ms]
@aryee337/aery test: (pass) prepareRetentionTranscript > strips recalled memory blocks before retaining (no feedback loop) [0.15ms]
@aryee337/aery test: (pass) prepareRetentionTranscript > returns null when nothing meaningful remains [0.09ms]
@aryee337/aery test: (pass) formatMemories > renders results with type and date suffixes when present [0.14ms]
@aryee337/aery test: (pass) formatMemories > returns an empty string for no results [0.05ms]
@aryee337/aery test: (pass) formatCurrentTime > emits a UTC YYYY-MM-DD HH:MM stamp [0.22ms]
@aryee337/aery test: 
@aryee337/aery test: test/hindsight-mental-models.test.ts:
@aryee337/aery test: (pass) resolveSeedsForScope > global scoping emits only seeds whose scopes include 'global', and never project-tagged ones [0.29ms]
@aryee337/aery test: (pass) resolveSeedsForScope > per-project-tagged scoping bakes the scope's retainTags into projectTagged seeds and leaves untagged seeds bare [0.23ms]
@aryee337/aery test: (pass) resolveSeedsForScope > per-project scoping yields project-conventions but the scope carries no tags so the seed is untagged [0.12ms]
@aryee337/aery test: (pass) ensureMentalModels > creates only the seeds that are missing on the bank [0.59ms]
@aryee337/aery test: (pass) ensureMentalModels > does not modify existing models even if their fields drift from the seed list [2.04ms]
@aryee337/aery test: (pass) ensureMentalModels > treats a list failure as a no-op (best-effort, never throws) [5.09ms]
@aryee337/aery test: 
@aryee337/aery test: test/tools/auto-generated-guard.test.ts:
@aryee337/aery test: (pass) assertEditableFileContent > detects canonical TypeScript generated header [1.03ms]
@aryee337/aery test: (pass) assertEditableFileContent > detects @generated marker [0.26ms]
@aryee337/aery test: (pass) assertEditableFileContent > detects generated-by marker for Python files [1.29ms]
@aryee337/aery test: (pass) assertEditableFileContent > detects generated-by marker for SQL files [0.24ms]
@aryee337/aery test: (pass) assertEditableFileContent > detects generated markers in leading block comments [0.16ms]
@aryee337/aery test: (pass) assertEditableFileContent > detects kysely-codegen generated header [0.13ms]
@aryee337/aery test: (pass) assertEditableFileContent > does not block broad prose comment markers [0.78ms]
@aryee337/aery test: (pass) assertEditableFileContent > does not match generated markers after code starts [0.14ms]
@aryee337/aery test: (pass) assertEditableFileContent > uses language-specific comment styles [0.16ms]
@aryee337/aery test: (pass) assertEditableFileContent > does not block editing the guard file itself [4.33ms]
@aryee337/aery test: (pass) assertEditableFileContent > checks only first 1024 bytes of content [0.27ms]
@aryee337/aery test: (pass) assertEditableFile > detects content marker from file prefix [3.66ms]
@aryee337/aery test: (pass) assertEditableFile > allows normal files [5.71ms]
@aryee337/aery test: (pass) assertEditableFile > handles missing files gracefully [0.58ms]
@aryee337/aery test: 
@aryee337/aery test: test/hindsight-mental-models.test.ts:
@aryee337/aery test: (pass) renderMentalModelsBlock > wraps content in <mental_models> with a 'background, not instructions' preamble [92.32ms]
@aryee337/aery test: (pass) renderMentalModelsBlock > respects the global budget and signals truncation when the content overflows [0.38ms]
@aryee337/aery test: (pass) renderMentalModelsBlock > drops trailing models when the cumulative budget is exhausted [0.21ms]
@aryee337/aery test: (pass) renderMentalModelsBlock > returns an empty string for an empty model list (callers gate on this) [0.07ms]
@aryee337/aery test: (pass) renderMentalModelsBlock > returns an empty string when the budget is below the wrapper minimum (caller skips injection) [0.10ms]
@aryee337/aery test: (pass) loadMentalModelsBlock > returns undefined when every model has empty content (background reflect not yet completed) [0.60ms]
@aryee337/aery test: (pass) loadMentalModelsBlock > returns undefined on list failure rather than throwing (best-effort surface) [1.23ms]
@aryee337/aery test: (pass) diffMentalModelContent > marks added, removed, and unchanged lines with +/-/' ' [0.79ms]
@aryee337/aery test: (pass) diffMentalModelContent > treats a null previous as a pure-addition diff [0.15ms]
@aryee337/aery test: (pass) diffMentalModelContent > caps long diffs and emits an elision marker so the TUI stays readable [0.91ms]
@aryee337/aery test: (pass) diffMentalModelContent > caps LCS input lines so a huge curated model cannot hang the diff [3.41ms]
@aryee337/aery test: 
@aryee337/aery test: test/tools/bash-command-fixup.test.ts:
@aryee337/aery test: (pass) applyBashFixups — strips harmless trailing head/tail > strips: ls | head [9.08ms]
@aryee337/aery test: (pass) applyBashFixups — strips harmless trailing head/tail > strips: ls | head -5 [4.12ms]
@aryee337/aery test: (pass) applyBashFixups — strips harmless trailing head/tail > strips: ls | head -n 5 [0.06ms]
@aryee337/aery test: (pass) applyBashFixups — strips harmless trailing head/tail > strips: ls | head -n5 [0.03ms]
@aryee337/aery test: (pass) applyBashFixups — strips harmless trailing head/tail > strips: ls | head -n=5 [0.02ms]
@aryee337/aery test: (pass) applyBashFixups — strips harmless trailing head/tail > strips: ls | head -c 100 [0.02ms]
@aryee337/aery test: (pass) applyBashFixups — strips harmless trailing head/tail > strips: ls | head --lines=20 [0.03ms]
@aryee337/aery test: (pass) applyBashFixups — strips harmless trailing head/tail > strips: ls | head --lines 20 [0.02ms]
@aryee337/aery test: (pass) applyBashFixups — strips harmless trailing head/tail > strips: ls | head --quiet -5 [0.03ms]
@aryee337/aery test: (pass) applyBashFixups — strips harmless trailing head/tail > strips: ls | tail [0.03ms]
@aryee337/aery test: (pass) applyBashFixups — strips harmless trailing head/tail > strips: ls | tail -5 [0.03ms]
@aryee337/aery test: (pass) applyBashFixups — strips harmless trailing head/tail > strips: ls | tail -n 5 [0.02ms]
@aryee337/aery test: (pass) applyBashFixups — strips harmless trailing head/tail > strips: ls | tail --bytes=200 [0.03ms]
@aryee337/aery test: (pass) applyBashFixups — strips harmless trailing head/tail > strips: ls|head [0.02ms]
@aryee337/aery test: (pass) applyBashFixups — strips harmless trailing head/tail > strips: ls |  tail   -20   [0.02ms]
@aryee337/aery test: (pass) applyBashFixups — strips harmless trailing head/tail > strips: git log --oneline | head -20 [0.03ms]
@aryee337/aery test: (pass) applyBashFixups — strips harmless trailing head/tail > strips: echo a | tr a b | head -3 [0.05ms]
@aryee337/aery test: (pass) applyBashFixups — strips harmless trailing head/tail > strips: just build |& head -5 [0.02ms]
@aryee337/aery test: (pass) applyBashFixups — strips redundant 2>&1 > strips: cmd 2>&1 [0.18ms]
@aryee337/aery test: (pass) applyBashFixups — strips redundant 2>&1 > strips: just build 2>&1 [0.03ms]
@aryee337/aery test: (pass) applyBashFixups — strips redundant 2>&1 > strips: just build 2>&1 | tail -3 [0.04ms]
@aryee337/aery test: (pass) applyBashFixups — strips redundant 2>&1 > strips: cargo build 2>&1 | head -50 [0.03ms]
@aryee337/aery test: (pass) applyBashFixups — strips across compound commands > strips: just build 2>&1 | tail -3 && just up && sleep 4 && just healthz [0.14ms]
@aryee337/aery test: (pass) applyBashFixups — strips across compound commands > strips: cmd1 | head -5 && cmd2 && cmd3 | tail -3 [0.04ms]
@aryee337/aery test: (pass) applyBashFixups — strips across compound commands > strips: echo a; cmd | head -5; echo b [0.03ms]
@aryee337/aery test: (pass) applyBashFixups — strips across compound commands > strips: cmd | head -5 || fallback | tail -3 [0.03ms]
@aryee337/aery test: (pass) applyBashFixups — strips across compound commands > strips: cmd1 | head -5 && cmd2 2>&1 | grep err [0.03ms]
@aryee337/aery test: (pass) applyBashFixups — preserves semantics-bearing pipelines > leaves alone: "tail -f /var/log/system.log" [1.19ms]
@aryee337/aery test: (pass) applyBashFixups — preserves semantics-bearing pipelines > leaves alone: "tail -F file.log" [0.06ms]
@aryee337/aery test: (pass) applyBashFixups — preserves semantics-bearing pipelines > leaves alone: "ls | tail -f -" [0.04ms]
@aryee337/aery test: (pass) applyBashFixups — preserves semantics-bearing pipelines > leaves alone: "ls | head -5 | sort" [0.03ms]
@aryee337/aery test: (pass) applyBashFixups — preserves semantics-bearing pipelines > leaves alone: "cat file | head -5 | wc -l" [0.03ms]
@aryee337/aery test: (pass) applyBashFixups — preserves semantics-bearing pipelines > leaves alone: "cat file | tail -n +2" [0.03ms]
@aryee337/aery test: (pass) applyBashFixups — preserves semantics-bearing pipelines > leaves alone: "cat file | tail +5" [0.06ms]
@aryee337/aery test: (pass) applyBashFixups — preserves semantics-bearing pipelines > leaves alone: "ls | head -5 > /tmp/out.txt" [0.04ms]
@aryee337/aery test: (pass) applyBashFixups — preserves semantics-bearing pipelines > leaves alone: "ls | head -5 2>/dev/null" [0.04ms]
@aryee337/aery test: (pass) applyBashFixups — preserves semantics-bearing pipelines > leaves alone: "echo \"ls | head -5\"" [0.02ms]
@aryee337/aery test: (pass) applyBashFixups — preserves semantics-bearing pipelines > leaves alone: "echo $(ls | head -5)" [0.02ms]
@aryee337/aery test: (pass) applyBashFixups — preserves semantics-bearing pipelines > leaves alone: "head -5 file.txt" [0.03ms]
@aryee337/aery test: (pass) applyBashFixups — preserves semantics-bearing pipelines > leaves alone: "head /etc/hosts" [0.02ms]
@aryee337/aery test: (pass) applyBashFixups — preserves semantics-bearing pipelines > leaves alone: "| head -5" [0.02ms]
@aryee337/aery test: (pass) applyBashFixups — preserves semantics-bearing pipelines > leaves alone: "head -5" [0.02ms]
@aryee337/aery test: (pass) applyBashFixups — preserves semantics-bearing pipelines > leaves alone: "cmd 2>&1 | grep err" [0.02ms]
@aryee337/aery test: (pass) applyBashFixups — preserves semantics-bearing pipelines > leaves alone: "cmd > file 2>&1" [0.02ms]
@aryee337/aery test: (pass) applyBashFixups — preserves semantics-bearing pipelines > leaves alone: "cmd >& file" [0.02ms]
@aryee337/aery test: (pass) applyBashFixups — preserves semantics-bearing pipelines > leaves alone: "cmd 2>&1 > file" [0.02ms]
@aryee337/aery test: (pass) applyBashFixups — preserves semantics-bearing pipelines > leaves alone: "for f in *.txt; do\n  echo $f\ndone | head -5"
@aryee337/aery test: (pass) applyBashFixups — preserves semantics-bearing pipelines > leaves alone: "cat <<EOF | head -5\ncontent\nEOF"
@aryee337/aery test: (pass) applyBashFixups — preserves semantics-bearing pipelines > leaves alone: "ls\nls | head -5"
@aryee337/aery test: (pass) applyBashFixups — preserves semantics-bearing pipelines > leaves alone: "echo \"unterminated | head -5" [0.01ms]
@aryee337/aery test: 
@aryee337/aery test: test/history-storage-search.test.ts:
@aryee337/aery test: (pass) HistoryStorage.search > matches across punctuation in the query (FTS token alignment) [185.69ms]
@aryee337/aery test: (pass) HistoryStorage.search > falls back to substring matching for infix queries FTS prefix cannot reach [86.91ms]
@aryee337/aery test: (pass) HistoryStorage.search > AND's substring tokens so multi-word infix queries narrow results [41.87ms]
@aryee337/aery test: (pass) HistoryStorage.search > returns FTS matches before substring-only fallback matches [85.20ms]
@aryee337/aery test: (pass) HistoryStorage.search > dedupes when FTS and substring both match the same row [227.51ms]
@aryee337/aery test: (pass) HistoryStorage.search > matches case-insensitively for substring fallback [207.56ms]
@aryee337/aery test: (pass) HistoryStorage.search > returns empty for queries with no alphanumeric characters [2.80ms]
@aryee337/aery test: (pass) HistoryStorage.search > respects the limit when merging FTS and substring results [4.50ms]
@aryee337/aery test: (pass) HistoryStorage.search > matches short tokens via the substring fallback [3.43ms]
@aryee337/aery test: (pass) HistoryStorage.search > AND's tokens correctly when one is short and one is an infix [8.23ms]
@aryee337/aery test: 
@aryee337/aery test: test/tools/bash-interceptor.test.ts:
@aryee337/aery test: (pass) BashTool interception > checks the original command before leading cd normalization [6.81ms]
@aryee337/aery test: (pass) BashTool interception > checks the cwd-normalized command after leading cd normalization [0.94ms]
@aryee337/aery test: (pass) BashTool argument validation > preserves async requests so disabled async mode returns the explicit error [6.03ms]
@aryee337/aery test: 
@aryee337/aery test: test/history-storage-session.test.ts:
@aryee337/aery test: (pass) HistoryStorage session linkage > persists the originating session id and surfaces it on recent + search [8.08ms]
@aryee337/aery test: (pass) HistoryStorage session linkage > falls back to the session resolver when no explicit id is passed [3.58ms]
@aryee337/aery test: (pass) HistoryStorage session linkage > prefers an explicit session id over the resolver [3.64ms]
@aryee337/aery test: (pass) HistoryStorage session linkage > captures the session active at add() time, not at flush time [4.06ms]
@aryee337/aery test: (pass) HistoryStorage session linkage > normalizes an empty session id to null [3.00ms]
@aryee337/aery test: (pass) HistoryStorage session linkage > adds session_id to a pre-existing schema and leaves legacy rows unstamped [7.08ms]
@aryee337/aery test: (pass) HistoryStorage.matchingSessionIds > returns matching session ids ordered by recency, de-duplicated [3.87ms]
@aryee337/aery test: (pass) HistoryStorage.matchingSessionIds > skips prompts that have no recorded session [3.41ms]
@aryee337/aery test: (pass) HistoryStorage.matchingSessionIds > returns no session ids when nothing matches [3.38ms]
@aryee337/aery test: 
@aryee337/aery test: test/acp-stdout-hygiene.test.ts:
@aryee337/aery test: (pass) ACP stdout hygiene > emits a JSON-RPC initialize response as the first bytes on stdout [6940.33ms]
@aryee337/aery test: 
@aryee337/aery test: test/plan-mode-thinking-level.test.ts:
@aryee337/aery test: (pass) plan mode thinking level > resolveRoleModelWithThinking > returns thinking level when plan role includes a thinking suffix [1660.74ms]
@aryee337/aery test: 
@aryee337/aery test: test/tools/bash-interceptor.test.ts:
@aryee337/aery test: (pass) BashTool head/tail stripping > executes the stripped command [591.91ms]
@aryee337/aery test: 
@aryee337/aery test: test/history-storage-sqlite-compat.test.ts:
@aryee337/aery test: (pass) migrates legacy history schema away from unixepoch defaults [157.78ms]
@aryee337/aery test: 
@aryee337/aery test: test/plan-mode-thinking-level.test.ts:
@aryee337/aery test: (pass) plan mode thinking level > resolveRoleModelWithThinking > returns no explicit thinking level when plan role has no thinking suffix [191.71ms]
@aryee337/aery test: (pass) plan mode thinking level > resolveRoleModelWithThinking > returns no model when no plan role is configured [147.94ms]
@aryee337/aery test: 
@aryee337/aery test: test/tools/bash-interceptor.test.ts:
@aryee337/aery test: (pass) BashTool head/tail stripping > does not strip when the setting is disabled [309.63ms]
@aryee337/aery test: 
@aryee337/aery test: test/tools/bash-pty-selection.test.ts:
@aryee337/aery test: (pass) bash PTY selection > allows interactive PTY on Windows when requested with UI [1.94ms]
@aryee337/aery test: (pass) bash PTY selection > allows interactive PTY on non-Windows when requested with UI and not disabled [0.11ms]
@aryee337/aery test: (pass) bash PTY selection > disables interactive PTY when pty is false [0.06ms]
@aryee337/aery test: 
@aryee337/aery test: test/plan-mode-thinking-level.test.ts:
@aryee337/aery test: (pass) plan mode thinking level > resolveRoleModelWithThinking > returns thinking level for different levels [144.51ms]
@aryee337/aery test: (pass) plan mode thinking level > resolveRoleModelWithThinking > works with the default role [168.25ms]
@aryee337/aery test: (pass) plan mode thinking level > resolveRoleModelWithThinking > resolveRoleModel still returns just the model (backward compat) [178.58ms]
@aryee337/aery test: 
@aryee337/aery test: test/hook-editor.test.ts:
@aryee337/aery test: (pass) HookEditorComponent default (hook) mode > inserts a newline on Enter instead of submitting immediately [97.21ms]
@aryee337/aery test: (pass) HookEditorComponent default (hook) mode > submits the current text on Ctrl+Enter [0.74ms]
@aryee337/aery test: (pass) HookEditorComponent default (hook) mode > submits Ctrl+Enter variants with NumLock or keypad Enter metadata [0.79ms]
@aryee337/aery test: (pass) HookEditorComponent default (hook) mode > submits LF-prefixed modified Enter sequences [0.40ms]
@aryee337/aery test: (pass) HookEditorComponent default (hook) mode > expands large paste markers when submitting on Ctrl+Enter [6.67ms]
@aryee337/aery test: (pass) HookEditorComponent default (hook) mode > cancels on Escape [0.68ms]
@aryee337/aery test: (pass) HookEditorComponent prompt-style mode > submits on plain Enter [1.12ms]
@aryee337/aery test: (pass) HookEditorComponent prompt-style mode > submits on alternate Enter encodings recognized by the key matcher [0.58ms]
@aryee337/aery test: (pass) HookEditorComponent prompt-style mode > submits when a terminal reports plain Enter as LF [0.78ms]
@aryee337/aery test: (pass) HookEditorComponent prompt-style mode > expands large paste markers when submitting on Enter [1.35ms]
@aryee337/aery test: (pass) HookEditorComponent prompt-style mode > inserts newline on Shift+Enter instead of submitting [0.88ms]
@aryee337/aery test: (pass) HookEditorComponent prompt-style mode > treats Ctrl+Enter as newline in prompt-style mode [0.81ms]
@aryee337/aery test: (pass) HookEditorComponent prompt-style mode > renders prompt-style editor with legacy ask chrome [0.99ms]
@aryee337/aery test: (pass) HookEditorComponent prompt-style mode > keeps the prompt gutter visible after typing in prompt-style mode [1.43ms]
@aryee337/aery test: (pass) HookEditorComponent prompt-style mode > aligns wrapped prompt-style continuation rows under the text column [18.34ms]
@aryee337/aery test: (pass) HookEditorComponent prompt-style mode > cancels on Escape [0.43ms]
@aryee337/aery test: (pass) HookEditorComponent prompt-style mode > cancels on app.interrupt in prompt-style mode even when remapped [0.57ms]
@aryee337/aery test: 
@aryee337/aery test: test/agent-session-acp-permission.test.ts:
@aryee337/aery test: 159 | 	const wrappedBash = session.agent.state.tools.find(t => t.name === "bash");
@aryee337/aery test: 160 | 	expect(wrappedBash).toBeDefined();
@aryee337/aery test: 161 | 
@aryee337/aery test: 162 | 	await wrappedBash!.execute("call-1", { command: "echo hi" }, undefined, undefined as never, undefined as never);
@aryee337/aery test: 163 | 
@aryee337/aery test: 164 | 	expect(permissionSpy).toHaveBeenCalledTimes(1);
@aryee337/aery test:                              ^
@aryee337/aery test: error: expect(received).toHaveBeenCalledTimes(expected)
@aryee337/aery test: 
@aryee337/aery test: Expected number of calls: 1
@aryee337/aery test: Received number of calls: 0
@aryee337/aery test: 
@aryee337/aery test:       at <anonymous> (/home/aryee/aery/ai_agent/aery/packages/coding-agent/test/agent-session-acp-permission.test.ts:164:24)
@aryee337/aery test: (fail) allow_once: calls bridge once and executes the underlying tool [29.18ms]
@aryee337/aery test: 198 | 		undefined,
@aryee337/aery test: 199 | 		undefined as never,
@aryee337/aery test: 200 | 		undefined as never,
@aryee337/aery test: 201 | 	);
@aryee337/aery test: 202 | 
@aryee337/aery test: 203 | 	expect(permissionSpy).toHaveBeenCalledTimes(2);
@aryee337/aery test:                              ^
@aryee337/aery test: error: expect(received).toHaveBeenCalledTimes(expected)
@aryee337/aery test: 
@aryee337/aery test: Expected number of calls: 2
@aryee337/aery test: Received number of calls: 0
@aryee337/aery test: 
@aryee337/aery test:       at <anonymous> (/home/aryee/aery/ai_agent/aery/packages/coding-agent/test/agent-session-acp-permission.test.ts:203:24)
@aryee337/aery test: (fail) delete and move tools request ACP permission before executing [11.25ms]
@aryee337/aery test: (pass) edit, write, and ast_edit do not request ACP permission [6.12ms]
@aryee337/aery test: 281 | 		undefined,
@aryee337/aery test: 282 | 		undefined as never,
@aryee337/aery test: 283 | 		undefined as never,
@aryee337/aery test: 284 | 	);
@aryee337/aery test: 285 | 
@aryee337/aery test: 286 | 	expect(permissionSpy).toHaveBeenCalledTimes(2);
@aryee337/aery test:                              ^
@aryee337/aery test: error: expect(received).toHaveBeenCalledTimes(expected)
@aryee337/aery test: 
@aryee337/aery test: Expected number of calls: 2
@aryee337/aery test: Received number of calls: 0
@aryee337/aery test: 
@aryee337/aery test:       at <anonymous> (/home/aryee/aery/ai_agent/aery/packages/coding-agent/test/agent-session-acp-permission.test.ts:286:24)
@aryee337/aery test: (fail) edit delete and move operations request ACP permission before executing [3.88ms]
@aryee337/aery test: 
@aryee337/aery test: test/hook-editor.test.ts:
@aryee337/aery test: (pass) ExtensionUiController hook editor abort > hides the hook editor and resolves undefined when the caller aborts [70.27ms]
@aryee337/aery test: (pass) ExtensionUiController hook editor abort > forwards editorOptions to HookEditorComponent [1.35ms]
@aryee337/aery test: 
@aryee337/aery test: test/agent-session-acp-permission.test.ts:
@aryee337/aery test: 313 | 		undefined,
@aryee337/aery test: 314 | 		undefined as never,
@aryee337/aery test: 315 | 		undefined as never,
@aryee337/aery test: 316 | 	);
@aryee337/aery test: 317 | 
@aryee337/aery test: 318 | 	expect(requests.map(({ title, locations }) => ({ title, locations }))).toEqual([
@aryee337/aery test:                                                                               ^
@aryee337/aery test: error: expect(received).toEqual(expected)
@aryee337/aery test: 
@aryee337/aery test: - [
@aryee337/aery test: -   {
@aryee337/aery test: -     "locations": [
@aryee337/aery test: -       {
@aryee337/aery test: -         "path": "/tmp/gone.ts",
@aryee337/aery test: -       },
@aryee337/aery test: -     ],
@aryee337/aery test: -     "title": "Delete /tmp/gone.ts",
@aryee337/aery test: -   },
@aryee337/aery test: - ]
@aryee337/aery test: + []
@aryee337/aery test: 
@aryee337/aery test: - Expected  - 10
@aryee337/aery test: + Received  + 1
@aryee337/aery test: 
@aryee337/aery test:       at <anonymous> (/home/aryee/aery/ai_agent/aery/packages/coding-agent/test/agent-session-acp-permission.test.ts:318:73)
@aryee337/aery test: (fail) edit delete operations take precedence over stale rename metadata [100.62ms]
@aryee337/aery test: 354 | 		undefined,
@aryee337/aery test: 355 | 		undefined as never,
@aryee337/aery test: 356 | 		undefined as never,
@aryee337/aery test: 357 | 	);
@aryee337/aery test: 358 | 
@aryee337/aery test: 359 | 	expect(requests.map(({ title, locations }) => ({ title, locations }))).toEqual([
@aryee337/aery test:                                                                               ^
@aryee337/aery test: error: expect(received).toEqual(expected)
@aryee337/aery test: 
@aryee337/aery test: - [
@aryee337/aery test: -   {
@aryee337/aery test: -     "locations": [
@aryee337/aery test: -       {
@aryee337/aery test: -         "path": "/tmp/gone.ts",
@aryee337/aery test: -       },
@aryee337/aery test: -     ],
@aryee337/aery test: -     "title": "Delete /tmp/gone.ts",
@aryee337/aery test: -   },
@aryee337/aery test: - ]
@aryee337/aery test: + []
@aryee337/aery test: 
@aryee337/aery test: - Expected  - 10
@aryee337/aery test: + Received  + 1
@aryee337/aery test: 
@aryee337/aery test:       at <anonymous> (/home/aryee/aery/ai_agent/aery/packages/coding-agent/test/agent-session-acp-permission.test.ts:359:73)
@aryee337/aery test: (fail) apply_patch delete operations take precedence over earlier moves [7.75ms]
@aryee337/aery test: 
@aryee337/aery test: test/tools/bash-sixel-render.test.ts:
@aryee337/aery test: (pass) bashToolRenderer > shows rendered env assignments in the command preview [19.77ms]
@aryee337/aery test: (pass) bashToolRenderer > shows partial env assignments while tool args are still streaming [3.18ms]
@aryee337/aery test: (pass) bashToolRenderer > sanitizes command tabs and shortens home cwd in previews [4.50ms]
@aryee337/aery test: (pass) bashToolRenderer > renders the pending call as a bordered block with the command in the body [1.06ms]
@aryee337/aery test: (pass) bashToolRenderer > shows the effective timeout from result details when it differs from call args [4.79ms]
@aryee337/aery test: (pass) bashToolRenderer > renders wall time alongside the timeout label and strips the textual notice [2.14ms]
@aryee337/aery test: (pass) bashToolRenderer > renders the exit status in the footer and strips the textual exit notice for failed commands [1.36ms]
@aryee337/aery test: (pass) bashToolRenderer > omits the status footer for a successful command [1.29ms]
@aryee337/aery test: (pass) bashToolRenderer > bypasses truncation/styling for SIXEL lines [1.74ms]
@aryee337/aery test: (pass) bashToolRenderer > highlights every line of a multi-line bash command in renderResult [70.54ms]
@aryee337/aery test: 
@aryee337/aery test: test/hook-input-timeout.test.ts:
@aryee337/aery test: (pass) HookInputComponent timeout > resets timeout on user activity and still expires when idle [57.64ms]
@aryee337/aery test: (pass) HookInputComponent timeout > preserves submit behavior [1.00ms]
@aryee337/aery test: 
@aryee337/aery test: test/agent-session-acp-permission.test.ts:
@aryee337/aery test: 388 | 		{ content: ["done"] },
@aryee337/aery test: 389 | 	]);
@aryee337/aery test: 390 | 
@aryee337/aery test: 391 | 	await session.prompt("delete with custom apply_patch");
@aryee337/aery test: 392 | 
@aryee337/aery test: 393 | 	expect(requests.map(({ toolCallId, title, locations }) => ({ toolCallId, title, locations }))).toEqual([
@aryee337/aery test:                                                                                                       ^
@aryee337/aery test: error: expect(received).toEqual(expected)
@aryee337/aery test: 
@aryee337/aery test: - [
@aryee337/aery test: -   {
@aryee337/aery test: -     "locations": [
@aryee337/aery test: -       {
@aryee337/aery test: -         "path": "/tmp/gone.ts",
@aryee337/aery test: -       },
@aryee337/aery test: -     ],
@aryee337/aery test: -     "title": "Delete /tmp/gone.ts",
@aryee337/aery test: -     "toolCallId": "call-custom-apply-patch",
@aryee337/aery test: -   },
@aryee337/aery test: - ]
@aryee337/aery test: + []
@aryee337/aery test: 
@aryee337/aery test: - Expected  - 11
@aryee337/aery test: + Received  + 1
@aryee337/aery test: 
@aryee337/aery test:       at <anonymous> (/home/aryee/aery/ai_agent/aery/packages/coding-agent/test/agent-session-acp-permission.test.ts:393:97)
@aryee337/aery test: (fail) apply_patch custom-wire delete requests ACP permission through agent dispatch [270.07ms]
@aryee337/aery test: 
@aryee337/aery test: test/plan-mode/approved-plan.test.ts:
@aryee337/aery test: (pass) renameApprovedPlanFile > fails with actionable error when destination already exists [8.32ms]
@aryee337/aery test: (pass) renameApprovedPlanFile > renames PLAN.md to titled artifact path [1.72ms]
@aryee337/aery test: (pass) humanizePlanTitle > replaces separators with spaces and capitalizes [0.21ms]
@aryee337/aery test: (pass) humanizePlanTitle > collapses runs of separators [0.05ms]
@aryee337/aery test: (pass) humanizePlanTitle > returns empty string for blank-ish input [0.06ms]
@aryee337/aery test: (pass) normalizePlanTitle > accepts a clean identifier as-is [0.34ms]
@aryee337/aery test: (pass) normalizePlanTitle > strips a trailing .md suffix provided by the model [0.06ms]
@aryee337/aery test: (pass) normalizePlanTitle > converts spaces to hyphens (natural-language titles) [0.06ms]
@aryee337/aery test: (pass) normalizePlanTitle > collapses consecutive spaces / resulting hyphens [0.05ms]
@aryee337/aery test: (pass) normalizePlanTitle > drops characters outside the allowed set after space replacement [0.05ms]
@aryee337/aery test: (pass) normalizePlanTitle > trims leading/trailing hyphens that result from sanitization [0.05ms]
@aryee337/aery test: (pass) normalizePlanTitle > throws for empty title [0.24ms]
@aryee337/aery test: (pass) normalizePlanTitle > throws for path separators [0.10ms]
@aryee337/aery test: (pass) normalizePlanTitle > throws when sanitization produces empty result [0.07ms]
@aryee337/aery test: (pass) resolvePlanTitle > uses a string `suppliedTitle` when present [0.54ms]
@aryee337/aery test: (pass) resolvePlanTitle > falls back to the plan's first H1 when the model emits a non-string title (issue #1179) [0.24ms]
@aryee337/aery test: (pass) resolvePlanTitle > falls back to the H1 when `suppliedTitle` is missing entirely [0.09ms]
@aryee337/aery test: (pass) resolvePlanTitle > falls back to the H1 when `suppliedTitle` is an empty / whitespace string [0.10ms]
@aryee337/aery test: (pass) resolvePlanTitle > falls back to the plan filename stem when no usable H1 exists [3.36ms]
@aryee337/aery test: (pass) resolvePlanTitle > falls back through to the literal `plan` when every candidate sanitizes to empty [0.40ms]
@aryee337/aery test: (pass) resolvePlanTitle > skips a `suppliedTitle` that contains path separators and uses the next candidate [0.16ms]
@aryee337/aery test: (pass) resolvePlanTitle > picks the first H1 line, not the first heading of any level [0.11ms]
@aryee337/aery test: 
@aryee337/aery test: test/agent-session-acp-permission.test.ts:
@aryee337/aery test: 425 | 		undefined,
@aryee337/aery test: 426 | 		undefined as never,
@aryee337/aery test: 427 | 		undefined as never,
@aryee337/aery test: 428 | 	);
@aryee337/aery test: 429 | 
@aryee337/aery test: 430 | 	expect(requests.map(({ title, locations }) => ({ title, locations }))).toEqual([
@aryee337/aery test:                                                                               ^
@aryee337/aery test: error: expect(received).toEqual(expected)
@aryee337/aery test: 
@aryee337/aery test: - [
@aryee337/aery test: -   {
@aryee337/aery test: -     "locations": [
@aryee337/aery test: -       {
@aryee337/aery test: -         "path": "/tmp/old.ts",
@aryee337/aery test: -       },
@aryee337/aery test: -     ],
@aryee337/aery test: -     "title": "Delete /tmp/old.ts",
@aryee337/aery test: -   },
@aryee337/aery test: - ]
@aryee337/aery test: + []
@aryee337/aery test: 
@aryee337/aery test: - Expected  - 10
@aryee337/aery test: + Received  + 1
@aryee337/aery test: 
@aryee337/aery test:       at <anonymous> (/home/aryee/aery/ai_agent/aery/packages/coding-agent/test/agent-session-acp-permission.test.ts:430:73)
@aryee337/aery test: (fail) patch-mode delete operations take precedence over earlier moves [66.84ms]
@aryee337/aery test: 465 | 		undefined,
@aryee337/aery test: 466 | 		undefined as never,
@aryee337/aery test: 467 | 		undefined as never,
@aryee337/aery test: 468 | 	);
@aryee337/aery test: 469 | 
@aryee337/aery test: 470 | 	expect(requests.map(({ title }) => title)).toEqual([
@aryee337/aery test:                                                   ^
@aryee337/aery test: error: expect(received).toEqual(expected)
@aryee337/aery test: 
@aryee337/aery test: - [
@aryee337/aery test: -   "Move /tmp/old.ts to /tmp/new.ts",
@aryee337/aery test: -   "Delete /tmp/another-old.ts",
@aryee337/aery test: - ]
@aryee337/aery test: + []
@aryee337/aery test: 
@aryee337/aery test: - Expected  - 4
@aryee337/aery test: + Received  + 1
@aryee337/aery test: 
@aryee337/aery test:       at <anonymous> (/home/aryee/aery/ai_agent/aery/packages/coding-agent/test/agent-session-acp-permission.test.ts:470:45)
@aryee337/aery test: (fail) always-allowing edit moves does not bypass patch-mode calls that also delete [52.72ms]
@aryee337/aery test: 490 | 	const wrappedBash = session.agent.state.tools.find(t => t.name === "bash");
@aryee337/aery test: 491 | 	expect(wrappedBash).toBeDefined();
@aryee337/aery test: 492 | 
@aryee337/aery test: 493 | 	await wrappedBash!.execute("call-bash", { command: "echo hi" }, undefined, undefined as never, undefined as never);
@aryee337/aery test: 494 | 
@aryee337/aery test: 495 | 	expect(requests).toHaveLength(1);
@aryee337/aery test:                         ^
@aryee337/aery test: error: expect(received).toHaveLength(expected)
@aryee337/aery test: 
@aryee337/aery test: Expected length: 1
@aryee337/aery test: Received length: 0
@aryee337/aery test: 
@aryee337/aery test:       at <anonymous> (/home/aryee/aery/ai_agent/aery/packages/coding-agent/test/agent-session-acp-permission.test.ts:495:19)
@aryee337/aery test: (fail) permission requests report the gated tool call as pending [53.90ms]
@aryee337/aery test: 
@aryee337/aery test: test/hook-selector-overflow.test.ts:
@aryee337/aery test: (pass) HookSelectorComponent > keeps outlined options within render width [40.39ms]
@aryee337/aery test: (pass) HookSelectorComponent > wraps outlined option text without omitting the tail [8.06ms]
@aryee337/aery test: 
@aryee337/aery test: test/agent-session-acp-permission.test.ts:
@aryee337/aery test: 523 | 		undefined,
@aryee337/aery test: 524 | 		undefined as never,
@aryee337/aery test: 525 | 		undefined as never,
@aryee337/aery test: 526 | 	);
@aryee337/aery test: 527 | 
@aryee337/aery test: 528 | 	expect(requests).toHaveLength(1);
@aryee337/aery test:                         ^
@aryee337/aery test: error: expect(received).toHaveLength(expected)
@aryee337/aery test: 
@aryee337/aery test: Expected length: 1
@aryee337/aery test: Received length: 0
@aryee337/aery test: 
@aryee337/aery test:       at <anonymous> (/home/aryee/aery/ai_agent/aery/packages/coding-agent/test/agent-session-acp-permission.test.ts:528:19)
@aryee337/aery test: (fail) bash permission requests include execute metadata and command content [57.32ms]
@aryee337/aery test: 
@aryee337/aery test: test/hook-selector-overflow.test.ts:
@aryee337/aery test: (pass) HookSelectorComponent > renders option descriptions as separate wrapped rows [9.63ms]
@aryee337/aery test: (pass) HookSelectorComponent > counts description rows toward the visible row cap [3.82ms]
@aryee337/aery test: (pass) HookSelectorComponent > counts wrapped outlined rows toward the visible row cap [4.54ms]
@aryee337/aery test: (pass) HookSelectorComponent > filters options by description text [9.67ms]
@aryee337/aery test: (pass) HookSelectorComponent > skips disabled options during keyboard navigation [1.81ms]
@aryee337/aery test: (pass) HookSelectorComponent > does not select disabled options [0.53ms]
@aryee337/aery test: (pass) HookSelectorComponent > renders disabled options dimmed [1.61ms]
@aryee337/aery test: 
@aryee337/aery test: test/agent-session-acp-permission.test.ts:
@aryee337/aery test: 554 | 			{ path: "/tmp/old.ts", edits: [{ op: "update", rename: "/tmp/new.ts" }] },
@aryee337/aery test: 555 | 			undefined,
@aryee337/aery test: 556 | 			undefined as never,
@aryee337/aery test: 557 | 			undefined as never,
@aryee337/aery test: 558 | 		),
@aryee337/aery test: 559 | 	).rejects.toThrow(/rejected by user/);
@aryee337/aery test:                  ^
@aryee337/aery test: error: 
@aryee337/aery test: 
@aryee337/aery test: Expected promise that rejects
@aryee337/aery test: Received promise that resolved: Promise { <resolved> }
@aryee337/aery test: 
@aryee337/aery test:       at <anonymous> (/home/aryee/aery/ai_agent/aery/packages/coding-agent/test/agent-session-acp-permission.test.ts:559:12)
@aryee337/aery test: (fail) ordinary edit calls still bypass ACP permission after rejecting edit moves forever [53.03ms]
@aryee337/aery test: 
@aryee337/aery test: test/image-b64poly.test.ts:
@aryee337/aery test: (pass) Buffer.toBase64 > should return a base64 string [0.19ms]
@aryee337/aery test: 
@aryee337/aery test: test/agent-session-acp-permission.test.ts:
@aryee337/aery test: (pass) edit create operations with rename metadata do not request ACP move permission [25.74ms]
@aryee337/aery test: 620 | 		undefined,
@aryee337/aery test: 621 | 		undefined as never,
@aryee337/aery test: 622 | 		undefined as never,
@aryee337/aery test: 623 | 	);
@aryee337/aery test: 624 | 
@aryee337/aery test: 625 | 	expect(requests.map(({ title }) => title)).toEqual(["Move /tmp/old.ts to /tmp/new.ts", "Delete /tmp/gone.ts"]);
@aryee337/aery test:                                                   ^
@aryee337/aery test: error: expect(received).toEqual(expected)
@aryee337/aery test: 
@aryee337/aery test: - [
@aryee337/aery test: -   "Move /tmp/old.ts to /tmp/new.ts",
@aryee337/aery test: -   "Delete /tmp/gone.ts",
@aryee337/aery test: - ]
@aryee337/aery test: + []
@aryee337/aery test: 
@aryee337/aery test: - Expected  - 4
@aryee337/aery test: + Received  + 1
@aryee337/aery test: 
@aryee337/aery test:       at <anonymous> (/home/aryee/aery/ai_agent/aery/packages/coding-agent/test/agent-session-acp-permission.test.ts:625:45)
@aryee337/aery test: (fail) always-allowing edit moves does not bypass later edit delete permission [40.03ms]
@aryee337/aery test: 
@aryee337/aery test: test/tools/bash-skill-urls.test.ts:
@aryee337/aery test: (pass) expandSkillUrls > expands a basic skill:// URI to an absolute path [1.28ms]
@aryee337/aery test: (pass) expandSkillUrls > expands multiple skill:// URIs in one command [0.22ms]
@aryee337/aery test: (pass) expandSkillUrls > throws ToolError for unknown skills with available names [0.20ms]
@aryee337/aery test: (pass) expandSkillUrls > throws ToolError for path traversal attempts [0.29ms]
@aryee337/aery test: (pass) expandSkillUrls > returns command unchanged when there are no skill:// tokens [0.06ms]
@aryee337/aery test: (pass) expandSkillUrls > does not expand non-skill internal URIs [1.14ms]
@aryee337/aery test: (pass) expandSkillUrls > expands URI in double quotes [0.19ms]
@aryee337/aery test: (pass) expandSkillUrls > expands URI in single quotes [0.10ms]
@aryee337/aery test: (pass) expandSkillUrls > shell-escapes paths with spaces [0.08ms]
@aryee337/aery test: (pass) expandSkillUrls > shell-escapes paths containing single quotes [0.08ms]
@aryee337/aery test: (pass) expandSkillUrls > resolves skill://name with no relative path to SKILL.md [0.06ms]
@aryee337/aery test: (pass) expandSkillUrls > returns command unchanged when no skills are loaded [0.05ms]
@aryee337/aery test: (pass) expandSkillUrls > throws ToolError when traversal is attempted with encoded segments [0.21ms]
@aryee337/aery test: (pass) expandInternalUrls > expands skill/agent/artifact/memory/rule URLs in one command [0.92ms]
@aryee337/aery test: (pass) expandInternalUrls > expands quoted non-skill URLs and shell-escapes quotes in paths [0.31ms]
@aryee337/aery test: (pass) expandInternalUrls > expands agent:// URLs when router is available [1.30ms]
@aryee337/aery test: (pass) expandInternalUrls > expands local:// URLs to filesystem paths without requiring preexisting files [0.75ms]
@aryee337/aery test: (pass) expandInternalUrls > expands local:/ (single-slash) URL in double quotes [0.56ms]
@aryee337/aery test: (pass) expandInternalUrls > expands local:/ (single-slash) URL in single quotes [0.49ms]
@aryee337/aery test: (pass) expandInternalUrls > expands local:/ (single-slash) URL without quotes [1.28ms]
@aryee337/aery test: (pass) expandInternalUrls > throws when local:// URL is used without local protocol options [0.39ms]
@aryee337/aery test: (pass) expandInternalUrls > throws when non-skill URL is used without an internal router [0.30ms]
@aryee337/aery test: (pass) expandInternalUrls > throws when internal router resolves URL without sourcePath [0.27ms]
@aryee337/aery test: (pass) expandInternalUrls > surfaces resolver errors with actionable context [0.36ms]
@aryee337/aery test: (pass) expandInternalUrls > does not match local:/ inside filesystem paths (e.g. /repo/local:/PLAN.md) [0.22ms]
@aryee337/aery test: (pass) expandInternalUrls > does not match local:/ after ./ or ../ prefixes [0.17ms]
@aryee337/aery test: (pass) expandInternalUrls > still matches standalone local:/ at a real token boundary [0.49ms]
@aryee337/aery test: (pass) expandInternalUrls > does not match local:/ when embedded in words (e.g., notlocal:/, mylocal:/) [0.65ms]
@aryee337/aery test: (pass) expandInternalUrls > does not match local:/ after a hyphen (e.g. not-local:/PLAN.md) [0.28ms]
@aryee337/aery test: 
@aryee337/aery test: test/agent-session-acp-permission.test.ts:
@aryee337/aery test: 636 | 	const wrappedBash = session.agent.state.tools.find(t => t.name === "bash");
@aryee337/aery test: 637 | 	expect(wrappedBash).toBeDefined();
@aryee337/aery test: 638 | 
@aryee337/aery test: 639 | 	await wrappedBash!.execute("call-1", { command: "echo hi" }, undefined, undefined as never, undefined as never);
@aryee337/aery test: 640 | 
@aryee337/aery test: 641 | 	expect(permissionSpy).toHaveBeenCalledTimes(1);
@aryee337/aery test:                              ^
@aryee337/aery test: error: expect(received).toHaveBeenCalledTimes(expected)
@aryee337/aery test: 
@aryee337/aery test: Expected number of calls: 1
@aryee337/aery test: Received number of calls: 0
@aryee337/aery test: 
@aryee337/aery test:       at <anonymous> (/home/aryee/aery/ai_agent/aery/packages/coding-agent/test/agent-session-acp-permission.test.ts:641:24)
@aryee337/aery test: (fail) setClientBridge wraps tools that were already active [162.55ms]
@aryee337/aery test: 662 | 		undefined as never,
@aryee337/aery test: 663 | 		undefined as never,
@aryee337/aery test: 664 | 	);
@aryee337/aery test: 665 | 	abortController.abort();
@aryee337/aery test: 666 | 
@aryee337/aery test: 667 | 	await expect(execution).rejects.toThrow(/Permission request cancelled/);
@aryee337/aery test:                                        ^
@aryee337/aery test: error: 
@aryee337/aery test: 
@aryee337/aery test: Expected promise that rejects
@aryee337/aery test: Received promise that resolved: Promise { <resolved> }
@aryee337/aery test: 
@aryee337/aery test:       at <anonymous> (/home/aryee/aery/ai_agent/aery/packages/coding-agent/test/agent-session-acp-permission.test.ts:667:34)
@aryee337/aery test: (fail) aborting an open permission request rejects without executing the tool [63.12ms]
@aryee337/aery test: 682 | 	const wrappedBash = session.agent.state.tools.find(t => t.name === "bash");
@aryee337/aery test: 683 | 	expect(wrappedBash).toBeDefined();
@aryee337/aery test: 684 | 
@aryee337/aery test: 685 | 	await expect(
@aryee337/aery test: 686 | 		wrappedBash!.execute("call-1", { command: "echo hi" }, undefined, undefined as never, undefined as never),
@aryee337/aery test: 687 | 	).rejects.toThrow(/rejected by user/);
@aryee337/aery test:                  ^
@aryee337/aery test: error: 
@aryee337/aery test: 
@aryee337/aery test: Expected promise that rejects
@aryee337/aery test: Received promise that resolved: Promise { <resolved> }
@aryee337/aery test: 
@aryee337/aery test:       at <anonymous> (/home/aryee/aery/ai_agent/aery/packages/coding-agent/test/agent-session-acp-permission.test.ts:687:12)
@aryee337/aery test: (fail) reject_once: throws ToolError and never calls underlying execute [50.90ms]
@aryee337/aery test: 698 | 	const wrappedBash = session.agent.state.tools.find(t => t.name === "bash");
@aryee337/aery test: 699 | 	expect(wrappedBash).toBeDefined();
@aryee337/aery test: 700 | 
@aryee337/aery test: 701 | 	await expect(
@aryee337/aery test: 702 | 		wrappedBash!.execute("call-unknown", { command: "echo hi" }, undefined, undefined as never, undefined as never),
@aryee337/aery test: 703 | 	).rejects.toThrow(/unknown option ID/);
@aryee337/aery test:                  ^
@aryee337/aery test: error: 
@aryee337/aery test: 
@aryee337/aery test: Expected promise that rejects
@aryee337/aery test: Received promise that resolved: Promise { <resolved> }
@aryee337/aery test: 
@aryee337/aery test:       at <anonymous> (/home/aryee/aery/ai_agent/aery/packages/coding-agent/test/agent-session-acp-permission.test.ts:703:12)
@aryee337/aery test: (fail) unknown selected permission option ID fails closed without executing [33.77ms]
@aryee337/aery test: 
@aryee337/aery test: test/plan-mode/plan-protection.test.ts:
@aryee337/aery test: (pass) createPlanReadMatcher > protects reads of the canonical local://PLAN.md alias [0.53ms]
@aryee337/aery test: (pass) createPlanReadMatcher > protects reads of a titled plan path from the reference getter [0.35ms]
@aryee337/aery test: (pass) createPlanReadMatcher > tolerates read selectors and single-slash scheme spelling [0.20ms]
@aryee337/aery test: (pass) createPlanReadMatcher > reflects a mid-session retitle at match time [0.25ms]
@aryee337/aery test: (pass) createPlanReadMatcher > does not protect non-plan reads or non-read tools [0.45ms]
@aryee337/aery test: 
@aryee337/aery test: test/agent-session-acp-permission.test.ts:
@aryee337/aery test: 721 | 	// First call — bridge is consulted, decision cached.
@aryee337/aery test: 722 | 	await wrappedBash!.execute("call-1", { command: "echo a" }, undefined, undefined as never, undefined as never);
@aryee337/aery test: 723 | 	// Second call — must skip the bridge entirely.
@aryee337/aery test: 724 | 	await wrappedBash!.execute("call-2", { command: "echo b" }, undefined, undefined as never, undefined as never);
@aryee337/aery test: 725 | 
@aryee337/aery test: 726 | 	expect(permissionSpy).toHaveBeenCalledTimes(1);
@aryee337/aery test:                              ^
@aryee337/aery test: error: expect(received).toHaveBeenCalledTimes(expected)
@aryee337/aery test: 
@aryee337/aery test: Expected number of calls: 1
@aryee337/aery test: Received number of calls: 0
@aryee337/aery test: 
@aryee337/aery test:       at <anonymous> (/home/aryee/aery/ai_agent/aery/packages/coding-agent/test/agent-session-acp-permission.test.ts:726:24)
@aryee337/aery test: (fail) allow_always: caches decision and calls bridge only once for subsequent executes [27.36ms]
@aryee337/aery test: (pass) read tool: requestPermission is never called for non-gated tools [1.36ms]
@aryee337/aery test: 
@aryee337/aery test: test/image-input-normalization.test.ts:
@aryee337/aery test: (pass) ensureSupportedImageInput > passes supported mime types through unchanged [3.60ms]
@aryee337/aery test: (pass) ensureSupportedImageInput > converts unsupported image input to png [8.91ms]
@aryee337/aery test: (pass) ensureSupportedImageInput > returns null when input bytes are not a decodable image [0.59ms]
@aryee337/aery test: 
@aryee337/aery test: test/plan-mode/plan-protection.test.ts:
@aryee337/aery test: (pass) plan-read protection in compaction > prunes regular reads but keeps the plan read intact [373.28ms]
@aryee337/aery test: (pass) plan-read protection in compaction > excludes the plan read from shake regions [2.62ms]
@aryee337/aery test: 
@aryee337/aery test: test/image-input.test.ts:
@aryee337/aery test: (pass) readImageMetadata > reads PNG metadata from header [93.24ms]
@aryee337/aery test: (pass) readImageMetadata > reads JPEG metadata from header [112.30ms]
@aryee337/aery test: (pass) readImageMetadata > returns null for non-image content [1.90ms]
@aryee337/aery test: 
@aryee337/aery test: test/initial-message.test.ts:
@aryee337/aery test: (pass) buildInitialMessage > combines stdin, file text, and the first CLI message [0.42ms]
@aryee337/aery test: (pass) buildInitialMessage > leaves plain CLI messages untouched when there is no initial file or stdin input [0.10ms]
@aryee337/aery test: 
@aryee337/aery test: test/plugin-command.test.ts:
@aryee337/aery test: (pass) Plugin command scope parsing > rejects invalid scope values [4.04ms]
@aryee337/aery test: 
@aryee337/aery test: test/input-controller-escape.test.ts:
@aryee337/aery test: (pass) InputController escape behavior > prefers canceling a pending optimistic submission before aborting the session [202.72ms]
@aryee337/aery test: (pass) InputController escape behavior > runs /btw as a builtin side request instead of steering the active stream [1.14ms]
@aryee337/aery test: (pass) InputController escape behavior > falls back to aborting the active session when no pending optimistic submission exists [0.55ms]
@aryee337/aery test: (pass) InputController escape behavior > prefers aborting bash before aborting an overlapping stream [0.24ms]
@aryee337/aery test: (pass) InputController escape behavior > prefers aborting python before aborting an overlapping stream [0.19ms]
@aryee337/aery test: (pass) InputController escape behavior > dismisses an active /btw panel before aborting the main stream [0.27ms]
@aryee337/aery test: (pass) InputController escape behavior > dismisses an active /btw panel before canceling a pending optimistic submission [0.38ms]
@aryee337/aery test: (pass) InputController escape behavior > dismisses an active /btw panel before aborting bash [0.34ms]
@aryee337/aery test: (pass) InputController escape behavior > aborts streaming even when the working loader is no longer present [0.24ms]
@aryee337/aery test: 
@aryee337/aery test: test/tools/browser-readable.test.ts:
@aryee337/aery test: (pass) browser readable extraction > extracts markdown content from article-style pages [848.91ms]
@aryee337/aery test: (pass) browser readable extraction > extracts docs-style main content [53.77ms]
@aryee337/aery test: 
@aryee337/aery test: test/tools/browser-stealth-targets.test.ts:
@aryee337/aery test: (pass) browser stealth bootstrap > uses documentElement as the iframe container when document.head is unavailable [20.97ms]
@aryee337/aery test: (pass) browser stealth target setup > attempts user-agent override for page-like existing targets and skips non-page worker/browser targets [25.61ms]
@aryee337/aery test: (pass) browser stealth target setup > classifies only targets with page surfaces as user-agent override targets [22.32ms]
@aryee337/aery test: (pass) browser stealth target setup > gives a slow page-like target a bounded but non-trivial window to receive user-agent override [84.23ms]
@aryee337/aery test: 
@aryee337/aery test: test/input-controller-keybindings.test.ts:
@aryee337/aery test: (pass) InputController keybinding setup > registers temporary and persisted model selector actions separately [1.12ms]
@aryee337/aery test: (pass) InputController keybinding setup > marks streaming follow-up submissions as local [1.25ms]
@aryee337/aery test: (pass) InputController keybinding setup > marks idle follow-up submissions as local [0.32ms]
@aryee337/aery test: (pass) InputController keybinding setup > removes the signature when an idle follow-up submission rejects [0.62ms]
@aryee337/aery test: (pass) InputController keybinding setup > removes the signature when a streaming follow-up rejects [0.38ms]
@aryee337/aery test: 
@aryee337/aery test: test/agent-session-auto-compaction-queue.test.ts:
@aryee337/aery test: (pass) AgentSession auto-compaction queue resume > resumes after threshold compaction when only agent-level queued messages exist [3054.70ms]
@aryee337/aery test: (pass) AgentSession auto-compaction queue resume > forwards todo reminder lifecycle signals to extensions [322.55ms]
@aryee337/aery test: 
@aryee337/aery test: test/tools/browser-tab-worker-startup.test.ts:
@aryee337/aery test: (pass) browser tab worker startup > surfaces worker startup errors instead of waiting for the generic init timeout [7.87ms]
@aryee337/aery test: 
@aryee337/aery test: test/tools/conflict-detect.test.ts:
@aryee337/aery test: (pass) scanConflictLines > detects a 2-way conflict with correct line numbers and labels [0.31ms]
@aryee337/aery test: (pass) scanConflictLines > detects a 3-way diff3 conflict with base section [0.22ms]
@aryee337/aery test: (pass) scanConflictLines > offsets line numbers by firstLineNumber [0.12ms]
@aryee337/aery test: (pass) scanConflictLines > returns multiple blocks in file order [0.15ms]
@aryee337/aery test: (pass) scanConflictLines > ignores unclosed openers [0.06ms]
@aryee337/aery test: (pass) scanConflictLines > ignores mis-shaped or indented marker lookalikes [0.08ms]
@aryee337/aery test: (pass) scanConflictLines > accepts label-less markers [3.49ms]
@aryee337/aery test: (pass) scanConflictLines > treats a re-opened `<<<<<<<` as a fresh block [0.15ms]
@aryee337/aery test: (pass) ConflictHistory > assigns monotonic ids and looks entries up by id [0.43ms]
@aryee337/aery test: (pass) ConflictHistory > dedupes registration by absolutePath+startLine and refreshes recorded body [0.14ms]
@aryee337/aery test: (pass) ConflictHistory > invalidatePath drops entries scoped to one absolutePath [0.33ms]
@aryee337/aery test: (pass) parseConflictUri > parses well-formed URIs [0.18ms]
@aryee337/aery test: (pass) parseConflictUri > returns null for non-conflict paths [2.66ms]
@aryee337/aery test: (pass) parseConflictUri > parses an optional scope segment [0.17ms]
@aryee337/aery test: (pass) parseConflictUri > rejects unknown scope tokens [0.52ms]
@aryee337/aery test: (pass) parseConflictUri > parses the bulk wildcard `conflict://*` [0.06ms]
@aryee337/aery test: (pass) parseConflictUri > rejects a scope segment on the wildcard [2.26ms]
@aryee337/aery test: (pass) parseConflictUri > rejects malformed ids with a ToolError [0.40ms]
@aryee337/aery test: (pass) parseConflictUri > recovers an erroneous `<file>:` prefix and surfaces it as `recoveredPrefix` [0.16ms]
@aryee337/aery test: (pass) parseConflictUri > does not set `recoveredPrefix` on clean URIs [2.37ms]
@aryee337/aery test: (pass) spliceConflict > replaces the marker region with the chosen content [0.70ms]
@aryee337/aery test: (pass) spliceConflict > accepts multi-line replacement [0.10ms]
@aryee337/aery test: (pass) spliceConflict > accepts empty replacement [0.09ms]
@aryee337/aery test: (pass) spliceConflict > relocates the block when earlier lines have been added (line numbers shift) [0.11ms]
@aryee337/aery test: (pass) spliceConflict > rejects when the recorded marker block has been edited away [0.20ms]
@aryee337/aery test: (pass) spliceConflict > rejects when the file is shorter than the recorded region [0.18ms]
@aryee337/aery test: (pass) renderConflictRegion > returns full block with marker lines reconstructed from labels [0.31ms]
@aryee337/aery test: (pass) renderConflictRegion > includes the base section in a diff3 full block [0.12ms]
@aryee337/aery test: (pass) renderConflictRegion > omits the label when none was recorded [0.12ms]
@aryee337/aery test: (pass) renderConflictRegion > returns just the ours body with the line number after `<<<<<<<` [0.07ms]
@aryee337/aery test: (pass) renderConflictRegion > returns just the theirs body with the line number after `=======` [0.05ms]
@aryee337/aery test: (pass) renderConflictRegion > returns just the base body for a diff3 conflict [0.06ms]
@aryee337/aery test: (pass) renderConflictRegion > rejects `base` scope for a 2-way conflict [0.15ms]
@aryee337/aery test: (pass) formatConflictWarning > emits empty string when no entries [0.42ms]
@aryee337/aery test: (pass) formatConflictWarning > renders the compact diff-style block with labels aggregated at top [5.82ms]
@aryee337/aery test: (pass) formatConflictWarning > pluralizes the summary count and emits one block per entry [0.42ms]
@aryee337/aery test: (pass) formatConflictWarning > collapses base ≡ ours by skipping the redundant body [0.18ms]
@aryee337/aery test: (pass) formatConflictWarning > collapses base ≡ theirs the same way [0.12ms]
@aryee337/aery test: (pass) formatConflictWarning > prints the base body when base differs from both sides [0.15ms]
@aryee337/aery test: (pass) formatConflictWarning > omits the ours/theirs label lines when no entry has labels [2.30ms]
@aryee337/aery test: (pass) formatConflictWarning > caps the body preview at PREVIEW_SIDE_LINES with a `… N more lines` footer [0.36ms]
@aryee337/aery test: (pass) expandContentTokens > returns content unchanged when no tokens are present [0.24ms]
@aryee337/aery test: (pass) expandContentTokens > expands a bare `@ours` token [0.06ms]
@aryee337/aery test: (pass) expandContentTokens > expands `@theirs` and `@both` line tokens [5.96ms]
@aryee337/aery test: (pass) expandContentTokens > mixes tokens with literal lines [0.12ms]
@aryee337/aery test: (pass) expandContentTokens > expands `@base` only when the entry has a base section [0.31ms]
@aryee337/aery test: (pass) expandContentTokens > leaves `@ours` inside a real code line literal (token must be the whole line) [0.06ms]
@aryee337/aery test: (pass) expandContentTokens > handles CRLF input lines [0.05ms]
@aryee337/aery test: 
@aryee337/aery test: test/plugin-extensions-discovery.test.ts:
@aryee337/aery test: 69 | 
@aryee337/aery test: 70 | 	it("loads installed plugin extensions declared in package.json", async () => {
@aryee337/aery test: 71 | 		const result = await discoverAndLoadExtensions([], projectDir.path());
@aryee337/aery test: 72 | 		const extension = result.extensions.find(ext => ext.path.endsWith(path.join("dist", "extension.ts")));
@aryee337/aery test: 73 | 
@aryee337/aery test: 74 | 		expect(result.errors).toHaveLength(0);
@aryee337/aery test:                              ^
@aryee337/aery test: error: expect(received).toHaveLength(expected)
@aryee337/aery test: 
@aryee337/aery test: Expected length: 0
@aryee337/aery test: Received length: 5
@aryee337/aery test: 
@aryee337/aery test:       at <anonymous> (/home/aryee/aery/ai_agent/aery/packages/coding-agent/test/plugin-extensions-discovery.test.ts:74:25)
@aryee337/aery test: (fail) plugin extension discovery > loads installed plugin extensions declared in package.json [1508.14ms]
@aryee337/aery test: 
@aryee337/aery test: test/input-controller-skill-queue.test.ts:
@aryee337/aery test: (pass) InputController #invokeSkillCommand (E1-E3) > E1: streaming + steer -> enqueueCustomMessageDisplay called and details.__pendingDisplayTag set [2.60ms]
@aryee337/aery test: (pass) InputController #invokeSkillCommand (E1-E3) > E2: streaming + followUp -> enqueueCustomMessageDisplay called with mode 'followUp', tag embedded [1.17ms]
@aryee337/aery test: (pass) InputController #invokeSkillCommand (E1-E3) > E3: not streaming -> enqueueCustomMessageDisplay NOT called and tag absent [0.86ms]
@aryee337/aery test: 
@aryee337/aery test: test/plugin-extensions-discovery.test.ts:
@aryee337/aery test: 132 | 		const extension = result.extensions.find(ext => ext.path === extensionPath);
@aryee337/aery test: 133 | 
@aryee337/aery test: 134 | 		if (process.platform === "win32") {
@aryee337/aery test: 135 | 			expect(extensionPath).toMatch(/^[A-Za-z]:\\/);
@aryee337/aery test: 136 | 		}
@aryee337/aery test: 137 | 		expect(result.errors).toHaveLength(0);
@aryee337/aery test:                               ^
@aryee337/aery test: error: expect(received).toHaveLength(expected)
@aryee337/aery test: 
@aryee337/aery test: Expected length: 0
@aryee337/aery test: Received length: 5
@aryee337/aery test: 
@aryee337/aery test:       at <anonymous> (/home/aryee/aery/ai_agent/aery/packages/coding-agent/test/plugin-extensions-discovery.test.ts:137:25)
@aryee337/aery test: (fail) plugin extension discovery > loads installed legacy Aery plugin extensions from Windows drive-letter paths [741.41ms]
@aryee337/aery test: (pass) plugin extension discovery > loads installed plugin extensions whose manifest entry points at a directory with index.ts [362.10ms]
@aryee337/aery test: 
@aryee337/aery test: test/plugin-install-git.test.ts:
@aryee337/aery test: (pass) PluginManager.install with git sources > installs from github: shorthand and resolves real package name from deps diff [269.98ms]
@aryee337/aery test: (pass) PluginManager.install with git sources > normalizes non-GitHub shorthand before invoking bun install [458.03ms]
@aryee337/aery test: (pass) PluginManager.install with git sources > rejects git specs containing shell metacharacters [0.86ms]
@aryee337/aery test: (pass) PluginManager.install with git sources > still rejects invalid npm names with the original error [1.03ms]
@aryee337/aery test: 
@aryee337/aery test: test/tools/conflict-integration.test.ts:
@aryee337/aery test: (pass) read surfaces conflicts as a warning footer > returns file content and appends a conflict warning with id 1 [1457.45ms]
@aryee337/aery test: 
@aryee337/aery test: test/input-controller-skill-queue.test.ts:
@aryee337/aery test: (pass) AgentSession custom-role tag dequeue (E4-E7) > E4: message_start with role=custom + matching tag removes the tagged display entry [2705.89ms]
@aryee337/aery test: (pass) AgentSession custom-role tag dequeue (E4-E7) > E5: message_start with role=custom but no tag is a no-op [350.31ms]
@aryee337/aery test: 
@aryee337/aery test: test/tools/conflict-integration.test.ts:
@aryee337/aery test: (pass) read surfaces conflicts as a warning footer > registers diff3 conflicts with base section [514.07ms]
@aryee337/aery test: 
@aryee337/aery test: test/prompt-action-autocomplete.test.ts:
@aryee337/aery test: (pass) prompt action autocomplete > shows prompt actions with configured shortcut hints [11.36ms]
@aryee337/aery test: (pass) prompt action autocomplete > passes the typed trigger to undo and leaves text removal to the editor [8.71ms]
@aryee337/aery test: (pass) prompt action autocomplete > falls back to normal typing for literal hashtags with no matching action [6.81ms]
@aryee337/aery test: 
@aryee337/aery test: test/input-controller-skill-queue.test.ts:
@aryee337/aery test: (pass) AgentSession custom-role tag dequeue (E4-E7) > E6: two queued skills with identical args text are dequeued independently by tag [323.41ms]
@aryee337/aery test: 
@aryee337/aery test: test/prompt-action-autocomplete.test.ts:
@aryee337/aery test: (pass) prompt action autocomplete > delegates trySyncSlashCompletion to CombinedAutocompleteProvider [120.08ms]
@aryee337/aery test: (pass) prompt action autocomplete > returns null from trySyncSlashCompletion for non-slash text [0.70ms]
@aryee337/aery test: 
@aryee337/aery test: test/input-controller-skill-queue.test.ts:
@aryee337/aery test: (pass) AgentSession custom-role tag dequeue (E4-E7) > E7: popLastQueuedMessage on a tagged entry leaves no orphan tag state [123.70ms]
@aryee337/aery test: (pass) UiHelpers / InputController against the queued-display layer (E8-E9) > E8: updatePendingMessagesDisplay renders the compact slash form for queued skills [428.98ms]
@aryee337/aery test: 
@aryee337/aery test: test/tools/conflict-integration.test.ts:
@aryee337/aery test: (pass) read surfaces conflicts as a warning footer > registers each block with its own id when several appear in one window [770.59ms]
@aryee337/aery test: 
@aryee337/aery test: test/input-controller-skill-queue.test.ts:
@aryee337/aery test: (pass) UiHelpers / InputController against the queued-display layer (E8-E9) > E9: restoreQueuedMessagesToEditor recovers the compact slash form into the editor and clears the queue [275.54ms]
@aryee337/aery test: (pass) EventController custom-role dequeue refresh (E10) > E10: message_start with role=custom refreshes pending bar ONLY when __pendingDisplayTag is present [1.76ms]
@aryee337/aery test: 
@aryee337/aery test: test/agent-session-auto-compaction-x-initiator.test.ts:
@aryee337/aery test: (pass) AgentSession compaction Copilot initiator attribution > keeps main-session manual compaction user-attributed [3394.27ms]
@aryee337/aery test: 
@aryee337/aery test: test/prompt-format.test.ts:
@aryee337/aery test: (pass) prompt.format renderPhase > pre-render preserves indentation on Handlebars block lines [0.32ms]
@aryee337/aery test: (pass) prompt.format renderPhase > pre-render preserves leading tabs [0.25ms]
@aryee337/aery test: (pass) prompt.format renderPhase > pre-render trims trailing whitespace [0.09ms]
@aryee337/aery test: (pass) prompt.format renderPhase > post-render mode preserves indentation on Handlebars-like lines [0.10ms]
@aryee337/aery test: (pass) prompt.format renderPhase > pre-render removes blank line before closing Handlebars block while post-render keeps it [1.62ms]
@aryee337/aery test: (pass) prompt.format renderPhase > pre-render compacts table rows and does not duplicate content when replacing ascii [0.70ms]
@aryee337/aery test: (pass) prompt.format renderPhase > does not mutate HTML comment markers when replacing ascii symbols [0.18ms]
@aryee337/aery test: (pass) prompt.format renderPhase > replaces arrows outside but not inside HTML comments [0.11ms]
@aryee337/aery test: (pass) prompt.format renderPhase > handles multi-line HTML comments [0.10ms]
@aryee337/aery test: 
@aryee337/aery test: test/tools/conflict-integration.test.ts:
@aryee337/aery test: (pass) read surfaces conflicts as a warning footer > emits no warning on clean files and does not touch the history [621.18ms]
@aryee337/aery test: 
@aryee337/aery test: test/install-command.test.ts:
@aryee337/aery test: (pass) install command is registered as a top-level subcommand > CLI runner sees `install` as a known command [1.50ms]
@aryee337/aery test: (pass) looksLikeLocalPath > explicit relative paths are local [0.18ms]
@aryee337/aery test: (pass) looksLikeLocalPath > absolute and home-relative paths are local [0.07ms]
@aryee337/aery test: (pass) looksLikeLocalPath > Windows drive-prefixed paths are local [0.09ms]
@aryee337/aery test: (pass) looksLikeLocalPath > npm specs and marketplace refs are remote [0.15ms]
@aryee337/aery test: (pass) looksLikeLocalPath > bare names that exist as a local directory are treated as local [1.51ms]
@aryee337/aery test: 
@aryee337/aery test: test/tools/conflict-integration.test.ts:
@aryee337/aery test: (pass) read surfaces conflicts as a warning footer > re-reading the same file reuses the existing id rather than inflating [679.35ms]
@aryee337/aery test: 
@aryee337/aery test: test/prompt-templates.test.ts:
@aryee337/aery test: (pass) substituteArgs > should support $@ slicing with start offset [6.17ms]
@aryee337/aery test: (pass) substituteArgs > should support $@ slicing with start and length [0.10ms]
@aryee337/aery test: (pass) substituteArgs > should support $@ slicing with start and trailing colon [0.05ms]
@aryee337/aery test: (pass) substituteArgs > should handle out-of-range $@ slicing [0.08ms]
@aryee337/aery test: (pass) substituteArgs > should treat non-positive $@ slicing as empty [0.04ms]
@aryee337/aery test: (pass) substituteArgs > should replace $@ and $ARGUMENTS identically [0.08ms]
@aryee337/aery test: (pass) substituteArgs > should NOT recursively substitute patterns in argument values [0.07ms]
@aryee337/aery test: (pass) substituteArgs > should support mixed $1, $2, and $ARGUMENTS [0.11ms]
@aryee337/aery test: (pass) substituteArgs > should support mixed $1, $2, and $@ [0.05ms]
@aryee337/aery test: (pass) substituteArgs > should handle multiple occurrences of $ARGUMENTS [0.09ms]
@aryee337/aery test: (pass) substituteArgs > should handle multiple occurrences of $@ [0.05ms]
@aryee337/aery test: (pass) substituteArgs > should handle mixed occurrences of $@ and $ARGUMENTS [0.04ms]
@aryee337/aery test: (pass) substituteArgs > should handle special characters in arguments [0.06ms]
@aryee337/aery test: (pass) substituteArgs > should handle out-of-range numbered placeholders [0.09ms]
@aryee337/aery test: (pass) substituteArgs > should handle unicode characters [0.06ms]
@aryee337/aery test: (pass) substituteArgs > should preserve newlines and tabs in argument values [0.08ms]
@aryee337/aery test: (pass) substituteArgs > should handle consecutive dollar patterns [0.06ms]
@aryee337/aery test: (pass) substituteArgs > should handle quoted arguments with spaces [0.08ms]
@aryee337/aery test: (pass) substituteArgs > should handle $0 (zero index) [0.05ms]
@aryee337/aery test: (pass) substituteArgs > should handle decimal number in pattern (only integer part matches) [0.06ms]
@aryee337/aery test: (pass) substituteArgs > should handle $ARGUMENTS as part of word [0.06ms]
@aryee337/aery test: (pass) substituteArgs > should handle $@ as part of word [0.04ms]
@aryee337/aery test: (pass) substituteArgs > should handle trailing and leading spaces in arguments [0.05ms]
@aryee337/aery test: (pass) substituteArgs > should handle very long argument lists [0.25ms]
@aryee337/aery test: (pass) substituteArgs > should handle escaped dollar signs (literal backslash preserved) [0.05ms]
@aryee337/aery test: (pass) substituteArgs > should handle mixed numbered and wildcard placeholders [1.30ms]
@aryee337/aery test: (pass) substituteArgs > should handle command with no placeholders [0.19ms]
@aryee337/aery test: (pass) substituteArgs > should handle command with only placeholders [0.09ms]
@aryee337/aery test: (pass) parseCommandArgs > should parse simple space-separated arguments [0.21ms]
@aryee337/aery test: (pass) parseCommandArgs > should parse quoted arguments with spaces [0.07ms]
@aryee337/aery test: (pass) parseCommandArgs > should parse single-quoted arguments [0.05ms]
@aryee337/aery test: (pass) parseCommandArgs > should parse mixed quote styles [0.06ms]
@aryee337/aery test: (pass) parseCommandArgs > should handle empty string [0.05ms]
@aryee337/aery test: (pass) parseCommandArgs > should handle extra spaces [0.04ms]
@aryee337/aery test: (pass) parseCommandArgs > should handle tabs as separators [0.05ms]
@aryee337/aery test: (pass) parseCommandArgs > should handle quoted empty string [0.04ms]
@aryee337/aery test: (pass) parseCommandArgs > should handle arguments with special characters [0.05ms]
@aryee337/aery test: (pass) parseCommandArgs > should handle unicode characters [0.07ms]
@aryee337/aery test: (pass) parseCommandArgs > should handle newlines in arguments [0.06ms]
@aryee337/aery test: (pass) parseCommandArgs > should handle escaped quotes inside quoted strings [0.66ms]
@aryee337/aery test: (pass) parseCommandArgs + substituteArgs integration > should parse and substitute together correctly [0.15ms]
@aryee337/aery test: (pass) parseCommandArgs + substituteArgs integration > should handle the example from README [0.09ms]
@aryee337/aery test: (pass) parseCommandArgs + substituteArgs integration > should produce same result with $@ and $ARGUMENTS [0.10ms]
@aryee337/aery test: (pass) template expansion fallback > should append trailing inline args for slash command without placeholders [1.61ms]
@aryee337/aery test: (pass) template expansion fallback > should append trailing inline args for prompt template without placeholders [0.51ms]
@aryee337/aery test: (pass) template expansion fallback > should not append fallback text when $ARGUMENTS consumes args [0.42ms]
@aryee337/aery test: (pass) template expansion fallback > should not append fallback text when Handlebars arguments consumes args [1.93ms]
@aryee337/aery test: (pass) template expansion fallback > should not append fallback text when Handlebars default consumes args for slash command even when the rendered text is unchanged [2.54ms]
@aryee337/aery test: (pass) template expansion fallback > should not append fallback text when Handlebars arg helper consumes args for slash command [1.43ms]
@aryee337/aery test: (pass) template expansion fallback > should not append fallback text when Handlebars lookup consumes args for slash command [1.62ms]
@aryee337/aery test: (pass) template expansion fallback > should return inline args without a leading newline when the template body is empty for slash command [0.81ms]
@aryee337/aery test: (pass) template expansion fallback > should not append fallback text when Handlebars default consumes args for prompt template even when the rendered text is unchanged [0.20ms]
@aryee337/aery test: (pass) template expansion fallback > should not append fallback text when Handlebars arg helper consumes args for prompt template [0.07ms]
@aryee337/aery test: (pass) template expansion fallback > should not append fallback text when Handlebars lookup consumes args for prompt template [0.13ms]
@aryee337/aery test: (pass) template expansion fallback > should return inline args without a leading newline when the template body is empty for prompt template [0.04ms]
@aryee337/aery test: (pass) template expansion fallback > should keep output unchanged when slash command has no trailing args [0.16ms]
@aryee337/aery test: (pass) template expansion fallback > should keep output unchanged when prompt template has no trailing args [0.10ms]
@aryee337/aery test: (pass) template expansion fallback > should append two fallback newlines for slash command output even when template source ends with newline [0.65ms]
@aryee337/aery test: (pass) template expansion fallback > should append two fallback newlines for prompt template output even when template source ends with newline [0.32ms]
@aryee337/aery test: 
@aryee337/aery test: test/tools/conflict-integration.test.ts:
@aryee337/aery test: (pass) read surfaces conflicts as a warning footer > renders the full conflict block via reads of `conflict://<N>` [221.53ms]
@aryee337/aery test: 
@aryee337/aery test: test/agent-session-auto-compaction-x-initiator.test.ts:
@aryee337/aery test: (pass) AgentSession compaction Copilot initiator attribution > uses agent attribution for main-session auto-compaction [1469.30ms]
@aryee337/aery test: 
@aryee337/aery test: test/tools/conflict-integration.test.ts:
@aryee337/aery test: (pass) read surfaces conflicts as a warning footer > renders only the theirs body via reads of `conflict://<N>/theirs` [263.96ms]
@aryee337/aery test: (pass) read surfaces conflicts as a warning footer > renders the base body for a diff3 conflict via `/base` [199.75ms]
@aryee337/aery test: 
@aryee337/aery test: test/read-acp-fs.test.ts:
@aryee337/aery test: (pass) read tool ACP fs routing > routes plain text reads through the bridge and does not call Bun.file().text() [24.70ms]
@aryee337/aery test: (pass) read tool ACP fs routing > applies requested line ranges to bridge content exactly once [2.85ms]
@aryee337/aery test: 
@aryee337/aery test: test/tools/conflict-integration.test.ts:
@aryee337/aery test: (pass) read surfaces conflicts as a warning footer > rejects `/base` on a 2-way conflict with a clear error [439.36ms]
@aryee337/aery test: (pass) read surfaces conflicts as a warning footer > errors clearly when the conflict id is unknown [5.69ms]
@aryee337/aery test: (pass) read surfaces conflicts as a warning footer > rejects reads of `conflict://*` (wildcard is write-only) [3.63ms]
@aryee337/aery test: (pass) read surfaces conflicts as a warning footer > the `<path>:conflicts` read selector lists every conflict in the file with stable ids [128.93ms]
@aryee337/aery test: (pass) read surfaces conflicts as a warning footer > `:conflicts` marks 3-way blocks distinctly [4.04ms]
@aryee337/aery test: (pass) read surfaces conflicts as a warning footer > `:conflicts` on a clean file says so explicitly [151.99ms]
@aryee337/aery test: (pass) read surfaces conflicts as a warning footer > window-mode warning shows visible-of-total when window misses some conflicts [15.12ms]
@aryee337/aery test: 
@aryee337/aery test: test/agent-session-auto-compaction-x-initiator.test.ts:
@aryee337/aery test: (pass) AgentSession compaction Copilot initiator attribution > keeps subagent manual compaction user-attributed [1113.05ms]
@aryee337/aery test: 
@aryee337/aery test: test/tools/conflict-integration.test.ts:
@aryee337/aery test: (pass) write resolves conflicts via conflict://N > splices the registered region with the supplied content [489.86ms]
@aryee337/aery test: 
@aryee337/aery test: test/agent-session-auto-compaction-x-initiator.test.ts:
@aryee337/aery test: (pass) AgentSession compaction Copilot initiator attribution > uses agent attribution for subagent auto-compaction [593.37ms]
@aryee337/aery test: 
@aryee337/aery test: test/tools/conflict-integration.test.ts:
@aryee337/aery test: (pass) write resolves conflicts via conflict://N > auto-recovers a `<file>:conflict://N` path and resolves the conflict [449.95ms]
@aryee337/aery test: 
@aryee337/aery test: test/read-column-truncation-snapshot.test.ts:
@aryee337/aery test: (pass) read tool column truncation vs hashline snapshot > snapshot keeps untruncated content for a full-file read with long lines [816.96ms]
@aryee337/aery test: (pass) read tool column truncation vs hashline snapshot > range read snapshot keeps untruncated content for long lines [121.44ms]
@aryee337/aery test: (pass) read tool column truncation vs hashline snapshot > multi-range read snapshot keeps untruncated content for long lines [7.60ms]
@aryee337/aery test: 
@aryee337/aery test: test/tools/conflict-integration.test.ts:
@aryee337/aery test: (pass) write resolves conflicts via conflict://N > auto-recovers a `<file>:conflict://*` path and bulk-resolves [245.37ms]
@aryee337/aery test: 
@aryee337/aery test: test/read-column-truncation-snapshot.test.ts:
@aryee337/aery test: (pass) read tool column truncation vs hashline snapshot > edit can apply against a file with long lines without re-reading [36.89ms]
@aryee337/aery test: 
@aryee337/aery test: test/tools/conflict-integration.test.ts:
@aryee337/aery test: (pass) write resolves conflicts via conflict://N > can resolve two blocks in the same file by id, in either order [161.62ms]
@aryee337/aery test: (pass) write resolves conflicts via conflict://N > accepts `@ours`/`@theirs`/`@both` content tokens as shorthand [8.47ms]
@aryee337/aery test: (pass) write resolves conflicts via conflict://N > expands `@both` to ours then theirs without re-typing either side [156.34ms]
@aryee337/aery test: (pass) write resolves conflicts via conflict://N > rejects `@base` for a 2-way conflict with a clear error [6.61ms]
@aryee337/aery test: (pass) write resolves conflicts via conflict://N > errors clearly when the id is unknown [3.45ms]
@aryee337/aery test: (pass) write resolves conflicts via conflict://N > errors clearly when the URI itself is malformed [3.40ms]
@aryee337/aery test: (pass) write resolves conflicts via conflict://N > rejects scoped conflict URIs on write (read-only) [93.22ms]
@aryee337/aery test: (pass) write resolves conflicts via conflict://N > rejects stale resolutions when the file changed out of band [201.87ms]
@aryee337/aery test: 
@aryee337/aery test: test/interactive-mode-editor-component.test.ts:
@aryee337/aery test: (pass) InteractiveMode.setEditorComponent > replaces the editor and rebinds interactive handlers [1728.86ms]
@aryee337/aery test: 
@aryee337/aery test: test/tools/conflict-integration.test.ts:
@aryee337/aery test: (pass) write resolves conflicts via conflict://N > strips hashline display prefixes from replacement content when hashline mode is active [224.06ms]
@aryee337/aery test: (pass) write resolves conflicts via conflict://N > `write conflict://*` bulk-resolves every registered conflict, per-entry token expansion [8.33ms]
@aryee337/aery test: (pass) write resolves conflicts via conflict://N > `write conflict://*` errors when no conflicts are registered [77.53ms]
@aryee337/aery test: (pass) write resolves conflicts via conflict://N > splice relocates when line numbers shift out of band [314.05ms]
@aryee337/aery test: 
@aryee337/aery test: test/read-multi-range.test.ts:
@aryee337/aery test: (pass) read tool multi-range selector > returns both ranges separated by an elision marker [778.94ms]
@aryee337/aery test: (pass) read tool multi-range selector > merges overlapping ranges into a single contiguous block [6.60ms]
@aryee337/aery test: (pass) read tool multi-range selector > sorts ranges in ascending order regardless of user order [6.53ms]
@aryee337/aery test: 
@aryee337/aery test: test/tools/edit-diff.test.ts:
@aryee337/aery test: (pass) generateDiffString > collapses unchanged lines between distant edits [1.53ms]
@aryee337/aery test: 
@aryee337/aery test: test/read-multi-range.test.ts:
@aryee337/aery test: (pass) read tool multi-range selector > surfaces an inline notice when a range is past EOF [411.01ms]
@aryee337/aery test: (pass) read tool multi-range selector > supports the +count syntax in multi-range [10.94ms]
@aryee337/aery test: (pass) read tool multi-range selector > rejects multi-range selectors on directories [264.07ms]
@aryee337/aery test: (pass) read tool multi-range selector > routes multi-range reads through the ACP bridge when available [3.01ms]
@aryee337/aery test: 
@aryee337/aery test: test/read-summary.test.ts:
@aryee337/aery test: (pass) read summary > summarizes parseable TypeScript files without an explicit selector [374.76ms]
@aryee337/aery test: 
@aryee337/aery test: test/tools/edit-renderer.test.ts:
@aryee337/aery test: (pass) editToolRenderer > shows the target path from partial JSON while edit args stream [30.47ms]
@aryee337/aery test: (pass) editToolRenderer > uses hashline input headers for streaming call path without apply_patch errors [11.61ms]
@aryee337/aery test: (pass) editToolRenderer > shows hashline envelope target path while preview diff is not computable yet [15.99ms]
@aryee337/aery test: (pass) editToolRenderer > recognizes compact and quoted hashline input headers [7.79ms]
@aryee337/aery test: (pass) editToolRenderer > strips canonical `¶` and longer `¶` runs from hashline input headers [6.80ms]
@aryee337/aery test: (pass) editToolRenderer > uses hashline input headers for completed single-file result path [4.11ms]
@aryee337/aery test: 
@aryee337/aery test: test/read-summary.test.ts:
@aryee337/aery test: (pass) read summary > summarizes Markdown only when prose summaries are enabled [346.68ms]
@aryee337/aery test: (pass) read summary > does not truncate summarized output [6.36ms]
@aryee337/aery test: 
@aryee337/aery test: test/interactive-mode-loop.test.ts:
@aryee337/aery test: (pass) InteractiveMode loop auto-submit > does not resolve the next loop prompt while compaction is running [2033.14ms]
@aryee337/aery test: 
@aryee337/aery test: test/read-summary.test.ts:
@aryee337/aery test: (pass) read summary > returns verbatim anchored ranges when a selector is explicit [281.31ms]
@aryee337/aery test: 
@aryee337/aery test: test/agent-session-bash-detach.test.ts:
@aryee337/aery test: (pass) BashTool through AgentSession runs children in their own session (e2e) > spawned child runs as its own session leader, not in the host's session [3144.10ms]
@aryee337/aery test: 
@aryee337/aery test: test/read-summary.test.ts:
@aryee337/aery test: (pass) read summary > returns raw verbatim content without anchors [133.44ms]
@aryee337/aery test: (pass) read summary > returns raw verbatim content for compound `:lines:raw` selector [2.96ms]
@aryee337/aery test: (pass) read summary > falls back to normal reads when summaries are disabled or parsing fails [11.28ms]
@aryee337/aery test: 
@aryee337/aery test: test/interactive-mode-loop.test.ts:
@aryee337/aery test: (pass) InteractiveMode loop auto-submit > does not recompact when a compact loop turn starts another prompt before resubmitting [340.13ms]
@aryee337/aery test: 
@aryee337/aery test: test/tools/edit-renderer.test.ts:
@aryee337/aery test: (pass) editToolRenderer > computes the hashline preview diff once a single-line edit finishes streaming [633.72ms]
@aryee337/aery test: 
@aryee337/aery test: test/interactive-mode-loop.test.ts:
@aryee337/aery test: (pass) InteractiveMode loop auto-submit > does not resolve the next loop prompt while post-prompt background work is pending [137.27ms]
@aryee337/aery test: 
@aryee337/aery test: test/read-summary.test.ts:
@aryee337/aery test: (pass) read summary > preserves SQLite colon paths while plain-file selectors split only line suffixes [198.51ms]
@aryee337/aery test: (pass) read summary > renders brace-pair elisions as a single numbered line with `..` [73.17ms]
@aryee337/aery test: (pass) read summary > merges trailing-punctuation closers like `};` and `})` [2.12ms]
@aryee337/aery test: 
@aryee337/aery test: test/tools/edit-renderer.test.ts:
@aryee337/aery test: (pass) editToolRenderer > renders raw custom hashline input carried only in partialJson [415.16ms]
@aryee337/aery test: 
@aryee337/aery test: test/read-summary.test.ts:
@aryee337/aery test: (pass) read summary > does not merge when the closing line is not a bare brace [318.47ms]
@aryee337/aery test: (pass) read summary > appends an elision footer that names targeted recovery ranges [5.49ms]
@aryee337/aery test: (pass) read summary > does not append a footer when the file has no elision [2.49ms]
@aryee337/aery test: 
@aryee337/aery test: test/tools/edit-renderer.test.ts:
@aryee337/aery test: (pass) editToolRenderer > renders raw custom apply_patch input carried only in partialJson [99.58ms]
@aryee337/aery test: (pass) editToolRenderer > normalizes raw streamed text input for any renderer [51.17ms]
@aryee337/aery test: 
@aryee337/aery test: test/agent-session-bash-detach.test.ts:
@aryee337/aery test: (pass) BashTool through AgentSession runs children in their own session (e2e) > pipelines through BashTool still produce both stages' output (no setsid breakage) [838.55ms]
@aryee337/aery test: 
@aryee337/aery test: test/read-tool-group.test.ts:
@aryee337/aery test: (pass) ReadToolGroupComponent > keeps inline read previews disabled by default [21.07ms]
@aryee337/aery test: (pass) ReadToolGroupComponent > renders warning previews with warning styling instead of success styling [174.56ms]
@aryee337/aery test: (pass) ReadToolGroupComponent > highlights only the collapsed preview lines [2.63ms]
@aryee337/aery test: (pass) ReadToolGroupComponent > does not render a duplicate summary row when inline previews are enabled [7.28ms]
@aryee337/aery test: (pass) readArgsTargetInternalUrl > treats skill://my-skill as an internal URL read [0.71ms]
@aryee337/aery test: (pass) readArgsTargetInternalUrl > treats skill://my-skill/file.md as an internal URL read [0.03ms]
@aryee337/aery test: (pass) readArgsTargetInternalUrl > treats aery://docs/tools/read.md as an internal URL read [0.02ms]
@aryee337/aery test: (pass) readArgsTargetInternalUrl > treats issue://123 as an internal URL read [0.01ms]
@aryee337/aery test: (pass) readArgsTargetInternalUrl > treats pr://eminent337/aery/456 as an internal URL read [0.01ms]
@aryee337/aery test: (pass) readArgsTargetInternalUrl > treats agent://abc as an internal URL read [0.01ms]
@aryee337/aery test: (pass) readArgsTargetInternalUrl > treats artifact://abc as an internal URL read [0.01ms]
@aryee337/aery test: (pass) readArgsTargetInternalUrl > treats memory://root as an internal URL read [0.01ms]
@aryee337/aery test: (pass) readArgsTargetInternalUrl > treats rule://name as an internal URL read [0.02ms]
@aryee337/aery test: (pass) readArgsTargetInternalUrl > treats mcp://server/resource as an internal URL read [0.01ms]
@aryee337/aery test: (pass) readArgsTargetInternalUrl > treats local://PLAN.md as an internal URL read [0.01ms]
@aryee337/aery test: (pass) readArgsTargetInternalUrl > treats /tmp/example.ts as a filesystem/external target [0.07ms]
@aryee337/aery test: (pass) readArgsTargetInternalUrl > treats ./relative/path.md as a filesystem/external target [0.01ms]
@aryee337/aery test: (pass) readArgsTargetInternalUrl > treats https://example.com/file as a filesystem/external target [0.01ms]
@aryee337/aery test: (pass) readArgsTargetInternalUrl > treats  as a filesystem/external target [0.01ms]
@aryee337/aery test: (pass) readArgsTargetInternalUrl > returns false for non-record / missing arguments [0.10ms]
@aryee337/aery test: 
@aryee337/aery test: test/repro-issue-1020-ctx-shutdown.test.ts:
@aryee337/aery test: (pass) issue #1020 - ctx.shutdown() in interactive mode > contextActions.shutdown sets InteractiveModeContext.shutdownRequested [1.01ms]
@aryee337/aery test: (pass) issue #1020 - ctx.shutdown() in interactive mode > initHooksAndCustomTools wires shutdown to set shutdownRequested [6.52ms]
@aryee337/aery test: 
@aryee337/aery test: test/tools/eval-agent-progress.test.ts:
@aryee337/aery test: (pass) eval renderer: agent() progress below the cell box > draws a running subagent below the box with its current tool and intent [272.65ms]
@aryee337/aery test: (pass) eval renderer: agent() progress below the cell box > keeps full stats on a completed subagent below the box [2.00ms]
@aryee337/aery test: (pass) eval renderer: agent() progress below the cell box > renders one line per subagent for a parallel fan-out [1.43ms]
@aryee337/aery test: (pass) eval renderer: agent() progress below the cell box > still folds non-agent status events into the box Status section [2.64ms]
@aryee337/aery test: 
@aryee337/aery test: test/interactive-mode-lsp-startup.test.ts:
@aryee337/aery test: (pass) InteractiveMode LSP startup welcome banner > updates the welcome banner when startup warmup completes [2798.72ms]
@aryee337/aery test: 
@aryee337/aery test: test/tools/eval-display-text.test.ts:
@aryee337/aery test: (pass) EvalTool display() text surfacing > includes display() JSON values in the text content the model sees [34.89ms]
@aryee337/aery test: (pass) EvalTool display() text surfacing > interleaves stdout text and display() JSON values [12.49ms]
@aryee337/aery test: (pass) EvalTool display() text surfacing > surfaces displayed images to the model as ImageContent blocks, not inlined base64 [7.86ms]
@aryee337/aery test: 
@aryee337/aery test: test/agent-session-before-agent-start-attribution.test.ts:
@aryee337/aery test: (pass) AgentSession before_agent_start attribution fallback > defaults before_agent_start message attribution to user for user prompts [2494.59ms]
@aryee337/aery test: (pass) AgentSession before_agent_start attribution fallback > defaults before_agent_start message attribution to agent for synthetic prompts [464.17ms]
@aryee337/aery test: (pass) AgentSession before_agent_start attribution fallback > allows user-role prompts to opt into agent attribution [926.82ms]
@aryee337/aery test: 
@aryee337/aery test: test/tools/eval-display-text.test.ts:
@aryee337/aery test: (pass) EvalTool display() text surfacing > downscales displayed images before returning ImageContent [2129.90ms]
@aryee337/aery test: (pass) EvalTool display() text surfacing > still reports (no text output) when nothing was printed or displayed [0.82ms]
@aryee337/aery test: (pass) EvalTool display() text surfacing > truncates oversized display values rather than blasting the context [21.24ms]
@aryee337/aery test: 
@aryee337/aery test: test/repro-issue-1022-disabled-default-model.test.ts:
@aryee337/aery test: (fail) issue #1022 — path-scoped enabledModels respected by default fallback > does not pick a disallowed provider when enabledModels excludes it [5150.67ms]
@aryee337/aery test:   ^ this test timed out after 5000ms.
@aryee337/aery test: 
@aryee337/aery test: test/agent-session-branching.test.ts:
@aryee337/aery test: (skip) AgentSession branching > should allow branching from single message
@aryee337/aery test: (skip) AgentSession branching > should support in-memory branching in --no-session mode
@aryee337/aery test: (skip) AgentSession branching > should branch from middle of conversation
@aryee337/aery test: 
@aryee337/aery test: test/agent-session-compaction-thinking-threading.test.ts:
@aryee337/aery test: (pass) agent-session.ts compaction threading (audit gate) > every direct compact()/generateHandoff() call threads thinkingLevel: this.thinkingLevel [64.91ms]
@aryee337/aery test: (pass) agent-session.ts compaction threading (audit gate) > at least 3 threaded sites exist (manual /compact + auto-compaction + handoff) [288.23ms]
@aryee337/aery test: 
@aryee337/aery test: test/tools/eval-fallback.test.ts:
@aryee337/aery test: (pass) EvalTool language dispatch > dispatches to the JS backend when cell.language === "js" [28.67ms]
@aryee337/aery test: (pass) EvalTool language dispatch > dispatches to the Python backend when cell.language === "py" [39.46ms]
@aryee337/aery test: (pass) EvalTool language dispatch > interleaves backends across cells in a single call [0.87ms]
@aryee337/aery test: (pass) EvalTool language dispatch > rejects py cells when eval.py is disabled [19.42ms]
@aryee337/aery test: (pass) EvalTool language dispatch > rejects js cells when eval.js is disabled [0.47ms]
@aryee337/aery test: 
@aryee337/aery test: test/agent-session-compaction.test.ts:
@aryee337/aery test: (skip) AgentSession compaction e2e > should trigger manual compaction via compact()
@aryee337/aery test: (skip) AgentSession compaction e2e > should maintain valid session state after compaction
@aryee337/aery test: (skip) AgentSession compaction e2e > should persist compaction to session file
@aryee337/aery test: (skip) AgentSession compaction e2e > should work with --no-session mode (in-memory only)
@aryee337/aery test: (skip) AgentSession compaction e2e > should emit correct events during auto-compaction
@aryee337/aery test: 
@aryee337/aery test: test/tools/eval-timeout.test.ts:
@aryee337/aery test: (pass) EvalTool timeout semantics > bounds a compute cell (no agent/llm) by a plain wall-clock timeout [3968.97ms]
@aryee337/aery test: 
@aryee337/aery test: test/interactive-mode-plan-review.test.ts:
@aryee337/aery test: (fail) InteractiveMode plan review rendering > appends each submitted plan review preview to preserve scrollback [13859.41ms]
@aryee337/aery test:   ^ a beforeEach/afterEach hook timed out for this test.
@aryee337/aery test: 
@aryee337/aery test: test/agent-session-concurrent.test.ts:
@aryee337/aery test: (pass) AgentSession concurrent prompt guard > should throw when prompt() called while streaming [5398.93ms]
@aryee337/aery test: (pass) AgentSession concurrent prompt guard > should allow steer() while streaming [141.81ms]
@aryee337/aery test: (pass) AgentSession concurrent prompt guard > should allow followUp() while streaming [24.70ms]
@aryee337/aery test: (pass) AgentSession concurrent prompt guard > delivers hidden nextTurn stop reactions through the next LLM call without exposing them in the visible queue [971.00ms]
@aryee337/aery test: (pass) AgentSession concurrent prompt guard > should allow prompt() after previous completes [773.40ms]
@aryee337/aery test: (pass) AgentSession concurrent prompt guard > queues extension follow-up user messages on an idle session without starting a turn [71.50ms]
@aryee337/aery test: 
@aryee337/aery test: test/tools/fetch-jina-stall.test.ts:
@aryee337/aery test: 57 | 		// non-aborted outcome.
@aryee337/aery test: 58 | 		expect(["native", "trafilatura", "lynx"]).toContain(result.method);
@aryee337/aery test: 59 | 		// Must finish well before the overall budget elapses: the remote
@aryee337/aery test: 60 | 		// sub-budget caps Jina at min(timeout, REMOTE_READER_MAX_MS), so the
@aryee337/aery test: 61 | 		// remaining ~1s of the 2s budget is enough for the native renderer.
@aryee337/aery test: 62 | 		expect(elapsedMs).toBeLessThan(2_500);
@aryee337/aery test:                          ^
@aryee337/aery test: error: expect(received).toBeLessThan(expected)
@aryee337/aery test: 
@aryee337/aery test: Expected: < 2500
@aryee337/aery test: Received: 2514
@aryee337/aery test: 
@aryee337/aery test:       at <anonymous> (/home/aryee/aery/ai_agent/aery/packages/coding-agent/test/tools/fetch-jina-stall.test.ts:62:21)
@aryee337/aery test: (fail) renderHtmlToText: jina stall does not starve local fallbacks (#1449) > falls back to native renderer when jina hangs until aborted [2555.49ms]
@aryee337/aery test: (pass) renderHtmlToText: jina stall does not starve local fallbacks (#1449) > re-throws when the user signal is aborted, not when Jina sub-budget expires [3.21ms]
@aryee337/aery test: 
@aryee337/aery test: test/agent-session-concurrent.test.ts:
@aryee337/aery test: (pass) AgentSession concurrent prompt guard > subscriber may prompt() synchronously from agent_end without AgentBusyError [675.73ms]
@aryee337/aery test: (pass) AgentSession concurrent prompt guard > queues idle ACP client-triggered custom messages instead of starting an ownerless turn [1025.33ms]
@aryee337/aery test: 
@aryee337/aery test: test/tools/fetch-kagi-toggle.test.ts:
@aryee337/aery test: (pass) read tool URL selector shorthands > supports embedded raw selectors in URL paths [168.87ms]
@aryee337/aery test: 
@aryee337/aery test: test/interactive-mode-plan-review.test.ts:
@aryee337/aery test: 176 | 			planExists: true,
@aryee337/aery test: 177 | 			title: "PLAN",
@aryee337/aery test: 178 | 			finalPlanFilePath: "local://APPROVED.md",
@aryee337/aery test: 179 | 		});
@aryee337/aery test: 180 | 
@aryee337/aery test: 181 | 		expect(selector).toHaveBeenCalledWith(
@aryee337/aery test:                          ^
@aryee337/aery test: error: expect(received).toHaveBeenCalledWith(...expected)
@aryee337/aery test: 
@aryee337/aery test: Expected: [ "Plan mode - next step", [ "Approve and execute", "Approve and compact context", "Approve and keep context (~7.3k / 10k)",
@aryee337/aery test:     "Refine plan"
@aryee337/aery test:   ], Any<Object>, Any<Object> ]
@aryee337/aery test: But it was not called.
@aryee337/aery test:       at <anonymous> (/home/aryee/aery/ai_agent/aery/packages/coding-agent/test/interactive-mode-plan-review.test.ts:181:20)
@aryee337/aery test: (fail) InteractiveMode plan review rendering > offers approve-and-keep-context as a distinct plan approval path [6597.22ms]
@aryee337/aery test: 
@aryee337/aery test: test/tools/fetch-kagi-toggle.test.ts:
@aryee337/aery test: (pass) read tool URL selector shorthands > supports embedded line selectors in URL paths [277.47ms]
@aryee337/aery test: (pass) read tool URL handling > returns an image content block when fetching image URLs [51.31ms]
@aryee337/aery test: (pass) read tool URL handling > resizes fetched images before emitting image content blocks [12.09ms]
@aryee337/aery test: (pass) read tool URL handling > keeps markit extracted text for image responses [11.63ms]
@aryee337/aery test: (pass) read tool URL handling > falls back to text-only output for unsupported image MIME types [12.35ms]
@aryee337/aery test: (pass) read tool URL handling > uses binary conversion fallback for unsupported image MIME when extension is convertible [2.23ms]
@aryee337/aery test: (pass) read tool URL handling > does not treat text/html at .png paths as inline images [31.03ms]
@aryee337/aery test: (pass) read tool URL handling > falls back to textual output when inline image refetch fails [4.48ms]
@aryee337/aery test: (pass) read tool URL handling > falls back to text-only output when image payload bytes are invalid [2.21ms]
@aryee337/aery test: (pass) read tool URL handling > prefers rendered page content over site-wide llms.txt for deep pages [5.68ms]
@aryee337/aery test: (pass) read tool URL handling > uses section-scoped llms.txt fallback without requesting the site-wide file [5.15ms]
@aryee337/aery test: (pass) read tool URL handling > prefers Parallel extract before other HTML renderers when configured [16.08ms]
@aryee337/aery test: (pass) read tool URL handling > reuses cached output for repeated plain URL reads [7.18ms]
@aryee337/aery test: (pass) read tool URL handling > supports offset and limit for URL reads using cached output [40.51ms]
@aryee337/aery test: 
@aryee337/aery test: test/agent-session-concurrent.test.ts:
@aryee337/aery test: (pass) AgentSession concurrent prompt guard > runs drained ACP async completions as owned follow-up turns despite deferred client turns [1246.95ms]
@aryee337/aery test: (pass) AgentSession concurrent prompt guard > scopes ACP async job snapshots and drains to the owning session id [554.77ms]
@aryee337/aery test: (pass) AgentSession TTSR resume gate > prompt() blocks until TTSR interrupt continuation completes [380.29ms]
@aryee337/aery test: 
@aryee337/aery test: test/tools/fetch-raw-mode.test.ts:
@aryee337/aery test: (pass) read URL with :raw selector (regression: JSON/feed parsers ignored raw flag) > returns the raw atom feed body when :raw is set [123.74ms]
@aryee337/aery test: (pass) read URL with :raw selector (regression: JSON/feed parsers ignored raw flag) > returns the rendered atom feed when :raw is absent (existing behavior) [31.65ms]
@aryee337/aery test: (pass) read URL with :raw selector (regression: JSON/feed parsers ignored raw flag) > returns the raw JSON body when :raw is set [1.66ms]
@aryee337/aery test: (pass) read URL with :raw selector (regression: JSON/feed parsers ignored raw flag) > still pretty-prints JSON when :raw is absent (existing behavior) [3.14ms]
@aryee337/aery test: (pass) read URL with :raw selector (regression: JSON/feed parsers ignored raw flag) > returns slices of raw content when :raw is combined with a range [11.55ms]
@aryee337/aery test: 
@aryee337/aery test: test/agent-session-concurrent.test.ts:
@aryee337/aery test: (pass) AgentSession TTSR resume gate > prompt() blocks until TTSR deferred continuation completes [428.93ms]
@aryee337/aery test: (pass) AgentSession TTSR resume gate > prompt() returns immediately when session is aborted during TTSR wait [272.01ms]
@aryee337/aery test: 
@aryee337/aery test: test/tools/fetch-raw-mode.test.ts:
@aryee337/aery test: (pass) read URL with multi-range selector (regression: was stuck on URL → 404) > routes :A-B,C-D to the multi-range builder against the cached body [384.32ms]
@aryee337/aery test: 
@aryee337/aery test: test/agent-session-concurrent.test.ts:
@aryee337/aery test: (pass) AgentSession TTSR resume gate > prompt() waits for TTSR continuation with tool calls to finish [766.09ms]
@aryee337/aery test: 
@aryee337/aery test: test/interactive-mode-plan-review.test.ts:
@aryee337/aery test: (pass) InteractiveMode plan review rendering > ignores aborted zero-usage assistant messages when estimating context usage [3042.60ms]
@aryee337/aery test: 
@aryee337/aery test: test/agent-session-concurrent.test.ts:
@aryee337/aery test: (pass) AgentSession TTSR resume gate > interruptMode never folds tool-match reminder into the toolResult instead of driving an extra turn [241.42ms]
@aryee337/aery test: 
@aryee337/aery test: test/tools/fetch-url-selectors.test.ts:
@aryee337/aery test: (pass) parseReadUrlTarget > returns null for non-URL paths [0.29ms]
@aryee337/aery test: (pass) parseReadUrlTarget > returns a bare URL with no selectors [6.07ms]
@aryee337/aery test: (pass) parseReadUrlTarget > peels :raw [0.27ms]
@aryee337/aery test: (pass) parseReadUrlTarget > peels a single line range as offset/limit [0.27ms]
@aryee337/aery test: (pass) parseReadUrlTarget > peels multi-range selectors into ranges (regression: was stuck on URL → 404) [0.21ms]
@aryee337/aery test: (pass) parseReadUrlTarget > peels raw + range combos in both orders (regression: was stuck on URL → 404) [0.17ms]
@aryee337/aery test: (pass) parseReadUrlTarget > rejects two range groups on the same URL [0.60ms]
@aryee337/aery test: (pass) parseReadUrlTarget > leaves URL ports intact [0.22ms]
@aryee337/aery test: (pass) parseReadUrlTarget > treats trailing-colon selectors that don't parse as part of the URL [0.08ms]
@aryee337/aery test: (pass) parseReadUrlTarget > supports the documented `host:port/` escape for naked-host selectors [0.12ms]
@aryee337/aery test: 
@aryee337/aery test: test/agent-session-concurrent.test.ts:
@aryee337/aery test: (pass) AgentSession TTSR resume gate > interruptMode never deduplicates the reminder across sibling tool calls in one batch [467.43ms]
@aryee337/aery test: 
@aryee337/aery test: test/tools/find-validate-paths.test.ts:
@aryee337/aery test: (pass) delimited path expansion > splits comma, semicolon, and space delimited entries when parts resolve [28.03ms]
@aryee337/aery test: (pass) delimited path expansion > keeps an existing path with spaces intact [8.72ms]
@aryee337/aery test: (pass) delimited path expansion > does not split commas inside brace globs [248.16ms]
@aryee337/aery test: (pass) delimited path expansion > does not split backslash-escaped delimiters [82.01ms]
@aryee337/aery test: (pass) delimited path expansion > uses strong delimiters leniently and whitespace delimiters conservatively [10.77ms]
@aryee337/aery test: 
@aryee337/aery test: test/agent-session-concurrent.test.ts:
@aryee337/aery test: (pass) AgentSession TTSR resume gate > prompt() waits for context-promotion continuation to finish [953.55ms]
@aryee337/aery test: 
@aryee337/aery test: test/tools/find-validate-paths.test.ts:
@aryee337/aery test: (pass) delimited path expansion > cleans trailing strong delimiters and expands glob entries [285.33ms]
@aryee337/aery test: (pass) findToolRenderer > accepts a single string paths value before validation [45.23ms]
@aryee337/aery test: 
@aryee337/aery test: test/tools/gh.test.ts:
@aryee337/aery test: (pass) parsePrUnifiedDiff > parses quoted diff headers instead of falling back to unknown paths [3.52ms]
@aryee337/aery test: (pass) parsePrUnifiedDiff > counts hunk lines whose content starts with file-header markers [0.14ms]
@aryee337/aery test: (pass) github tool > formats repository metadata into readable text [8.11ms]
@aryee337/aery test: (pass) github tool > creates a pull request via gh and renders the resulting summary [8.90ms]
@aryee337/aery test: (pass) github tool > rejects pr_create when neither title nor fill is supplied [1.68ms]
@aryee337/aery test: (pass) github tool > formats pull request search results [192.36ms]
@aryee337/aery test: (pass) github tool > calls /search/issues via gh api with the full query verbatim (including leading-dash terms) [4.63ms]
@aryee337/aery test: (pass) github tool > parseSearchDateBound: relative duration walks back from `now` and returns YYYY-MM-DD [0.56ms]
@aryee337/aery test: (pass) github tool > parseSearchDateBound: passes ISO dates through and normalizes ISO datetimes [0.34ms]
@aryee337/aery test: (pass) github tool > parseSearchDateBound: rejects unparseable input [0.37ms]
@aryee337/aery test: (pass) github tool > buildSearchDateQualifier: emits >=, <=, or range depending on which bounds are set [0.18ms]
@aryee337/aery test: (pass) github tool > search_issues: appends a created:>= qualifier built from `since` and tags `is:issue` [0.60ms]
@aryee337/aery test: (pass) github tool > search_prs: builds a qualifier-only query when `query` is omitted and tags `is:pr` [0.61ms]
@aryee337/aery test: (pass) github tool > search_prs: errors when neither `query` nor a date bound is provided [2.05ms]
@aryee337/aery test: (pass) github tool > search_commits: forces `committer-date` regardless of `dateField` [2.45ms]
@aryee337/aery test: (pass) github tool > search_repos: maps dateField=updated to the `pushed:` qualifier [1.19ms]
@aryee337/aery test: (pass) github tool > search_code: rejects since/until since GitHub code search has no date qualifier [1.04ms]
@aryee337/aery test: (pass) github tool > formats code search results with paths, repo, sha, and match fragment [2.05ms]
@aryee337/aery test: (pass) github tool > formats commit search results with short sha and message subject [1.18ms]
@aryee337/aery test: (pass) github tool > formats repository search results and never injects the repo qualifier [1.10ms]
@aryee337/aery test: (pass) github tool > search_prs: defaults `repo:` to the current checkout when `repo` is omitted [4.80ms]
@aryee337/aery test: (pass) github tool > search_issues: skips the current-repo default when the query already carries a scope qualifier [1.06ms]
@aryee337/aery test: (pass) github tool > search_code: falls back to global search when `gh repo view` cannot resolve the current checkout [5.11ms]
@aryee337/aery test: (pass) github tool > search_commits: honors an explicit `repo` override over the current-checkout default [0.92ms]
@aryee337/aery test: 
@aryee337/aery test: test/interactive-mode-plan-review.test.ts:
@aryee337/aery test: (pass) InteractiveMode plan review rendering > measures keep-context approval against the execution model restored after plan mode [3243.94ms]
@aryee337/aery test: 
@aryee337/aery test: test/agent-session-context-promotion.test.ts:
@aryee337/aery test: (pass) AgentSession context promotion > promotes to a larger-context model on overflow and clears codex websocket session state [2104.42ms]
@aryee337/aery test: 
@aryee337/aery test: test/interactive-mode-plan-review.test.ts:
@aryee337/aery test: (pass) InteractiveMode plan review rendering > disables keep-context approval when execution context usage is above ninety-five percent [2654.07ms]
@aryee337/aery test: 
@aryee337/aery test: test/agent-session-context-promotion.test.ts:
@aryee337/aery test: (pass) AgentSession context promotion > promotes on 413 payload-too-large overflow errors [169.71ms]
@aryee337/aery test: (pass) AgentSession context promotion > clears codex provider session state on manual setModel switch away from codex [403.34ms]
@aryee337/aery test: (pass) AgentSession context promotion > clears codex provider session state on manual temporary switch into codex [472.96ms]
@aryee337/aery test: (pass) AgentSession context promotion > clears codex provider session state when branching rewrites history [207.97ms]
@aryee337/aery test: 
@aryee337/aery test: test/tools/gh.test.ts:
@aryee337/aery test: (pass) github tool > checks out a pull request into a worktree and configures contributor push metadata [4213.56ms]
@aryee337/aery test: 
@aryee337/aery test: test/agent-session-context-promotion.test.ts:
@aryee337/aery test: (pass) AgentSession context promotion > clears codex provider session state when tree navigation rewrites history [199.12ms]
@aryee337/aery test: 
@aryee337/aery test: test/tools/gh.test.ts:
@aryee337/aery test: (pass) github tool > treats git.remote.add as a no-op when the remote already exists with the same URL [402.90ms]
@aryee337/aery test: 
@aryee337/aery test: test/agent-session-context-promotion.test.ts:
@aryee337/aery test: (pass) AgentSession context promotion > does not promote when promotion is disabled [218.12ms]
@aryee337/aery test: (pass) AgentSession context promotion > promotes to a larger-context model on response.incomplete (length stop) [168.72ms]
@aryee337/aery test: (pass) AgentSession context promotion > does not promote on length stop when message is from a different model [424.97ms]
@aryee337/aery test: 
@aryee337/aery test: test/tools/gh.test.ts:
@aryee337/aery test: (pass) github tool > rejects git.remote.add when the remote already exists with a different URL [1088.70ms]
@aryee337/aery test: 
@aryee337/aery test: test/interactive-mode-plan-review.test.ts:
@aryee337/aery test: (pass) InteractiveMode plan review rendering > keeps keep-context approval enabled at exactly ninety-five percent [2801.31ms]
@aryee337/aery test: 
@aryee337/aery test: test/tools/gh.test.ts:
@aryee337/aery test: (pass) github tool > serializes concurrent git mutations through withRepoLock so callers don't race git's internal locks [1469.01ms]
@aryee337/aery test: 
@aryee337/aery test: test/agent-session-eager-todo.test.ts:
@aryee337/aery test: (pass) AgentSession eager todo enforcement > prepends a hidden eager todo reminder without repeating the prompt text [1569.11ms]
@aryee337/aery test: (pass) AgentSession eager todo enforcement > initializes todos once, then continues within the same user turn [210.38ms]
@aryee337/aery test: (pass) AgentSession eager todo enforcement > skips eager todo enforcement for prompts ending with a question mark [125.20ms]
@aryee337/aery test: (pass) AgentSession eager todo enforcement > skips eager todo enforcement for prompts ending with an exclamation mark [124.29ms]
@aryee337/aery test: (pass) AgentSession eager todo enforcement > skips eager todo enforcement for subsequent user messages [103.00ms]
@aryee337/aery test: 
@aryee337/aery test: test/interactive-mode-plan-review.test.ts:
@aryee337/aery test: (pass) InteractiveMode plan review rendering > keeps the keep-context label plain when context usage is unknown [2925.87ms]
@aryee337/aery test: 
@aryee337/aery test: test/tools/gh.test.ts:
@aryee337/aery test: (fail) github tool > checks out multiple pull requests in a single call when pr is an array [5493.09ms]
@aryee337/aery test:   ^ this test timed out after 5000ms.
@aryee337/aery test: 
@aryee337/aery test: test/interactive-mode-plan-review.test.ts:
@aryee337/aery test: (pass) InteractiveMode plan review rendering > approves a plan without clearing the session when keeping context [4627.79ms]
@aryee337/aery test: 
@aryee337/aery test: test/tools/gh.test.ts:
@aryee337/aery test: (pass) github tool > rejects PR pushes from branches without checkout metadata [1880.06ms]
@aryee337/aery test: (pass) github tool > exposes a flat op-based schema without legacy run_watch parameters [122.61ms]
@aryee337/aery test: (pass) github tool > tails failed job logs inline and saves the full failed-job logs as an artifact [95.45ms]
@aryee337/aery test: 
@aryee337/aery test: test/agent-session-force-tool-choice.test.ts:
@aryee337/aery test: (pass) forces specific tool, then transitions to none, then clears [1698.00ms]
@aryee337/aery test: (pass) throws when forcing a non-active tool [73.46ms]
@aryee337/aery test: 
@aryee337/aery test: test/tools/github-cache.test.ts:
@aryee337/aery test: (pass) github-cache db layer > INSERT OR REPLACE overwrites the row instead of creating duplicates [7.40ms]
@aryee337/aery test: (pass) github-cache db layer > keys comments-on and comments-off as separate rows [4.81ms]
@aryee337/aery test: (pass) github-cache db layer > keys rows by GitHub auth identity [2.94ms]
@aryee337/aery test: (pass) github-cache db layer > clearAll wipes every row but the schema survives [1.96ms]
@aryee337/aery test: (pass) github-cache db layer > does not chmod an existing cache parent directory [1.76ms]
@aryee337/aery test: (pass) github-cache db layer > preserves rows across openDb() and honors the configured hard TTL via per-lookup sweep [12.17ms]
@aryee337/aery test: (pass) getOrFetchView (TTL semantics) > returns cached row directly within the soft TTL window [4.31ms]
@aryee337/aery test: (pass) getOrFetchView (TTL semantics) > returns cached row AND schedules a background refresh past soft TTL [13.80ms]
@aryee337/aery test: (pass) getOrFetchView (TTL semantics) > treats past-hard-TTL rows as cache misses (fetcher runs) [6.87ms]
@aryee337/aery test: (pass) getOrFetchView (TTL semantics) > does not return soft-fresh rows past a shorter hard TTL [4.92ms]
@aryee337/aery test: (pass) getOrFetchView (TTL semantics) > bypasses the cache entirely when github.cache.enabled = false [4.99ms]
@aryee337/aery test: (pass) getOrFetchIssue (gh-wired wrapper) > second call within the soft TTL window does not invoke gh [3.84ms]
@aryee337/aery test: (pass) getOrFetchIssue (gh-wired wrapper) > derives (repo, number) from a full GitHub issue URL identifier [220.72ms]
@aryee337/aery test: (pass) getOrFetchIssue (gh-wired wrapper) > caches comments-on and comments-off separately [507.67ms]
@aryee337/aery test: (pass) getOrFetchPr (gh-wired wrapper) > caches PR view by (repo, number) and re-uses on the second call [253.34ms]
@aryee337/aery test: 
@aryee337/aery test: test/interactive-mode-plan-review.test.ts:
@aryee337/aery test: (pass) InteractiveMode plan review rendering > keeps the existing approve-and-execute path clearing the session [3008.16ms]
@aryee337/aery test: 
@aryee337/aery test: test/tools/image-gen.test.ts:
@aryee337/aery test: (pass) imageGenTool > e2e writes OpenAI Responses image_generation WebP output to a temp file [233.10ms]
@aryee337/aery test: (pass) imageGenTool > routes xAI image generation with xAI-only aspect ratios [99.90ms]
@aryee337/aery test: 
@aryee337/aery test: test/agent-session-handoff.test.ts:
@aryee337/aery test: (pass) AgentSession handoff > does not run auto-compaction after handoff turn completes [1811.74ms]
@aryee337/aery test: (pass) AgentSession handoff > runs context maintenance before sending an oversized pending prompt [920.10ms]
@aryee337/aery test: 
@aryee337/aery test: test/interactive-mode-plan-review.test.ts:
@aryee337/aery test: (pass) InteractiveMode plan review rendering > executes on the slider-selected tier, surviving #exitPlanMode's model restore [3608.83ms]
@aryee337/aery test: 
@aryee337/aery test: test/agent-session-handoff.test.ts:
@aryee337/aery test: (pass) AgentSession handoff > does not run auto maintenance after final yield [1002.90ms]
@aryee337/aery test: (pass) AgentSession handoff > persists handoff session immediately with previous session as parent [837.98ms]
@aryee337/aery test: (pass) AgentSession handoff > does not run auto maintenance when strategy is off [798.63ms]
@aryee337/aery test: (pass) AgentSession handoff > restores context-full strategy when enabling auto-compaction from off strategy [272.49ms]
@aryee337/aery test: (pass) AgentSession handoff > falls back to context-full maintenance for overflow when strategy is handoff [576.73ms]
@aryee337/aery test: (pass) AgentSession handoff > uses handoff strategy for threshold-triggered auto maintenance [444.13ms]
@aryee337/aery test: 
@aryee337/aery test: test/tools/index.test.ts:
@aryee337/aery test: (pass) createTools > creates all builtin tools by default [1130.69ms]
@aryee337/aery test: (pass) createTools > includes bash and eval when both eval backends are allowed [634.41ms]
@aryee337/aery test: (pass) createTools > still exposes eval when only the js backend is allowed [18.94ms]
@aryee337/aery test: (pass) createTools > still exposes eval when python kernel is unavailable (dispatches to js) [316.83ms]
@aryee337/aery test: (pass) createTools > excludes lsp tool when session disables LSP [4.21ms]
@aryee337/aery test: (pass) createTools > excludes lsp tool when disabled [29.29ms]
@aryee337/aery test: (pass) createTools > respects requested tool subset [109.95ms]
@aryee337/aery test: (pass) createTools > lowercases requested tool subset [0.81ms]
@aryee337/aery test: (pass) createTools > includes hidden tools when explicitly requested [0.60ms]
@aryee337/aery test: 
@aryee337/aery test: test/agent-session-handoff.test.ts:
@aryee337/aery test: (pass) AgentSession handoff > completes threshold-triggered auto-handoff while the original prompt is still unwinding [1229.95ms]
@aryee337/aery test: 
@aryee337/aery test: test/tools/index.test.ts:
@aryee337/aery test: (pass) createTools > includes yield tool when required [327.20ms]
@aryee337/aery test: (pass) createTools > excludes ask tool when hasUI is false [7.41ms]
@aryee337/aery test: (pass) createTools > includes ask tool when hasUI is true [3.64ms]
@aryee337/aery test: (pass) createTools > filters disabled builtin tools by settings [2.96ms]
@aryee337/aery test: (pass) createTools > always includes resolve regardless of plan-mode setting [3.41ms]
@aryee337/aery test: (pass) createTools > auto-includes goal when goal mode is active [1.87ms]
@aryee337/aery test: (pass) createTools > includes search_tool_bm25 when MCP tool discovery is enabled and executable [10.81ms]
@aryee337/aery test: (pass) createTools > HIDDEN_TOOLS contains review tools and goal [0.14ms]
@aryee337/aery test: 
@aryee337/aery test: test/agent-session-handoff.test.ts:
@aryee337/aery test: (pass) AgentSession handoff > does not start agent.continue when threshold-handoff defers and todos are incomplete [298.73ms]
@aryee337/aery test: 
@aryee337/aery test: test/interactive-mode-plan-review.test.ts:
@aryee337/aery test: (pass) InteractiveMode plan review rendering > re-enters plan mode on the approved titled artifact after approve-and-execute [4720.72ms]
@aryee337/aery test: 
@aryee337/aery test: test/agent-session-handoff.test.ts:
@aryee337/aery test: (pass) AgentSession handoff > dispose unblocks the post-prompt drain when a deferred handoff is mid-flight [694.07ms]
@aryee337/aery test: (pass) AgentSession handoff > falls back to context-full when handoff strategy returns no document [371.84ms]
@aryee337/aery test: (pass) AgentSession handoff > resets to the base system prompt before generating a handoff [621.34ms]
@aryee337/aery test: 
@aryee337/aery test: test/tools/inspect-image.test.ts:
@aryee337/aery test: (pass) InspectImageTool > sends image and question to completeSimple and returns text-only result [300.30ms]
@aryee337/aery test: (pass) InspectImageTool > sends question text unchanged [2.63ms]
@aryee337/aery test: (pass) InspectImageTool > registers custom renderer and shows question in terminal output [18.52ms]
@aryee337/aery test: (pass) InspectImageTool > schema rejects unknown parameters [12.31ms]
@aryee337/aery test: (pass) InspectImageTool > fails when images.blockImages is enabled [1.35ms]
@aryee337/aery test: 
@aryee337/aery test: test/agent-session-handoff.test.ts:
@aryee337/aery test: (pass) AgentSession handoff > saves auto-handoff document to disk when enabled [519.13ms]
@aryee337/aery test: (pass) AgentSession handoff > does not save manual handoff document when save setting is enabled [395.36ms]
@aryee337/aery test: (pass) AgentSession handoff > does not start handoff prompt when provided signal is already cancelled [111.03ms]
@aryee337/aery test: 
@aryee337/aery test: test/tools/inspect-image.test.ts:
@aryee337/aery test: (pass) InspectImageTool > falls back to aery/default when vision role is unset [991.22ms]
@aryee337/aery test: (pass) InspectImageTool > fails with actionable error when resolved model does not support image input [1.31ms]
@aryee337/aery test: (pass) InspectImageTool > fails with actionable error when API key is missing [1.53ms]
@aryee337/aery test: 
@aryee337/aery test: test/agent-session-handoff.test.ts:
@aryee337/aery test: (pass) AgentSession handoff > aborts handoff generation when provided signal is cancelled [230.84ms]
@aryee337/aery test: 
@aryee337/aery test: test/interactive-mode-plan-review.test.ts:
@aryee337/aery test: (pass) InteractiveMode plan review rendering > Approve and compact context: ok outcome dispatches plan-approved after compaction [2976.87ms]
@aryee337/aery test: 
@aryee337/aery test: test/tools/irc-renderer.test.ts:
@aryee337/aery test: (pass) ircToolRenderer send > folds a single delivery outcome into the header and shows the awaited reply [19.57ms]
@aryee337/aery test: (pass) ircToolRenderer send > lists per-recipient outcomes with error text when a broadcast partially fails [2.15ms]
@aryee337/aery test: (pass) ircToolRenderer send > flags an awaited send whose reply timed out [4.05ms]
@aryee337/aery test: (pass) ircToolRenderer send > surfaces pre-delivery validation failures as an error detail [138.84ms]
@aryee337/aery test: (pass) ircToolRenderer wait > renders the consumed message under a sender header [1.43ms]
@aryee337/aery test: (pass) ircToolRenderer wait > marks a timed-out wait without inventing a message [0.87ms]
@aryee337/aery test: (pass) ircToolRenderer inbox > lists each message with sender and body preview [4.59ms]
@aryee337/aery test: (pass) ircToolRenderer list > summarizes status counts and flags unread peers [5.64ms]
@aryee337/aery test: (pass) ircToolRenderer body truncation > collapses long bodies with an elision counter and expands on demand [4.42ms]
@aryee337/aery test: 
@aryee337/aery test: test/tools/irc.test.ts:
@aryee337/aery test: (pass) IRC > IrcBus > send delivers to a live recipient and reports the session outcome [15.65ms]
@aryee337/aery test: (pass) IRC > IrcBus > send to an unknown or aborted agent fails [0.54ms]
@aryee337/aery test: (pass) IRC > IrcBus > send surfaces recipient delivery errors as failed [0.68ms]
@aryee337/aery test: (pass) IRC > IrcBus > send revives a parked recipient through the lifecycle manager [2.66ms]
@aryee337/aery test: (pass) IRC > IrcBus > send fails cleanly when a parked recipient has no reviver [0.81ms]
@aryee337/aery test: (pass) IRC > IrcBus > wait consumes a matching send instead of delivering it to the session [1.48ms]
@aryee337/aery test: (pass) IRC > IrcBus > wait from-filter ignores messages from other senders [0.64ms]
@aryee337/aery test: (pass) IRC > IrcBus > wait returns null on timeout and rejects on abort [7.71ms]
@aryee337/aery test: (pass) IRC > IrcBus > wait drains an already-pending mailbox message first [0.60ms]
@aryee337/aery test: (pass) IRC > IrcBus > inbox peeks or drains pending messages [0.73ms]
@aryee337/aery test: (pass) IRC > IrcBus > wait does not leak the waiter after timeout or abort [25.12ms]
@aryee337/aery test: (pass) IRC > IrcBus > resolves waiters in FIFO order [0.50ms]
@aryee337/aery test: (pass) IRC > IrcBus > mailbox drops the oldest message beyond the 100-message cap [57.51ms]
@aryee337/aery test: (pass) IRC > IrcBus > send surfaces the reviver's error message when revival fails [0.81ms]
@aryee337/aery test: (pass) IRC > IrcTool > createIf returns null when irc is disabled [205.29ms]
@aryee337/aery test: (pass) IRC > IrcTool > createIf returns null without registry/agentId [0.50ms]
@aryee337/aery test: (pass) IRC > IrcTool > op=list includes parked peers, unread counts, and parent ids [5.07ms]
@aryee337/aery test: (pass) IRC > IrcTool > op=send returns receipts immediately without waiting for a reply [1.86ms]
@aryee337/aery test: (pass) IRC > IrcTool > op=send to=all fans out to live peers and reports per-recipient receipts [1.22ms]
@aryee337/aery test: (pass) IRC > IrcTool > op=send await=true round-trips the recipient's reply [1.18ms]
@aryee337/aery test: (pass) IRC > IrcTool > op=send await=true reports a clean timeout when no reply arrives [102.49ms]
@aryee337/aery test: (pass) IRC > IrcTool > op=send rejects await with to=all and self-sends [0.74ms]
@aryee337/aery test: (pass) IRC > IrcTool > op=send returns a failed receipt for unknown targets [2.95ms]
@aryee337/aery test: (pass) IRC > IrcTool > op=wait returns a clean non-error timeout result [11.21ms]
@aryee337/aery test: (pass) IRC > IrcTool > op=inbox drains the caller's mailbox [1.40ms]
@aryee337/aery test: (pass) IRC > AgentSession.deliverIrcMessage > wakes an idle session with a real turn and emits the irc_message event [51.29ms]
@aryee337/aery test: (pass) IRC > AgentSession.deliverIrcMessage > queues a non-interrupting aside when a turn is streaming [8.16ms]
@aryee337/aery test: 
@aryee337/aery test: test/tools/jtd-to-json-schema.test.ts:
@aryee337/aery test: (pass) jtdToJsonSchema > converts JTD elements and int32 primitives into JSON Schema [1.26ms]
@aryee337/aery test: (pass) jtdToJsonSchema > normalizes nested JTD fragments inside JSON Schema nodes [0.38ms]
@aryee337/aery test: (pass) jtdToJsonSchema > does not misinterpret user-named properties that collide with JTD keywords (#1345) [0.19ms]
@aryee337/aery test: 
@aryee337/aery test: test/interactive-mode-plan-review.test.ts:
@aryee337/aery test: (pass) InteractiveMode plan review rendering > Approve and compact context: cancelled outcome skips plan-approved dispatch [2891.97ms]
@aryee337/aery test: 
@aryee337/aery test: test/tools/lsp-batching.test.ts:
@aryee337/aery test: (pass) createLspWritethrough batching > defers LSP work until the batch flush [26.29ms]
@aryee337/aery test: (pass) createLspWritethrough batching > runs LSP immediately when no batch is provided [20.17ms]
@aryee337/aery test: 
@aryee337/aery test: test/tools/lsp-diagnostics-dedup.test.ts:
@aryee337/aery test: (pass) DiagnosticsLedger > returns all messages unchanged the first time a file is reduced [7.27ms]
@aryee337/aery test: (pass) DiagnosticsLedger > fully suppresses an identical second reduce [0.51ms]
@aryee337/aery test: (pass) DiagnosticsLedger > suppresses diagnostics whose line and column shifted [0.18ms]
@aryee337/aery test: (pass) DiagnosticsLedger > returns only genuinely new messages and recomputes summary state [4.61ms]
@aryee337/aery test: (pass) DiagnosticsLedger > re-surfaces a diagnostic after it was removed [0.20ms]
@aryee337/aery test: (pass) DiagnosticsLedger > tracks files independently [0.12ms]
@aryee337/aery test: (pass) diagnosticIdentity > strips path, line, and column while preserving diagnostic identity [0.06ms]
@aryee337/aery test: (pass) diagnosticIdentity > distinguishes severity and code changes [0.79ms]
@aryee337/aery test: (pass) diagnosticIdentity > falls back to the full message when the prefix is unparseable [0.10ms]
@aryee337/aery test: 
@aryee337/aery test: test/agent-session-manual-retry.test.ts:
@aryee337/aery test: (pass) AgentSession manual retry > removes the failed assistant turn and continues with a fresh attempt [5285.01ms]
@aryee337/aery test: 
@aryee337/aery test: test/tools/lsp-diagnostics-freshness.test.ts:
@aryee337/aery test: (pass) LSP diagnostics freshness > suppresses stale write diagnostics until the matching document version arrives [238.87ms]
@aryee337/aery test: 
@aryee337/aery test: test/agent-session-manual-retry.test.ts:
@aryee337/aery test: (pass) AgentSession manual retry > returns false when the trailing assistant turn succeeded [1966.98ms]
@aryee337/aery test: 
@aryee337/aery test: test/tools/lsp-regressions.test.ts:
@aryee337/aery test: (pass) lsp regressions > detects bracket-style glob patterns [37.04ms]
@aryee337/aery test: (pass) lsp regressions > clamps LSP timeout to configured bounds [5.48ms]
@aryee337/aery test: 
@aryee337/aery test: test/interactive-mode-plan-review.test.ts:
@aryee337/aery test: (pass) InteractiveMode plan review rendering > Approve and compact context: failed outcome still dispatches plan-approved (best-effort) [7615.38ms]
@aryee337/aery test: 
@aryee337/aery test: test/tools/lsp-regressions.test.ts:
@aryee337/aery test: 868 | 
@aryee337/aery test: 869 | 	// Set timeout
@aryee337/aery test: 870 | 	timeout = setTimeout(() => {
@aryee337/aery test: 871 | 		if (client.pendingRequests.has(id)) {
@aryee337/aery test: 872 | 			client.pendingRequests.delete(id);
@aryee337/aery test: 873 | 			const err = new Error(`LSP request ${method} timed out after ${timeoutMs}ms`);
@aryee337/aery test:                          ^
@aryee337/aery test: error: LSP request initialize timed out after 1000ms
@aryee337/aery test:       at <anonymous> (/home/aryee/aery/ai_agent/aery/packages/coding-agent/src/lsp/client.ts:873:20)
@aryee337/aery test: (fail) lsp regressions > sends the LSP exit notification after shutdown completes [1241.86ms]
@aryee337/aery test: (pass) lsp regressions > limits glob collection to avoid large diagnostic stalls [36.11ms]
@aryee337/aery test: (pass) lsp regressions > treats existing bracket paths as literal diagnostic targets [183.30ms]
@aryee337/aery test: (pass) lsp regressions > resolves the requested symbol occurrence on a line [164.96ms]
@aryee337/aery test: (pass) lsp regressions > throws when symbol does not exist on the target line [41.80ms]
@aryee337/aery test: (pass) lsp regressions > throws when occurrence is out of bounds [108.98ms]
@aryee337/aery test: (pass) lsp regressions > filters and deduplicates workspace symbols by query [17.52ms]
@aryee337/aery test: (pass) lsp regressions > applies command-only code actions by executing workspace commands [8.66ms]
@aryee337/aery test: (pass) lsp regressions > resolves code actions before applying edits [5.82ms]
@aryee337/aery test: (pass) lsp regressions > sanitizes symbol metadata in renderer output [413.13ms]
@aryee337/aery test: (pass) lsp regressions > sanitizes tabs in rendered diagnostic output [5.92ms]
@aryee337/aery test: (pass) lsp regressions > does not reuse stale file diagnostics after another URI publishes [686.11ms]
@aryee337/aery test: (pass) lsp regressions > detects Windows local .exe LSP shims in node_modules/.bin [0.68ms]
@aryee337/aery test: (pass) lsp regressions > detects tlaplus files for LSP startup and language ids [90.76ms]
@aryee337/aery test: (pass) lsp regressions > loads config-only marketplace LSP servers from Claude plugin cache [47.35ms]
@aryee337/aery test: (pass) lsp regressions > rename_file applies LSP willRenameFiles edits and renames the file [34.44ms]
@aryee337/aery test: (pass) lsp regressions > rename_file with apply:false previews edits without filesystem changes [5.32ms]
@aryee337/aery test: (pass) lsp regressions > rename_file enumerates every file inside a directory rename [4.13ms]
@aryee337/aery test: (pass) lsp regressions > request action sends raw LSP method with auto-built textDocument/position params [13.48ms]
@aryee337/aery test: (pass) lsp regressions > request action forwards explicit JSON payload verbatim [1.29ms]
@aryee337/aery test: (pass) lsp regressions > capabilities action dumps server capabilities [4.12ms]
@aryee337/aery test: (pass) lsp regressions > flushes pending descendant text edits before a folder rename [17.59ms]
@aryee337/aery test: (pass) lsp regressions > flushes pending edits queued against a rename target before performing the rename [1.37ms]
@aryee337/aery test: (pass) lsp regressions > resolves $-prefixed identifiers past compound matches [0.98ms]
@aryee337/aery test: (pass) lsp regressions > applies a create op followed by a text edit for the same URI in declared order [1.06ms]
@aryee337/aery test: (pass) lsp regressions > flushes pending descendant text edits before a folder delete [4.12ms]
@aryee337/aery test: 
@aryee337/aery test: test/tools/memory-renderer.test.ts:
@aryee337/aery test: (pass) retainToolRenderer > renders one inline bullet line per item with a count summary [67.00ms]
@aryee337/aery test: (pass) retainToolRenderer > truncates long memory content to one line [7.10ms]
@aryee337/aery test: (pass) retainToolRenderer > shows pending bullet lines while the call streams [3.22ms]
@aryee337/aery test: (pass) recallToolRenderer > summarizes the match count and hides memories until expanded [7.26ms]
@aryee337/aery test: (pass) recallToolRenderer > flags an empty recall as a single warning line [13.03ms]
@aryee337/aery test: (pass) reflectToolRenderer > renders the synthesized answer under a concise header [16.85ms]
@aryee337/aery test: 
@aryee337/aery test: test/interactive-mode-plan-review.test.ts:
@aryee337/aery test: (pass) InteractiveMode plan review rendering > Approve and compact context: setPlanReferencePath is pinned BEFORE compaction flushes the queue [9091.28ms]
@aryee337/aery test: 
@aryee337/aery test: test/agent-session-mcp-discovery.test.ts:
@aryee337/aery test: (pass) AgentSession MCP discovery > caches discoverable MCP search indexes until MCP tools refresh [1421.07ms]
@aryee337/aery test: (pass) AgentSession MCP discovery > reports only currently active MCP tools in non-discovery sessions [13.85ms]
@aryee337/aery test: (pass) AgentSession MCP discovery > keeps manually deactivated MCP tools off after refresh in non-discovery sessions [9.24ms]
@aryee337/aery test: (pass) AgentSession MCP discovery > activates all new MCP tools when activateAll is true, even with discovery off [5.23ms]
@aryee337/aery test: (pass) AgentSession MCP discovery > preserves directly activated MCP tools across refreshes in discovery mode [45.54ms]
@aryee337/aery test: (pass) AgentSession MCP discovery > keeps MCP tools hidden by default and activates discovered selections additively [13.75ms]
@aryee337/aery test: (pass) AgentSession MCP discovery > reapplies default MCP server baselines when refreshed tools reconnect [37.96ms]
@aryee337/aery test: (pass) AgentSession MCP discovery > persists cleared MCP selections when refresh removes a selected tool [2.00ms]
@aryee337/aery test: (pass) AgentSession MCP discovery > restores unavailable MCP selections in memory without rewriting the persisted session selection [11.22ms]
@aryee337/aery test: (pass) AgentSession MCP discovery > restores MCP discovery selections when branching to a context without them [24.00ms]
@aryee337/aery test: (pass) AgentSession MCP discovery > restores MCP discovery selections when navigating to a branch without them [14.59ms]
@aryee337/aery test: (pass) AgentSession MCP discovery > preserves explicit MCP baseline when branching into older history without persisted selection [11.89ms]
@aryee337/aery test: (pass) AgentSession MCP discovery > preserves explicit MCP baseline when navigating into older history without persisted selection [5.46ms]
@aryee337/aery test: (pass) AgentSession MCP discovery > restores session defaults in memory across session switches without rewriting sessions missing persisted metadata [1643.01ms]
@aryee337/aery test: (pass) AgentSession MCP discovery > restores explicit MCP defaults after startup outage once tools recover in a new session [8.67ms]
@aryee337/aery test: (pass) AgentSession MCP discovery > clears discovered MCP selections when starting a brand-new session [2.27ms]
@aryee337/aery test: (pass) AgentSession MCP discovery > setActiveToolsByName invalidates the generic discoverable tool search index [4.66ms]
@aryee337/aery test: (pass) AgentSession MCP discovery > getDiscoverableTools({source:'builtin'}) excludes hidden and non-declared registry tools [2.68ms]
@aryee337/aery test: 
@aryee337/aery test: test/interactive-mode-plan-review.test.ts:
@aryee337/aery test: (pass) InteractiveMode plan review rendering > B1: Approve and compact context + ok outcome → flag cleared by finally [4297.77ms]
@aryee337/aery test: 
@aryee337/aery test: test/agent-session-message-pipeline.test.ts:
@aryee337/aery test: (pass) AgentSession message pipeline > enables the tool-call batch cap only for Anthropic Claude Opus 4.8 models [29.64ms]
@aryee337/aery test: (pass) AgentSession message pipeline > applies transformContext before convertToLlm [43.36ms]
@aryee337/aery test: (pass) AgentSession message pipeline > composes session payload hooks into direct side-request options [7.58ms]
@aryee337/aery test: (pass) AgentSession message pipeline > keeps ephemeral side-channel cache key separate from provider routing [48.22ms]
@aryee337/aery test: (pass) AgentSession message pipeline > applies configured OpenRouter routing variant to ephemeral side-channel options [2.07ms]
@aryee337/aery test: (pass) AgentSession message pipeline > records raw SSE diagnostics into the session buffer before request hooks [8.29ms]
@aryee337/aery test: (pass) AgentSession message pipeline > emits message_update to session listeners before slow extension handlers finish [41.05ms]
@aryee337/aery test: 
@aryee337/aery test: test/tools/multi-path-missing.test.ts:
@aryee337/aery test: (pass) multi-path tools tolerate missing entries > search returns matches from existing paths and reports the missing one [2046.15ms]
@aryee337/aery test: (pass) multi-path tools tolerate missing entries > search errors only when every path is missing [19.36ms]
@aryee337/aery test: 
@aryee337/aery test: test/interactive-mode-plan-review.test.ts:
@aryee337/aery test: (pass) InteractiveMode plan review rendering > B2: Approve and compact context + cancelled outcome → flag cleared by finally even without aborted message_end [3714.64ms]
@aryee337/aery test: 
@aryee337/aery test: test/tools/multi-path-missing.test.ts:
@aryee337/aery test: (pass) multi-path tools tolerate missing entries > find returns matches from existing globs and reports the missing one [590.02ms]
@aryee337/aery test: (pass) multi-path tools tolerate missing entries > find errors only when every glob's base directory is missing [14.34ms]
@aryee337/aery test: 
@aryee337/aery test: test/role-info.test.ts:
@aryee337/aery test: ============================================================
@aryee337/aery test: Bun v1.3.14 (0d9b296a) Linux x64
@aryee337/aery test: Linux Kernel v7.0.10 | glibc v2.43
@aryee337/aery test: CPU: sse42 popcnt avx avx2
@aryee337/aery test: Args: "/home/aryee/.bun/bin/bun" "test" "--test-worker" "--isolate" "--timeout=5000" "--max-concurrency=20"
@aryee337/aery test: Features: Bun.stderr(118) Bun.stdin(106) Bun.stdout(118) abort_signal(39) fetch(8) http_server(4) jsc transpiler_cache(44) tsconfig(34) virtual_modules(23) process_dlopen(59) yaml_parse(70) 
@aryee337/aery test: Builtins: "bun:ffi" "bun:test" "bun:sqlite" "node:assert" "node:assert/strict" "node:async_hooks" "node:buffer" "node:child_process" "node:console" "node:crypto" "node:events" "node:fs" "node:fs/promises" "node:http" "node:https" "node:module" "node:net" "node:os" "node:path" "node:perf_hooks" "node:process" "node:readline" "node:readline/promises" "node:stream" "node:timers/promises" "node:tls" "node:tty" "node:url" "node:util" "node:util/types" "node:vm" "node:zlib" "node:worker_threads" "node:inspector" "node:diagnostics_channel" 
@aryee337/aery test: Elapsed: 79869ms | User: 56840ms | Sys: 12855ms
@aryee337/aery test: RSS: 0.21GB | Peak: 1.92GB | Commit: 0.21GB | Faults: 70188 | Machine: 8.18GB
@aryee337/aery test: 
@aryee337/aery test: panic(main thread): Segmentation fault at address 0x4
@aryee337/aery test: oh no: Bun has crashed. This indicates a bug in Bun, not your code.
@aryee337/aery test: 
@aryee337/aery test: To send a redacted crash report to Bun's team,
@aryee337/aery test: please file a GitHub issue using the link below:
@aryee337/aery test: 
@aryee337/aery test:  https://bun.report/1.3.14/lt10d9b296grkgEuhooC4j+hvE+u0Povk/qDos45sG__23jssC23jssC23jssC_23jssCmsrksCiogkrF87yjrFkjh+vF49hq6D__msrksCwrg1iFA2AI
@aryee337/aery test: 
@aryee337/aery test: ✗ test/role-info.test.ts (worker crashed: SIGILL)
@aryee337/aery test: 
@aryee337/aery test: error: a test worker process crashed with SIGILL while running test/role-info.test.ts.
@aryee337/aery test: This indicates a bug in Bun or in a native addon, not in the test itself. Aborting.
@aryee337/aery test: ✗ test/agent-session-new-session-todos.test.ts (aborted: worker panicked)
@aryee337/aery test: ✗ test/agent-session-openai-responses-replay.test.ts (aborted: worker panicked)
@aryee337/aery test: ✗ test/agent-session-python-cleanup.test.ts (aborted: worker panicked)
@aryee337/aery test: ✗ test/agent-session-resolve-reminder.test.ts (aborted: worker panicked)
@aryee337/aery test: ✗ test/agent-session-retry-cap.test.ts (aborted: worker panicked)
@aryee337/aery test: ✗ test/agent-session-retry-fallback.test.ts (aborted: worker panicked)
@aryee337/aery test: ✗ test/agent-session-role-thinking.test.ts (aborted: worker panicked)
@aryee337/aery test: ✗ test/agent-session-silent-abort.test.ts (aborted: worker panicked)
@aryee337/aery test: ✗ test/agent-session-ssh-refresh.test.ts (aborted: worker panicked)
@aryee337/aery test: ✗ test/agent-session-tool-rebuild-skip.test.ts (aborted: worker panicked)
@aryee337/aery test: ✗ test/agent-session-tree-navigation.test.ts (aborted: worker panicked)
@aryee337/aery test: ✗ test/agent-session-user-shortcut-hooks.test.ts (aborted: worker panicked)
@aryee337/aery test: ✗ test/agent-storage-sqlite-compat.test.ts (aborted: worker panicked)
@aryee337/aery test: ✗ test/async-job-manager.test.ts (aborted: worker panicked)
@aryee337/aery test: ✗ test/async-yield-queue.test.ts (aborted: worker panicked)
@aryee337/aery test: ✗ test/auth-broker-import.test.ts (aborted: worker panicked)
@aryee337/aery test: ✗ test/auth-storage-minimax-login.test.ts (aborted: worker panicked)
@aryee337/aery test: ✗ test/auth-storage-rotation.test.ts (aborted: worker panicked)
@aryee337/aery test: ✗ test/auto-thinking-classifier.test.ts (aborted: worker panicked)
@aryee337/aery test: ✗ test/autocomplete-max-visible.test.ts (aborted: worker panicked)
@aryee337/aery test: ✗ test/autoresearch-state.test.ts (aborted: worker panicked)
@aryee337/aery test: ✗ test/autoresearch-tools.test.ts (aborted: worker panicked)
@aryee337/aery test: ✗ test/bash-acp-terminal.test.ts (aborted: worker panicked)
@aryee337/aery test: ✗ test/bash-execution-clamp.test.ts (aborted: worker panicked)
@aryee337/aery test: ✗ test/bash-execution-sixel.test.ts (aborted: worker panicked)
@aryee337/aery test: ✗ test/bash-executor.test.ts (aborted: worker panicked)
@aryee337/aery test: ✗ test/bash-failure-result.test.ts (aborted: worker panicked)
@aryee337/aery test: ✗ test/block-images.test.ts (aborted: worker panicked)
@aryee337/aery test: ✗ test/capability/rule-buckets.test.ts (aborted: worker panicked)
@aryee337/aery test: ✗ test/cli-hide-thinking-flag.test.ts (aborted: worker panicked)
@aryee337/aery test: ✗ test/cli/completions.test.ts (aborted: worker panicked)
@aryee337/aery test: ✗ test/client-prompts.test.ts (aborted: worker panicked)
@aryee337/aery test: ✗ test/client-resources.test.ts (aborted: worker panicked)
@aryee337/aery test: ✗ test/commit-agentic-attribution.test.ts (aborted: worker panicked)
@aryee337/aery test: ✗ test/commit-command-exit.test.ts (aborted: worker panicked)
@aryee337/aery test: ✗ test/commit-model-selection-role-thinking.test.ts (aborted: worker panicked)
@aryee337/aery test: ✗ test/commit-shared-llm.test.ts (aborted: worker panicked)
@aryee337/aery test: ✗ test/compaction-hooks.test.ts (aborted: worker panicked)
@aryee337/aery test: ✗ test/compaction-prefer-current-model.test.ts (aborted: worker panicked)
@aryee337/aery test: ✗ test/compaction-serialization.test.ts (aborted: worker panicked)
@aryee337/aery test: ✗ test/compaction-thinking-model.test.ts (aborted: worker panicked)
@aryee337/aery test: ✗ test/compaction.test.ts (aborted: worker panicked)
@aryee337/aery test: ✗ test/compaction/best-of-n.test.ts (aborted: worker panicked)
@aryee337/aery test: ✗ test/config-cli.test.ts (aborted: worker panicked)
@aryee337/aery test: ✗ test/config-spacing.test.ts (aborted: worker panicked)
@aryee337/aery test: ✗ test/core/apply-patch-adverserial.test.ts (aborted: worker panicked)
@aryee337/aery test: ✗ test/core/apply-patch-regression.test.ts (aborted: worker panicked)
@aryee337/aery test: ✗ test/core/apply-patch.test.ts (aborted: worker panicked)
@aryee337/aery test: ✗ test/core/block-replace.test.ts (aborted: worker panicked)
@aryee337/aery test: ✗ test/core/eval-workflow-helpers.integration.test.ts (aborted: worker panicked)
@aryee337/aery test: ✗ test/core/hashline.test.ts (aborted: worker panicked)
@aryee337/aery test: ✗ test/core/js-executor.test.ts (aborted: worker panicked)
@aryee337/aery test: ✗ test/core/js-static-import-rewrite.test.ts (aborted: worker panicked)
@aryee337/aery test: ✗ test/core/js-tool-bridge.test.ts (aborted: worker panicked)
@aryee337/aery test: ✗ test/core/js-workflow-helpers.test.ts (aborted: worker panicked)
@aryee337/aery test: ✗ test/core/python-display.test.ts (aborted: worker panicked)
@aryee337/aery test: ✗ test/core/python-executor-display.test.ts (aborted: worker panicked)
@aryee337/aery test: ✗ test/core/python-executor-lifecycle.test.ts (aborted: worker panicked)
@aryee337/aery test: ✗ test/core/python-executor-mapping.test.ts (aborted: worker panicked)
@aryee337/aery test: ✗ test/core/python-executor-owner-cleanup.test.ts (aborted: worker panicked)
@aryee337/aery test: ✗ test/core/python-executor-per-call.test.ts (aborted: worker panicked)
@aryee337/aery test: ✗ test/core/python-executor-session.test.ts (aborted: worker panicked)
@aryee337/aery test: ✗ test/core/python-executor-streaming.test.ts (aborted: worker panicked)
@aryee337/aery test: ✗ test/core/python-executor-timeout.test.ts (aborted: worker panicked)
@aryee337/aery test: ✗ test/core/python-executor.lifecycle.test.ts (aborted: worker panicked)
@aryee337/aery test: ✗ test/core/python-executor.result.test.ts (aborted: worker panicked)
@aryee337/aery test: ✗ test/core/python-executor.test.ts (aborted: worker panicked)
@aryee337/aery test: ✗ test/core/python-kernel-display.test.ts (aborted: worker panicked)
@aryee337/aery test: ✗ test/core/python-kernel-env.test.ts (aborted: worker panicked)
@aryee337/aery test: ✗ test/core/python-kernel-session.test.ts (aborted: worker panicked)
@aryee337/aery test: ✗ test/core/python-runner.integration.test.ts (aborted: worker panicked)
@aryee337/aery test: ✗ test/core/python-tool-bridge.test.ts (aborted: worker panicked)
@aryee337/aery test: ✗ test/core/turn-budget.test.ts (aborted: worker panicked)
@aryee337/aery test: ✗ test/countdown-timer.test.ts (aborted: worker panicked)
@aryee337/aery test: ✗ test/custom-editor-keybindings.test.ts (aborted: worker panicked)
@aryee337/aery test: ✗ test/custom-openai-compatible.test.ts (aborted: worker panicked)
@aryee337/aery test: ✗ test/debug/dap-launch-failures.test.ts (aborted: worker panicked)
@aryee337/aery test: ✗ test/debug/log-formatting.test.ts (aborted: worker panicked)
@aryee337/aery test: ✗ test/debug/log-viewer.test.ts (aborted: worker panicked)
@aryee337/aery test: ✗ test/debug/raw-sse-buffer.test.ts (aborted: worker panicked)
@aryee337/aery test: ✗ test/debug/raw-sse-pretty.test.ts (aborted: worker panicked)
@aryee337/aery test: ✗ test/discovery/aery-plugins.test.ts (aborted: worker panicked)
@aryee337/aery test: ✗ test/discovery/agent-discovery-disabled-providers.test.ts (aborted: worker panicked)
@aryee337/aery test: ✗ test/discovery/agent-fields.test.ts (aborted: worker panicked)
@aryee337/aery test: ✗ test/discovery/agents-monorepo-skills.test.ts (aborted: worker panicked)
@aryee337/aery test: ✗ test/discovery/builtin-defaults.test.ts (aborted: worker panicked)
@aryee337/aery test: ✗ test/discovery/builtin-rules-md.test.ts (aborted: worker panicked)
@aryee337/aery test: ✗ test/discovery/claude-commands.test.ts (aborted: worker panicked)
@aryee337/aery test: ✗ test/discovery/claude-plugins.test.ts (aborted: worker panicked)
@aryee337/aery test: ✗ test/discovery/context-file-dedup.test.ts (aborted: worker panicked)
@aryee337/aery test: ✗ test/discovery/disabled-extensions.test.ts (aborted: worker panicked)
@aryee337/aery test: ✗ test/discovery/helpers.test.ts (aborted: worker panicked)
@aryee337/aery test: ✗ test/interactive-mode-shutdown.test.ts (aborted: worker panicked)
@aryee337/aery test: ✗ test/interactive-mode-status.test.ts (aborted: worker panicked)
@aryee337/aery test: ✗ test/interactive-mode-todo-clear.test.ts (aborted: worker panicked)
@aryee337/aery test: ✗ test/internal-urls/history-protocol.test.ts (aborted: worker panicked)
@aryee337/aery test: ✗ test/internal-urls/issue-pr-protocol.test.ts (aborted: worker panicked)
@aryee337/aery test: ✗ test/internal-urls/local-protocol.test.ts (aborted: worker panicked)
@aryee337/aery test: ✗ test/internal-urls/mcp-protocol.test.ts (aborted: worker panicked)
@aryee337/aery test: ✗ test/internal-urls/memory-protocol.test.ts (aborted: worker panicked)
@aryee337/aery test: ✗ test/internal-urls/vault-protocol.test.ts (aborted: worker panicked)
@aryee337/aery test: ✗ test/issue-1011-repro.test.ts (aborted: worker panicked)
@aryee337/aery test: ✗ test/issue-1150-repro.test.ts (aborted: worker panicked)
@aryee337/aery test: ✗ test/issue-1215-legacy-pi-ai-import.test.ts (aborted: worker panicked)
@aryee337/aery test: ✗ test/issue-1401-repro.test.ts (aborted: worker panicked)
@aryee337/aery test: ✗ test/issue-1423-repro.test.ts (aborted: worker panicked)
@aryee337/aery test: ✗ test/issue-1528-discovery-default-max-tokens.test.ts (aborted: worker panicked)
@aryee337/aery test: ✗ test/issue-1606-repro.test.ts (aborted: worker panicked)
@aryee337/aery test: ✗ test/issue-775-repro.test.ts (aborted: worker panicked)
@aryee337/aery test: ✗ test/issue-816-repro.test.ts (aborted: worker panicked)
@aryee337/aery test: ✗ test/issue-825-repro.test.ts (aborted: worker panicked)
@aryee337/aery test: ✗ test/issue-845-repro.test.ts (aborted: worker panicked)
@aryee337/aery test: ✗ test/issue-846-repro.test.ts (aborted: worker panicked)
@aryee337/aery test: ✗ test/issue-849-repro.test.ts (aborted: worker panicked)
@aryee337/aery test: ✗ test/issue-851-repro.test.ts (aborted: worker panicked)
@aryee337/aery test: ✗ test/issue-899-repro.test.ts (aborted: worker panicked)
@aryee337/aery test: ✗ test/issue-905-repro.test.ts (aborted: worker panicked)
@aryee337/aery test: ✗ test/issue-927-repro.test.ts (aborted: worker panicked)
@aryee337/aery test: ✗ test/issue-953-repro.test.ts (aborted: worker panicked)
@aryee337/aery test: ✗ test/issue-956-repro.test.ts (aborted: worker panicked)
@aryee337/aery test: ✗ test/issue-966-repro.test.ts (aborted: worker panicked)
@aryee337/aery test: ✗ test/issue-970-custom-provider-discovery.test.ts (aborted: worker panicked)
@aryee337/aery test: ✗ test/issue-973-legacy-pi-plugin.test.ts (aborted: worker panicked)
@aryee337/aery test: ✗ test/issue-980-bedrock-priority.test.ts (aborted: worker panicked)
@aryee337/aery test: ✗ test/issue-983-multi-file-extension.test.ts (aborted: worker panicked)
@aryee337/aery test: ✗ test/issue-985-subagent-auth-fallback.test.ts (aborted: worker panicked)
@aryee337/aery test: ✗ test/issue-986-compaction-auth-fallback.test.ts (aborted: worker panicked)
@aryee337/aery test: ✗ test/join-patch.test.ts (aborted: worker panicked)
@aryee337/aery test: ✗ test/keybindings-display.test.ts (aborted: worker panicked)
@aryee337/aery test: ✗ test/keybindings-escape-components.test.ts (aborted: worker panicked)
@aryee337/aery test: ✗ test/keybindings-migration.test.ts (aborted: worker panicked)
@aryee337/aery test: ✗ test/keybindings-selector-navigation.test.ts (aborted: worker panicked)
@aryee337/aery test: ✗ test/lm-studio-fix.test.ts (aborted: worker panicked)
@aryee337/aery test: ✗ test/loop-limit.test.ts (aborted: worker panicked)
@aryee337/aery test: ✗ test/main-cross-project-resume.test.ts (aborted: worker panicked)
@aryee337/aery test: ✗ test/main-interactive-input.test.ts (aborted: worker panicked)
@aryee337/aery test: ✗ test/marketplace/cache.test.ts (aborted: worker panicked)
@aryee337/aery test: ✗ test/marketplace/cli.test.ts (aborted: worker panicked)
@aryee337/aery test: ✗ test/marketplace/dev-ergonomics.test.ts (aborted: worker panicked)
@aryee337/aery test: ✗ test/marketplace/discovery.test.ts (aborted: worker panicked)
@aryee337/aery test: ✗ test/marketplace/fetcher.test.ts (aborted: worker panicked)
@aryee337/aery test: ✗ test/marketplace/manager.test.ts (aborted: worker panicked)
@aryee337/aery test: ✗ test/marketplace/parse-internal-url.test.ts (aborted: worker panicked)
@aryee337/aery test: ✗ test/marketplace/project-scope.test.ts (aborted: worker panicked)
@aryee337/aery test: ✗ test/marketplace/registry.test.ts (aborted: worker panicked)
@aryee337/aery test: ✗ test/marketplace/slash-install-parser.test.ts (aborted: worker panicked)
@aryee337/aery test: ✗ test/marketplace/source-resolver.test.ts (aborted: worker panicked)
@aryee337/aery test: ✗ test/marketplace/substitute-plugin-root.test.ts (aborted: worker panicked)
@aryee337/aery test: ✗ test/mcp-http-transport.test.ts (aborted: worker panicked)
@aryee337/aery test: ✗ test/mcp-manager-subscription-action.test.ts (aborted: worker panicked)
@aryee337/aery test: ✗ test/mcp-reconnect-storm.test.ts (aborted: worker panicked)
@aryee337/aery test: ✗ test/mcp-reconnect.test.ts (aborted: worker panicked)
@aryee337/aery test: ✗ test/mcp-roots-list.test.ts (aborted: worker panicked)
@aryee337/aery test: ✗ test/mcp-stdio-transport.test.ts (aborted: worker panicked)
@aryee337/aery test: ✗ test/mcp-timeout.test.ts (aborted: worker panicked)
@aryee337/aery test: ✗ test/mcp-tool-ordering.test.ts (aborted: worker panicked)
@aryee337/aery test: ✗ test/role-thinking-helper-propagation.test.ts (aborted: worker panicked)
@aryee337/aery test: ✗ test/rpc-client.start.test.ts (aborted: worker panicked)
@aryee337/aery test: ✗ test/rpc-host-tools.test.ts (aborted: worker panicked)
@aryee337/aery test: ✗ test/rpc-host-uris.test.ts (aborted: worker panicked)
@aryee337/aery test: ✗ test/rpc.test.ts (aborted: worker panicked)
@aryee337/aery test: ✗ test/scope-aliases.test.ts (aborted: worker panicked)
@aryee337/aery test: ✗ test/sdk-credential-disabled-bridge.test.ts (aborted: worker panicked)
@aryee337/aery test: ✗ test/sdk-mcp-discovery.test.ts (aborted: worker panicked)
@aryee337/aery test: ✗ test/sdk-model-selection.test.ts (aborted: worker panicked)
@aryee337/aery test: ✗ test/sdk-move-cwd.test.ts (aborted: worker panicked)
@aryee337/aery test: ✗ test/sdk-session-isolation.test.ts (aborted: worker panicked)
@aryee337/aery test: ✗ test/sdk-skills.test.ts (aborted: worker panicked)
@aryee337/aery test: ✗ test/sdk-tool-activation.test.ts (aborted: worker panicked)
@aryee337/aery test: ✗ test/secrets-obfuscator.test.ts (aborted: worker panicked)
@aryee337/aery test: ✗ test/session-manager-close-race.test.ts (aborted: worker panicked)
@aryee337/aery test: ✗ test/session-manager-cwd-adoption.test.ts (aborted: worker panicked)
@aryee337/aery test: ✗ test/session-manager-internal-details.test.ts (aborted: worker panicked)
@aryee337/aery test: ✗ test/session-manager/build-context.test.ts (aborted: worker panicked)
@aryee337/aery test: ✗ test/session-manager/draft.test.ts (aborted: worker panicked)
@aryee337/aery test: ✗ test/session-manager/file-operations.test.ts (aborted: worker panicked)
@aryee337/aery test: ✗ test/session-manager/labels.test.ts (aborted: worker panicked)
@aryee337/aery test: ✗ test/session-manager/migration.test.ts (aborted: worker panicked)
@aryee337/aery test: ✗ test/session-manager/move-to.test.ts (aborted: worker panicked)
@aryee337/aery test: ✗ test/session-manager/rewrite-rename-eperm.test.ts (aborted: worker panicked)
@aryee337/aery test: ✗ test/session-manager/save-entry.test.ts (aborted: worker panicked)
@aryee337/aery test: ✗ test/session-manager/session-id.test.ts (aborted: worker panicked)
@aryee337/aery test: ✗ test/session-manager/signature-persistence.test.ts (aborted: worker panicked)
@aryee337/aery test: ✗ test/session-manager/title-source-persistence.test.ts (aborted: worker panicked)
@aryee337/aery test: ✗ test/session-manager/tree-traversal.test.ts (aborted: worker panicked)
@aryee337/aery test: ✗ test/session-manager/usage-statistics.test.ts (aborted: worker panicked)
@aryee337/aery test: ✗ test/session-messages.test.ts (aborted: worker panicked)
@aryee337/aery test: ✗ test/session-ranking.test.ts (aborted: worker panicked)
@aryee337/aery test: ✗ test/session-storage.test.ts (aborted: worker panicked)
@aryee337/aery test: ✗ test/session/emit-listener-isolation.test.ts (aborted: worker panicked)
@aryee337/aery test: ✗ test/session/redis-session-storage-manager.test.ts (aborted: worker panicked)
@aryee337/aery test: ✗ test/session/redis-session-storage.test.ts (aborted: worker panicked)
@aryee337/aery test: ✗ test/session/session-history-format.test.ts (aborted: worker panicked)
@aryee337/aery test: ✗ test/session/sql-session-storage-manager.test.ts (aborted: worker panicked)
@aryee337/aery test: ✗ test/session/sql-session-storage.test.ts (aborted: worker panicked)
@aryee337/aery test: ✗ test/session/yield-queue.test.ts (aborted: worker panicked)
@aryee337/aery test: ✗ test/settings-manager.test.ts (aborted: worker panicked)
@aryee337/aery test: ✗ test/settings-reload-cwd.test.ts (aborted: worker panicked)
@aryee337/aery test: ✗ test/setup-wizard.test.ts (aborted: worker panicked)
@aryee337/aery test: ✗ test/shake.test.ts (aborted: worker panicked)
@aryee337/aery test: ✗ test/silent-abort-overlay-render.test.ts (aborted: worker panicked)
@aryee337/aery test: ✗ test/silent-abort-print-mode.test.ts (aborted: worker panicked)
@aryee337/aery test: ✗ test/skills.test.ts (aborted: worker panicked)
@aryee337/aery test: ✗ test/slash-command-format.test.ts (aborted: worker panicked)
@aryee337/aery test: ✗ test/slash-commands/btw.test.ts (aborted: worker panicked)
@aryee337/aery test: ✗ test/slash-commands/force.test.ts (aborted: worker panicked)
@aryee337/aery test: ✗ test/slash-commands/login.test.ts (aborted: worker panicked)
@aryee337/aery test: ✗ test/slash-commands/omfg.test.ts (aborted: worker panicked)
@aryee337/aery test: ✗ test/slash-commands/plan-history.test.ts (aborted: worker panicked)
@aryee337/aery test: ✗ test/slash-commands/retry.test.ts (aborted: worker panicked)
@aryee337/aery test: ✗ test/slash-commands/session.test.ts (aborted: worker panicked)
@aryee337/aery test: ✗ test/slash-commands/shake.test.ts (aborted: worker panicked)
@aryee337/aery test: ✗ test/slash-commands/switch.test.ts (aborted: worker panicked)
@aryee337/aery test: ✗ test/ssh/connection-manager.test.ts (aborted: worker panicked)
@aryee337/aery test: ✗ test/status-line-cache-hit.test.ts (aborted: worker panicked)
@aryee337/aery test: ✗ test/status-line-context-cache.test.ts (aborted: worker panicked)
@aryee337/aery test: ✗ test/status-line-git-utils.test.ts (aborted: worker panicked)
@aryee337/aery test: ✗ test/status-line-overflow.test.ts (aborted: worker panicked)
@aryee337/aery test: ✗ test/status-line-path.test.ts (aborted: worker panicked)
@aryee337/aery test: ✗ test/status-line-token-rate.test.ts (aborted: worker panicked)
@aryee337/aery test: ✗ test/status-text-sanitization.test.ts (aborted: worker panicked)
@aryee337/aery test: ✗ test/streaming-edit-abort.test.ts (aborted: worker panicked)
@aryee337/aery test: ✗ test/streaming-output.test.ts (aborted: worker panicked)
@aryee337/aery test: ✗ test/streaming-preview-height.test.ts (aborted: worker panicked)
@aryee337/aery test: ✗ test/strip-images-from-message.test.ts (aborted: worker panicked)
@aryee337/aery test: ✗ test/system-prompt-dedup.test.ts (aborted: worker panicked)
@aryee337/aery test: ✗ test/tools/output-caps.test.ts (aborted: worker panicked)
@aryee337/aery test: ✗ test/tools/output-schema-validator.test.ts (aborted: worker panicked)
@aryee337/aery test: ✗ test/tools/plan-mode-guard-local.test.ts (aborted: worker panicked)
@aryee337/aery test: ✗ test/tools/provider-schema-compatibility.test.ts (aborted: worker panicked)
@aryee337/aery test: ✗ test/tools/read-directory-range.test.ts (aborted: worker panicked)
@aryee337/aery test: ✗ test/tools/render-utils.test.ts (aborted: worker panicked)
@aryee337/aery test: ✗ test/tools/report-tool-issue-consent.test.ts (aborted: worker panicked)
@aryee337/aery test: ✗ test/tools/report-tool-issue.test.ts (aborted: worker panicked)
@aryee337/aery test: ✗ test/tools/resolve.test.ts (aborted: worker panicked)
@aryee337/aery test: ✗ test/tools/review.test.ts (aborted: worker panicked)
@aryee337/aery test: ✗ test/tools/root-path-alias.test.ts (aborted: worker panicked)
@aryee337/aery test: ✗ test/tools/schema-validation.test.ts (aborted: worker panicked)
@aryee337/aery test: ✗ test/tools/search-internal-urls.test.ts (aborted: worker panicked)
@aryee337/aery test: ✗ test/tools/search-invalid-regex.test.ts (aborted: worker panicked)
@aryee337/aery test: ✗ test/tools/search-path-lists.test.ts (aborted: worker panicked)
@aryee337/aery test: ✗ test/tools/search-renderer.test.ts (aborted: worker panicked)
@aryee337/aery test: ✗ test/tools/search-tool-bm25.test.ts (aborted: worker panicked)
@aryee337/aery test: ✗ test/tools/split-internal-url-sel.test.ts (aborted: worker panicked)
@aryee337/aery test: ✗ test/tools/sqlite.test.ts (aborted: worker panicked)
@aryee337/aery test: ✗ test/tools/strip-output-notice.test.ts (aborted: worker panicked)
@aryee337/aery test: ✗ test/tools/task-repair-args.test.ts (aborted: worker panicked)
@aryee337/aery test: ✗ test/tools/todo-write.test.ts (aborted: worker panicked)
@aryee337/aery test: ✗ test/tools/tui-polish.test.ts (aborted: worker panicked)
@aryee337/aery test: ✗ test/tools/web-scrapers/academic.test.ts (aborted: worker panicked)
@aryee337/aery test: ✗ test/tools/web-scrapers/business.test.ts (aborted: worker panicked)
@aryee337/aery test: ✗ test/tools/web-scrapers/dev-platforms.test.ts (aborted: worker panicked)
@aryee337/aery test: ✗ test/tools/web-scrapers/documentation.test.ts (aborted: worker panicked)
@aryee337/aery test: ✗ test/tools/web-scrapers/finance-media.test.ts (aborted: worker panicked)
@aryee337/aery test: ✗ test/tools/web-scrapers/git-hosting.test.ts (aborted: worker panicked)
@aryee337/aery test: ✗ test/tools/web-scrapers/media.test.ts (aborted: worker panicked)
@aryee337/aery test: ✗ test/tools/web-scrapers/package-managers-2.test.ts (aborted: worker panicked)
@aryee337/aery test: ✗ test/tools/web-scrapers/package-managers.test.ts (aborted: worker panicked)
@aryee337/aery test: ✗ test/tools/web-scrapers/package-registries.test.ts (aborted: worker panicked)
@aryee337/aery test: ✗ test/tools/web-scrapers/research.test.ts (aborted: worker panicked)
@aryee337/aery test: ✗ test/tools/web-scrapers/security.test.ts (aborted: worker panicked)
@aryee337/aery test: ✗ test/tools/web-scrapers/social-extended.test.ts (aborted: worker panicked)
@aryee337/aery test: ✗ test/tools/web-scrapers/social.test.ts (aborted: worker panicked)
@aryee337/aery test: ✗ test/tools/web-scrapers/stackexchange.test.ts (aborted: worker panicked)
@aryee337/aery test: ✗ test/tools/web-scrapers/standards.test.ts (aborted: worker panicked)
@aryee337/aery test: ✗ test/tools/web-scrapers/wikipedia.test.ts (aborted: worker panicked)
@aryee337/aery test: ✗ test/tools/web-scrapers/youtube-parallel.test.ts (aborted: worker panicked)
@aryee337/aery test: ✗ test/tools/web-scrapers/youtube.test.ts (aborted: worker panicked)
@aryee337/aery test: ✗ test/tools/web-search-exa.test.ts (aborted: worker panicked)
@aryee337/aery test: ✗ test/tools/web-search-parallel.test.ts (aborted: worker panicked)
@aryee337/aery test: ✗ test/tools/web-search-tavily.test.ts (aborted: worker panicked)
@aryee337/aery test: ✗ test/tools/web-search-utils.test.ts (aborted: worker panicked)
@aryee337/aery test: ✗ test/tools/yield-extraction.test.ts (aborted: worker panicked)
@aryee337/aery test: ✗ test/tools/yield.test.ts (aborted: worker panicked)
@aryee337/aery test: ✗ test/truncate-to-width.test.ts (aborted: worker panicked)
@aryee337/aery test: ✗ test/ttsr.test.ts (aborted: worker panicked)
@aryee337/aery test: ✗ test/tui-tree-list-collapsed-lines.test.ts (aborted: worker panicked)
@aryee337/aery test: ✗ test/tui/hyperlink.test.ts (aborted: worker panicked)
@aryee337/aery test: ✗ test/tui/output-block-anim.test.ts (aborted: worker panicked)
@aryee337/aery test: ✗ test/update-cli.test.ts (aborted: worker panicked)
@aryee337/aery test: ✗ test/utils/clipboard.test.ts (aborted: worker panicked)
@aryee337/aery test: ✗ test/utils/git-clone.test.ts (aborted: worker panicked)
@aryee337/aery test: ✗ test/utils/image-resize.test.ts (aborted: worker panicked)
@aryee337/aery test: ✗ test/utils/open.test.ts (aborted: worker panicked)
@aryee337/aery test: ✗ test/visual-truncate.test.ts (aborted: worker panicked)
@aryee337/aery test: ✗ test/web/search/abort-and-timeout.test.ts (aborted: worker panicked)
@aryee337/aery test: ✗ test/welcome-tip.test.ts (aborted: worker panicked)
@aryee337/aery test: ✗ test/workspace-tree.test.ts (aborted: worker panicked)
@aryee337/aery test: ✗ test/write-acp-fs.test.ts (aborted: worker panicked)
@aryee337/aery test: ✗ test/write-hashline-header.test.ts (aborted: worker panicked)
@aryee337/aery test: ✗ test/write-shebang-chmod.test.ts (aborted: worker panicked)
@aryee337/aery test: ✗ test/xiaomi-tp-discovery-merge.test.ts (aborted: worker panicked)
@aryee337/aery test: 
@aryee337/aery test: test/tools/multi-search-path.test.ts:
@aryee337/aery test: ✗ test/tools/multi-search-path.test.ts (worker crashed: SIGKILL)
@aryee337/aery test: 
@aryee337/aery test: test/agent-session-model-persistence.test.ts:
@aryee337/aery test: (pass) AgentSession model persistence > switches the active model without persisting by default [12663.72ms]
@aryee337/aery test: 
@aryee337/aery test: test/interactive-mode-plan-review.test.ts:
@aryee337/aery test: ✗ test/interactive-mode-plan-review.test.ts (worker crashed: exit code 0)
@aryee337/aery test: 
@aryee337/aery test: test/agent-session-model-persistence.test.ts:
@aryee337/aery test: ✗ test/agent-session-model-persistence.test.ts (worker crashed: exit code 0)
@aryee337/aery test: 
@aryee337/aery test: 21 tests skipped:
@aryee337/aery test: 
@aryee337/aery test: 
@aryee337/aery test: 347 tests failed:
@aryee337/aery test: 
@aryee337/aery test:  2340 pass
@aryee337/aery test:  21 skip
@aryee337/aery test:  347 fail
@aryee337/aery test:  9082 expect() calls
@aryee337/aery test: Ran 2708 tests across 535 files. [170.08s]
@aryee337/aery test: Exited with code 1
@aryee337/typescript-edit-benchmark test: bun test v1.3.14 (0d9b296a) 4x PARALLEL
@aryee337/typescript-edit-benchmark test: 
@aryee337/typescript-edit-benchmark test: test/verify.test.ts:
@aryee337/typescript-edit-benchmark test: (pass) verifyExpectedFiles > reports missing files [3.96ms]
@aryee337/typescript-edit-benchmark test: (pass) verifyExpectedFiles > reports unexpected files [0.82ms]
@aryee337/typescript-edit-benchmark test: (pass) verifyExpectedFiles > fails with diff output when formatted content differs [157.71ms]
@aryee337/typescript-edit-benchmark test: (pass) verifyExpectedFiles > succeeds when formatted content matches despite whitespace differences [26.41ms]
@aryee337/typescript-edit-benchmark test: (pass) verifyExpectedFiles > normalizes line endings before comparison [11.64ms]
@aryee337/typescript-edit-benchmark test: (pass) verifyExpectedFiles > preserves expected whitespace on non-formatted files when differences are whitespace-only [5.08ms]
@aryee337/typescript-edit-benchmark test: (pass) verifyExpectedFiles > normalizes indent-only diffs even when earlier insertions shift line indices [24.95ms]
@aryee337/typescript-edit-benchmark test: 
@aryee337/typescript-edit-benchmark test: test/runner.test.ts:
@aryee337/typescript-edit-benchmark test: (pass) buildBenchmarkResult > summarizes completed runs without requiring every scheduled run to finish [2.97ms]
@aryee337/typescript-edit-benchmark test: (pass) buildBenchmarkResult > can generate a report before any run completes [3.84ms]
@aryee337/typescript-edit-benchmark test: (pass) buildBenchmarkResult > renders atom input args directly in edit error patch blocks [1.38ms]
@aryee337/typescript-edit-benchmark test: (pass) buildBenchmarkResult > summarizes edit failure categories including range-continuation [0.62ms]
@aryee337/typescript-edit-benchmark test: (pass) buildBenchmarkResult > picks the successful run with the lowest tokens as the task best [0.45ms]
@aryee337/typescript-edit-benchmark test: (pass) buildBenchmarkResult > falls back to the cheapest failure when no run succeeded [0.23ms]
@aryee337/typescript-edit-benchmark test: (pass) buildBenchmarkResult > ignores ghost runs when picking the best non-successful run [0.25ms]
@aryee337/typescript-edit-benchmark test: (pass) buildBenchmarkResult > reports median, p1, and p99 token stats across best runs [0.59ms]
@aryee337/typescript-edit-benchmark test: (pass) writeConversationDump > writes benchmark conversations as session dumps and copies artifacts [39.72ms]
@aryee337/typescript-edit-benchmark test: 
@aryee337/typescript-edit-benchmark test:  16 pass
@aryee337/typescript-edit-benchmark test:  0 fail
@aryee337/typescript-edit-benchmark test:  55 expect() calls
@aryee337/typescript-edit-benchmark test: Ran 16 tests across 2 files. [2.17s]
@aryee337/typescript-edit-benchmark test: Exited with code 0
error: script "test:ts" exited with code 1
